sizes 4 4 optimum 0.9166666666666666
min_patterns (0, 0, 0, 0) (0, 0, 1, 1)
a,mS,mT 0.41666666666666685 0.0 -0.49999999999999994
weights [((0, 1), 0.097222222222), ((0, 2), 0.069444444444), ((0, 3), 0.069444444444), ((0, 4), 0.069444444444), ((0, 5), 0.041666666667), ((0, 6), 0.055555555556), ((0, 7), 0.069444444444), ((1, 2), 0.097222222222), ((1, 3), 0.097222222222), ((1, 4), 0.097222222222), ((1, 5), 0.069444444444), ((1, 6), 0.055555555556), ((1, 7), 0.069444444444), ((2, 3), 0.069444444444), ((2, 4), 0.069444444444), ((2, 5), 0.041666666667), ((2, 6), 0.055555555556), ((2, 7), 0.069444444444), ((3, 4), 0.069444444444), ((3, 5), 0.041666666667), ((3, 6), 0.055555555556), ((3, 7), 0.069444444444), ((4, 5), 0.208333333333), ((4, 6), -0.138888888889), ((4, 7), 0.041666666667), ((5, 6), -0.291666666667), ((5, 7), -0.111111111111), ((6, 7), 0.208333333333)]
dual_nonzero
('global_upper', (0, 0, 0, 1, 1, 1, 1, 1)) dual -0.1666666666666666 slack 0.0
('global_upper', (0, 0, 1, 0, 1, 1, 1, 1)) dual -0.16666666666666666 slack 0.0
('global_upper', (0, 0, 1, 1, 0, 1, 0, 1)) dual -0.08333333333333337 slack 0.0
('global_upper', (0, 0, 1, 1, 0, 1, 1, 0)) dual -0.08333333333333329 slack 0.0
('global_upper', (0, 0, 1, 1, 1, 0, 0, 1)) dual -0.08333333333333334 slack 0.0
('global_upper', (0, 0, 1, 1, 1, 0, 1, 0)) dual -0.08333333333333334 slack 0.0
('global_upper', (0, 1, 0, 0, 1, 1, 1, 1)) dual -0.1666666666666667 slack 0.0
('global_upper', (0, 1, 0, 1, 0, 1, 0, 1)) dual -0.16666666666666666 slack 0.0
('global_upper', (0, 1, 0, 1, 1, 0, 1, 0)) dual -0.16666666666666663 slack 0.0
('global_upper', (0, 1, 1, 0, 0, 1, 1, 0)) dual -0.16666666666666669 slack 0.0
('global_upper', (0, 1, 1, 0, 1, 0, 0, 1)) dual -0.16666666666666674 slack 0.0
('global_upper', (0, 1, 1, 1, 0, 0, 0, 0)) dual -0.16666666666666666 slack 0.0
('global_lower', (0, 0, 0, 0, 0, 0, 1, 1)) dual -0.25 slack 0.0
('global_lower', (0, 0, 0, 0, 1, 1, 0, 0)) dual -0.24999999999999997 slack 0.0
endpoint_dual 0.75
