{
  "D_diagonal": [
    -1,
    -1,
    -1,
    1
  ],
  "H": [
    [
      1,
      1,
      1,
      1
    ],
    [
      1,
      -1,
      1,
      -1
    ],
    [
      1,
      1,
      -1,
      -1
    ],
    [
      1,
      -1,
      -1,
      1
    ]
  ],
  "HK": [
    [
      2,
      2,
      2,
      2
    ],
    [
      2,
      2,
      -2,
      -2
    ],
    [
      2,
      -2,
      2,
      -2
    ],
    [
      -2,
      2,
      2,
      -2
    ]
  ],
  "HK_characteristic_polynomial": "(lambda-4)^2*(lambda^2+4*lambda+16)",
  "HK_plus_or_minus_4_boolean_vectors": [],
  "H_boolean_extremal_vectors": [
    [
      -1,
      -1,
      -1,
      1
    ],
    [
      -1,
      1,
      1,
      1
    ],
    [
      1,
      -1,
      -1,
      -1
    ],
    [
      1,
      1,
      1,
      -1
    ]
  ],
  "K_boolean_extremal_vectors": [
    [
      -1,
      -1,
      -1,
      -1
    ],
    [
      -1,
      1,
      1,
      -1
    ],
    [
      1,
      -1,
      -1,
      1
    ],
    [
      1,
      1,
      1,
      1
    ]
  ],
  "K_equals_DHD": [
    [
      1,
      1,
      1,
      -1
    ],
    [
      1,
      -1,
      1,
      1
    ],
    [
      1,
      1,
      -1,
      1
    ],
    [
      -1,
      1,
      1,
      1
    ]
  ],
  "classification": "exact generator algebra and exhaustive order-12 cap",
  "det_HK_plus_4I": 1024,
  "schema": "quadratic-signing-edge-twisted-hadamard-audit-v1",
  "triangle": {
    "edge_color_rule": "tau_ij=b_i*b_j",
    "exact_energy_profile": {
      "cap": 20,
      "histogram": {
        "-10": 120,
        "-12": 73,
        "-14": 60,
        "-16": 18,
        "-18": 12,
        "-2": 168,
        "-20": 9,
        "-4": 174,
        "-6": 152,
        "-8": 192,
        "0": 92,
        "10": 120,
        "12": 73,
        "14": 60,
        "16": 18,
        "18": 12,
        "2": 168,
        "20": 9,
        "4": 174,
        "6": 152,
        "8": 192
      },
      "maximum": 20,
      "minimum": -20,
      "witness": [
        1,
        -1,
        -1,
        -1,
        -1,
        -1,
        1,
        1,
        -1,
        1,
        -1,
        1
      ]
    },
    "fiber_bits": [
      0,
      1,
      1
    ],
    "half_threshold_at_order_12": 20.784609690826528,
    "matrix": [
      [
        0,
        1,
        1,
        1,
        -1,
        -1,
        -1,
        -1,
        -1,
        -1,
        -1,
        -1
      ],
      [
        1,
        0,
        1,
        -1,
        -1,
        1,
        -1,
        1,
        -1,
        1,
        -1,
        1
      ],
      [
        1,
        1,
        0,
        -1,
        -1,
        -1,
        1,
        1,
        -1,
        -1,
        1,
        1
      ],
      [
        1,
        -1,
        -1,
        0,
        -1,
        1,
        1,
        -1,
        -1,
        1,
        1,
        -1
      ],
      [
        -1,
        -1,
        -1,
        -1,
        0,
        1,
        1,
        -1,
        -1,
        -1,
        -1,
        1
      ],
      [
        -1,
        1,
        -1,
        1,
        1,
        0,
        1,
        1,
        -1,
        1,
        -1,
        -1
      ],
      [
        -1,
        -1,
        1,
        1,
        1,
        1,
        0,
        1,
        -1,
        -1,
        1,
        -1
      ],
      [
        -1,
        1,
        1,
        -1,
        -1,
        1,
        1,
        0,
        1,
        -1,
        -1,
        -1
      ],
      [
        -1,
        -1,
        -1,
        -1,
        -1,
        -1,
        -1,
        1,
        0,
        1,
        1,
        -1
      ],
      [
        -1,
        1,
        -1,
        1,
        -1,
        1,
        -1,
        -1,
        1,
        0,
        1,
        1
      ],
      [
        -1,
        -1,
        1,
        1,
        -1,
        -1,
        1,
        -1,
        1,
        1,
        0,
        1
      ],
      [
        -1,
        1,
        1,
        -1,
        1,
        -1,
        -1,
        -1,
        -1,
        1,
        1,
        0
      ]
    ],
    "normalized_cap": 0.4811252243246881,
    "order": 12,
    "seed": "all-negative order-three signing"
  }
}
