A4 beta 0.1 m 3 t 0.0 C_scr 0.768032943 orient_frac 0 restore_min -9.09161651 sign_fail 4 def1/E 0.33542
A4 beta 0.1 m 3 t 0.5 C_scr 0.767500164 orient_frac 0 restore_min -10.3915829 sign_fail 4 def1/E 0.33442
A4 beta 0.1 m 3 t 1.0 C_scr 0.766951546 orient_frac 0 restore_min -12.060717 sign_fail 4 def1/E 0.33342
A4 beta 0.5 m 3 t 0.0 C_scr 1.39859286 orient_frac 0 restore_min -1.64775791 sign_fail 3 def1/E 0.38776
A4 beta 0.5 m 3 t 0.5 C_scr 1.39760346 orient_frac 0 restore_min -1.7844746 sign_fail 3 def1/E 0.38589
A4 beta 0.5 m 3 t 1.0 C_scr 1.39439515 orient_frac 0 restore_min -1.94397038 sign_fail 3 def1/E 0.38289
A4 beta 1.0 m 3 t 0.0 C_scr 1.35402257 orient_frac 0 restore_min -1.44056929 sign_fail 3 def1/E 0.3449
A4 beta 1.0 m 3 t 0.5 C_scr 1.35540402 orient_frac 0 restore_min -1.45906928 sign_fail 3 def1/E 0.3457
A4 beta 1.0 m 3 t 1.0 C_scr 1.35659355 orient_frac 0 restore_min -1.47934613 sign_fail 3 def1/E 0.3464
A4 beta 2.0 m 3 t 0.0 C_scr 1.33374233 orient_frac 0 restore_min -1.41939468 sign_fail 3 def1/E 0.33356
A4 beta 2.0 m 3 t 0.5 C_scr 1.33377422 orient_frac 0 restore_min -1.41973398 sign_fail 3 def1/E 0.33358
A4 beta 2.0 m 3 t 1.0 C_scr 1.33380401 orient_frac 0 restore_min -1.4201016 sign_fail 3 def1/E 0.33359
A4 beta 4.0 m 3 t 0.0 C_scr 1.33333347 orient_frac 0 restore_min -1.41902271 sign_fail 3 def1/E 0.33333
A4 beta 4.0 m 3 t 0.5 C_scr 1.33333348 orient_frac 0 restore_min -1.41902282 sign_fail 3 def1/E 0.33333
A4 beta 4.0 m 3 t 1.0 C_scr 1.33333349 orient_frac 0 restore_min -1.41902294 sign_fail 3 def1/E 0.33333
A6 beta 0.1 m 3 t 0.0 C_scr 0.38877074 orient_frac 0.34 restore_min 1.41512986 sign_fail 0 def1/E 1.0735
A6 beta 0.1 m 3 t 0.5 C_scr 0.388884764 orient_frac 0.34 restore_min 1.38414733 sign_fail 0 def1/E 1.073
A6 beta 0.1 m 3 t 1.0 C_scr 0.388997705 orient_frac 0.339 restore_min 1.35110403 sign_fail 0 def1/E 1.0725
A6 beta 0.1 m 4 t 0.0 C_scr 0.398534572 orient_frac 0.226 restore_min 0.268077135 sign_fail 0 def1/E 1
A6 beta 0.1 m 4 t 0.5 C_scr 0.398772122 orient_frac 0.226 restore_min 0.305491453 sign_fail 0 def1/E 0.99886
A6 beta 0.1 m 4 t 1.0 C_scr 0.399008356 orient_frac 0.225 restore_min 0.341615243 sign_fail 0 def1/E 0.99769
A6 beta 0.1 m 5 t 0.0 C_scr 0.317191731 orient_frac 0 restore_min 1.83031308 sign_fail 0 def1/E 1.6123
A6 beta 0.1 m 5 t 0.5 C_scr 0.31747711 orient_frac 0 restore_min 1.83079572 sign_fail 0 def1/E 1.61
A6 beta 0.1 m 5 t 1.0 C_scr 0.317762557 orient_frac 0 restore_min 1.83127903 sign_fail 0 def1/E 1.6076
A6 beta 0.5 m 3 t 0.0 C_scr 0.37324369 orient_frac 0.0279 restore_min 2.11003918 sign_fail 0 def1/E 1.1469
A6 beta 0.5 m 3 t 0.5 C_scr 0.374193897 orient_frac 0.0187 restore_min 2.11438739 sign_fail 0 def1/E 1.141
A6 beta 0.5 m 3 t 1.0 C_scr 0.375385167 orient_frac 0.0126 restore_min 2.11460664 sign_fail 0 def1/E 1.1337
A6 beta 0.5 m 4 t 0.0 C_scr 0.371941427 orient_frac 0.000247 restore_min -9.29915983 sign_fail 12 def1/E 1.1565
A6 beta 0.5 m 4 t 0.5 C_scr 0.375422472 orient_frac 0.00023 restore_min -8.5849942 sign_fail 12 def1/E 1.1359
A6 beta 0.5 m 4 t 1.0 C_scr 0.378549251 orient_frac 0.000216 restore_min -7.97426334 sign_fail 12 def1/E 1.1177
A6 beta 0.5 m 5 t 0.0 C_scr 0.371180402 orient_frac 0 restore_min 0.292311228 sign_fail 0 def1/E 1.1623
A6 beta 0.5 m 5 t 0.5 C_scr 0.375406026 orient_frac 0 restore_min 0.332977476 sign_fail 0 def1/E 1.1375
A6 beta 0.5 m 5 t 1.0 C_scr 0.379121707 orient_frac 0 restore_min 0.379465755 sign_fail 0 def1/E 1.1161
A6 beta 1.0 m 3 t 0.0 C_scr 0.395255834 orient_frac 9.59e-05 restore_min 2.02383368 sign_fail 0 def1/E 1.0241
A6 beta 1.0 m 3 t 0.5 C_scr 0.395730872 orient_frac 4.79e-05 restore_min 2.02148885 sign_fail 0 def1/E 1.0216
A6 beta 1.0 m 3 t 1.0 C_scr 0.396158162 orient_frac 2.47e-05 restore_min 2.01935033 sign_fail 0 def1/E 1.0194
A6 beta 1.0 m 4 t 0.0 C_scr 0.395263156 orient_frac 1.25e-08 restore_min -111.807381 sign_fail 12 def1/E 1.024
A6 beta 1.0 m 4 t 0.5 C_scr 0.39624347 orient_frac 1.23e-08 restore_min -97.4293062 sign_fail 12 def1/E 1.019
A6 beta 1.0 m 4 t 1.0 C_scr 0.397024885 orient_frac 1.21e-08 restore_min -88.0999141 sign_fail 12 def1/E 1.015
A6 beta 1.0 m 5 t 0.0 C_scr 0.39526282 orient_frac 0 restore_min 0.0370705231 sign_fail 0 def1/E 1.024
A6 beta 1.0 m 5 t 0.5 C_scr 0.396273067 orient_frac 0 restore_min 0.0468773802 sign_fail 0 def1/E 1.0189
A6 beta 1.0 m 5 t 1.0 C_scr 0.397072036 orient_frac 0 restore_min 0.0592800314 sign_fail 0 def1/E 1.0148
A6 beta 2.0 m 3 t 0.0 C_scr 0.399910593 orient_frac 5.86e-10 restore_min 2.00044713 sign_fail 0 def1/E 1.0004
A6 beta 2.0 m 3 t 0.5 C_scr 0.399920022 orient_frac 2.91e-10 restore_min 2.00039997 sign_fail 0 def1/E 1.0004
A6 beta 2.0 m 3 t 1.0 C_scr 0.399928458 orient_frac 1.46e-10 restore_min 2.00035778 sign_fail 0 def1/E 1.0004
A6 beta 2.0 m 4 t 0.0 C_scr 0.399910593 orient_frac 2.6e-17 restore_min -6618.34016 sign_fail 12 def1/E 1.0004
A6 beta 2.0 m 4 t 0.5 C_scr 0.399930714 orient_frac 2.6e-17 restore_min -5672.84666 sign_fail 12 def1/E 1.0003
A6 beta 2.0 m 4 t 1.0 C_scr 0.399946308 orient_frac 2.6e-17 restore_min -5107.01339 sign_fail 12 def1/E 1.0003
A6 beta 2.0 m 5 t 0.0 C_scr 0.399910593 orient_frac 0 restore_min 0.000671075252 sign_fail 0 def1/E 1.0004
A6 beta 2.0 m 5 t 0.5 C_scr 0.399930726 orient_frac 0 restore_min 0.000866015622 sign_fail 0 def1/E 1.0003
A6 beta 2.0 m 5 t 1.0 C_scr 0.399946326 orient_frac 0 restore_min 0.00111758415 sign_fail 0 def1/E 1.0003
A6 beta 4.0 m 3 t 0.0 C_scr 0.39999997 orient_frac 2.2e-20 restore_min 2.00000015 sign_fail 0 def1/E 1
A6 beta 4.0 m 3 t 0.5 C_scr 0.399999973 orient_frac 1.1e-20 restore_min 2.00000013 sign_fail 0 def1/E 1
A6 beta 4.0 m 3 t 1.0 C_scr 0.399999976 orient_frac 5.5e-21 restore_min 2.00000012 sign_fail 0 def1/E 1
A6 beta 4.0 m 4 t 0.0 C_scr 0.39999997 orient_frac 1.11e-34 restore_min -19759515.6 sign_fail 12 def1/E 1
A6 beta 4.0 m 4 t 0.5 C_scr 0.399999977 orient_frac 1.11e-34 restore_min -16930846.1 sign_fail 12 def1/E 1
A6 beta 4.0 m 4 t 1.0 C_scr 0.399999982 orient_frac 1.11e-34 restore_min -15240831.9 sign_fail 12 def1/E 1
A6 beta 4.0 m 5 t 0.0 C_scr 0.39999997 orient_frac 0 restore_min 2.25070366e-07 sign_fail 0 def1/E 1
A6 beta 4.0 m 5 t 0.5 C_scr 0.399999977 orient_frac 0 restore_min 2.90564555e-07 sign_fail 0 def1/E 1
A6 beta 4.0 m 5 t 1.0 C_scr 0.399999982 orient_frac 0 restore_min 3.75117178e-07 sign_fail 0 def1/E 1
C_scr_range 0.3171917308006283 1.3985928604774023
restore_min_global -19759515.557701193
max_identity_error 2.1316282072803006e-14
max_orientation_beta_error 4.440892098500626e-16
PASS screened_edge_r33
