{
  "two_scale_rank_curve": {
    "binary_subspaces_enumerated": 374,
    "observed_s_W": {
      "0.5": 5,
      "1": 2,
      "7": 2,
      "8": 0
    },
    "nonstrict_kernel_dimension": 3
  },
  "two_scale_decoder": {
    "maps_checked": 31,
    "projected_subspace_states": 4,
    "maximum_decoder_error": 3,
    "proved_error": 3,
    "section_profiles_packed": 3,
    "minimum_response_separation": 6,
    "proved_strict_lower_threshold": 5
  },
  "hamming_separated_ranks": {
    "0": 4,
    "1": 3,
    "2": 1,
    "3": 1,
    "4": 0
  },
  "presentation_radius_sharpness": {
    "k": 3,
    "profile_value": 6,
    "distance_to_image": 0
  },
  "additive_constant_sharpness": {
    "fibre_term": 4,
    "lift_term": 3,
    "presentation_term": 5,
    "attained_error": 12
  },
  "status": "all assertions passed"
}
