
Starting CP-SAT solver v9.15.6755
Parameters: max_time_in_seconds: 3600 log_search_progress: true num_search_workers: 4 log_to_stdout: true

Initial satisfaction model '': (model_fingerprint: 0xa446c8153997581)
#Variables: 66 (64 primary variables)
  - 66 Booleans in [0,1]
#kLinear1: 1
#kLinear2: 10
#kLinearN: 8'225 (#enforced: 20 #multi: 20) (#terms: 541'314)

Starting presolve at 0.04s
  2.55e-02s  0.00e+00d  [DetectDominanceRelations] 
  2.75e-01s  0.00e+00d  [PresolveToFixPoint] #num_loops=2 #num_dual_strengthening=1 
  2.04e-04s  0.00e+00d  [ExtractEncodingFromLinear] 
  2.26e-02s  0.00e+00d  [DetectDuplicateColumns] 
  2.58e-02s  0.00e+00d  [DetectDuplicateConstraints] #duplicates=6'145 
[Symmetry] Graph for symmetry has 2'220 nodes and 133'812 arcs.
[Symmetry] Symmetry computation done. time: 0.00256773 dtime: 0.00725614
[SAT presolve] num removable Booleans: 0 / 65
[SAT presolve] num trivial clauses: 0
[SAT presolve] [0s] clauses:9 literals:18 vars:10 one_side_vars:2 simple_definition:8 singleton_clauses:0
[SAT presolve] [2.3719e-05s] clauses:9 literals:18 vars:10 one_side_vars:2 simple_definition:8 singleton_clauses:0
[SAT presolve] [3.0917e-05s] clauses:9 literals:18 vars:10 one_side_vars:2 simple_definition:8 singleton_clauses:0
  7.75e-04s  0.00e+00d  [DetectDuplicateConstraintsWithDifferentEnforcements] #without_enforcements=9 
  3.60e-02s  7.10e-03d  [Probe] #probed=115 #fixed_bools=10 
  1.01e-04s  2.61e-07d  [MaxClique] 
  4.22e-03s  0.00e+00d  [DetectDominanceRelations] 
  3.70e-02s  0.00e+00d  [PresolveToFixPoint] #num_loops=1 #num_dual_strengthening=1 
  1.58e-02s  0.00e+00d  [ProcessAtMostOneAndLinear] 
  5.95e-03s  0.00e+00d  [DetectDuplicateConstraints] #duplicates=1'024 
  4.00e-04s  0.00e+00d  [DetectDuplicateConstraintsWithDifferentEnforcements] 
  1.35e+00s  8.88e-02d  [DetectDominatedLinearConstraints] #relevant_constraints=1'044 #num_inclusions=544'256 
  3.88e-04s  0.00e+00d  [DetectDifferentVariables] 
  8.93e-04s  0.00e+00d  [ProcessSetPPC] #relevant_constraints=1'044 
  1.32e-04s  0.00e+00d  [TransformClausesToExactlyOne] 
  9.13e-05s  0.00e+00d  [DetectEncodedComplexDomains] 
  1.05e-04s  0.00e+00d  [FindAlmostIdenticalLinearConstraints] 
  2.17e-06s  0.00e+00d  [FindBigAtMostOneAndLinearOverlap] 
  8.92e-02s  2.64e-02d  [FindBigVerticalLinearOverlap] #blocks=122 #saved_nz=33'434 
  3.06e-04s  1.14e-04d  [FindBigHorizontalLinearOverlap] #linears=1'044 
  1.55e-04s  0.00e+00d  [MergeClauses] 
  1.25e-03s  0.00e+00d  [DetectDominanceRelations] 
  1.44e-02s  0.00e+00d  [PresolveToFixPoint] #num_loops=2 #num_dual_strengthening=1 
  1.18e-03s  0.00e+00d  [DetectDominanceRelations] 
  8.29e-03s  0.00e+00d  [PresolveToFixPoint] #num_loops=1 #num_dual_strengthening=1 
  7.34e-04s  0.00e+00d  [DetectDuplicateColumns] 
  2.69e-04s  0.00e+00d  [DetectDuplicateConstraints] 
[Symmetry] Graph for symmetry has 1'515 nodes and 23'320 arcs.
[Symmetry] Symmetry computation done. time: 0.000472434 dtime: 0.00085669
  4.62e-04s  0.00e+00d  [DetectDuplicateConstraintsWithDifferentEnforcements] 
  2.41e-02s  2.87e-03d  [Probe] #probed=110 
  4.68e-05s  0.00e+00d  [MaxClique] 
  1.12e-03s  0.00e+00d  [DetectDominanceRelations] 
  8.87e-03s  0.00e+00d  [PresolveToFixPoint] #num_loops=1 #num_dual_strengthening=1 
  4.23e-03s  0.00e+00d  [ProcessAtMostOneAndLinear] 
  2.37e-04s  0.00e+00d  [DetectDuplicateConstraints] 
  2.15e-04s  0.00e+00d  [DetectDuplicateConstraintsWithDifferentEnforcements] 
  1.11e-03s  1.88e-04d  [DetectDominatedLinearConstraints] #relevant_constraints=1'163 
  2.56e-04s  0.00e+00d  [DetectDifferentVariables] 
  4.13e-04s  0.00e+00d  [ProcessSetPPC] #relevant_constraints=296 
  7.29e-05s  0.00e+00d  [TransformClausesToExactlyOne] 
  4.89e-05s  0.00e+00d  [DetectEncodedComplexDomains] 
  9.42e-05s  1.27e-06d  [FindAlmostIdenticalLinearConstraints] #num_tested_pairs=83 
  1.98e-06s  0.00e+00d  [FindBigAtMostOneAndLinearOverlap] 
  1.44e-02s  5.02e-03d  [FindBigVerticalLinearOverlap] #blocks=43 #saved_nz=2'452 
  3.23e-04s  1.01e-04d  [FindBigHorizontalLinearOverlap] #linears=1'046 
  1.97e-04s  0.00e+00d  [MergeClauses] 
  1.14e-03s  0.00e+00d  [DetectDominanceRelations] 
  1.19e-02s  0.00e+00d  [PresolveToFixPoint] #num_loops=2 #num_dual_strengthening=1 
  1.11e-03s  0.00e+00d  [DetectDominanceRelations] 
  7.65e-03s  0.00e+00d  [PresolveToFixPoint] #num_loops=1 #num_dual_strengthening=1 
  7.13e-04s  0.00e+00d  [DetectDuplicateColumns] 
  2.42e-04s  0.00e+00d  [DetectDuplicateConstraints] 
[Symmetry] Graph for symmetry has 1'641 nodes and 20'908 arcs.
[Symmetry] Symmetry computation done. time: 0.000470915 dtime: 0.0008055
  3.71e-04s  0.00e+00d  [DetectDuplicateConstraintsWithDifferentEnforcements] 
  1.52e-02s  2.62e-03d  [Probe] #probed=110 
  1.27e-04s  0.00e+00d  [MaxClique] 
  1.14e-03s  0.00e+00d  [DetectDominanceRelations] 
  7.71e-03s  0.00e+00d  [PresolveToFixPoint] #num_loops=1 #num_dual_strengthening=1 
  3.43e-03s  0.00e+00d  [ProcessAtMostOneAndLinear] 
  3.46e-04s  0.00e+00d  [DetectDuplicateConstraints] 
  2.62e-04s  0.00e+00d  [DetectDuplicateConstraintsWithDifferentEnforcements] 
  1.12e-03s  1.47e-04d  [DetectDominatedLinearConstraints] #relevant_constraints=1'205 
  2.76e-04s  0.00e+00d  [DetectDifferentVariables] 
  3.86e-04s  0.00e+00d  [ProcessSetPPC] #relevant_constraints=66 
  1.26e-04s  0.00e+00d  [TransformClausesToExactlyOne] 
  9.53e-05s  0.00e+00d  [DetectEncodedComplexDomains] 
  1.73e-04s  2.42e-06d  [FindAlmostIdenticalLinearConstraints] #num_tested_pairs=160 
  1.99e-06s  0.00e+00d  [FindBigAtMostOneAndLinearOverlap] 
  1.14e-02s  4.01e-03d  [FindBigVerticalLinearOverlap] #blocks=23 #saved_nz=853 
  3.03e-04s  9.65e-05d  [FindBigHorizontalLinearOverlap] #linears=1'046 
  1.00e-04s  0.00e+00d  [MergeClauses] 
  1.10e-03s  0.00e+00d  [DetectDominanceRelations] 
  1.00e-02s  0.00e+00d  [PresolveToFixPoint] #num_loops=2 #num_dual_strengthening=1 
  8.11e-05s  0.00e+00d  [MergeNoOverlap] 
  1.22e-04s  0.00e+00d  [MergeNoOverlap2D] 

Presolve summary:
  - 0 affine relations were detected.
  - rule 'at_most_one: empty or all false' was applied 1 time.
  - rule 'at_most_one: removed literals' was applied 1 time.
  - rule 'at_most_one: satisfied' was applied 8 times.
  - rule 'bool_or: implications' was applied 9 times.
  - rule 'duplicate: merged rhs of linear constraint' was applied 7'169 times.
  - rule 'duplicate: removed constraint' was applied 7'169 times.
  - rule 'enforcement: always false' was applied 1 time.
  - rule 'enforcement: false literal' was applied 10 times.
  - rule 'enforcement: true literal' was applied 18 times.
  - rule 'linear matrix: common vertical rectangle' was applied 188 times.
  - rule 'linear1: x in domain' was applied 1 time.
  - rule 'linear2: convert ax + by != cte to clauses' was applied 9 times.
  - rule 'linear: always true' was applied 1 time.
  - rule 'linear: divide by GCD' was applied 8'192 times.
  - rule 'linear: empty' was applied 1 time.
  - rule 'linear: enforcement literal in expression' was applied 37 times.
  - rule 'linear: fixed or dup variables' was applied 2'079 times.
  - rule 'linear: variable substitution 2' was applied 4 times.
  - rule 'presolve: 11 unused variables removed.' was applied 1 time.
  - rule 'presolve: iteration' was applied 3 times.

Presolved satisfaction model '': (model_fingerprint: 0xcb22fede6ce268f9)
#Variables: 239 (136 primary variables)
  - 55 Booleans in [0,1]
  - 3 in [-4,1]
  - 2 in [-4,2]
  - 6 in [-3,1]
  - 8 in [-3,2]
  - 3 in [-3,3]
  - 1 in [-3,4]
  - 7 in [-2,1]
  - 27 in [-2,2]
  - 10 in [-2,3]
  - 2 in [-2,4]
  - 23 in [-1,1]
  - 14 in [-1,2]
  - 26 in [-1,3]
  - 7 in [-1,4]
  - 1 in [-1,5]
  - 1 in [-1,6]
  - 25 in [0,2]
  - 5 in [0,3]
  - 12 in [0,4]
  - 1 in [0,5]
#kLinear3: 176
#kLinearN: 1'052 (#terms: 19'322)
[Symmetry] Graph for symmetry has 1'695 nodes and 20'078 arcs.
[Symmetry] Symmetry computation done. time: 0.000564742 dtime: 0.00079483

Preloading model.
#Model   2.14s var:239/239 constraints:1228/1228

Starting search at 2.14s with 4 workers.
3 full problem subsolvers: [default_lp, max_lp, no_lp]
1 first solution subsolver: [fj]
2 interleaved subsolvers: [feasibility_pump, rins/rens]
2 helper subsolvers: [neighborhood_helper, synchronization_agent]

