all minimizing gauge representatives and bipartitions, n<=6
(2, 2, 1, 1, 0, 0, ((0,), (1,)))
(3, 6, 2, 6, 0, 0, ((0,), (1, 2)))
(4, 8, 6, 42, 0, 0, ((0,), (1, 2, 3)))
(5, 8, 12, 180, 0, 0, ((0,), (1, 2, 3, 4)))
(6, 10, 12, 372, 0, 0, ((0,), (1, 2, 3, 4, 5)))
selected A7: all 63 bipartitions have zero best excess
all 3240 order-7 minimizing gauges, one canonical split per size
((1, 6), 384, 0, 0, ((0, 3240),))
((2, 5), 384, 0, 0, ((0, 3240),))
((3, 4), 384, 0, 0, ((0, 3240),))
selected A8 canonical 2+6, 3+5, 4+4 splits
((2, 6), 768, 0, 24, (20, 24))
((3, 5), 1536, 0, 12, (20, 24, 28, 32))
((4, 4), 2304, 0, 16, (20, 24, 28, 32))
selected A9 canonical 3+6 and 4+5 splits
((3, 6), 3072, 4, 672, (28, 32, 36, 40), ((6, 14), (6, 10), 24, 1, 1))
((4, 5), 9216, 0, 88, (24, 28, 32, 36, 40), None)
A9 3+6 achieving minimizers:
[[ 0 -1 -1]
 [-1  0 -1]
 [-1 -1  0]]
[[ 0 -1 -1  1 -1  1]
 [-1  0 -1  1  1 -1]
 [-1 -1  0 -1 -1 -1]
 [ 1  1 -1  0 -1 -1]
 [-1  1 -1 -1  0  1]
 [ 1 -1 -1 -1  1  0]]
hybrid energy histogram: ((-28, 5), (-20, 20), (-12, 47), (-4, 49), (4, 63), (12, 50), (20, 21), (28, 1))
A9 six-state profile tables: [((-6, 2), 1), ((-2, -2), 2), ((-2, 6), 1), ((2, -6), 1), ((2, 2), 2), ((6, -2), 1)] [((-10, -6), 60), ((-10, 10), 12), ((-6, -10), 60), ((-6, 6), 60), ((6, -6), 60), ((6, 10), 60), ((10, -10), 12), ((10, 6), 60)]
A9 six-state simultaneous obstruction: PASS
A9 local-versus-global separation: PASS
deterministic bound checks: PASS
