Likelihood/data-processing identities and matched low-temperature Gibbs-flip audit
name beta Entcut sum_cond HB_Jeff Metro_Jeff Ent/sum_cond Ent/HB_Jeff
A4  0.1 0.0003371680639 0.0004394968057 0.0008786456668 0.00139699518 0.76716841 0.3837361
A4  0.5 0.01295718346 0.009285434503 0.01794763753 0.02033201134 1.395431 0.72194368
A4  1.0 0.003579689261 0.002639858143 0.004971479347 0.005062504337 1.3560158 0.72004508
A4  2.0 7.24589964e-05 5.432565506e-05 0.0001018009921 0.0001018351425 1.3337896 0.71177102
A4  4.0 2.435206623e-08 1.82640509e-08 3.422179111e-08 3.422179496e-08 1.3333332 0.71159532
A4  8.0 8.521249008e-15 2.06106696e-15 3.85115794e-15 3.85115794e-15 4.1343873 2.2126459
A6  0.1 2.473035894e-05 7.7919865e-05 0.0001558892177 0.0002603848853 0.31738195 0.1586406
A6  0.5 0.008845026487 0.02365429097 0.04976441855 0.05649930023 0.37392905 0.17773797
A6  1.0 0.002567117952 0.006484070542 0.014086897 0.01434490752 0.39591148 0.18223445
A6  2.0 5.217888291e-05 0.0001304721622 0.0002850822742 0.0002851779087 0.39992349 0.18303096
A6  4.0 1.753758332e-08 4.384397172e-08 9.580969253e-08 9.580970331e-08 0.39999988 0.18304602
A6  8.0 -9.79984934e-15 5.106323973e-15 1.078196711e-14 1.078196711e-14 -1.9191593 -0.90891108
A8  0.1 0.0002834114042 0.0004919543901 0.0009833668501 0.001506449919 0.57609284 0.28820516
A8  0.5 0.01145385757 0.01114528329 0.02155689285 0.02441303076 1.0276865 0.53133156
A8  1.0 0.004117698762 0.003910099079 0.007338380717 0.007472753309 1.0530932 0.56111817
A8  2.0 8.701378472e-05 8.34725994e-05 0.0001558239517 0.0001558762249 1.0424233 0.55841085
A8  4.0 2.926739788e-08 2.808262353e-08 5.241840298e-08 5.241840888e-08 1.0421889 0.55834204
A8  8.0 7.489947081e-16 3.169179573e-15 5.898919633e-15 5.898919633e-15 0.2363371 0.12697151
A9  0.1 0.0006915283277 0.0009016895275 0.001801536644 0.002783864288 0.7669251 0.38385471
A9  0.5 0.0127755168 0.01532293381 0.03160491422 0.0549728126 0.83375135 0.40422564
A9  1.0 0.03051657702 0.02663761517 0.05392825382 0.107147078 1.1456197 0.56587364
A9  2.0 0.03558206248 0.03113735853 0.06285724677 0.1257139457 1.1427451 0.56607733
A9  4.0 0.03568678365 0.03123718107 0.06306069812 0.1261213962 1.1424457 0.56591165
A9  8.0 0.03568681886 0.03123721468 0.06306076674 0.1261215335 1.1424456 0.56591159
A4 beta=.5 gamma=.1: {'ent_cut': 0.6276970227309644, 'selector_cond': 0.14716108819833884, 'd_pi': 0.0, 'mutual_info': 0.14716108819833884, 'avg_channel_kl': 0.7748581109293031, 'cond_entropy': np.float64(0.6895387981809085), 'heatbath_jeff': np.float64(1.0972050219375853), 'heatbath_hell': np.float64(0.2472481749548206), 'metropolis_jeff': np.float64(1.1858703726812132)}
A9 ground count/edges: 25 26
A9 ground component sizes: [15, 8, 2]
A9 beta=8 ground f range: 0.44642857142859854 1.3392857142856938
gamma=0 low-temperature slopes
A4 Ebar 3 deficit 5 observed slope 4.999999672212464 Ent/selector 83.96717911551903 mean H 0.41666658226528863
A6 Ebar 15/4 deficit 25/4 observed slope 6.2499998228365055 Ent/selector 112.15154327230744 mean H 0.3749999577993145
A8 Ebar 35/8 deficit 125/8 observed slope 15.62499970511985 Ent/selector 211.8382917223346 mean H 0.45982136702876425
A9 Ebar 35/8 deficit 157/8 observed slope 19.625000000001034 Ent/selector 362.1152981386566 mean H 0.3445333797998655
abstract positive two-mode obstruction, delta=1/2
0.1 {'ent_cut': 0.10464962875290962, 'selector_entropy': 0.026162407188227405, 'selector_h': 0.026794919243112253, 'cond_entropy': np.float64(0.04473350049571535), 'heatbath_jeff': np.float64(0.08788898309344878), 'heatbath_hell': np.float64(0.02180747117499629)} Ent/HB_Jeff 1.190702464285426 Ent/sum_cond 2.339401736802
0.01 {'ent_cut': 0.12819579522231422, 'selector_entropy': 0.002616240718822739, 'selector_h': 0.002679491924311225, 'cond_entropy': np.float64(0.005620893872671041), 'heatbath_jeff': np.float64(0.010766400428947474), 'heatbath_hell': np.float64(0.0026714152189370446)} Ent/HB_Jeff 11.907024642854259 Ent/sum_cond 22.80701221661667
0.001 {'ent_cut': 0.1305504118692547, 'selector_entropy': 0.0002616240718822739, 'selector_h': 0.00026794919243112254, 'cond_entropy': np.float64(0.0005740314034722922), 'heatbath_jeff': np.float64(0.0010964150640907734), 'heatbath_hell': np.float64(0.0002720482029080787)} Ent/HB_Jeff 119.07024642854259 Ent/sum_cond 227.42729941177552
0.0001 {'ent_cut': 0.13078587353394877, 'selector_entropy': 2.6162407188227402e-05, 'selector_h': 2.6794919243112254e-05, 'cond_entropy': np.float64(5.752308174960178e-05), 'heatbath_jeff': np.float64(0.0001098392566210376), 'heatbath_hell': np.float64(2.7253887100951607e-05)} Ent/HB_Jeff 1190.702464285426 Ent/sum_cond 2273.6242488408434
1e-05 {'ent_cut': 0.13080941970041815, 'selector_entropy': 2.61624071882274e-06, 'selector_h': 2.6794919243112256e-06, 'cond_entropy': np.float64(5.753508116319699e-06), 'heatbath_jeff': np.float64(1.0985903164223364e-05), 'heatbath_hell': np.float64(2.725879378196598e-06)} Ent/HB_Jeff 11907.024642854258 Ent/sum_cond 22735.59314696717
all parent-cut identities and finite audits verified
