A6: n=6 m=5 centers=32 selectors=6 maxR=30 max-a=5/6 J1=5/8 J2/J1=2/3 empty-pairs=0/15 empty-triples=0/20
  ell=0: rho=2/3 lambda=0 gap=2/3
  ell=1: rho=17/25 lambda=1/25 gap=16/25
  ell=2: rho=7/10 lambda=1/10 gap=3/5
  ell=3: rho=11/15 lambda=1/5 gap=8/15
  ell=4: rho=4/5 lambda=2/5 gap=2/5
A8: n=8 m=6 centers=128 selectors=28 maxR=72 max-a=11/28 J1=25/224 J2/J1=11/50 empty-pairs=22/378 empty-triples=1700/3276
  ell=0: rho=11/50 lambda=0 gap=11/50
  ell=1: rho=124/525 lambda=1/21 gap=33/175
  ell=2: rho=487/1875 lambda=1/9 gap=836/5625
  ell=3: rho=371/1250 lambda=1/5 gap=121/1250
  ell=4: rho=136/375 lambda=1/3 gap=11/375
  ell=5: rho=38/75 lambda=5/9 gap=-11/225
A9: n=9 m=7 centers=256 selectors=36 maxR=128 max-a=13/36 J1=7/192 J2/J1=157/864 empty-pairs=362/630 empty-triples=6070/7140
  ell=0: rho=157/864 lambda=0 gap=157/864
  ell=1: rho=6451/32928 lambda=1/28 gap=5275/32928
  ell=2: rho=7969/37044 lambda=4/49 gap=4945/37044
  ell=3: rho=713/2940 lambda=1/7 gap=293/2940
  ell=4: rho=3347/11760 lambda=8/35 gap=659/11760
  ell=5: rho=7559/21168 lambda=5/14 gap=-1/21168
  ell=6: rho=449/882 lambda=4/7 gap=-55/882
PASS: exact hard collision, common-core square, PSD spectrum, and branching bounds
