K3: P,N,R,V = 6,2,8,6; K2 parent Q=12 and carries gap 8
(10.409): P,N,R,V = 10,10,20,12
code36: P,N,R,V = 14,22,36,20
  (0, -1, -1, 1, -1, -1)
  (-1, 0, 1, -1, -1, -1)
  (-1, 1, 0, -1, -1, -1)
  (1, -1, -1, 0, -1, -1)
  (-1, -1, -1, -1, 0, -1)
  (-1, -1, -1, -1, -1, 0)
code37: P,N,R,V = 14,18,32,18; unique cut mus ((8, 8), (12, 16)) integral local cap 24
  (0, 1, -1, 1, -1, -1)
  (1, 0, 1, -1, -1, -1)
  (-1, 1, 0, -1, -1, -1)
  (1, -1, -1, 0, -1, -1)
  (-1, -1, -1, -1, 0, -1)
  (-1, -1, -1, -1, -1, 0)
code37 parent: P,N,Q,target = 54,66,66,-66; carried core gap = 32
code8: P=N=32, unique cut; child data [(4, 12, 0, 16, (20, 20), 10), (12, 4, 0, 16, (20, 20), 10)] best path 30 < R/2=32
  (0, -1, 1, 1, 1, -1, 1, 1)
  (-1, 0, -1, 1, -1, -1, -1, 1)
  (1, -1, 0, -1, 1, -1, 1, 1)
  (1, 1, -1, 0, 1, 1, 1, -1)
  (1, -1, 1, 1, 0, -1, 1, 1)
  (-1, -1, -1, 1, -1, 0, -1, 1)
  (1, -1, 1, 1, 1, -1, 0, 1)
  (1, 1, 1, -1, 1, 1, 1, 0)
family m=4 base: P=N=32, V=30
