auditing min-n3-orbit0 (n=3, mode=exact)
auditing min-n4-orbit0 (n=4, mode=exact)
auditing min-n5-orbit0 (n=5, mode=exact)
auditing min-n6-orbit0 (n=6, mode=exact)
auditing min-n7-orbit0 (n=7, mode=exact)
auditing min-n7-orbit1 (n=7, mode=exact)
auditing min-n7-orbit2 (n=7, mode=exact)
auditing min-n8-orbit0 (n=8, mode=exact)
auditing min-n8-orbit1 (n=8, mode=exact)
auditing exact-n10 (n=10, mode=exact)
auditing witness-n11 (n=11, mode=exact)
auditing witness-n12 (n=12, mode=exact)
auditing witness-n13 (n=13, mode=exact)
auditing witness-n14 (n=14, mode=exact)
auditing conference-n6 (n=6, mode=exact)
auditing conference-n10 (n=10, mode=exact)
auditing conference-n14 (n=14, mode=exact)
auditing conference-n18 (n=18, mode=monte_carlo)
auditing conference-n26 (n=26, mode=monte_carlo)
auditing conference-n98 (n=98, mode=monte_carlo)
auditing paley-conference-n30 (n=30, mode=monte_carlo)
auditing paley-conference-n38 (n=38, mode=monte_carlo)
auditing paley-conference-n42 (n=42, mode=monte_carlo)
auditing paley-conference-n54 (n=54, mode=monte_carlo)
auditing paley-conference-n62 (n=62, mode=monte_carlo)
auditing paley-conference-n74 (n=74, mode=monte_carlo)
auditing paley-conference-n90 (n=90, mode=monte_carlo)
auditing random-sweep-worst-n12-seed9304 (n=12, mode=exact)
auditing random-sweep-worst-n14-seed9407 (n=14, mode=exact)
auditing random-heldout-n30-seed271830 (n=30, mode=monte_carlo)
auditing random-heldout-n62-seed271862 (n=62, mode=monte_carlo)
auditing random-heldout-n98-seed271898 (n=98, mode=monte_carlo)
{"canonical_payload_sha256": "591acb823f980cd88ad1689081b1032e9071a02f757b8f23d0f1ad0a7f570cb7", "output": "computations/results/row_sign_recoupling_law_audit.json", "records": 32}
