unique-selector translation errors: 1/2 1 3/2 2 5/2 3 7/2 4
reflection-switching maxima (depth, word, raw, pert, error):
1 a 0 1 1/2
2 ab 0 -1 1/2
3 aba 0 2 1
4 abab 0 -2 1
5 ababa 0 3 3/2
6 ababab 0 -3 3/2
7 abababa 0 4 2
8 abababab 0 -4 2
9 ababababa 0 5 5/2
10 ababababab 0 -5 5/2
alternating a,b errors: 1/2 1/2 1 1 3/2 3/2 2 2 5/2 5/2 3 3
clip-pair errors under repetition:
seed -2 : 0 1/8 1/4 3/8 1/2 1/2 1/2 1/2 1/2 1/2 1/2 1/2
seed 0 : 1/8 1/4 3/8 1/2 1/2 1/2 1/2 1/2 1/2 1/2 1/2 1/2
seed 1/5 : 1/8 1/4 3/8 2/5 2/5 2/5 2/5 2/5 2/5 2/5 2/5 2/5
seed 4/5 : 1/10 1/10 1/10 1/10 1/10 1/10 1/10 1/10 1/10 1/10 1/10 1/10
seed 2 : 0 0 0 0 0 0 0 0 0 0 0 0
tie-reset active sets: ((0, 1), (0, 1))
tie-reset true directional outputs: all zero for e=-5,...,5
