{
  "classification": "exact finite matrix powers for seeded Monte Carlo bridges; the expectation formulas through m6 are proved algebraically",
  "free_limit": "Bernoulli(+-1/sqrt(2)) boxplus semicircle(variance=1/2)",
  "normalization": "W_eps=[[A,B],[B^T,eps*A]]/sqrt(2r)",
  "records": [
    {
      "bridge_samples": 12,
      "child_order": 6,
      "conference_identity_verified": true,
      "independent_statistical_units": 12,
      "orientation_values_per_bridge": 2,
      "orientations": [
        {
          "assumption_2_9_power_residuals": [
            {
              "diag_residual": {
                "maximum": 0.0,
                "mean": 0.0,
                "q05": 0.0,
                "q50": 0.0,
                "q95": 0.0,
                "standard_error": 0.0
              },
              "offdiag_max": {
                "maximum": 0.2886751345948129,
                "mean": 0.288675134594813,
                "q05": 0.2886751345948129,
                "q50": 0.2886751345948129,
                "q95": 0.2886751345948129,
                "standard_error": 1.6737241846796126e-17
              },
              "power": 1,
              "sqrt_N_over_logN_scaled_diag": {
                "maximum": 0.0,
                "mean": 0.0,
                "q05": 0.0,
                "q50": 0.0,
                "q95": 0.0,
                "standard_error": 0.0
              },
              "sqrt_N_over_logN_scaled_offdiag": {
                "maximum": 0.6343733950772563,
                "mean": 0.6343733950772563,
                "q05": 0.6343733950772563,
                "q50": 0.6343733950772563,
                "q95": 0.6343733950772563,
                "standard_error": 0.0
              }
            },
            {
              "diag_residual": {
                "maximum": 3.3306690738754696e-16,
                "mean": 3.3306690738754696e-16,
                "q05": 3.3306690738754696e-16,
                "q50": 3.3306690738754696e-16,
                "q95": 3.3306690738754696e-16,
                "standard_error": 0.0
              },
              "offdiag_max": {
                "maximum": 0.8333333333333336,
                "mean": 0.6111111111111113,
                "q05": 0.5000000000000001,
                "q50": 0.5833333333333335,
                "q95": 0.8333333333333336,
                "standard_error": 0.037455547914624576
              },
              "power": 2,
              "sqrt_N_over_logN_scaled_diag": {
                "maximum": 7.319258207808135e-16,
                "mean": 7.319258207808136e-16,
                "q05": 7.319258207808135e-16,
                "q50": 7.319258207808135e-16,
                "q95": 7.319258207808135e-16,
                "standard_error": 2.973131402725238e-32
              },
              "sqrt_N_over_logN_scaled_offdiag": {
                "maximum": 1.831278252072954,
                "mean": 1.3429373848534996,
                "q05": 1.0987669512437723,
                "q50": 1.2818947764510678,
                "q95": 1.831278252072954,
                "standard_error": 0.08230983637863415
              }
            },
            {
              "diag_residual": {
                "maximum": 0.6735753140545637,
                "mean": 0.4610783399778264,
                "q05": 0.2934863868380599,
                "q50": 0.4570689631084539,
                "q95": 0.6471134267167058,
                "standard_error": 0.03672665610950933
              },
              "offdiag_max": {
                "maximum": 1.03441923229808,
                "mean": 0.8419691425682047,
                "q05": 0.6759809401761872,
                "q50": 0.8419691425682047,
                "q95": 0.9814954576223642,
                "standard_error": 0.03243745600673014
              },
              "power": 3,
              "sqrt_N_over_logN_scaled_diag": {
                "maximum": 1.4802045885135986,
                "mean": 1.0132352838039513,
                "q05": 0.6449462849952108,
                "q50": 1.0044245422056561,
                "q95": 1.42205369396485,
                "standard_error": 0.08070807192564805
              },
              "sqrt_N_over_logN_scaled_offdiag": {
                "maximum": 2.2731713323601697,
                "mean": 1.850255735641998,
                "q05": 1.4854910334725757,
                "q50": 1.8502557356419982,
                "q95": 2.1568695432626726,
                "standard_error": 0.07128240928523774
              }
            },
            {
              "diag_residual": {
                "maximum": 0.6666666666666672,
                "mean": 0.3641975308641978,
                "q05": 0.2629629629629632,
                "q50": 0.3333333333333335,
                "q95": 0.5851851851851855,
                "standard_error": 0.03436891581993842
              },
              "offdiag_max": {
                "maximum": 2.3055555555555567,
                "mean": 1.4444444444444453,
                "q05": 1.0333333333333339,
                "q50": 1.4027777777777783,
                "q95": 1.954166666666667,
                "standard_error": 0.09968618924517691
              },
              "power": 4,
              "sqrt_N_over_logN_scaled_diag": {
                "maximum": 1.4650226016583638,
                "mean": 0.8003364212763285,
                "q05": 0.5778700262096881,
                "q50": 0.7325113008291817,
                "q95": 1.2859642836778968,
                "standard_error": 0.07552685770605518
              },
              "sqrt_N_over_logN_scaled_offdiag": {
                "maximum": 5.066536497401841,
                "mean": 3.1742156369264536,
                "q05": 2.2707850325704637,
                "q50": 3.0826517243228064,
                "q95": 4.294347501111077,
                "standard_error": 0.21906378047606548
              }
            },
            {
              "diag_residual": {
                "maximum": 1.9939967630345423,
                "mean": 1.3317813501098665,
                "q05": 0.7545647268158862,
                "q50": 1.3778891841076493,
                "q95": 1.9425430932109296,
                "standard_error": 0.11764939751443751
              },
              "offdiag_max": {
                "maximum": 3.2014874301938647,
                "mean": 2.0340905317282663,
                "q05": 1.3748153285077973,
                "q50": 1.9906556156433988,
                "q95": 2.7869178619007577,
                "standard_error": 0.15163991358014292
              },
              "power": 5,
              "sqrt_N_over_logN_scaled_diag": {
                "maximum": 4.381875488218829,
                "mean": 2.926634667567066,
                "q05": 1.658181568799162,
                "q50": 3.027958195947461,
                "q95": 4.26880430437404,
                "standard_error": 0.25853853964521023
              },
              "sqrt_N_over_logN_scaled_offdiag": {
                "maximum": 7.035377166238743,
                "mean": 4.469982904201781,
                "q05": 3.021203294055435,
                "q50": 4.374533203553582,
                "q95": 6.124346484975015,
                "standard_error": 0.33323385106264536
              }
            },
            {
              "diag_residual": {
                "maximum": 2.861111111111114,
                "mean": 1.322530864197532,
                "q05": 0.839351851851853,
                "q50": 1.236111111111112,
                "q95": 2.2041666666666675,
                "standard_error": 0.1600216712350459
              },
              "offdiag_max": {
                "maximum": 6.836805555555562,
                "mean": 3.413194444444448,
                "q05": 2.0099537037037054,
                "q50": 3.168981481481484,
                "q95": 5.314756944444447,
                "standard_error": 0.36008089116752745
              },
              "power": 6,
              "sqrt_N_over_logN_scaled_diag": {
                "maximum": 6.28738866545048,
                "mean": 2.906306411160227,
                "q05": 1.8445041505601496,
                "q50": 2.716396073908216,
                "q95": 4.843730976732964,
                "standard_error": 0.3516530476717292
              },
              "sqrt_N_over_logN_scaled_offdiag": {
                "maximum": 15.024111993048535,
                "mean": 7.500610507448812,
                "q05": 4.416941406319297,
                "q50": 6.963944241910765,
                "q95": 11.679358568897781,
                "standard_error": 0.7912899659785693
              }
            }
          ],
          "epsilon": -1,
          "mixed_freeness_probes": {
            "tr_normalized_(D_R)^4": {
              "maximum": 0.044367283950617335,
              "mean": 0.009071716392318255,
              "q05": -0.01653485082304528,
              "q50": 0.008262602880658448,
              "q95": 0.040689300411522675,
              "standard_error": 0.006139878010533337
            },
            "tr_normalized_D_(R2-halfI)_D_(R2-halfI)": {
              "maximum": 0.04861111111111114,
              "mean": 0.014853395061728406,
              "q05": -0.001118827160493828,
              "q50": 0.013117283950617294,
              "q95": 0.036728395061728404,
              "standard_error": 0.0038488070300260334
            }
          },
          "moments": {
            "m2": {
              "maximum": 0.9166666666666673,
              "mean": 0.9166666666666674,
              "q05": 0.9166666666666673,
              "q50": 0.9166666666666673,
              "q95": 0.9166666666666673,
              "standard_error": 3.347448369359225e-17
            },
            "m4": {
              "maximum": 1.6458333333333341,
              "mean": 1.4375000000000007,
              "q05": 1.2791666666666672,
              "q50": 1.4421296296296302,
              "q95": 1.6152777777777785,
              "standard_error": 0.032004063657887515
            },
            "m6": {
              "maximum": 3.976273148148152,
              "mean": 2.734375000000002,
              "q05": 2.025347222222224,
              "q50": 2.6915509259259283,
              "q95": 3.6172453703703735,
              "standard_error": 0.15890647201422248
            },
            "m8": {
              "maximum": 11.199250900205774,
              "mean": 5.820542909807962,
              "q05": 3.441997813786012,
              "q50": 5.5237107767489775,
              "q95": 9.167164994855973,
              "standard_error": 0.6095702948875721
            }
          },
          "operator_norm": {
            "maximum": 1.8127525147951977,
            "mean": 1.5650612531622992,
            "q05": 1.4242379017021836,
            "q50": 1.5690895443022748,
            "q95": 1.7141599442116056,
            "standard_error": 0.03161798688208331
          }
        },
        {
          "assumption_2_9_power_residuals": [
            {
              "diag_residual": {
                "maximum": 0.0,
                "mean": 0.0,
                "q05": 0.0,
                "q50": 0.0,
                "q95": 0.0,
                "standard_error": 0.0
              },
              "offdiag_max": {
                "maximum": 0.2886751345948129,
                "mean": 0.288675134594813,
                "q05": 0.2886751345948129,
                "q50": 0.2886751345948129,
                "q95": 0.2886751345948129,
                "standard_error": 1.6737241846796126e-17
              },
              "power": 1,
              "sqrt_N_over_logN_scaled_diag": {
                "maximum": 0.0,
                "mean": 0.0,
                "q05": 0.0,
                "q50": 0.0,
                "q95": 0.0,
                "standard_error": 0.0
              },
              "sqrt_N_over_logN_scaled_offdiag": {
                "maximum": 0.6343733950772563,
                "mean": 0.6343733950772563,
                "q05": 0.6343733950772563,
                "q50": 0.6343733950772563,
                "q95": 0.6343733950772563,
                "standard_error": 0.0
              }
            },
            {
              "diag_residual": {
                "maximum": 3.3306690738754696e-16,
                "mean": 3.3306690738754696e-16,
                "q05": 3.3306690738754696e-16,
                "q50": 3.3306690738754696e-16,
                "q95": 3.3306690738754696e-16,
                "standard_error": 0.0
              },
              "offdiag_max": {
                "maximum": 0.6666666666666669,
                "mean": 0.5972222222222224,
                "q05": 0.5000000000000001,
                "q50": 0.6666666666666669,
                "q95": 0.6666666666666669,
                "standard_error": 0.02477451625044014
              },
              "power": 2,
              "sqrt_N_over_logN_scaled_diag": {
                "maximum": 7.319258207808135e-16,
                "mean": 7.319258207808136e-16,
                "q05": 7.319258207808135e-16,
                "q50": 7.319258207808135e-16,
                "q95": 7.319258207808135e-16,
                "standard_error": 2.973131402725238e-32
              },
              "sqrt_N_over_logN_scaled_offdiag": {
                "maximum": 1.4650226016583632,
                "mean": 1.3124160806522838,
                "q05": 1.0987669512437723,
                "q50": 1.4650226016583632,
                "q95": 1.4650226016583632,
                "standard_error": 0.05444283937807081
              }
            },
            {
              "diag_residual": {
                "maximum": 0.6735753140545635,
                "mean": 0.5132002392796676,
                "q05": 0.36324954436513973,
                "q50": 0.5292377467571572,
                "q95": 0.6471134267167057,
                "standard_error": 0.02798742435782205
              },
              "offdiag_max": {
                "maximum": 0.9863067098656111,
                "mean": 0.8539972731763218,
                "q05": 0.745744097703267,
                "q50": 0.866025403784439,
                "q95": 0.9598448225277532,
                "standard_error": 0.02145536043935155
              },
              "power": 3,
              "sqrt_N_over_logN_scaled_diag": {
                "maximum": 1.4802045885135982,
                "mean": 1.1277749245817892,
                "q05": 0.7982531888055479,
                "q50": 1.1630178909749702,
                "q95": 1.4220536939648498,
                "standard_error": 0.06150331386961964
              },
              "sqrt_N_over_logN_scaled_offdiag": {
                "maximum": 2.1674424331806263,
                "mean": 1.8766879604368836,
                "q05": 1.6387979372829127,
                "q50": 1.9031201852317694,
                "q95": 2.1092915386318776,
                "standard_error": 0.047148881955565096
              }
            },
            {
              "diag_residual": {
                "maximum": 0.5925925925925928,
                "mean": 0.3888888888888891,
                "q05": 0.22592592592592603,
                "q50": 0.37037037037037057,
                "q95": 0.5722222222222222,
                "standard_error": 0.03575212219123788
              },
              "offdiag_max": {
                "maximum": 1.7222222222222232,
                "mean": 1.4421296296296304,
                "q05": 1.1138888888888894,
                "q50": 1.4722222222222232,
                "q95": 1.6916666666666675,
                "standard_error": 0.06024585778890358
              },
              "power": 4,
              "sqrt_N_over_logN_scaled_diag": {
                "maximum": 1.3022423125852118,
                "mean": 0.8545965176340454,
                "q05": 0.496479881673112,
                "q50": 0.8139014453657576,
                "q95": 1.2574777330900946,
                "standard_error": 0.07856650060112252
              },
              "sqrt_N_over_logN_scaled_offdiag": {
                "maximum": 3.7846417209507726,
                "mean": 3.169128752892919,
                "q05": 2.4478085969375156,
                "q50": 3.235258245328886,
                "q95": 3.7174948517080977,
                "standard_error": 0.1323923149755589
              }
            },
            {
              "diag_residual": {
                "maximum": 1.849659195737135,
                "mean": 1.4415937276987887,
                "q05": 0.9864403557612573,
                "q50": 1.5021798670581936,
                "q95": 1.8099663647303486,
                "standard_error": 0.0925366538221525
              },
              "offdiag_max": {
                "maximum": 2.632155914742983,
                "mean": 2.089553578421251,
                "q05": 1.552831661507932,
                "q50": 2.098908791116454,
                "q95": 2.5527702527294096,
                "standard_error": 0.09913410602442707
              },
              "power": 5,
              "sqrt_N_over_logN_scaled_diag": {
                "maximum": 4.064688790680199,
                "mean": 3.1679510902314854,
                "q05": 2.167736124567237,
                "q50": 3.301091185494613,
                "q95": 3.977462448857077,
                "standard_error": 0.2033524339969337
              },
              "sqrt_N_over_logN_scaled_offdiag": {
                "maximum": 5.784251859280819,
                "mean": 4.591864829644865,
                "q05": 3.4124002210197433,
                "q50": 4.612423226707554,
                "q95": 5.609799175634573,
                "standard_error": 0.2178505588814732
              }
            },
            {
              "diag_residual": {
                "maximum": 2.231481481481483,
                "mean": 1.3765432098765444,
                "q05": 0.8009259259259266,
                "q50": 1.310185185185187,
                "q95": 2.093981481481482,
                "standard_error": 0.1382342096097538
              },
              "offdiag_max": {
                "maximum": 4.714120370370375,
                "mean": 3.452064043209879,
                "q05": 2.30601851851852,
                "q50": 3.39178240740741,
                "q95": 4.581076388888893,
                "standard_error": 0.22792509794418322
              },
              "power": 6,
              "sqrt_N_over_logN_scaled_diag": {
                "maximum": 4.903756208328691,
                "mean": 3.0250003719427334,
                "q05": 1.7600618756034514,
                "q50": 2.8791763629813696,
                "q95": 4.601595296736651,
                "standard_error": 0.3037743621010034
              },
              "sqrt_N_over_logN_scaled_offdiag": {
                "maximum": 10.359439334296036,
                "mean": 7.586027768511936,
                "q05": 5.067553874208548,
                "q50": 7.453556830138604,
                "q95": 10.067070674468555,
                "standard_error": 0.5008731299601368
              }
            }
          ],
          "epsilon": 1,
          "mixed_freeness_probes": {
            "tr_normalized_(D_R)^4": {
              "maximum": 0.044367283950617335,
              "mean": 0.009071716392318255,
              "q05": -0.01653485082304528,
              "q50": 0.008262602880658448,
              "q95": 0.040689300411522675,
              "standard_error": 0.006139878010533337
            },
            "tr_normalized_D_(R2-halfI)_D_(R2-halfI)": {
              "maximum": 0.04861111111111114,
              "mean": 0.014853395061728406,
              "q05": -0.001118827160493828,
              "q50": 0.013117283950617294,
              "q95": 0.036728395061728404,
              "standard_error": 0.0038488070300260334
            }
          },
          "moments": {
            "m2": {
              "maximum": 0.9166666666666673,
              "mean": 0.9166666666666674,
              "q05": 0.9166666666666673,
              "q50": 0.9166666666666673,
              "q95": 0.9166666666666673,
              "standard_error": 3.347448369359225e-17
            },
            "m4": {
              "maximum": 1.6273148148148158,
              "mean": 1.45138888888889,
              "q05": 1.3365740740740746,
              "q50": 1.4421296296296304,
              "q95": 1.5763888888888897,
              "standard_error": 0.026922871366531154
            },
            "m6": {
              "maximum": 3.6568287037037073,
              "mean": 2.7887731481481506,
              "q05": 2.272106481481483,
              "q50": 2.73090277777778,
              "q95": 3.384375000000003,
              "standard_error": 0.12407624648415622
            },
            "m8": {
              "maximum": 9.070907278806594,
              "mean": 5.94286372599452,
              "q05": 4.1866865997942435,
              "q50": 5.6899916409465074,
              "q95": 8.096100180041159,
              "standard_error": 0.43556397868374713
            }
          },
          "operator_norm": {
            "maximum": 1.6747271980161564,
            "mean": 1.5781627611376354,
            "q05": 1.4787897143649378,
            "q50": 1.575246886155012,
            "q95": 1.6742652546117296,
            "standard_error": 0.022163932506514016
          }
        }
      ],
      "paired_orientation_differences": {
        "plus_minus_m2": {
          "maximum": 0.0,
          "mean": 0.0,
          "q05": 0.0,
          "q50": 0.0,
          "q95": 0.0,
          "standard_error": 0.0
        },
        "plus_minus_m4": {
          "maximum": 0.3148148148148151,
          "mean": 0.013888888888888931,
          "q05": -0.25370370370370376,
          "q50": 0.00925925925925919,
          "q95": 0.30462962962962997,
          "standard_error": 0.0519862076061477
        },
        "plus_minus_m6": {
          "maximum": 1.5231481481481497,
          "mean": 0.054398148148148084,
          "q05": -1.3050925925925945,
          "q50": 0.08564814814814836,
          "q95": 1.3780092592592608,
          "standard_error": 0.24368446838884267
        },
        "plus_minus_m8": {
          "maximum": 5.3608539094650265,
          "mean": 0.12232081618655677,
          "q05": -4.893750000000005,
          "q50": 0.1289866255144032,
          "q95": 4.682548868312761,
          "standard_error": 0.8900453784712852
        },
        "plus_minus_operator_norm": {
          "maximum": 0.26447713688073526,
          "mean": 0.013101507975336213,
          "q05": -0.21197219557129948,
          "q50": 0.0014984291853102905,
          "q95": 0.2425854284569242,
          "standard_error": 0.04600032756974541
        }
      },
      "parent_order": 12,
      "seed": 20260820,
      "source": "computations/results/conference_double_p5.json",
      "theory": {
        "free_limit_m2": 1.0,
        "free_limit_m4": 1.75,
        "free_limit_m6": 3.75,
        "free_limit_m8": 8.9375,
        "free_limit_outer_edge": 1.8371173070873834,
        "m2_exact_expectation": 0.9166666666666666,
        "m4_exact_expectation": 1.4652777777777777,
        "m6_exact_expectation": 2.870949074074074
      }
    }
  ],
  "schema": "conference-random-bridge-spectrum-v1"
}

