auditing min-n3-orbit0 (n=3, mode=exact)
auditing min-n4-orbit0 (n=4, mode=exact)
auditing min-n5-orbit0 (n=5, mode=exact)
auditing min-n6-orbit0 (n=6, mode=exact)
auditing min-n7-orbit0 (n=7, mode=exact)
auditing min-n7-orbit1 (n=7, mode=exact)
auditing min-n7-orbit2 (n=7, mode=exact)
auditing min-n8-orbit0 (n=8, mode=exact)
auditing min-n8-orbit1 (n=8, mode=exact)
auditing exact-n10 (n=10, mode=exact)
auditing witness-n11 (n=11, mode=exact)
auditing witness-n12 (n=12, mode=exact)
auditing witness-n13 (n=13, mode=exact)
auditing witness-n14 (n=14, mode=exact)
auditing conference-n6 (n=6, mode=exact)
auditing conference-n10 (n=10, mode=exact)
auditing conference-n14 (n=14, mode=exact)
auditing conference-n18 (n=18, mode=monte_carlo)
auditing conference-n26 (n=26, mode=monte_carlo)
auditing conference-n98 (n=98, mode=monte_carlo)
auditing paley-conference-n30 (n=30, mode=monte_carlo)
auditing paley-conference-n38 (n=38, mode=monte_carlo)
auditing paley-conference-n42 (n=42, mode=monte_carlo)
auditing paley-conference-n54 (n=54, mode=monte_carlo)
auditing paley-conference-n62 (n=62, mode=monte_carlo)
auditing paley-conference-n74 (n=74, mode=monte_carlo)
auditing paley-conference-n90 (n=90, mode=monte_carlo)
{"canonical_payload_sha256": "4e65c66988333c6780ef9911be0fb820e3fbe92a11390a6ff0811b4f7f37ce69", "output": "computations/results/row_sign_recoupling_law_audit.json", "records": 27}
