
Starting CP-SAT solver v9.15.6755
Parameters: max_time_in_seconds: 600 log_search_progress: true num_search_workers: 1 log_to_stdout: true

Initial satisfaction model '': (model_fingerprint: 0x9d55eae2ae64098d)
#Variables: 31 (30 primary variables)
  - 30 Booleans in [0,1]
  - 1 constants in {15}
#kLinear1: 1
#kLinearN: 1'024 (#terms: 31'744)

Starting presolve at 0.01s
  2.29e-03s  0.00e+00d  [DetectDominanceRelations]
  2.88e-02s  0.00e+00d  [PresolveToFixPoint] #num_loops=2 #num_dual_strengthening=1
  3.04e-05s  0.00e+00d  [ExtractEncodingFromLinear]
  2.12e-03s  0.00e+00d  [DetectDuplicateColumns]
  1.28e-03s  0.00e+00d  [DetectDuplicateConstraints] #duplicates=512
[Symmetry] Graph for symmetry has 571 nodes and 14'876 arcs.
[Symmetry] Symmetry computation done. time: 0.00255363 dtime: 0.00332048
[Symmetry] #generators: 2, average support size: 22
[Symmetry] 10 orbits on 28 variables with sizes: 4,4,4,4,2,2,2,2,2,2
  1.05e-04s  0.00e+00d  [DetectDuplicateConstraintsWithDifferentEnforcements]
  4.81e-03s  7.47e-04d  [Probe] #probed=58
  9.70e-06s  0.00e+00d  [MaxClique]
  9.87e-04s  0.00e+00d  [DetectDominanceRelations]
  7.71e-03s  0.00e+00d  [PresolveToFixPoint] #num_loops=1 #num_dual_strengthening=1
  3.56e-03s  0.00e+00d  [ProcessAtMostOneAndLinear]
  1.33e-04s  0.00e+00d  [DetectDuplicateConstraints]
  6.23e-05s  0.00e+00d  [DetectDuplicateConstraintsWithDifferentEnforcements]
  2.85e-01s  1.16e-02d  [DetectDominatedLinearConstraints] #relevant_constraints=512 #num_inclusions=130'816
  1.17e-04s  0.00e+00d  [DetectDifferentVariables]
  3.36e-04s  0.00e+00d  [ProcessSetPPC] #relevant_constraints=512
  5.45e-05s  0.00e+00d  [TransformClausesToExactlyOne]
  8.90e-06s  0.00e+00d  [DetectEncodedComplexDomains]
  1.45e-05s  0.00e+00d  [FindAlmostIdenticalLinearConstraints]
  1.71e-06s  0.00e+00d  [FindBigAtMostOneAndLinearOverlap]
  2.23e-02s  3.70e-03d  [FindBigVerticalLinearOverlap] #blocks=53 #saved_nz=8'641
  1.39e-04s  3.02e-05d  [FindBigHorizontalLinearOverlap] #linears=512
  1.15e-05s  0.00e+00d  [MergeClauses]
  4.75e-04s  0.00e+00d  [DetectDominanceRelations]
  7.28e-03s  0.00e+00d  [PresolveToFixPoint] #num_loops=2 #num_dual_strengthening=1
  4.91e-04s  0.00e+00d  [DetectDominanceRelations]
  1.66e-02s  0.00e+00d  [PresolveToFixPoint] #num_loops=1 #num_dual_strengthening=1
  2.26e-04s  0.00e+00d  [DetectDuplicateColumns]
  6.48e-05s  0.00e+00d  [DetectDuplicateConstraints]
[Symmetry] Graph for symmetry has 713 nodes and 6'271 arcs.
[Symmetry] Symmetry computation done. time: 0.000251773 dtime: 0.00026558
  9.43e-05s  0.00e+00d  [DetectDuplicateConstraintsWithDifferentEnforcements]
  5.17e-03s  4.63e-04d  [Probe] #probed=58
  8.77e-06s  0.00e+00d  [MaxClique]
  4.88e-04s  0.00e+00d  [DetectDominanceRelations]
  1.75e-02s  0.00e+00d  [PresolveToFixPoint] #num_loops=1 #num_dual_strengthening=1
  1.64e-03s  0.00e+00d  [ProcessAtMostOneAndLinear]
  7.55e-05s  0.00e+00d  [DetectDuplicateConstraints]
  5.54e-05s  0.00e+00d  [DetectDuplicateConstraintsWithDifferentEnforcements]
  4.58e-04s  5.41e-05d  [DetectDominatedLinearConstraints] #relevant_constraints=563 #num_inclusions=1
  8.01e-05s  0.00e+00d  [DetectDifferentVariables]
  1.17e-04s  0.00e+00d  [ProcessSetPPC] #relevant_constraints=2
  5.48e-05s  0.00e+00d  [TransformClausesToExactlyOne]
  8.25e-06s  0.00e+00d  [DetectEncodedComplexDomains]
  3.01e-05s  3.85e-07d  [FindAlmostIdenticalLinearConstraints] #num_tested_pairs=25
  1.97e-06s  0.00e+00d  [FindBigAtMostOneAndLinearOverlap]
  3.64e-03s  7.30e-04d  [FindBigVerticalLinearOverlap] #blocks=9 #saved_nz=379
  1.59e-04s  2.83e-05d  [FindBigHorizontalLinearOverlap] #linears=514
  1.08e-05s  0.00e+00d  [MergeClauses]
  4.46e-04s  0.00e+00d  [DetectDominanceRelations]
  2.09e-02s  0.00e+00d  [PresolveToFixPoint] #num_loops=2 #num_dual_strengthening=1
  4.63e-04s  0.00e+00d  [DetectDominanceRelations]
  4.09e-03s  0.00e+00d  [PresolveToFixPoint] #num_loops=1 #num_dual_strengthening=1
  1.93e-04s  0.00e+00d  [DetectDuplicateColumns]
  5.76e-05s  0.00e+00d  [DetectDuplicateConstraints]
[Symmetry] Graph for symmetry has 740 nodes and 5'901 arcs.
[Symmetry] Symmetry computation done. time: 0.000254287 dtime: 0.00025754
  1.01e-04s  0.00e+00d  [DetectDuplicateConstraintsWithDifferentEnforcements]
  5.14e-03s  4.46e-04d  [Probe] #probed=58
  9.26e-06s  0.00e+00d  [MaxClique]
  4.45e-04s  0.00e+00d  [DetectDominanceRelations]
  4.19e-03s  0.00e+00d  [PresolveToFixPoint] #num_loops=1 #num_dual_strengthening=1
  1.41e-03s  0.00e+00d  [ProcessAtMostOneAndLinear]
  6.20e-05s  0.00e+00d  [DetectDuplicateConstraints]
  4.96e-05s  0.00e+00d  [DetectDuplicateConstraintsWithDifferentEnforcements]
  4.25e-04s  4.65e-05d  [DetectDominatedLinearConstraints] #relevant_constraints=572
  7.77e-05s  0.00e+00d  [DetectDifferentVariables]
  1.09e-04s  0.00e+00d  [ProcessSetPPC] #relevant_constraints=2
  5.69e-05s  0.00e+00d  [TransformClausesToExactlyOne]
  8.29e-06s  0.00e+00d  [DetectEncodedComplexDomains]
  3.01e-05s  6.30e-07d  [FindAlmostIdenticalLinearConstraints] #num_tested_pairs=42
  1.98e-06s  0.00e+00d  [FindBigAtMostOneAndLinearOverlap]
  3.02e-03s  6.59e-04d  [FindBigVerticalLinearOverlap] #blocks=2 #saved_nz=69
  1.54e-04s  2.79e-05d  [FindBigHorizontalLinearOverlap] #linears=514
  9.30e-06s  0.00e+00d  [MergeClauses]
  4.40e-04s  0.00e+00d  [DetectDominanceRelations]
  4.53e-03s  0.00e+00d  [PresolveToFixPoint] #num_loops=2 #num_dual_strengthening=1
  5.72e-06s  0.00e+00d  [MergeNoOverlap]
  5.92e-06s  0.00e+00d  [MergeNoOverlap2D]

Presolve summary:
  - 0 affine relations were detected.
  - rule 'duplicate: merged rhs of linear constraint' was applied 512 times.
  - rule 'duplicate: removed constraint' was applied 512 times.
  - rule 'linear matrix: common vertical rectangle' was applied 64 times.
  - rule 'linear1: x in domain' was applied 1 time.
  - rule 'linear: divide by GCD' was applied 1'024 times.
  - rule 'linear: variable substitution 2' was applied 2 times.
  - rule 'presolve: 2 unused variables removed.' was applied 1 time.
  - rule 'presolve: iteration' was applied 3 times.

Presolved satisfaction model '': (model_fingerprint: 0x8d61e4c04573ca7c)
#Variables: 91 (51 primary variables)
  - 29 Booleans in [0,1]
  - 2 in [-3,1]
  - 2 in [-2,1]
  - 14 in [-2,2]
  - 12 in [-1,1]
  - 3 in [-1,2]
  - 10 in [-1,3]
  - 14 in [0,2]
  - 1 in [0,3]
  - 4 in [0,4]
#kLinear3: 60
#kLinearN: 514 (#terms: 5'577)
[Symmetry] Graph for symmetry has 742 nodes and 5'834 arcs.
[Symmetry] Symmetry computation done. time: 0.000266444 dtime: 0.00025628

Preloading model.

Starting search at 0.48s with 1 workers.
1 full problem subsolver: [main]

[Precedences] num_relations=0 num_clauses=0
[Probing] deterministic_time: 0.000430122 (limit: 1) wall_time: 0.00322453 (29/29)
[LinearRelaxationBeforeCliqueExpansion] #linear:574 #at_most_ones:0
[FinalLinearRelaxation] #linear:574 #cut_generators:0
Initial num_bool: 29

Starting subsolver 'main' hint search at 0.49s
Starting subsolver 'main' search at 0.49s
#Done  101.95s main

Task timing           n [     min,      max]      avg      dev     time         n [     min,      max]      avg      dev    dtime
      'main':         1 [   1.69m,    1.69m]    1.69m   0.00ns    1.69m         1 [  36.50s,   36.50s]   36.50s   0.00ns   36.50s

Search stats    Bools  Conflicts  Branches  Restarts  BacktrackToRoot  Backtrack  BoolPropag  IntegerPropag
       'main':     29     18'564   200'040       107           27'048     55'080      99'123      2'211'343

SAT formula    Fixed  Equiv  Total  VarLeft  BinaryClauses  PermanentClauses  TemporaryClauses
      'main':     13      0     29       16             12                 5                 0

SAT stats    ClassicMinim  LitRemoved  LitRemovedBinary  LitLearned  LitForgotten  Subsumed
    'main':        14'188      48'370             3'257     166'050        11'537    12'649

Vivification    Clauses  Decisions  LitTrue  Subsumed  LitRemoved  DecisionReused  Conflicts
       'main':   30'980    173'285        0       402       3'077          18'597         14

Clause deletion    at_true  l_and_not(l)  to_binary  sub_conflict  sub_extra  sub_decisions  sub_eager  sub_vivify  sub_probing  sub_inpro  blocked  eliminated  forgotten  promoted  conflicts
          'main':      952             0          9        12'130         85            732        519         402           41      2'635        0           0        993    37'253     18'564

Lp stats    Component  Iterations  AddedCuts  OPTIMAL  DUAL_F.  DUAL_U.
   'main':          1     471'232      6'420   27'162        0   17'055

Lp dimension    Final dimension of first component
       'main':  472 rows, 91 columns, 7864 entries

Lp debug    CutPropag  CutEqPropag  Adjust  Overflow     Bad  BadScaling
   'main':          0           23  16'821         0  18'198           0

Lp pool    Constraints  Updates  Simplif  Merged  Shortened  Split  Strengthened    Cuts/Call
  'main':        6'994    1'658   22'337       0     22'169    268         1'175  6'420/8'831

Lp Cut            main
         CG_FF:    805
          CG_K:    779
          CG_R:  1'259
         CG_RB:  1'349
        CG_RBP:  1'267
            IB:     41
  ZERO_HALF_FF:    265
   ZERO_HALF_R:    655

Solution repositories    Added  Queried  Synchro
    'alternative_path':      0        0        0
      'best_solutions':      0        0        0
   'fj solution hints':      0        0        0

LRAT_status: NA
CpSolverResponse summary:
status: INFEASIBLE
objective: NA
best_bound: NA
integers: 91
booleans: 29
conflicts: 18564
branches: 200040
propagations: 99123
integer_propagations: 2211343
restarts: 107
lp_iterations: 471232
walltime: 101.955
usertime: 101.955
deterministic_time: 36.5192
gap_integral: 0

status=INFEASIBLE objective=0.0 bound=0.0 branches=200040 wall=101.954956s
wrote computations/results/bridge_5_6_sign1_cap15.json
