
Starting CP-SAT solver v9.15.6755
Parameters: max_time_in_seconds: 300 log_search_progress: true num_search_workers: 4 log_to_stdout: true

Initial satisfaction model '': (model_fingerprint: 0x659ae3510a06917f)
#Variables: 26 (25 primary variables)
  - 25 Booleans in [0,1]
  - 1 constants in {13}
#kLinear1: 1
#kLinearN: 512 (#terms: 13'312)

Starting presolve at 0.00s
  6.01e-04s  0.00e+00d  [DetectDominanceRelations]
  6.64e-03s  0.00e+00d  [PresolveToFixPoint] #num_loops=2 #num_dual_strengthening=1
  8.32e-06s  0.00e+00d  [ExtractEncodingFromLinear]
  5.54e-04s  0.00e+00d  [DetectDuplicateColumns]
  1.77e-04s  0.00e+00d  [DetectDuplicateConstraints] #duplicates=256
[Symmetry] Graph for symmetry has 305 nodes and 6'167 arcs.
[Symmetry] Symmetry computation done. time: 0.000403683 dtime: 0.00078315
[Symmetry] #generators: 1, average support size: 20
[Symmetry] 10 orbits on 20 variables with sizes: 2,2,2,2,2,2,2,2,2,2
  1.65e-05s  0.00e+00d  [DetectDuplicateConstraintsWithDifferentEnforcements]
  1.18e-03s  3.11e-04d  [Probe] #probed=48
  3.32e-06s  0.00e+00d  [MaxClique]
  2.29e-04s  0.00e+00d  [DetectDominanceRelations]
  1.76e-03s  0.00e+00d  [PresolveToFixPoint] #num_loops=1 #num_dual_strengthening=1
  8.43e-04s  0.00e+00d  [ProcessAtMostOneAndLinear]
  1.61e-05s  0.00e+00d  [DetectDuplicateConstraints]
  1.44e-05s  0.00e+00d  [DetectDuplicateConstraintsWithDifferentEnforcements]
  3.76e-02s  2.40e-03d  [DetectDominatedLinearConstraints] #relevant_constraints=256 #num_inclusions=32'640
  2.68e-05s  0.00e+00d  [DetectDifferentVariables]
  7.87e-05s  0.00e+00d  [ProcessSetPPC] #relevant_constraints=256
  1.66e-05s  0.00e+00d  [TransformClausesToExactlyOne]
  2.90e-06s  0.00e+00d  [DetectEncodedComplexDomains]
  2.75e-06s  0.00e+00d  [FindAlmostIdenticalLinearConstraints]
  9.05e-07s  0.00e+00d  [FindBigAtMostOneAndLinearOverlap]
  4.61e-03s  1.32e-03d  [FindBigVerticalLinearOverlap] #blocks=33 #saved_nz=3'173
  3.75e-05s  1.44e-05d  [FindBigHorizontalLinearOverlap] #linears=256
  2.59e-06s  0.00e+00d  [MergeClauses]
  1.38e-04s  0.00e+00d  [DetectDominanceRelations]
  1.89e-03s  0.00e+00d  [PresolveToFixPoint] #num_loops=2 #num_dual_strengthening=1
  1.33e-04s  0.00e+00d  [DetectDominanceRelations]
  1.04e-03s  0.00e+00d  [PresolveToFixPoint] #num_loops=1 #num_dual_strengthening=1
  6.39e-05s  0.00e+00d  [DetectDuplicateColumns]
  1.44e-05s  0.00e+00d  [DetectDuplicateConstraints]
[Symmetry] Graph for symmetry has 391 nodes and 3'014 arcs.
[Symmetry] Symmetry computation done. time: 8.3342e-05 dtime: 0.00013837
  1.54e-05s  0.00e+00d  [DetectDuplicateConstraintsWithDifferentEnforcements]
  1.25e-03s  1.93e-04d  [Probe] #probed=48
  2.30e-06s  0.00e+00d  [MaxClique]
  1.39e-04s  0.00e+00d  [DetectDominanceRelations]
  1.05e-03s  0.00e+00d  [PresolveToFixPoint] #num_loops=1 #num_dual_strengthening=1
  5.12e-04s  0.00e+00d  [ProcessAtMostOneAndLinear]
  1.47e-05s  0.00e+00d  [DetectDuplicateConstraints]
  1.39e-05s  0.00e+00d  [DetectDuplicateConstraintsWithDifferentEnforcements]
  1.34e-04s  2.16e-05d  [DetectDominatedLinearConstraints] #relevant_constraints=287
  2.40e-05s  0.00e+00d  [DetectDifferentVariables]
  4.33e-05s  0.00e+00d  [ProcessSetPPC] #relevant_constraints=30
  1.98e-05s  0.00e+00d  [TransformClausesToExactlyOne]
  2.25e-06s  0.00e+00d  [DetectEncodedComplexDomains]
  1.09e-05s  3.10e-07d  [FindAlmostIdenticalLinearConstraints] #num_tested_pairs=20
  6.91e-07s  0.00e+00d  [FindBigAtMostOneAndLinearOverlap]
  1.02e-03s  3.41e-04d  [FindBigVerticalLinearOverlap] #blocks=3 #saved_nz=139
  3.54e-05s  1.36e-05d  [FindBigHorizontalLinearOverlap] #linears=256
  2.26e-06s  0.00e+00d  [MergeClauses]
  1.30e-04s  0.00e+00d  [DetectDominanceRelations]
  1.35e-03s  0.00e+00d  [PresolveToFixPoint] #num_loops=2 #num_dual_strengthening=1
  1.27e-04s  0.00e+00d  [DetectDominanceRelations]
  1.01e-03s  0.00e+00d  [PresolveToFixPoint] #num_loops=1 #num_dual_strengthening=1
  8.03e-05s  0.00e+00d  [DetectDuplicateColumns]
  1.97e-05s  0.00e+00d  [DetectDuplicateConstraints]
[Symmetry] Graph for symmetry has 397 nodes and 2'875 arcs.
[Symmetry] Symmetry computation done. time: 8.0392e-05 dtime: 0.00013395
  1.56e-05s  0.00e+00d  [DetectDuplicateConstraintsWithDifferentEnforcements]
  1.16e-03s  1.86e-04d  [Probe] #probed=48
  2.22e-06s  0.00e+00d  [MaxClique]
  1.35e-04s  0.00e+00d  [DetectDominanceRelations]
  1.02e-03s  0.00e+00d  [PresolveToFixPoint] #num_loops=1 #num_dual_strengthening=1
  4.46e-04s  0.00e+00d  [ProcessAtMostOneAndLinear]
  1.51e-05s  0.00e+00d  [DetectDuplicateConstraints]
  1.38e-05s  0.00e+00d  [DetectDuplicateConstraintsWithDifferentEnforcements]
  1.29e-04s  2.06e-05d  [DetectDominatedLinearConstraints] #relevant_constraints=289
  2.39e-05s  0.00e+00d  [DetectDifferentVariables]
  4.12e-05s  0.00e+00d  [ProcessSetPPC] #relevant_constraints=6
  1.75e-05s  0.00e+00d  [TransformClausesToExactlyOne]
  2.27e-06s  0.00e+00d  [DetectEncodedComplexDomains]
  1.08e-05s  3.35e-07d  [FindAlmostIdenticalLinearConstraints] #num_tested_pairs=21
  7.05e-07s  0.00e+00d  [FindBigAtMostOneAndLinearOverlap]
  9.20e-04s  3.01e-04d  [FindBigVerticalLinearOverlap] #blocks=3 #saved_nz=107
  3.39e-05s  1.30e-05d  [FindBigHorizontalLinearOverlap] #linears=256
  2.53e-06s  0.00e+00d  [MergeClauses]
  1.25e-04s  0.00e+00d  [DetectDominanceRelations]
  1.26e-03s  0.00e+00d  [PresolveToFixPoint] #num_loops=2 #num_dual_strengthening=1
  1.93e-06s  0.00e+00d  [MergeNoOverlap]
  1.68e-06s  0.00e+00d  [MergeNoOverlap2D]

Presolve summary:
  - 0 affine relations were detected.
  - rule 'duplicate: merged rhs of linear constraint' was applied 256 times.
  - rule 'duplicate: removed constraint' was applied 256 times.
  - rule 'linear matrix: common vertical rectangle' was applied 39 times.
  - rule 'linear1: x in domain' was applied 1 time.
  - rule 'linear: divide by GCD' was applied 512 times.
  - rule 'linear: variable substitution 2' was applied 3 times.
  - rule 'linear: variable substitution 3' was applied 1 time.
  - rule 'presolve: 2 unused variables removed.' was applied 1 time.
  - rule 'presolve: iteration' was applied 3 times.

Presolved satisfaction model '': (model_fingerprint: 0x341e73b97492461a)
#Variables: 59 (41 primary variables)
  - 24 Booleans in [0,1]
  - 5 in [-2,1]
  - 8 in [-1,1]
  - 8 in [-1,2]
  - 8 in [0,2]
  - 6 in [0,3]
#kLinear3: 26
#kLinearN: 265 (#terms: 2'644)
[Symmetry] Graph for symmetry has 398 nodes and 2'770 arcs.
[Symmetry] Symmetry computation done. time: 8.099e-05 dtime: 0.0001306

Preloading model.
#Model   0.07s var:59/59 constraints:291/291

Starting search at 0.07s with 4 workers.
3 full problem subsolvers: [default_lp, max_lp, no_lp]
1 first solution subsolver: [fj]
2 interleaved subsolvers: [feasibility_pump, rins/rens]
2 helper subsolvers: [neighborhood_helper, synchronization_agent]

#1       0.08s default_lp

Task timing                   n [     min,      max]      avg      dev     time         n [     min,      max]      avg      dev    dtime
        'default_lp':         1 [  7.52ms,   7.52ms]   7.52ms   0.00ns   7.52ms         1 [  1.64ms,   1.64ms]   1.64ms   0.00ns   1.64ms
  'feasibility_pump':         1 [  2.88ms,   2.88ms]   2.88ms   0.00ns   2.88ms         0 [  0.00ns,   0.00ns]   0.00ns   0.00ns   0.00ns
                'fj':         1 [  4.64ms,   4.64ms]   4.64ms   0.00ns   4.64ms         1 [  4.89ms,   4.89ms]   4.89ms   0.00ns   4.89ms
            'max_lp':         1 [  8.06ms,   8.06ms]   8.06ms   0.00ns   8.06ms         1 [  1.04ms,   1.04ms]   1.04ms   0.00ns   1.04ms
             'no_lp':         1 [  7.69ms,   7.69ms]   7.69ms   0.00ns   7.69ms         2 [179.44us, 815.53us] 497.48us 318.05us 994.97us
         'rins/rens':         0 [  0.00ns,   0.00ns]   0.00ns   0.00ns   0.00ns         0 [  0.00ns,   0.00ns]   0.00ns   0.00ns   0.00ns

Search stats     Bools  Conflicts  Branches  Restarts  BacktrackToRoot  Backtrack  BoolPropag  IntegerPropag
  'default_lp':     24          0       117         0               96         96           3            567
      'max_lp':     24          0        48         0               48         48           0            226
       'no_lp':     24         65       192         1               97        162         119          1'619

SAT formula      Fixed  Equiv  Total  VarLeft  BinaryClauses  PermanentClauses  TemporaryClauses
  'default_lp':      0      0     24       24              0                 0                 0
      'max_lp':      0      0     24       24              0                 0                 0
       'no_lp':      0      0     24       24              0                 0                16

SAT stats        ClassicMinim  LitRemoved  LitRemovedBinary  LitLearned  LitForgotten  Subsumed
  'default_lp':             0           0                 0           0             0         0
      'max_lp':             0           0                 0           0             0         0
       'no_lp':            44          87                 0         986             0        49

Vivification     Clauses  Decisions  LitTrue  Subsumed  LitRemoved  DecisionReused  Conflicts
  'default_lp':        0          0        0         0           0               0          0
      'max_lp':        0          0        0         0           0               0          0
       'no_lp':        0          0        0         0           0               0          0

Clause deletion    at_true  l_and_not(l)  to_binary  sub_conflict  sub_extra  sub_decisions  sub_eager  sub_vivify  sub_probing  sub_inpro  blocked  eliminated  forgotten  promoted  conflicts
    'default_lp':        0             0          0             0          0              0          0           0            0          0        0           0          0         0          0
        'max_lp':        0             0          0             0          0              0          0           0            0          0        0           0          0         0          0
         'no_lp':        0             0          0            47          0              0          2           0            0          0        0           0          0       123         65

Lp stats         Component  Iterations  AddedCuts  OPTIMAL  DUAL_F.  DUAL_U.
  'default_lp':          1         105         12       15        0        0
      'max_lp':          1          24          1        1        0        0

Lp dimension     Final dimension of first component
  'default_lp':   101 rows, 59 columns, 689 entries
      'max_lp':  292 rows, 59 columns, 2737 entries

Lp debug         CutPropag  CutEqPropag  Adjust  Overflow  Bad  BadScaling
  'default_lp':          0            0       0         0    0           0
      'max_lp':          0            0       0         0   54           0

Lp pool          Constraints  Updates  Simplif  Merged  Shortened  Split  Strengthened  Cuts/Call
  'default_lp':          303        0        0       0          0      0             0      12/12
      'max_lp':          292        0        0       0          0      0             0        1/1

Lp Cut       default_lp  max_lp
        IB:          12       -
  MIR_2_RB:           -       1

LNS stats       Improv/Calls  Closed  Difficulty  TimeLimit
  'rins/rens':           0/0      0%    5.00e-01       0.10

LS stats         Batches  Restarts/Perturbs  LinMoves  GenMoves  CompoundMoves  Bactracks  WeightUpdates  ScoreComputed
  'fj_restart':        1                  1       192         0              0          0             61          4'807

Solutions (1)    Num   Rank
  'default_lp':    1  [0,0]

Solution repositories    Added  Queried  Synchro
    'alternative_path':      0        0        0
      'best_solutions':      1        0        1
   'fj solution hints':      0        0        0
        'lp solutions':      0        0        0
                'pump':      0        0

Clauses shared    #Exported  #Imported  #BinaryRead  #BinaryTotal
   'default_lp':          0          0            0             0
       'max_lp':          0          0            0             0
        'no_lp':          0          0            0             0

LRAT_status: NA
CpSolverResponse summary:
status: OPTIMAL
objective: NA
best_bound: NA
integers: 59
booleans: 24
conflicts: 0
branches: 117
propagations: 3
integer_propagations: 567
restarts: 0
lp_iterations: 105
walltime: 0.0841984
usertime: 0.0841985
deterministic_time: 0.0136935
gap_integral: 0
solution_fingerprint: 0xd65efad80f14be5a

status=OPTIMAL objective=0.0 bound=0.0 branches=117 wall=0.084198s
verified bridge 5+5: parent_M=13 two_thirds_defect=+0.489090614099 hash=ca0a6b950df3e678f492d0a6534480bbf092a734f921f4d97f780602c27baafb
wrote computations/results/bridge_grid_5_5_sign-1_cap13.json
