
Starting CP-SAT solver v9.15.6755
Parameters: max_time_in_seconds: 900 log_search_progress: true num_search_workers: 1 log_to_stdout: true

Initial satisfaction model '': (model_fingerprint: 0x4254079b109af206)
#Variables: 43 (42 primary variables)
  - 42 Booleans in [0,1]
  - 1 constants in {18}
#kLinear1: 1
#kLinearN: 4'096 (#terms: 176'128)

Starting presolve at 0.05s
  1.27e-02s  0.00e+00d  [DetectDominanceRelations]
  1.57e-01s  0.00e+00d  [PresolveToFixPoint] #num_loops=2 #num_dual_strengthening=1
  1.64e-04s  0.00e+00d  [ExtractEncodingFromLinear]
  1.18e-02s  0.00e+00d  [DetectDuplicateColumns]
  1.84e-02s  0.00e+00d  [DetectDuplicateConstraints] #duplicates=2'048
[Symmetry] Graph for symmetry has 2'131 nodes and 84'008 arcs.
[Symmetry] Symmetry computation done. time: 0.0269665 dtime: 0.0382008
[Symmetry] #generators: 3, average support size: 26.6667
[Symmetry] 7 orbits on 39 variables with sizes: 10,10,5,5,5,2,2
[Symmetry] Found orbitope of size 14 x 2
  6.35e-04s  0.00e+00d  [DetectDuplicateConstraintsWithDifferentEnforcements]
  2.70e-02s  4.21e-03d  [Probe] #probed=82
  4.67e-05s  0.00e+00d  [MaxClique]
  5.04e-03s  0.00e+00d  [DetectDominanceRelations]
  4.23e-02s  0.00e+00d  [PresolveToFixPoint] #num_loops=1 #num_dual_strengthening=1
  2.06e-02s  0.00e+00d  [ProcessAtMostOneAndLinear]
  5.27e-04s  0.00e+00d  [DetectDuplicateConstraints]
  5.44e-04s  0.00e+00d  [DetectDuplicateConstraintsWithDifferentEnforcements]
  2.54e+00s  1.00e-01d  [DetectDominatedLinearConstraints] #relevant_constraints=2'048 #num_inclusions=805'176 #num_redundant=36
  5.93e-04s  0.00e+00d  [DetectDifferentVariables]
  1.97e-03s  0.00e+00d  [ProcessSetPPC] #relevant_constraints=2'012
  1.30e-04s  0.00e+00d  [TransformClausesToExactlyOne]
  9.60e-05s  0.00e+00d  [DetectEncodedComplexDomains]
  1.19e-04s  0.00e+00d  [FindAlmostIdenticalLinearConstraints]
  2.88e-06s  0.00e+00d  [FindBigAtMostOneAndLinearOverlap]
  2.16e-01s  2.87e-02d  [FindBigVerticalLinearOverlap] #blocks=107 #saved_nz=49'965
  8.34e-04s  1.61e-04d  [FindBigHorizontalLinearOverlap] #linears=2'012
  7.47e-05s  0.00e+00d  [MergeClauses]
  2.45e-03s  0.00e+00d  [DetectDominanceRelations]
  3.71e-02s  0.00e+00d  [PresolveToFixPoint] #num_loops=2 #num_dual_strengthening=1
  2.45e-03s  0.00e+00d  [DetectDominanceRelations]
  2.05e-02s  0.00e+00d  [PresolveToFixPoint] #num_loops=1 #num_dual_strengthening=1
  1.09e-03s  0.00e+00d  [DetectDuplicateColumns]
  5.12e-04s  0.00e+00d  [DetectDuplicateConstraints]
[Symmetry] Graph for symmetry has 2'395 nodes and 32'653 arcs.
[Symmetry] Symmetry computation done. time: 0.0011169 dtime: 0.0012282
  5.04e-04s  0.00e+00d  [DetectDuplicateConstraintsWithDifferentEnforcements]
  2.84e-02s  3.14e-03d  [Probe] #probed=82
  5.79e-05s  0.00e+00d  [MaxClique]
  2.43e-03s  0.00e+00d  [DetectDominanceRelations]
  2.19e-02s  0.00e+00d  [PresolveToFixPoint] #num_loops=1 #num_dual_strengthening=1
  8.28e-03s  0.00e+00d  [ProcessAtMostOneAndLinear]
  5.17e-04s  0.00e+00d  [DetectDuplicateConstraints]
  5.05e-04s  0.00e+00d  [DetectDuplicateConstraintsWithDifferentEnforcements]
  3.05e-03s  4.56e-04d  [DetectDominatedLinearConstraints] #relevant_constraints=2'118
  5.30e-04s  0.00e+00d  [DetectDifferentVariables]
  7.03e-04s  0.00e+00d  [ProcessSetPPC] #relevant_constraints=2
  1.60e-04s  0.00e+00d  [TransformClausesToExactlyOne]
  1.03e-04s  0.00e+00d  [DetectEncodedComplexDomains]
  1.74e-04s  1.42e-06d  [FindAlmostIdenticalLinearConstraints] #num_tested_pairs=95
  2.93e-06s  0.00e+00d  [FindBigAtMostOneAndLinearOverlap]
  3.04e-02s  5.25e-03d  [FindBigVerticalLinearOverlap] #blocks=57 #saved_nz=4'224
  8.81e-04s  1.39e-04d  [FindBigHorizontalLinearOverlap] #linears=2'012
  7.34e-05s  0.00e+00d  [MergeClauses]
  2.41e-03s  0.00e+00d  [DetectDominanceRelations]
  3.15e-02s  0.00e+00d  [PresolveToFixPoint] #num_loops=2 #num_dual_strengthening=1
  2.23e-03s  0.00e+00d  [DetectDominanceRelations]
  1.87e-02s  0.00e+00d  [PresolveToFixPoint] #num_loops=1 #num_dual_strengthening=1
  1.16e-03s  0.00e+00d  [DetectDuplicateColumns]
  5.99e-04s  0.00e+00d  [DetectDuplicateConstraints]
[Symmetry] Graph for symmetry has 2'566 nodes and 28'486 arcs.
[Symmetry] Symmetry computation done. time: 0.00111425 dtime: 0.00115557
  5.68e-04s  0.00e+00d  [DetectDuplicateConstraintsWithDifferentEnforcements]
  2.79e-02s  2.83e-03d  [Probe] #probed=82
  6.16e-05s  0.00e+00d  [MaxClique]
  2.15e-03s  0.00e+00d  [DetectDominanceRelations]
  1.86e-02s  0.00e+00d  [PresolveToFixPoint] #num_loops=1 #num_dual_strengthening=1
  7.06e-03s  0.00e+00d  [ProcessAtMostOneAndLinear]
  4.95e-04s  0.00e+00d  [DetectDuplicateConstraints]
  4.05e-04s  0.00e+00d  [DetectDuplicateConstraintsWithDifferentEnforcements]
  2.68e-03s  2.98e-04d  [DetectDominatedLinearConstraints] #relevant_constraints=2'175
  4.99e-04s  0.00e+00d  [DetectDifferentVariables]
  6.08e-04s  0.00e+00d  [ProcessSetPPC] #relevant_constraints=2
  1.47e-04s  0.00e+00d  [TransformClausesToExactlyOne]
  7.24e-05s  0.00e+00d  [DetectEncodedComplexDomains]
  1.84e-04s  4.07e-06d  [FindAlmostIdenticalLinearConstraints] #num_tested_pairs=271
  2.55e-06s  0.00e+00d  [FindBigAtMostOneAndLinearOverlap]
  2.32e-02s  4.00e-03d  [FindBigVerticalLinearOverlap] #blocks=32 #saved_nz=1'832
  8.29e-04s  1.29e-04d  [FindBigHorizontalLinearOverlap] #linears=2'012
  7.95e-05s  0.00e+00d  [MergeClauses]
  2.12e-03s  0.00e+00d  [DetectDominanceRelations]
  2.65e-02s  0.00e+00d  [PresolveToFixPoint] #num_loops=2 #num_dual_strengthening=1
  5.05e-05s  0.00e+00d  [MergeNoOverlap]
  6.54e-05s  0.00e+00d  [MergeNoOverlap2D]

Presolve summary:
  - 0 affine relations were detected.
  - rule 'duplicate: merged rhs of linear constraint' was applied 2'048 times.
  - rule 'duplicate: removed constraint' was applied 2'048 times.
  - rule 'linear inclusion: redundant containing constraint' was applied 15 times.
  - rule 'linear inclusion: redundant included constraint' was applied 21 times.
  - rule 'linear matrix: common vertical rectangle' was applied 196 times.
  - rule 'linear1: x in domain' was applied 1 time.
  - rule 'linear: divide by GCD' was applied 4'096 times.
  - rule 'linear: variable substitution 2' was applied 1 time.
  - rule 'presolve: 2 unused variables removed.' was applied 1 time.
  - rule 'presolve: iteration' was applied 3 times.

Presolved satisfaction model '': (model_fingerprint: 0x400daedc488e2ae2)
#Variables: 236 (138 primary variables)
  - 41 Booleans in [0,1]
  - 1 in [-5,1]
  - 14 in [-4,2]
  - 13 in [-3,1]
  - 3 in [-3,2]
  - 9 in [-3,3]
  - 28 in [-2,2]
  - 4 in [-2,3]
  - 13 in [-2,4]
  - 1 in [-2,6]
  - 20 in [-1,1]
  - 4 in [-1,2]
  - 37 in [-1,3]
  - 1 in [-1,4]
  - 11 in [-1,5]
  - 19 in [0,2]
  - 2 in [0,3]
  - 11 in [0,4]
  - 2 in [0,5]
  - 2 in [0,6]
#kLinear3: 193
#kLinearN: 2'014 (#terms: 25'891)
[Symmetry] Graph for symmetry has 2'659 nodes and 26'686 arcs.
[Symmetry] Symmetry computation done. time: 0.00104855 dtime: 0.00111934

Preloading model.

Starting search at 3.55s with 1 workers.
1 full problem subsolver: [main]

[Precedences] num_relations=0 num_clauses=0
[Probing] deterministic_time: 0.00264198 (limit: 1) wall_time: 0.0210224 (41/41)
[LinearRelaxationBeforeCliqueExpansion] #linear:2207 #at_most_ones:0
[FinalLinearRelaxation] #linear:2207 #cut_generators:0
Initial num_bool: 41

Starting subsolver 'main' hint search at 3.68s
Starting subsolver 'main' search at 3.68s
#Done  196.09s main

Task timing           n [     min,      max]      avg      dev     time         n [     min,      max]      avg      dev    dtime
      'main':         1 [   3.21m,    3.21m]    3.21m   0.00ns    3.21m         1 [   1.34m,    1.34m]    1.34m   0.00ns    1.34m

Search stats    Bools  Conflicts  Branches  Restarts  BacktrackToRoot  Backtrack  BoolPropag  IntegerPropag
       'main':     41     15'128    71'087        94           14'387     32'583      43'094      2'231'987

SAT formula    Fixed  Equiv  Total  VarLeft  BinaryClauses  PermanentClauses  TemporaryClauses
      'main':     14      0     41       27              0                 0                 0

SAT stats    ClassicMinim  LitRemoved  LitRemovedBinary  LitLearned  LitForgotten  Subsumed
    'main':        12'855      45'382             2'764     128'354         1'760    11'609

Vivification    Clauses  Decisions  LitTrue  Subsumed  LitRemoved  DecisionReused  Conflicts
       'main':    9'577     46'181        0       153       1'117           6'983          5

Clause deletion    at_true  l_and_not(l)  to_binary  sub_conflict  sub_extra  sub_decisions  sub_eager  sub_vivify  sub_probing  sub_inpro  blocked  eliminated  forgotten  promoted  conflicts
          'main':      616             0          3        11'121         38            622        488         153           17      1'821        0           0        181    28'118     15'128

Lp stats    Component  Iterations  AddedCuts  OPTIMAL  DUAL_F.  DUAL_U.
   'main':          1     759'571      5'812   24'180        0   14'333

Lp dimension      Final dimension of first component
       'main':  645 rows, 236 columns, 14335 entries

Lp debug    CutPropag  CutEqPropag  Adjust  Overflow     Bad  BadScaling
   'main':          0           54  14'321         0  47'936           0

Lp pool    Constraints  Updates  Simplif  Merged  Shortened  Split  Strengthened    Cuts/Call
  'main':        8'019    2'660   34'337       0     34'060    857             0  5'812/6'230

Lp Cut         main
      CG_FF:  1'036
       CG_K:  1'144
       CG_R:  1'252
      CG_RB:  1'275
     CG_RBP:    972
         IB:    120
   MIR_2_KL:      1
   MIR_2_RB:      3
  MIR_2_RBP:      1
    MIR_3_R:      1
   MIR_3_RB:      1
    MIR_4_R:      2
   MIR_4_RB:      1
    MIR_5_R:      1
   MIR_5_RB:      1
   MIR_6_RB:      1

Solution repositories    Added  Queried  Synchro
    'alternative_path':      0        0        0
      'best_solutions':      0        0        0
   'fj solution hints':      0        0        0

LRAT_status: NA
CpSolverResponse summary:
status: INFEASIBLE
objective: NA
best_bound: NA
integers: 236
booleans: 41
conflicts: 15128
branches: 71087
propagations: 43094
integer_propagations: 2231987
restarts: 94
lp_iterations: 759571
walltime: 196.09
usertime: 196.09
deterministic_time: 80.3275
gap_integral: 0

status=INFEASIBLE objective=0.0 bound=0.0 branches=71087 wall=196.089541s
wrote computations/results/bridge_6_7_sign1_cap18.json
