
Starting CP-SAT solver v9.15.6755
Parameters: max_time_in_seconds: 300 log_search_progress: true num_search_workers: 4 log_to_stdout: true

Initial satisfaction model '': (model_fingerprint: 0x2bdce90822458149)
#Variables: 16 (15 primary variables)
  - 15 Booleans in [0,1]
  - 1 constants in {10}
#kLinear1: 1
#kLinearN: 128 (#terms: 2'048)

Starting presolve at 0.00s
  1.06e-04s  0.00e+00d  [DetectDominanceRelations]
  1.14e-03s  0.00e+00d  [PresolveToFixPoint] #num_loops=2 #num_dual_strengthening=1
  2.02e-06s  0.00e+00d  [ExtractEncodingFromLinear]
  7.90e-05s  0.00e+00d  [DetectDuplicateColumns]
  3.78e-05s  0.00e+00d  [DetectDuplicateConstraints] #duplicates=64
[Symmetry] Graph for symmetry has 93 nodes and 909 arcs.
[Symmetry] Symmetry computation done. time: 8.3036e-05 dtime: 0.00010318
[Symmetry] #generators: 1, average support size: 10
[Symmetry] 5 orbits on 10 variables with sizes: 2,2,2,2,2
  9.80e-06s  0.00e+00d  [DetectDuplicateConstraintsWithDifferentEnforcements]
  3.58e-04s  4.71e-05d  [Probe] #probed=28
  2.93e-06s  0.00e+00d  [MaxClique]
  4.25e-05s  0.00e+00d  [DetectDominanceRelations]
  3.05e-04s  0.00e+00d  [PresolveToFixPoint] #num_loops=1 #num_dual_strengthening=1
  1.41e-04s  0.00e+00d  [ProcessAtMostOneAndLinear]
  1.57e-05s  0.00e+00d  [DetectDuplicateConstraints]
  4.49e-06s  0.00e+00d  [DetectDuplicateConstraintsWithDifferentEnforcements]
  1.40e-03s  7.96e-05d  [DetectDominatedLinearConstraints] #relevant_constraints=64 #num_inclusions=1'789 #num_redundant=4
  6.46e-06s  0.00e+00d  [DetectDifferentVariables]
  1.56e-05s  0.00e+00d  [ProcessSetPPC] #relevant_constraints=60
  1.43e-05s  0.00e+00d  [TransformClausesToExactlyOne]
  1.50e-06s  0.00e+00d  [DetectEncodedComplexDomains]
  1.28e-06s  0.00e+00d  [FindAlmostIdenticalLinearConstraints]
  6.96e-07s  0.00e+00d  [FindBigAtMostOneAndLinearOverlap]
  3.04e-04s  1.22e-04d  [FindBigVerticalLinearOverlap]
  9.39e-06s  4.20e-06d  [FindBigHorizontalLinearOverlap] #linears=60
  1.36e-06s  0.00e+00d  [MergeClauses]
  4.02e-05s  0.00e+00d  [DetectDominanceRelations]
  2.87e-04s  0.00e+00d  [PresolveToFixPoint] #num_loops=1 #num_dual_strengthening=1
  3.82e-05s  0.00e+00d  [DetectDominanceRelations]
  2.79e-04s  0.00e+00d  [PresolveToFixPoint] #num_loops=1 #num_dual_strengthening=1
  2.10e-05s  0.00e+00d  [DetectDuplicateColumns]
  4.92e-06s  0.00e+00d  [DetectDuplicateConstraints]
[Symmetry] Graph for symmetry has 89 nodes and 853 arcs.
[Symmetry] Symmetry computation done. time: 6.953e-05 dtime: 9.881e-05
[Symmetry] #generators: 1, average support size: 10
[Symmetry] 5 orbits on 10 variables with sizes: 2,2,2,2,2
  6.39e-06s  0.00e+00d  [DetectDuplicateConstraintsWithDifferentEnforcements]
  2.56e-04s  4.43e-05d  [Probe] #probed=28
  1.36e-06s  0.00e+00d  [MaxClique]
  4.01e-05s  0.00e+00d  [DetectDominanceRelations]
  2.87e-04s  0.00e+00d  [PresolveToFixPoint] #num_loops=1 #num_dual_strengthening=1
  1.25e-04s  0.00e+00d  [ProcessAtMostOneAndLinear]
  1.56e-05s  0.00e+00d  [DetectDuplicateConstraints]
  4.27e-06s  0.00e+00d  [DetectDuplicateConstraintsWithDifferentEnforcements]
  1.36e-03s  7.86e-05d  [DetectDominatedLinearConstraints] #relevant_constraints=60 #num_inclusions=1'770
  5.68e-06s  0.00e+00d  [DetectDifferentVariables]
  1.47e-05s  0.00e+00d  [ProcessSetPPC] #relevant_constraints=60
  1.33e-05s  0.00e+00d  [TransformClausesToExactlyOne]
  9.98e-07s  0.00e+00d  [DetectEncodedComplexDomains]
  1.11e-06s  0.00e+00d  [FindAlmostIdenticalLinearConstraints]
  5.29e-07s  0.00e+00d  [FindBigAtMostOneAndLinearOverlap]
  3.00e-04s  1.22e-04d  [FindBigVerticalLinearOverlap]
  8.76e-06s  4.20e-06d  [FindBigHorizontalLinearOverlap] #linears=60
  8.91e-07s  0.00e+00d  [MergeClauses]
  4.00e-05s  0.00e+00d  [DetectDominanceRelations]
  2.85e-04s  0.00e+00d  [PresolveToFixPoint] #num_loops=1 #num_dual_strengthening=1
  1.14e-06s  0.00e+00d  [MergeNoOverlap]
  8.52e-07s  0.00e+00d  [MergeNoOverlap2D]

Presolve summary:
  - 0 affine relations were detected.
  - rule 'duplicate: merged rhs of linear constraint' was applied 64 times.
  - rule 'duplicate: removed constraint' was applied 64 times.
  - rule 'linear inclusion: redundant containing constraint' was applied 4 times.
  - rule 'linear1: x in domain' was applied 1 time.
  - rule 'linear: divide by GCD' was applied 128 times.
  - rule 'presolve: 2 unused variables removed.' was applied 1 time.
  - rule 'presolve: iteration' was applied 2 times.

Presolved satisfaction model '': (model_fingerprint: 0x46bb2afab9bca246)
#Variables: 14 (14 primary variables)
  - 14 Booleans in [0,1]
#kLinearN: 60 (#terms: 840)
[Symmetry] Graph for symmetry has 87 nodes and 853 arcs.
[Symmetry] Symmetry computation done. time: 6.5521e-05 dtime: 9.869e-05
[Symmetry] #generators: 1, average support size: 10
[Symmetry] 5 orbits on 10 variables with sizes: 2,2,2,2,2

Preloading model.
#Model   0.01s var:14/14 constraints:60/60

Starting search at 0.01s with 4 workers.
3 full problem subsolvers: [default_lp, max_lp_sym, no_lp]
1 first solution subsolver: [fj]
2 interleaved subsolvers: [feasibility_pump, rins/rens]
2 helper subsolvers: [neighborhood_helper, synchronization_agent]

#1       0.01s no_lp

Task timing                   n [     min,      max]      avg      dev     time         n [     min,      max]      avg      dev    dtime
        'default_lp':         1 [  3.31ms,   3.31ms]   3.31ms   0.00ns   3.31ms         2 [ 40.72us, 233.38us] 137.05us  96.33us 274.10us
  'feasibility_pump':         1 [  3.02ms,   3.02ms]   3.02ms   0.00ns   3.02ms         0 [  0.00ns,   0.00ns]   0.00ns   0.00ns   0.00ns
                'fj':         0 [  0.00ns,   0.00ns]   0.00ns   0.00ns   0.00ns         0 [  0.00ns,   0.00ns]   0.00ns   0.00ns   0.00ns
        'max_lp_sym':         1 [  2.87ms,   2.87ms]   2.87ms   0.00ns   2.87ms         1 [ 69.03us,  69.03us]  69.03us   0.00ns  69.03us
             'no_lp':         1 [  3.20ms,   3.20ms]   3.20ms   0.00ns   3.20ms         1 [853.50us, 853.50us] 853.50us   0.00ns 853.50us
         'rins/rens':         0 [  0.00ns,   0.00ns]   0.00ns   0.00ns   0.00ns         0 [  0.00ns,   0.00ns]   0.00ns   0.00ns   0.00ns

Search stats     Bools  Conflicts  Branches  Restarts  BacktrackToRoot  Backtrack  BoolPropag  IntegerPropag
  'default_lp':     14         11        75         0               56         67          30             80
  'max_lp_sym':     14          0        28         0               28         28           0             28
       'no_lp':     14        122       328         2              124        248         508            348

SAT formula      Fixed  Equiv  Total  VarLeft  BinaryClauses  PermanentClauses  TemporaryClauses
  'default_lp':      0      0     14       14              0                 1                 5
  'max_lp_sym':      0      0     14       14              0                 0                 0
       'no_lp':      0      0     14       14              0                 4                13

SAT stats        ClassicMinim  LitRemoved  LitRemovedBinary  LitLearned  LitForgotten  Subsumed
  'default_lp':             2           3                 0          90             0         5
  'max_lp_sym':             0           0                 0           0             0         0
       'no_lp':            92         176                 0         974             0       101

Vivification     Clauses  Decisions  LitTrue  Subsumed  LitRemoved  DecisionReused  Conflicts
  'default_lp':        0          0        0         0           0               0          0
  'max_lp_sym':        0          0        0         0           0               0          0
       'no_lp':       16         76        0         0           0              14          0

Clause deletion    at_true  l_and_not(l)  to_binary  sub_conflict  sub_extra  sub_decisions  sub_eager  sub_vivify  sub_probing  sub_inpro  blocked  eliminated  forgotten  promoted  conflicts
    'default_lp':        0             0          0             5          0              0          0           0            0          0        0           0          0        17         11
    'max_lp_sym':        0             0          0             0          0              0          0           0            0          0        0           0          0         0          0
         'no_lp':        0             0          0            96          0              2          5           0            0          2        0           0          0       224        122

Lp stats         Component  Iterations  AddedCuts  OPTIMAL  DUAL_F.  DUAL_U.
  'default_lp':          1          48          0       17        0        5
  'max_lp_sym':          1           7          5        2        0        0

Lp dimension     Final dimension of first component
  'default_lp':    19 rows, 14 columns, 266 entries
  'max_lp_sym':     41 rows, 9 columns, 318 entries

Lp debug         CutPropag  CutEqPropag  Adjust  Overflow  Bad  BadScaling
  'default_lp':          0            0       0         0    0           0
  'max_lp_sym':          0            0       0         0   21           0

Lp pool          Constraints  Updates  Simplif  Merged  Shortened  Split  Strengthened  Cuts/Call
  'default_lp':           60        0        0       0          0      0             0        0/0
  'max_lp_sym':           41        0        0       0          0      0             0       5/29

Lp Cut       max_lp_sym
     CG_FF:           3
      CG_K:           1
  MIR_2_FF:           1

LNS stats       Improv/Calls  Closed  Difficulty  TimeLimit
  'rins/rens':           0/0      0%    5.00e-01       0.10

Solutions (1)    Num   Rank
       'no_lp':    1  [0,0]

Solution repositories    Added  Queried  Synchro
    'alternative_path':      0        0        0
      'best_solutions':      1        0        1
   'fj solution hints':      0        0        0
        'lp solutions':      0        0        0
                'pump':      0        0

Clauses shared    #Exported  #Imported  #BinaryRead  #BinaryTotal
   'default_lp':          0          0            0             0
   'max_lp_sym':          0          0            0             0
        'no_lp':          0          0            0             0

LRAT_status: NA
CpSolverResponse summary:
status: OPTIMAL
objective: NA
best_bound: NA
integers: 19
booleans: 14
conflicts: 0
branches: 28
propagations: 0
integer_propagations: 28
restarts: 0
lp_iterations: 7
walltime: 0.0150355
usertime: 0.0150355
deterministic_time: 0.00169826
gap_integral: 0
solution_fingerprint: 0xe64e0351bdcb32c0

status=OPTIMAL objective=0.0 bound=0.0 branches=28 wall=0.015035s
verified bridge 3+5: parent_M=10 two_thirds_defect=+0.041662910771 hash=59c25e7759fbac32201789700318420d6ffd96d65a5749c365359513812202ef
wrote computations/results/bridge_grid_3_5_sign1_cap10.json
