
Starting CP-SAT solver v9.15.6755
Parameters: max_time_in_seconds: 300 log_search_progress: true num_search_workers: 4 log_to_stdout: true

Initial satisfaction model '': (model_fingerprint: 0xf0e4f088f6401a2d)
#Variables: 25 (24 primary variables)
  - 24 Booleans in [0,1]
  - 1 constants in {13}
#kLinear1: 1
#kLinearN: 512 (#terms: 12'800)

Starting presolve at 0.00s
  5.83e-04s  0.00e+00d  [DetectDominanceRelations]
  6.54e-03s  0.00e+00d  [PresolveToFixPoint] #num_loops=2 #num_dual_strengthening=1
  8.16e-06s  0.00e+00d  [ExtractEncodingFromLinear]
  5.31e-04s  0.00e+00d  [DetectDuplicateColumns]
  1.74e-04s  0.00e+00d  [DetectDuplicateConstraints] #duplicates=256
[Symmetry] Graph for symmetry has 303 nodes and 5'910 arcs.
[Symmetry] Symmetry computation done. time: 0.000533653 dtime: 0.00113108
[Symmetry] #generators: 2, average support size: 14
[Symmetry] 8 orbits on 20 variables with sizes: 4,4,2,2,2,2,2,2
  1.66e-05s  0.00e+00d  [DetectDuplicateConstraintsWithDifferentEnforcements]
  1.05e-03s  2.98e-04d  [Probe] #probed=46
  3.43e-06s  0.00e+00d  [MaxClique]
  2.20e-04s  0.00e+00d  [DetectDominanceRelations]
  1.71e-03s  0.00e+00d  [PresolveToFixPoint] #num_loops=1 #num_dual_strengthening=1
  8.01e-04s  0.00e+00d  [ProcessAtMostOneAndLinear]
  1.55e-05s  0.00e+00d  [DetectDuplicateConstraints]
  1.45e-05s  0.00e+00d  [DetectDuplicateConstraintsWithDifferentEnforcements]
  3.45e-02s  2.20e-03d  [DetectDominatedLinearConstraints] #relevant_constraints=256 #num_inclusions=31'199 #num_redundant=10
  2.92e-05s  0.00e+00d  [DetectDifferentVariables]
  7.30e-05s  0.00e+00d  [ProcessSetPPC] #relevant_constraints=246
  1.58e-05s  0.00e+00d  [TransformClausesToExactlyOne]
  2.75e-06s  0.00e+00d  [DetectEncodedComplexDomains]
  2.76e-06s  0.00e+00d  [FindAlmostIdenticalLinearConstraints]
  8.43e-07s  0.00e+00d  [FindBigAtMostOneAndLinearOverlap]
  4.01e-03s  1.15e-03d  [FindBigVerticalLinearOverlap] #blocks=25 #saved_nz=2'775
  3.39e-05s  1.40e-05d  [FindBigHorizontalLinearOverlap] #linears=246
  2.68e-06s  0.00e+00d  [MergeClauses]
  1.28e-04s  0.00e+00d  [DetectDominanceRelations]
  1.80e-03s  0.00e+00d  [PresolveToFixPoint] #num_loops=2 #num_dual_strengthening=1
  1.26e-04s  0.00e+00d  [DetectDominanceRelations]
  1.02e-03s  0.00e+00d  [PresolveToFixPoint] #num_loops=1 #num_dual_strengthening=1
  6.16e-05s  0.00e+00d  [DetectDuplicateColumns]
  1.39e-05s  0.00e+00d  [DetectDuplicateConstraints]
[Symmetry] Graph for symmetry has 357 nodes and 2'919 arcs.
[Symmetry] Symmetry computation done. time: 8.0151e-05 dtime: 0.00013651
  1.47e-05s  0.00e+00d  [DetectDuplicateConstraintsWithDifferentEnforcements]
  1.13e-03s  1.75e-04d  [Probe] #probed=46
  2.23e-06s  0.00e+00d  [MaxClique]
  1.31e-04s  0.00e+00d  [DetectDominanceRelations]
  1.00e-03s  0.00e+00d  [PresolveToFixPoint] #num_loops=1 #num_dual_strengthening=1
  3.88e-04s  0.00e+00d  [ProcessAtMostOneAndLinear]
  1.39e-05s  0.00e+00d  [DetectDuplicateConstraints]
  1.32e-05s  0.00e+00d  [DetectDuplicateConstraintsWithDifferentEnforcements]
  1.27e-04s  2.30e-05d  [DetectDominatedLinearConstraints] #relevant_constraints=271
  2.24e-05s  0.00e+00d  [DetectDifferentVariables]
  4.15e-05s  0.00e+00d  [ProcessSetPPC]
  2.48e-05s  0.00e+00d  [TransformClausesToExactlyOne]
  2.38e-06s  0.00e+00d  [DetectEncodedComplexDomains]
  9.77e-06s  2.10e-07d  [FindAlmostIdenticalLinearConstraints] #num_tested_pairs=14
  6.45e-07s  0.00e+00d  [FindBigAtMostOneAndLinearOverlap]
  9.27e-04s  3.37e-04d  [FindBigVerticalLinearOverlap]
  3.34e-05s  1.40e-05d  [FindBigHorizontalLinearOverlap] #linears=246
  2.12e-06s  0.00e+00d  [MergeClauses]
  1.28e-04s  0.00e+00d  [DetectDominanceRelations]
  9.97e-04s  0.00e+00d  [PresolveToFixPoint] #num_loops=1 #num_dual_strengthening=1
  1.76e-06s  0.00e+00d  [MergeNoOverlap]
  1.60e-06s  0.00e+00d  [MergeNoOverlap2D]

Presolve summary:
  - 0 affine relations were detected.
  - rule 'duplicate: merged rhs of linear constraint' was applied 256 times.
  - rule 'duplicate: removed constraint' was applied 256 times.
  - rule 'linear inclusion: redundant containing constraint' was applied 5 times.
  - rule 'linear inclusion: redundant included constraint' was applied 5 times.
  - rule 'linear matrix: common vertical rectangle' was applied 25 times.
  - rule 'linear1: x in domain' was applied 1 time.
  - rule 'linear: divide by GCD' was applied 512 times.
  - rule 'presolve: 2 unused variables removed.' was applied 1 time.
  - rule 'presolve: iteration' was applied 2 times.

Presolved satisfaction model '': (model_fingerprint: 0x153cf50db2f39748)
#Variables: 48 (33 primary variables)
  - 23 Booleans in [0,1]
  - 1 in [-2,1]
  - 11 in [-1,1]
  - 2 in [-1,2]
  - 11 in [0,2]
#kLinear3: 25
#kLinearN: 246 (#terms: 2'808)
[Symmetry] Graph for symmetry has 355 nodes and 2'919 arcs.
[Symmetry] Symmetry computation done. time: 0.000128772 dtime: 0.00013639

Preloading model.
#Model   0.06s var:48/48 constraints:271/271

Starting search at 0.06s with 4 workers.
3 full problem subsolvers: [default_lp, max_lp, no_lp]
1 first solution subsolver: [fj]
2 interleaved subsolvers: [feasibility_pump, rins/rens]
2 helper subsolvers: [neighborhood_helper, synchronization_agent]

#1       0.07s fj_restart(batch:1 lin{mvs:147 evals:1'878} #w_updates:39 #perturb:0)

Task timing                   n [     min,      max]      avg      dev     time         n [     min,      max]      avg      dev    dtime
        'default_lp':         1 [  7.14ms,   7.14ms]   7.14ms   0.00ns   7.14ms         2 [330.62us,   1.54ms] 934.57us 603.96us   1.87ms
  'feasibility_pump':         1 [  2.87ms,   2.87ms]   2.87ms   0.00ns   2.87ms         0 [  0.00ns,   0.00ns]   0.00ns   0.00ns   0.00ns
                'fj':         1 [  3.80ms,   3.80ms]   3.80ms   0.00ns   3.80ms         1 [  4.29ms,   4.29ms]   4.29ms   0.00ns   4.29ms
            'max_lp':         1 [  7.49ms,   7.49ms]   7.49ms   0.00ns   7.49ms         1 [968.94us, 968.94us] 968.94us   0.00ns 968.94us
             'no_lp':         1 [  7.00ms,   7.00ms]   7.00ms   0.00ns   7.00ms         2 [173.30us, 811.20us] 492.25us 318.95us 984.50us
         'rins/rens':         0 [  0.00ns,   0.00ns]   0.00ns   0.00ns   0.00ns         0 [  0.00ns,   0.00ns]   0.00ns   0.00ns   0.00ns

Search stats     Bools  Conflicts  Branches  Restarts  BacktrackToRoot  Backtrack  BoolPropag  IntegerPropag
  'default_lp':     23          1       105         0               92         93           1            350
      'max_lp':     23          0        46         0               46         46           0            152
       'no_lp':     23         61       177         1               93        152         109          1'163

SAT formula      Fixed  Equiv  Total  VarLeft  BinaryClauses  PermanentClauses  TemporaryClauses
  'default_lp':      0      0     23       23              0                 0                 1
      'max_lp':      0      0     23       23              0                 0                 0
       'no_lp':      0      0     23       23              0                 0                14

SAT stats        ClassicMinim  LitRemoved  LitRemovedBinary  LitLearned  LitForgotten  Subsumed
  'default_lp':             0           0                 0           9             0         0
      'max_lp':             0           0                 0           0             0         0
       'no_lp':            43          96                 0         769             0        44

Vivification     Clauses  Decisions  LitTrue  Subsumed  LitRemoved  DecisionReused  Conflicts
  'default_lp':        0          0        0         0           0               0          0
      'max_lp':        0          0        0         0           0               0          0
       'no_lp':        0          0        0         0           0               0          0

Clause deletion    at_true  l_and_not(l)  to_binary  sub_conflict  sub_extra  sub_decisions  sub_eager  sub_vivify  sub_probing  sub_inpro  blocked  eliminated  forgotten  promoted  conflicts
    'default_lp':        0             0          0             0          0              0          0           0            0          0        0           0          0         1          1
        'max_lp':        0             0          0             0          0              0          0           0            0          0        0           0          0         0          0
         'no_lp':        0             0          0            39          0              3          5           0            0          0        0           0          0       110         61

Lp stats         Component  Iterations  AddedCuts  OPTIMAL  DUAL_F.  DUAL_U.
  'default_lp':          1         115         12       16        0        1
      'max_lp':          1          21          2        1        0        0

Lp dimension     Final dimension of first component
  'default_lp':   106 rows, 48 columns, 888 entries
      'max_lp':  273 rows, 48 columns, 2904 entries

Lp debug         CutPropag  CutEqPropag  Adjust  Overflow  Bad  BadScaling
  'default_lp':          0            0       0         0    0           0
      'max_lp':          0            0       0         0   80           0

Lp pool          Constraints  Updates  Simplif  Merged  Shortened  Split  Strengthened  Cuts/Call
  'default_lp':          283        0        0       0          0      0             0      12/12
      'max_lp':          273        0        0       0          0      0             0        2/2

Lp Cut       default_lp  max_lp
        IB:          12       -
  MIR_2_RB:           -       2

LNS stats       Improv/Calls  Closed  Difficulty  TimeLimit
  'rins/rens':           0/0      0%    5.00e-01       0.10

LS stats         Batches  Restarts/Perturbs  LinMoves  GenMoves  CompoundMoves  Bactracks  WeightUpdates  ScoreComputed
  'fj_restart':        1                  1       147         0              0          0             39          3'139

Solutions (1)    Num   Rank
  'fj_restart':    1  [0,0]

Solution repositories    Added  Queried  Synchro
    'alternative_path':      0        0        0
      'best_solutions':      1        0        1
   'fj solution hints':      0        0        0
        'lp solutions':      0        0        0
                'pump':      0        0

Clauses shared    #Exported  #Imported  #BinaryRead  #BinaryTotal
   'default_lp':          0          0            0             0
       'max_lp':          0          0            0             0
        'no_lp':          0          0            0             0

LRAT_status: NA
CpSolverResponse summary:
status: OPTIMAL
objective: NA
best_bound: NA
integers: 48
booleans: 23
conflicts: 1
branches: 105
propagations: 1
integer_propagations: 350
restarts: 0
lp_iterations: 115
walltime: 0.0729522
usertime: 0.0729523
deterministic_time: 0.0123291
gap_integral: 0
solution_fingerprint: 0xc44e6dc8d7f1be82

status=OPTIMAL objective=0.0 bound=0.0 branches=105 wall=0.072952s
verified bridge 4+6: parent_M=13 two_thirds_defect=+0.084914975676 hash=72496a233061ed9d72ace32d4aa132398803eb45fe424c563e2545acfafef94c
wrote computations/results/bridge_grid_4_6_sign1_cap13.json
