
Starting CP-SAT solver v9.15.6755
Parameters: max_time_in_seconds: 300 log_search_progress: true num_search_workers: 4 log_to_stdout: true

Initial satisfaction model '': (model_fingerprint: 0x30f042df7c280558)
#Variables: 28 (27 primary variables)
  - 27 Booleans in [0,1]
  - 1 constants in {18}
#kLinear1: 1
#kLinearN: 2'048 (#terms: 57'344)

Starting presolve at 0.00s
  2.59e-03s  0.00e+00d  [DetectDominanceRelations]
  3.11e-02s  0.00e+00d  [PresolveToFixPoint] #num_loops=2 #num_dual_strengthening=1
  1.99e-05s  0.00e+00d  [ExtractEncodingFromLinear]
  2.42e-03s  0.00e+00d  [DetectDuplicateColumns]
  1.14e-03s  0.00e+00d  [DetectDuplicateConstraints] #duplicates=1'024
[Symmetry] Graph for symmetry has 1'077 nodes and 26'649 arcs.
[Symmetry] Symmetry computation done. time: 0.00130394 dtime: 0.00295525
[Symmetry] #generators: 1, average support size: 18
[Symmetry] 9 orbits on 18 variables with sizes: 2,2,2,2,2,2,2,2,2
  6.98e-05s  0.00e+00d  [DetectDuplicateConstraintsWithDifferentEnforcements]
  4.38e-03s  1.34e-03d  [Probe] #probed=52
  6.41e-06s  0.00e+00d  [MaxClique]
  9.78e-04s  0.00e+00d  [DetectDominanceRelations]
  7.81e-03s  0.00e+00d  [PresolveToFixPoint] #num_loops=1 #num_dual_strengthening=1
  3.61e-03s  0.00e+00d  [ProcessAtMostOneAndLinear]
  5.62e-05s  0.00e+00d  [DetectDuplicateConstraints]
  5.46e-05s  0.00e+00d  [DetectDuplicateConstraintsWithDifferentEnforcements]
  3.15e-01s  2.01e-02d  [DetectDominatedLinearConstraints] #relevant_constraints=1'024 #num_inclusions=253'956 #num_redundant=479
  7.54e-05s  0.00e+00d  [DetectDifferentVariables]
  1.88e-04s  0.00e+00d  [ProcessSetPPC] #relevant_constraints=545
  4.38e-05s  0.00e+00d  [TransformClausesToExactlyOne]
  1.03e-05s  0.00e+00d  [DetectEncodedComplexDomains]
  1.04e-05s  0.00e+00d  [FindAlmostIdenticalLinearConstraints]
  9.57e-07s  0.00e+00d  [FindBigAtMostOneAndLinearOverlap]
  1.16e-02s  3.17e-03d  [FindBigVerticalLinearOverlap] #blocks=56 #saved_nz=8'585
  8.64e-05s  2.71e-05d  [FindBigHorizontalLinearOverlap] #linears=545
  7.33e-06s  0.00e+00d  [MergeClauses]
  2.73e-04s  0.00e+00d  [DetectDominanceRelations]
  4.02e-03s  0.00e+00d  [PresolveToFixPoint] #num_loops=2 #num_dual_strengthening=1
  2.67e-04s  0.00e+00d  [DetectDominanceRelations]
  2.18e-03s  0.00e+00d  [PresolveToFixPoint] #num_loops=1 #num_dual_strengthening=1
  1.32e-04s  0.00e+00d  [DetectDuplicateColumns]
  3.72e-05s  0.00e+00d  [DetectDuplicateConstraints]
[Symmetry] Graph for symmetry has 754 nodes and 5'654 arcs.
[Symmetry] Symmetry computation done. time: 0.00015154 dtime: 0.00025457
  3.69e-05s  0.00e+00d  [DetectDuplicateConstraintsWithDifferentEnforcements]
  2.55e-03s  3.95e-04d  [Probe] #probed=52
  6.20e-06s  0.00e+00d  [MaxClique]
  2.67e-04s  0.00e+00d  [DetectDominanceRelations]
  2.20e-03s  0.00e+00d  [PresolveToFixPoint] #num_loops=1 #num_dual_strengthening=1
  4.60e-04s  0.00e+00d  [ProcessAtMostOneAndLinear]
  3.43e-05s  0.00e+00d  [DetectDuplicateConstraints]
  3.49e-05s  0.00e+00d  [DetectDuplicateConstraintsWithDifferentEnforcements]
  2.82e-04s  4.95e-05d  [DetectDominatedLinearConstraints] #relevant_constraints=601 #num_inclusions=3
  5.68e-05s  0.00e+00d  [DetectDifferentVariables]
  8.26e-05s  0.00e+00d  [ProcessSetPPC]
  2.47e-05s  0.00e+00d  [TransformClausesToExactlyOne]
  9.49e-06s  0.00e+00d  [DetectEncodedComplexDomains]
  2.26e-05s  6.00e-07d  [FindAlmostIdenticalLinearConstraints] #num_tested_pairs=40
  9.66e-07s  0.00e+00d  [FindBigAtMostOneAndLinearOverlap]
  1.82e-03s  5.74e-04d  [FindBigVerticalLinearOverlap] #blocks=6 #saved_nz=233
  8.30e-05s  2.58e-05d  [FindBigHorizontalLinearOverlap] #linears=545
  6.88e-06s  0.00e+00d  [MergeClauses]
  2.60e-04s  0.00e+00d  [DetectDominanceRelations]
  2.77e-03s  0.00e+00d  [PresolveToFixPoint] #num_loops=2 #num_dual_strengthening=1
  2.58e-04s  0.00e+00d  [DetectDominanceRelations]
  2.18e-03s  0.00e+00d  [PresolveToFixPoint] #num_loops=1 #num_dual_strengthening=1
  1.19e-04s  0.00e+00d  [DetectDuplicateColumns]
  3.40e-05s  0.00e+00d  [DetectDuplicateConstraints]
[Symmetry] Graph for symmetry has 772 nodes and 5'427 arcs.
[Symmetry] Symmetry computation done. time: 0.000143123 dtime: 0.00025246
  8.66e-05s  0.00e+00d  [DetectDuplicateConstraintsWithDifferentEnforcements]
  3.43e-03s  3.87e-04d  [Probe] #probed=52
  7.01e-06s  0.00e+00d  [MaxClique]
  2.67e-04s  0.00e+00d  [DetectDominanceRelations]
  2.30e-03s  0.00e+00d  [PresolveToFixPoint] #num_loops=1 #num_dual_strengthening=1
  4.50e-04s  0.00e+00d  [ProcessAtMostOneAndLinear]
  3.68e-05s  0.00e+00d  [DetectDuplicateConstraints]
  3.46e-05s  0.00e+00d  [DetectDuplicateConstraintsWithDifferentEnforcements]
  2.75e-04s  4.48e-05d  [DetectDominatedLinearConstraints] #relevant_constraints=607 #num_inclusions=3
  5.84e-05s  0.00e+00d  [DetectDifferentVariables]
  9.46e-05s  0.00e+00d  [ProcessSetPPC]
  3.39e-05s  0.00e+00d  [TransformClausesToExactlyOne]
  1.00e-05s  0.00e+00d  [DetectEncodedComplexDomains]
  4.90e-05s  5.70e-07d  [FindAlmostIdenticalLinearConstraints] #num_tested_pairs=38
  1.41e-06s  0.00e+00d  [FindBigAtMostOneAndLinearOverlap]
  1.73e-03s  5.20e-04d  [FindBigVerticalLinearOverlap] #blocks=3 #saved_nz=109
  1.13e-04s  2.52e-05d  [FindBigHorizontalLinearOverlap] #linears=545
  1.65e-05s  0.00e+00d  [MergeClauses]
  2.84e-04s  0.00e+00d  [DetectDominanceRelations]
  2.87e-03s  0.00e+00d  [PresolveToFixPoint] #num_loops=2 #num_dual_strengthening=1
  5.10e-06s  0.00e+00d  [MergeNoOverlap]
  5.10e-06s  0.00e+00d  [MergeNoOverlap2D]

Presolve summary:
  - 0 affine relations were detected.
  - rule 'duplicate: merged rhs of linear constraint' was applied 1'024 times.
  - rule 'duplicate: removed constraint' was applied 1'024 times.
  - rule 'linear inclusion: redundant containing constraint' was applied 243 times.
  - rule 'linear inclusion: redundant included constraint' was applied 236 times.
  - rule 'linear matrix: common vertical rectangle' was applied 65 times.
  - rule 'linear1: x in domain' was applied 1 time.
  - rule 'linear: divide by GCD' was applied 2'048 times.
  - rule 'presolve: 2 unused variables removed.' was applied 1 time.
  - rule 'presolve: iteration' was applied 3 times.

Presolved satisfaction model '': (model_fingerprint: 0xa6846d8919684d28)
#Variables: 91 (49 primary variables)
  - 26 Booleans in [0,1]
  - 4 in [-3,1]
  - 3 in [-3,3]
  - 14 in [-2,2]
  - 13 in [-1,1]
  - 13 in [-1,3]
  - 1 in [-1,5]
  - 13 in [0,2]
  - 4 in [0,4]
#kLinear3: 65
#kLinearN: 545 (#terms: 5'048)
[Symmetry] Graph for symmetry has 779 nodes and 5'321 arcs.
[Symmetry] Symmetry computation done. time: 0.000160728 dtime: 0.00025148

Preloading model.
#Model   0.42s var:91/91 constraints:610/610

Starting search at 0.42s with 4 workers.
3 full problem subsolvers: [default_lp, max_lp, no_lp]
1 first solution subsolver: [fj]
2 interleaved subsolvers: [feasibility_pump, rins/rens]
2 helper subsolvers: [neighborhood_helper, synchronization_agent]

#1       0.77s fj_restart_compound_perturb(batch:1 lin{mvs:0 evals:31'022} gen{mvs:2'853 evals:0} comp{mvs:495 btracks:1'179} #w_updates:12 #perturb:0)

Task timing                   n [     min,      max]      avg      dev     time         n [     min,      max]      avg      dev    dtime
        'default_lp':         1 [344.88ms, 344.88ms] 344.88ms   0.00ns 344.88ms         2 [  2.31ms, 178.79ms]  90.55ms  88.24ms 181.10ms
  'feasibility_pump':         3 [  1.11ms,   9.29ms]   4.42ms   3.51ms  13.27ms         2 [271.07us,   6.53ms]   3.40ms   3.13ms   6.80ms
                'fj':         3 [ 79.76ms, 117.01ms]  96.19ms  15.52ms 288.56ms         3 [ 86.55ms, 100.05ms]  95.54ms   6.36ms 286.63ms
            'max_lp':         1 [344.71ms, 344.71ms] 344.71ms   0.00ns 344.71ms         2 [  4.72ms, 296.70ms] 150.71ms 145.99ms 301.41ms
             'no_lp':         1 [344.63ms, 344.63ms] 344.63ms   0.00ns 344.63ms         2 [382.96us,  59.86ms]  30.12ms  29.74ms  60.24ms
         'rins/rens':         3 [854.35us,  25.02ms]  13.93ms   9.97ms  41.80ms         2 [237.34us, 879.88us] 558.61us 321.27us   1.12ms

Search stats     Bools  Conflicts  Branches  Restarts  BacktrackToRoot  Backtrack  BoolPropag  IntegerPropag
  'default_lp':     26        234       513         2              213        439         303          7'405
      'max_lp':     26        258       452         1              157        400         273          6'782
       'no_lp':     26      2'405     4'002        21            1'165      3'500       3'374         88'758

SAT formula      Fixed  Equiv  Total  VarLeft  BinaryClauses  PermanentClauses  TemporaryClauses
  'default_lp':      0      0     26       26              0               -19                52
      'max_lp':      0      0     26       26              0                 4                59
       'no_lp':      0      0     26       26              0                 0               465

SAT stats        ClassicMinim  LitRemoved  LitRemovedBinary  LitLearned  LitForgotten  Subsumed
  'default_lp':           155         324                 0       2'020             0       141
      'max_lp':           167         518                 0       2'115             0       177
       'no_lp':         1'911       5'879                 0      32'242             0     1'865

Vivification     Clauses  Decisions  LitTrue  Subsumed  LitRemoved  DecisionReused  Conflicts
  'default_lp':        8         33        0         0           0               5          0
      'max_lp':        0          0        0         0           0               0          0
       'no_lp':        0          0        0         0           0               0          0

Clause deletion    at_true  l_and_not(l)  to_binary  sub_conflict  sub_extra  sub_decisions  sub_eager  sub_vivify  sub_probing  sub_inpro  blocked  eliminated  forgotten  promoted  conflicts
    'default_lp':        0             0          0           132          2             12          9           0            0         23        0           0          0       440        234
        'max_lp':        0             0          0           165          5             13         12           0            0          0        0           0          0       464        258
         'no_lp':        0             0          0         1'775         13             62         90           0            0          0        0           0          0     4'713      2'405

Lp stats         Component  Iterations  AddedCuts  OPTIMAL  DUAL_F.  DUAL_U.
  'default_lp':          1       5'172        163      291        1      219
      'max_lp':          1       4'726        128      213       68      243

Lp dimension     Final dimension of first component
  'default_lp':  243 rows, 91 columns, 2432 entries
      'max_lp':  221 rows, 91 columns, 1659 entries

Lp debug         CutPropag  CutEqPropag  Adjust  Overflow  Bad  BadScaling
  'default_lp':          0            0     213         0  345           0
      'max_lp':          0            0     231         0  301           0

Lp pool          Constraints  Updates  Simplif  Merged  Shortened  Split  Strengthened  Cuts/Call
  'default_lp':          773        2        0       0          0      0             0    163/208
      'max_lp':          738        7        0       0          0      0             0    128/160

Lp Cut           default_lp  max_lp
         CG_FF:          19      22
          CG_K:          20      23
          CG_R:          16      22
         CG_RB:          23      24
        CG_RBP:          22      24
            IB:          47       -
  ZERO_HALF_FF:           4       3
   ZERO_HALF_R:          12      10

LNS stats       Improv/Calls  Closed  Difficulty  TimeLimit
  'rins/rens':           3/3    100%    8.76e-01       0.10

LS stats                                    Batches  Restarts/Perturbs  LinMoves  GenMoves  CompoundMoves  Bactracks  WeightUpdates  ScoreComputed
                             'fj_restart':        1                  1     2'569         0              0          0            775         94'188
            'fj_restart_compound_perturb':        1                  1         0     2'853            495      1'179             12         76'867
  'fj_restart_decay_compound_perturb_obj':        1                  1         0     3'218            451      1'383              8         90'002

Solutions (1)                     Num   Rank
  'fj_restart_compound_perturb':    1  [0,0]

Solution repositories    Added  Queried  Synchro
    'alternative_path':      0        0        0
      'best_solutions':      1        0        1
   'fj solution hints':      0        0        0
        'lp solutions':      2        3        2
                'pump':      0        0

Clauses shared    #Exported  #Imported  #BinaryRead  #BinaryTotal
   'default_lp':          0          0            0             0
       'max_lp':          0          0            0             0
        'no_lp':          0          0            0             0

LRAT_status: NA
CpSolverResponse summary:
status: OPTIMAL
objective: NA
best_bound: NA
integers: 91
booleans: 26
conflicts: 234
branches: 513
propagations: 303
integer_propagations: 7405
restarts: 2
lp_iterations: 5172
walltime: 0.773044
usertime: 0.773044
deterministic_time: 0.863986
gap_integral: 0
solution_fingerprint: 0xfc0cfef5065b7e0a

status=OPTIMAL objective=0.0 bound=0.0 branches=513 wall=0.773044s
verified bridge 3+9: parent_M=18 two_thirds_defect=-0.453281156150 hash=89cc7f1b05c28ea7096df92334758845c290a152d8b83493a0fcf2b3851fa622
wrote computations/results/bridge_grid_3_9_sign1_cap18.json
