
Starting CP-SAT solver v9.15.6755
Parameters: max_time_in_seconds: 300 log_search_progress: true num_search_workers: 4 log_to_stdout: true

Initial satisfaction model '': (model_fingerprint: 0x66ebee26d32243ef)
#Variables: 36 (35 primary variables)
  - 35 Booleans in [0,1]
  - 1 constants in {18}
#kLinear1: 1
#kLinearN: 2'048 (#terms: 73'728)

Starting presolve at 0.01s
  3.27e-03s  0.00e+00d  [DetectDominanceRelations]
  3.60e-02s  0.00e+00d  [PresolveToFixPoint] #num_loops=2 #num_dual_strengthening=1
  1.63e-05s  0.00e+00d  [ExtractEncodingFromLinear]
  3.40e-03s  0.00e+00d  [DetectDuplicateColumns]
  1.28e-03s  0.00e+00d  [DetectDuplicateConstraints] #duplicates=1'024
[Symmetry] Graph for symmetry has 1'093 nodes and 34'849 arcs.
[Symmetry] Symmetry computation done. time: 0.00324921 dtime: 0.00741042
[Symmetry] #generators: 2, average support size: 24
[Symmetry] 12 orbits on 32 variables with sizes: 4,4,4,4,2,2,2,2,2,2,...
  7.82e-05s  0.00e+00d  [DetectDuplicateConstraintsWithDifferentEnforcements]
  5.16e-03s  1.75e-03d  [Probe] #probed=68
  6.84e-06s  0.00e+00d  [MaxClique]
  1.23e-03s  0.00e+00d  [DetectDominanceRelations]
  1.03e-02s  0.00e+00d  [PresolveToFixPoint] #num_loops=1 #num_dual_strengthening=1
  4.79e-03s  0.00e+00d  [ProcessAtMostOneAndLinear]
  7.05e-05s  0.00e+00d  [DetectDuplicateConstraints]
  6.01e-05s  0.00e+00d  [DetectDuplicateConstraintsWithDifferentEnforcements]
  8.05e-01s  5.19e-02d  [DetectDominatedLinearConstraints] #relevant_constraints=1'024 #num_inclusions=503'309 #num_redundant=30
  1.83e-04s  0.00e+00d  [DetectDifferentVariables]
  7.35e-04s  0.00e+00d  [ProcessSetPPC] #relevant_constraints=994
  5.91e-05s  0.00e+00d  [TransformClausesToExactlyOne]
  1.23e-05s  0.00e+00d  [DetectEncodedComplexDomains]
  1.55e-05s  0.00e+00d  [FindAlmostIdenticalLinearConstraints]
  1.66e-06s  0.00e+00d  [FindBigAtMostOneAndLinearOverlap]
  4.95e-02s  9.94e-03d  [FindBigVerticalLinearOverlap] #blocks=71 #saved_nz=19'311
  2.67e-04s  7.14e-05d  [FindBigHorizontalLinearOverlap] #linears=994
  1.23e-05s  0.00e+00d  [MergeClauses]
  5.96e-04s  0.00e+00d  [DetectDominanceRelations]
  1.07e-02s  0.00e+00d  [PresolveToFixPoint] #num_loops=2 #num_dual_strengthening=1
  9.54e-04s  0.00e+00d  [DetectDominanceRelations]
  6.46e-03s  0.00e+00d  [PresolveToFixPoint] #num_loops=1 #num_dual_strengthening=1
  3.95e-04s  0.00e+00d  [DetectDuplicateColumns]
  9.29e-05s  0.00e+00d  [DetectDuplicateConstraints]
[Symmetry] Graph for symmetry has 1'261 nodes and 14'574 arcs.
[Symmetry] Symmetry computation done. time: 0.000456729 dtime: 0.00056372
  1.46e-04s  0.00e+00d  [DetectDuplicateConstraintsWithDifferentEnforcements]
  1.05e-02s  1.20e-03d  [Probe] #probed=68
  1.05e-05s  0.00e+00d  [MaxClique]
  1.11e-03s  0.00e+00d  [DetectDominanceRelations]
  8.86e-03s  0.00e+00d  [PresolveToFixPoint] #num_loops=1 #num_dual_strengthening=1
  4.80e-03s  0.00e+00d  [ProcessAtMostOneAndLinear]
  1.01e-04s  0.00e+00d  [DetectDuplicateConstraints]
  8.78e-05s  0.00e+00d  [DetectDuplicateConstraintsWithDifferentEnforcements]
  9.75e-04s  1.56e-04d  [DetectDominatedLinearConstraints] #relevant_constraints=1'065
  1.44e-04s  0.00e+00d  [DetectDifferentVariables]
  2.62e-04s  0.00e+00d  [ProcessSetPPC] #relevant_constraints=173
  5.07e-05s  0.00e+00d  [TransformClausesToExactlyOne]
  1.29e-05s  0.00e+00d  [DetectEncodedComplexDomains]
  3.93e-05s  7.80e-07d  [FindAlmostIdenticalLinearConstraints] #num_tested_pairs=52
  1.61e-06s  0.00e+00d  [FindBigAtMostOneAndLinearOverlap]
  9.33e-03s  2.06e-03d  [FindBigVerticalLinearOverlap] #blocks=32 #saved_nz=1'869
  2.83e-04s  6.15e-05d  [FindBigHorizontalLinearOverlap] #linears=994
  1.22e-05s  0.00e+00d  [MergeClauses]
  9.01e-04s  0.00e+00d  [DetectDominanceRelations]
  1.29e-02s  0.00e+00d  [PresolveToFixPoint] #num_loops=2 #num_dual_strengthening=1
  8.90e-04s  0.00e+00d  [DetectDominanceRelations]
  7.89e-03s  0.00e+00d  [PresolveToFixPoint] #num_loops=1 #num_dual_strengthening=1
  3.56e-04s  0.00e+00d  [DetectDuplicateColumns]
  1.03e-04s  0.00e+00d  [DetectDuplicateConstraints]
[Symmetry] Graph for symmetry has 1'356 nodes and 12'736 arcs.
[Symmetry] Symmetry computation done. time: 0.00045715 dtime: 0.00053167
  1.32e-04s  0.00e+00d  [DetectDuplicateConstraintsWithDifferentEnforcements]
  1.05e-02s  1.09e-03d  [Probe] #probed=68
  1.57e-05s  0.00e+00d  [MaxClique]
  6.42e-04s  0.00e+00d  [DetectDominanceRelations]
  6.52e-03s  0.00e+00d  [PresolveToFixPoint] #num_loops=1 #num_dual_strengthening=1
  1.83e-03s  0.00e+00d  [ProcessAtMostOneAndLinear]
  6.94e-05s  0.00e+00d  [DetectDuplicateConstraints]
  5.44e-05s  0.00e+00d  [DetectDuplicateConstraintsWithDifferentEnforcements]
  6.05e-04s  1.11e-04d  [DetectDominatedLinearConstraints] #relevant_constraints=1'097
  9.99e-05s  0.00e+00d  [DetectDifferentVariables]
  1.68e-04s  0.00e+00d  [ProcessSetPPC]
  4.71e-05s  0.00e+00d  [TransformClausesToExactlyOne]
  8.57e-06s  0.00e+00d  [DetectEncodedComplexDomains]
  3.49e-05s  1.51e-06d  [FindAlmostIdenticalLinearConstraints] #num_tested_pairs=101
  1.33e-06s  0.00e+00d  [FindBigAtMostOneAndLinearOverlap]
  4.70e-03s  1.60e-03d  [FindBigVerticalLinearOverlap] #blocks=10 #saved_nz=359
  1.46e-04s  5.96e-05d  [FindBigHorizontalLinearOverlap] #linears=994
  7.86e-06s  0.00e+00d  [MergeClauses]
  5.38e-04s  0.00e+00d  [DetectDominanceRelations]
  5.34e-03s  0.00e+00d  [PresolveToFixPoint] #num_loops=2 #num_dual_strengthening=1
  4.93e-06s  0.00e+00d  [MergeNoOverlap]
  5.12e-06s  0.00e+00d  [MergeNoOverlap2D]

Presolve summary:
  - 0 affine relations were detected.
  - rule 'duplicate: merged rhs of linear constraint' was applied 1'024 times.
  - rule 'duplicate: removed constraint' was applied 1'024 times.
  - rule 'linear inclusion: redundant containing constraint' was applied 15 times.
  - rule 'linear inclusion: redundant included constraint' was applied 15 times.
  - rule 'linear matrix: common vertical rectangle' was applied 113 times.
  - rule 'linear1: x in domain' was applied 1 time.
  - rule 'linear: divide by GCD' was applied 2'048 times.
  - rule 'presolve: 2 unused variables removed.' was applied 1 time.
  - rule 'presolve: iteration' was applied 3 times.

Presolved satisfaction model '': (model_fingerprint: 0x1bee97eccc317e07)
#Variables: 147 (83 primary variables)
  - 34 Booleans in [0,1]
  - 2 in [-4,2]
  - 8 in [-3,1]
  - 3 in [-3,2]
  - 4 in [-3,3]
  - 3 in [-2,1]
  - 20 in [-2,2]
  - 3 in [-2,3]
  - 16 in [-1,1]
  - 9 in [-1,2]
  - 19 in [-1,3]
  - 16 in [0,2]
  - 3 in [0,3]
  - 5 in [0,4]
  - 1 in [0,5]
  - 1 in [0,6]
#kLinear3: 113
#kLinearN: 994 (#terms: 11'918)
[Symmetry] Graph for symmetry has 1'384 nodes and 12'387 arcs.
[Symmetry] Symmetry computation done. time: 0.000289544 dtime: 0.00052505

Preloading model.
#Model   1.05s var:147/147 constraints:1107/1107

Starting search at 1.05s with 4 workers.
3 full problem subsolvers: [default_lp, max_lp, no_lp]
1 first solution subsolver: [fj]
2 interleaved subsolvers: [feasibility_pump, rins/rens]
2 helper subsolvers: [neighborhood_helper, synchronization_agent]

#1       2.34s rens_lp_lns (d=9.14e-01 s=19 t=0.10 p=1.00 stall=0 h=base)

Task timing                   n [     min,      max]      avg      dev     time         n [     min,      max]      avg      dev    dtime
        'default_lp':         1 [   1.29s,    1.29s]    1.29s   0.00ns    1.29s         2 [  7.90ms, 682.53ms] 345.21ms 337.31ms 690.43ms
  'feasibility_pump':         6 [  2.48ms,  14.03ms]   5.34ms   4.28ms  32.05ms         5 [666.78us,  18.26ms]   4.20ms   7.03ms  20.98ms
                'fj':         6 [ 77.24ms,  95.55ms]  83.16ms   6.18ms 498.98ms         6 [100.02ms, 100.09ms] 100.06ms  25.58us 600.37ms
            'max_lp':         1 [   1.29s,    1.29s]    1.29s   0.00ns    1.29s         2 [ 11.35ms, 590.15ms] 300.75ms 289.40ms 601.51ms
             'no_lp':         1 [   1.29s,    1.29s]    1.29s   0.00ns    1.29s         2 [  1.06ms, 212.60ms] 106.83ms 105.77ms 213.67ms
         'rins/rens':         5 [  1.36ms, 605.31ms] 151.42ms 227.90ms 757.10ms         4 [  1.57ms,  83.78ms]  22.62ms  35.32ms  90.48ms

Search stats     Bools  Conflicts  Branches  Restarts  BacktrackToRoot  Backtrack  BoolPropag  IntegerPropag
  'default_lp':     34        569     1'191         5              481      1'005         777         24'467
      'max_lp':     34        314       784         3              343        639         389         14'022
       'no_lp':     34      4'386     6'781        27            1'727      5'958       6'987        229'168

SAT formula      Fixed  Equiv  Total  VarLeft  BinaryClauses  PermanentClauses  TemporaryClauses
  'default_lp':      0      0     34       34              0                 0               259
      'max_lp':      0      0     34       34              0                 0               178
       'no_lp':      0      0     34       34              0                 0               976

SAT stats        ClassicMinim  LitRemoved  LitRemovedBinary  LitLearned  LitForgotten  Subsumed
  'default_lp':           297         868                 0       7'121             0       260
      'max_lp':           137         364                 0       4'005             0       117
       'no_lp':         3'323      12'291                 0      86'306             0     3'248

Vivification     Clauses  Decisions  LitTrue  Subsumed  LitRemoved  DecisionReused  Conflicts
  'default_lp':        0          0        0         0           0               0          0
      'max_lp':        0          0        0         0           0               0          0
       'no_lp':        0          0        0         0           0               0          0

Clause deletion    at_true  l_and_not(l)  to_binary  sub_conflict  sub_extra  sub_decisions  sub_eager  sub_vivify  sub_probing  sub_inpro  blocked  eliminated  forgotten  promoted  conflicts
    'default_lp':        0             0          0           250          8             42         10           0            0          0        0           0          0     1'093        569
        'max_lp':        0             0          0           103          2             17         14           0            0          0        0           0          0       574        314
         'no_lp':        0             0          0         3'102         20            142        146           0            0          0        0           0          0     8'471      4'386

Lp stats         Component  Iterations  AddedCuts  OPTIMAL  DUAL_F.  DUAL_U.
  'default_lp':          1      11'426        385      840        0      520
      'max_lp':          1       6'132        231      263      157      293

Lp dimension      Final dimension of first component
  'default_lp':  313 rows, 147 columns, 4371 entries
      'max_lp':  407 rows, 147 columns, 6680 entries

Lp debug         CutPropag  CutEqPropag  Adjust  Overflow    Bad  BadScaling
  'default_lp':          0            0     429         0  1'285           0
      'max_lp':          0            0     293         0    982           0

Lp pool          Constraints  Updates  Simplif  Merged  Shortened  Split  Strengthened  Cuts/Call
  'default_lp':        1'492       64        0       0          0      0             0    385/490
      'max_lp':        1'338       33        0       0          0      0             0    231/313

Lp Cut           default_lp  max_lp
         CG_FF:          48      28
          CG_K:          52      31
          CG_R:          57      45
         CG_RB:          60      46
        CG_RBP:          59      47
            IB:          64       -
  ZERO_HALF_FF:           4      10
   ZERO_HALF_R:          41      24

LNS stats       Improv/Calls  Closed  Difficulty  TimeLimit
  'rins/rens':           5/5    100%    9.39e-01       0.10

LS stats                              Batches  Restarts/Perturbs  LinMoves  GenMoves  CompoundMoves  Bactracks  WeightUpdates  ScoreComputed
                       'fj_restart':        1                  1     1'473         0              0          0            267         64'895
  'fj_restart_compound_perturb_obj':        1                  1         0     1'926            290        809              5         59'722
    'fj_restart_decay_compound_obj':        1                  1         0     2'028            382        818              5         59'791
     'fj_restart_decay_perturb_obj':        2                  2     3'964         0              0          0            276        125'118
           'fj_restart_perturb_obj':        1                  1     1'525         0              0          0            325         64'070

Solutions (1)     Num   Rank
  'rens_lp_lns':    1  [0,0]

Solution repositories    Added  Queried  Synchro
    'alternative_path':      0        0        0
      'best_solutions':      1        0        1
   'fj solution hints':      0        0        0
        'lp solutions':      4        5        4
                'pump':      0        0

Clauses shared    #Exported  #Imported  #BinaryRead  #BinaryTotal
   'default_lp':          0          0            0             0
       'max_lp':          0          0            0             0
        'no_lp':          0          0            0             0

LRAT_status: NA
CpSolverResponse summary:
status: OPTIMAL
objective: NA
best_bound: NA
integers: 147
booleans: 34
conflicts: 569
branches: 1191
propagations: 777
integer_propagations: 24467
restarts: 5
lp_iterations: 11426
walltime: 2.34328
usertime: 2.34328
deterministic_time: 2.28748
gap_integral: 0
solution_fingerprint: 0x5585d0885f92f94e

status=OPTIMAL objective=0.0 bound=0.0 branches=1191 wall=2.343280s
verified bridge 5+7: parent_M=18 two_thirds_defect=+0.021694644608 hash=673dc5c461b9e714b68b07064a4ddfebea9ee4f797223d68ef670e46fd145f9d
wrote computations/results/bridge_grid_5_7_sign-1_cap18.json
