
Starting CP-SAT solver v9.15.6755
Parameters: max_time_in_seconds: 300 log_search_progress: true num_search_workers: 4 log_to_stdout: true

Initial satisfaction model '': (model_fingerprint: 0x715cb4f1f52ff736)
#Variables: 37 (36 primary variables)
  - 36 Booleans in [0,1]
  - 1 constants in {18}
#kLinear1: 1
#kLinearN: 2'048 (#terms: 75'776)

Starting presolve at 0.01s
  3.30e-03s  0.00e+00d  [DetectDominanceRelations]
  3.74e-02s  0.00e+00d  [PresolveToFixPoint] #num_loops=2 #num_dual_strengthening=1
  1.81e-05s  0.00e+00d  [ExtractEncodingFromLinear]
  3.82e-03s  0.00e+00d  [DetectDuplicateColumns]
  1.78e-03s  0.00e+00d  [DetectDuplicateConstraints] #duplicates=1'024
[Symmetry] Graph for symmetry has 1'095 nodes and 35'874 arcs.
[Symmetry] Symmetry computation done. time: 0.00646968 dtime: 0.0162859
[Symmetry] #generators: 3, average support size: 24
[Symmetry] 6 orbits on 34 variables with sizes: 10,10,5,5,2,2
[Symmetry] Found orbitope of size 12 x 2
  1.14e-04s  0.00e+00d  [DetectDuplicateConstraintsWithDifferentEnforcements]
  5.83e-03s  1.80e-03d  [Probe] #probed=70
  9.95e-06s  0.00e+00d  [MaxClique]
  1.28e-03s  0.00e+00d  [DetectDominanceRelations]
  1.02e-02s  0.00e+00d  [PresolveToFixPoint] #num_loops=1 #num_dual_strengthening=1
  5.00e-03s  0.00e+00d  [ProcessAtMostOneAndLinear]
  7.94e-05s  0.00e+00d  [DetectDuplicateConstraints]
  7.93e-05s  0.00e+00d  [DetectDuplicateConstraintsWithDifferentEnforcements]
  8.54e-01s  5.56e-02d  [DetectDominatedLinearConstraints] #relevant_constraints=1'024 #num_inclusions=523'776
  1.50e-04s  0.00e+00d  [DetectDifferentVariables]
  4.37e-04s  0.00e+00d  [ProcessSetPPC] #relevant_constraints=1'024
  4.50e-05s  0.00e+00d  [TransformClausesToExactlyOne]
  1.84e-05s  0.00e+00d  [DetectEncodedComplexDomains]
  2.83e-05s  0.00e+00d  [FindAlmostIdenticalLinearConstraints]
  1.32e-06s  0.00e+00d  [FindBigAtMostOneAndLinearOverlap]
  3.64e-02s  1.08e-02d  [FindBigVerticalLinearOverlap] #blocks=74 #saved_nz=20'910
  1.67e-04s  7.35e-05d  [FindBigHorizontalLinearOverlap] #linears=1'024
  9.10e-06s  0.00e+00d  [MergeClauses]
  6.24e-04s  0.00e+00d  [DetectDominanceRelations]
  8.80e-03s  0.00e+00d  [PresolveToFixPoint] #num_loops=2 #num_dual_strengthening=1
  6.15e-04s  0.00e+00d  [DetectDominanceRelations]
  4.94e-03s  0.00e+00d  [PresolveToFixPoint] #num_loops=1 #num_dual_strengthening=1
  3.48e-04s  0.00e+00d  [DetectDuplicateColumns]
  6.14e-05s  0.00e+00d  [DetectDuplicateConstraints]
[Symmetry] Graph for symmetry has 1'299 nodes and 15'020 arcs.
[Symmetry] Symmetry computation done. time: 0.000319555 dtime: 0.00060393
  6.93e-05s  0.00e+00d  [DetectDuplicateConstraintsWithDifferentEnforcements]
  7.04e-03s  1.27e-03d  [Probe] #probed=70
  9.07e-06s  0.00e+00d  [MaxClique]
  6.20e-04s  0.00e+00d  [DetectDominanceRelations]
  4.97e-03s  0.00e+00d  [PresolveToFixPoint] #num_loops=1 #num_dual_strengthening=1
  2.15e-03s  0.00e+00d  [ProcessAtMostOneAndLinear]
  5.69e-05s  0.00e+00d  [DetectDuplicateConstraints]
  5.62e-05s  0.00e+00d  [DetectDuplicateConstraintsWithDifferentEnforcements]
  7.04e-04s  1.61e-04d  [DetectDominatedLinearConstraints] #relevant_constraints=1'097
  1.03e-04s  0.00e+00d  [DetectDifferentVariables]
  1.96e-04s  0.00e+00d  [ProcessSetPPC] #relevant_constraints=38
  3.51e-05s  0.00e+00d  [TransformClausesToExactlyOne]
  8.27e-06s  0.00e+00d  [DetectEncodedComplexDomains]
  3.00e-05s  5.75e-07d  [FindAlmostIdenticalLinearConstraints] #num_tested_pairs=38
  1.22e-06s  0.00e+00d  [FindBigAtMostOneAndLinearOverlap]
  6.51e-03s  2.10e-03d  [FindBigVerticalLinearOverlap] #blocks=27 #saved_nz=1'697
  1.52e-04s  6.46e-05d  [FindBigHorizontalLinearOverlap] #linears=1'024
  8.75e-06s  0.00e+00d  [MergeClauses]
  5.59e-04s  0.00e+00d  [DetectDominanceRelations]
  7.28e-03s  0.00e+00d  [PresolveToFixPoint] #num_loops=2 #num_dual_strengthening=1
  5.57e-04s  0.00e+00d  [DetectDominanceRelations]
  4.48e-03s  0.00e+00d  [PresolveToFixPoint] #num_loops=1 #num_dual_strengthening=1
  2.99e-04s  0.00e+00d  [DetectDuplicateColumns]
  5.89e-05s  0.00e+00d  [DetectDuplicateConstraints]
[Symmetry] Graph for symmetry has 1'378 nodes and 13'348 arcs.
[Symmetry] Symmetry computation done. time: 0.00030694 dtime: 0.00056437
  7.54e-05s  0.00e+00d  [DetectDuplicateConstraintsWithDifferentEnforcements]
  6.92e-03s  1.16e-03d  [Probe] #probed=70
  9.28e-06s  0.00e+00d  [MaxClique]
  5.59e-04s  0.00e+00d  [DetectDominanceRelations]
  4.48e-03s  0.00e+00d  [PresolveToFixPoint] #num_loops=1 #num_dual_strengthening=1
  1.34e-03s  0.00e+00d  [ProcessAtMostOneAndLinear]
  6.07e-05s  0.00e+00d  [DetectDuplicateConstraints]
  5.76e-05s  0.00e+00d  [DetectDuplicateConstraintsWithDifferentEnforcements]
  6.24e-04s  1.20e-04d  [DetectDominatedLinearConstraints] #relevant_constraints=1'123
  1.00e-04s  0.00e+00d  [DetectDifferentVariables]
  1.66e-04s  0.00e+00d  [ProcessSetPPC] #relevant_constraints=4
  3.71e-05s  0.00e+00d  [TransformClausesToExactlyOne]
  8.45e-06s  0.00e+00d  [DetectEncodedComplexDomains]
  3.60e-05s  1.69e-06d  [FindAlmostIdenticalLinearConstraints] #num_tested_pairs=111
  1.76e-06s  0.00e+00d  [FindBigAtMostOneAndLinearOverlap]
  4.97e-03s  1.71e-03d  [FindBigVerticalLinearOverlap] #blocks=16 #saved_nz=618
  1.53e-04s  6.13e-05d  [FindBigHorizontalLinearOverlap] #linears=1'024
  8.89e-06s  0.00e+00d  [MergeClauses]
  5.37e-04s  0.00e+00d  [DetectDominanceRelations]
  5.75e-03s  0.00e+00d  [PresolveToFixPoint] #num_loops=2 #num_dual_strengthening=1
  4.93e-06s  0.00e+00d  [MergeNoOverlap]
  5.22e-06s  0.00e+00d  [MergeNoOverlap2D]

Presolve summary:
  - 0 affine relations were detected.
  - rule 'duplicate: merged rhs of linear constraint' was applied 1'024 times.
  - rule 'duplicate: removed constraint' was applied 1'024 times.
  - rule 'linear matrix: common vertical rectangle' was applied 117 times.
  - rule 'linear1: x in domain' was applied 1 time.
  - rule 'linear: divide by GCD' was applied 2'048 times.
  - rule 'linear: variable substitution 2' was applied 2 times.
  - rule 'presolve: 2 unused variables removed.' was applied 1 time.
  - rule 'presolve: iteration' was applied 3 times.

Presolved satisfaction model '': (model_fingerprint: 0xe7aed388aaa90dcc)
#Variables: 150 (91 primary variables)
  - 35 Booleans in [0,1]
  - 1 in [-4,1]
  - 7 in [-3,1]
  - 2 in [-3,2]
  - 2 in [-2,1]
  - 17 in [-2,2]
  - 4 in [-2,4]
  - 16 in [-1,1]
  - 3 in [-1,2]
  - 31 in [-1,3]
  - 1 in [-1,4]
  - 1 in [-1,5]
  - 16 in [0,2]
  - 3 in [0,3]
  - 10 in [0,4]
  - 1 in [0,5]
#kLinear3: 111
#kLinearN: 1'028 (#terms: 12'280)
[Symmetry] Graph for symmetry has 1'422 nodes and 12'746 arcs.
[Symmetry] Symmetry computation done. time: 0.000320538 dtime: 0.0005566

Preloading model.
#Model   1.06s var:150/150 constraints:1139/1139

Starting search at 1.06s with 4 workers.
3 full problem subsolvers: [default_lp, max_lp, no_lp]
1 first solution subsolver: [fj]
2 interleaved subsolvers: [feasibility_pump, rins/rens]
2 helper subsolvers: [neighborhood_helper, synchronization_agent]

#1       4.63s fj_restart_compound_perturb_obj(batch:2 lin{mvs:0 evals:35'608} gen{mvs:3'628 evals:0} comp{mvs:512 btracks:1'558} #w_updates:11 #perturb:0)

Task timing                   n [     min,      max]      avg      dev     time         n [     min,      max]      avg      dev    dtime
        'default_lp':         1 [   3.57s,    3.57s]    3.57s   0.00ns    3.57s         2 [  7.01ms,    2.07s]    1.04s    1.03s    2.08s
  'feasibility_pump':        18 [  2.76ms,  16.24ms]   3.78ms   3.10ms  68.09ms        17 [684.02us,  18.53ms]   1.76ms   4.19ms  29.95ms
                'fj':        18 [ 56.11ms,  89.60ms]  80.52ms   7.41ms    1.45s        18 [ 61.07ms, 100.19ms]  97.90ms   8.93ms    1.76s
            'max_lp':         1 [   3.57s,    3.57s]    3.57s   0.00ns    3.57s         2 [ 19.29ms,    1.49s] 756.15ms 736.86ms    1.51s
             'no_lp':         1 [   3.57s,    3.57s]    3.57s   0.00ns    3.57s         2 [  1.12ms, 418.61ms] 209.87ms 208.74ms 419.73ms
         'rins/rens':         6 [  1.52ms, 704.48ms] 341.04ms 275.19ms    2.05s         5 [  2.20ms, 100.03ms]  57.30ms  38.57ms 286.48ms

Search stats     Bools  Conflicts  Branches  Restarts  BacktrackToRoot  Backtrack  BoolPropag  IntegerPropag
  'default_lp':     35      1'185     2'744        16            1'206      2'334       1'582         52'934
      'max_lp':     35      1'005     2'034         8              708      1'662       1'347         42'218
       'no_lp':     35      7'894    14'882        82            4'702     12'326      10'611        434'584

SAT formula      Fixed  Equiv  Total  VarLeft  BinaryClauses  PermanentClauses  TemporaryClauses
  'default_lp':      0      0     35       35              0                 0               577
      'max_lp':      0      0     35       35              0                 0               532
       'no_lp':      0      0     35       35              0                 0             1'491

SAT stats        ClassicMinim  LitRemoved  LitRemovedBinary  LitLearned  LitForgotten  Subsumed
  'default_lp':           569       1'189                 0      18'055             0       547
      'max_lp':           449       1'097                 0      16'029             0       418
       'no_lp':         6'156      18'933                 0     163'025             0     6'113

Vivification     Clauses  Decisions  LitTrue  Subsumed  LitRemoved  DecisionReused  Conflicts
  'default_lp':        0          0        0         0           0               0          0
      'max_lp':        0          0        0         0           0               0          0
       'no_lp':        0          0        0         0           0               0          0

Clause deletion    at_true  l_and_not(l)  to_binary  sub_conflict  sub_extra  sub_decisions  sub_eager  sub_vivify  sub_probing  sub_inpro  blocked  eliminated  forgotten  promoted  conflicts
    'default_lp':        0             0          0           522         15             46         25           0            0          0        0           0          0     2'370      1'185
        'max_lp':        0             0          0           394         14             41         24           0            0          0        0           0          0     1'931      1'005
         'no_lp':        0             0          0         5'759         36            254        354           0            0          0        0           0          0    15'281      7'894

Lp stats         Component  Iterations  AddedCuts  OPTIMAL  DUAL_F.  DUAL_U.
  'default_lp':          1      30'751      1'023    1'942        0    1'119
      'max_lp':          1      18'283        539      844      537      947

Lp dimension      Final dimension of first component
  'default_lp':  300 rows, 150 columns, 2727 entries
      'max_lp':  325 rows, 150 columns, 3025 entries

Lp debug         CutPropag  CutEqPropag  Adjust  Overflow    Bad  BadScaling
  'default_lp':          0            9   1'091         0  3'675           0
      'max_lp':          0            0     904         0  2'077           0

Lp pool          Constraints  Updates  Simplif  Merged  Shortened  Split  Strengthened    Cuts/Call
  'default_lp':        2'162      235        0       0          0      0             0  1'023/1'330
      'max_lp':        1'678      177        0       0          0      0             0      539/735

Lp Cut           default_lp  max_lp
         CG_FF:         144      69
          CG_K:         142      72
          CG_R:         172     104
         CG_RB:         178     107
        CG_RBP:         165     101
            IB:          98       -
  ZERO_HALF_FF:          19      13
   ZERO_HALF_R:         105      73

LNS stats       Improv/Calls  Closed  Difficulty  TimeLimit
  'rins/rens':           6/6     67%    8.25e-01       0.10

LS stats                                    Batches  Restarts/Perturbs  LinMoves  GenMoves  CompoundMoves  Bactracks  WeightUpdates  ScoreComputed
                             'fj_restart':        1                  1     1'424         0              0          0            263         63'548
                    'fj_restart_compound':        1                  1         0     1'989            327        829              6         60'664
                'fj_restart_compound_obj':        1                  1         0     1'930            261        834              5         59'896
        'fj_restart_compound_perturb_obj':        2                  1         0     3'628            512      1'558             11         95'482
                       'fj_restart_decay':        2                  2     3'779         0              0          0            270        125'575
      'fj_restart_decay_compound_perturb':        1                  1         0     2'122            432        843              5         59'011
  'fj_restart_decay_compound_perturb_obj':        1                  1         0     2'116            422        842              6         59'906
                   'fj_restart_decay_obj':        1                  1     1'923         0              0          0            131         62'508
               'fj_restart_decay_perturb':        2                  1     3'661         0              0          0            242        125'436
                         'fj_restart_obj':        4                  3     5'731         0              0          0          1'140        256'479
                     'fj_restart_perturb':        2                  1     2'949         0              0          0            649        128'166

Solutions (1)                         Num   Rank
  'fj_restart_compound_perturb_obj':    1  [0,0]

Solution repositories    Added  Queried  Synchro
    'alternative_path':      0        0        0
      'best_solutions':      1        0        1
   'fj solution hints':      6        0        6
        'lp solutions':     13        6       13
                'pump':      0        0

Clauses shared    #Exported  #Imported  #BinaryRead  #BinaryTotal
   'default_lp':          0          0            0             0
       'max_lp':          0          0            0             0
        'no_lp':          0          0            0             0

LRAT_status: NA
CpSolverResponse summary:
status: OPTIMAL
objective: NA
best_bound: NA
integers: 150
booleans: 35
conflicts: 1185
branches: 2744
propagations: 1582
integer_propagations: 52934
restarts: 16
lp_iterations: 30751
walltime: 4.6321
usertime: 4.6321
deterministic_time: 6.16662
gap_integral: 0
solution_fingerprint: 0xb68c0bd127bdcdc2

status=OPTIMAL objective=0.0 bound=0.0 branches=2744 wall=4.632100s
verified bridge 6+6: parent_M=18 two_thirds_defect=+1.020249978894 hash=70287037f9e824eae58d9cbaf7298b7cdd8bfe67bbea9bfdf321dda570e990bf
wrote computations/results/bridge_grid_6_6_sign1_cap18.json
