
Starting CP-SAT solver v9.15.6755
Parameters: max_time_in_seconds: 120 log_search_progress: true num_search_workers: 2 log_to_stdout: true

Initial optimization model '': (model_fingerprint: 0x20fb3f3048a892f)
#Variables: 26 (#ints: 1 in objective) (24 primary variables)
  - 25 Booleans in [0,1]
  - 1 in [0,45]
#kLinear1: 1
#kLinearN: 512 (#terms: 13'312)

Starting presolve at 0.01s
  1.02e-03s  0.00e+00d  [DetectDominanceRelations]
  2.10e-02s  0.00e+00d  [PresolveToFixPoint] #num_loops=3 #num_dual_strengthening=2
  1.20e-05s  0.00e+00d  [ExtractEncodingFromLinear]
  7.66e-04s  0.00e+00d  [DetectDuplicateColumns]
  7.28e-05s  0.00e+00d  [DetectDuplicateConstraints]
[Symmetry] Graph for symmetry has 586 nodes and 12'848 arcs.
[Symmetry] Symmetry computation done. time: 0.0011954 dtime: 0.00159157
[Symmetry] #generators: 1, average support size: 20
[Symmetry] 10 orbits on 20 variables with sizes: 2,2,2,2,2,2,2,2,2,2
  7.37e-05s  0.00e+00d  [DetectDuplicateConstraintsWithDifferentEnforcements]
  4.35e-03s  4.60e-04d  [Probe] #probed=48
  1.75e-05s  0.00e+00d  [MaxClique]
  9.02e-04s  0.00e+00d  [DetectDominanceRelations]
  7.63e-03s  0.00e+00d  [PresolveToFixPoint] #num_loops=1 #num_dual_strengthening=1
  3.36e-03s  0.00e+00d  [ProcessAtMostOneAndLinear]
  4.70e-04s  0.00e+00d  [DetectDuplicateConstraints]
  3.71e-04s  0.00e+00d  [DetectDuplicateConstraintsWithDifferentEnforcements]
  2.48e-01s  9.77e-03d  [DetectDominatedLinearConstraints] #relevant_constraints=512 #num_inclusions=128'012 #num_redundant=10
  8.61e-05s  0.00e+00d  [DetectDifferentVariables]
  2.72e-04s  0.00e+00d  [ProcessSetPPC] #relevant_constraints=502
  4.75e-05s  0.00e+00d  [TransformClausesToExactlyOne]
  2.03e-05s  0.00e+00d  [DetectEncodedComplexDomains]
  1.46e-05s  0.00e+00d  [FindAlmostIdenticalLinearConstraints]
  1.81e-06s  0.00e+00d  [FindBigAtMostOneAndLinearOverlap]
  2.41e-02s  2.78e-03d  [FindBigVerticalLinearOverlap] #blocks=48 #saved_nz=7'150
  1.49e-04s  2.63e-05d  [FindBigHorizontalLinearOverlap] #linears=502
  6.00e-06s  0.00e+00d  [MergeClauses]
  4.99e-04s  0.00e+00d  [DetectDominanceRelations]
  1.19e-02s  0.00e+00d  [PresolveToFixPoint] #num_loops=2 #num_dual_strengthening=1
  4.92e-04s  0.00e+00d  [DetectDominanceRelations]
  2.62e-02s  0.00e+00d  [PresolveToFixPoint] #num_loops=1 #num_dual_strengthening=1
  2.02e-04s  0.00e+00d  [DetectDuplicateColumns]
  5.32e-05s  0.00e+00d  [DetectDuplicateConstraints]
[Symmetry] Graph for symmetry has 768 nodes and 5'544 arcs.
[Symmetry] Symmetry computation done. time: 0.000241747 dtime: 0.00023985
  6.90e-05s  0.00e+00d  [DetectDuplicateConstraintsWithDifferentEnforcements]
  2.90e-03s  1.95e-04d  [Probe] #probed=48
  6.67e-06s  0.00e+00d  [MaxClique]
  4.90e-04s  0.00e+00d  [DetectDominanceRelations]
  6.25e-03s  0.00e+00d  [PresolveToFixPoint] #num_loops=1 #num_dual_strengthening=1
  2.05e-02s  0.00e+00d  [ProcessAtMostOneAndLinear]
  7.16e-05s  0.00e+00d  [DetectDuplicateConstraints]
  4.75e-05s  0.00e+00d  [DetectDuplicateConstraintsWithDifferentEnforcements]
  4.11e-04s  4.83e-05d  [DetectDominatedLinearConstraints] #relevant_constraints=549
  6.92e-05s  0.00e+00d  [DetectDifferentVariables]
  1.05e-04s  0.00e+00d  [ProcessSetPPC] #relevant_constraints=38
  5.34e-05s  0.00e+00d  [TransformClausesToExactlyOne]
  6.66e-06s  0.00e+00d  [DetectEncodedComplexDomains]
  2.58e-05s  3.85e-07d  [FindAlmostIdenticalLinearConstraints] #num_tested_pairs=25
  1.88e-06s  0.00e+00d  [FindBigAtMostOneAndLinearOverlap]
  3.08e-03s  5.66e-04d  [FindBigVerticalLinearOverlap] #blocks=11 #saved_nz=557
  1.21e-04s  2.33e-05d  [FindBigHorizontalLinearOverlap] #linears=502
  6.37e-06s  0.00e+00d  [MergeClauses]
  4.53e-04s  0.00e+00d  [DetectDominanceRelations]
  3.00e-02s  0.00e+00d  [PresolveToFixPoint] #num_loops=2 #num_dual_strengthening=1
  4.48e-04s  0.00e+00d  [DetectDominanceRelations]
  8.41e-03s  0.00e+00d  [PresolveToFixPoint] #num_loops=1 #num_dual_strengthening=1
  1.58e-04s  0.00e+00d  [DetectDuplicateColumns]
  5.27e-05s  0.00e+00d  [DetectDuplicateConstraints]
[Symmetry] Graph for symmetry has 811 nodes and 5'009 arcs.
[Symmetry] Symmetry computation done. time: 0.000230134 dtime: 0.00022262
  6.00e-05s  0.00e+00d  [DetectDuplicateConstraintsWithDifferentEnforcements]
  2.76e-03s  1.85e-04d  [Probe] #probed=48
  5.76e-06s  0.00e+00d  [MaxClique]
  4.58e-04s  0.00e+00d  [DetectDominanceRelations]
  1.66e-02s  0.00e+00d  [PresolveToFixPoint] #num_loops=1 #num_dual_strengthening=1
  2.41e-03s  0.00e+00d  [ProcessAtMostOneAndLinear]
  6.41e-05s  0.00e+00d  [DetectDuplicateConstraints]
  4.75e-05s  0.00e+00d  [DetectDuplicateConstraintsWithDifferentEnforcements]
  3.80e-04s  3.96e-05d  [DetectDominatedLinearConstraints] #relevant_constraints=559
  6.59e-05s  0.00e+00d  [DetectDifferentVariables]
  8.67e-05s  0.00e+00d  [ProcessSetPPC] #relevant_constraints=3
  5.20e-05s  0.00e+00d  [TransformClausesToExactlyOne]
  6.65e-06s  0.00e+00d  [DetectEncodedComplexDomains]
  2.76e-05s  5.45e-07d  [FindAlmostIdenticalLinearConstraints] #num_tested_pairs=36
  1.54e-06s  0.00e+00d  [FindBigAtMostOneAndLinearOverlap]
  2.24e-03s  4.63e-04d  [FindBigVerticalLinearOverlap] #blocks=3 #saved_nz=103
  1.20e-04s  2.28e-05d  [FindBigHorizontalLinearOverlap] #linears=502
  6.14e-06s  0.00e+00d  [MergeClauses]
  3.93e-04s  0.00e+00d  [DetectDominanceRelations]
  1.09e-02s  0.00e+00d  [PresolveToFixPoint] #num_loops=2 #num_dual_strengthening=1
  4.01e-06s  0.00e+00d  [MergeNoOverlap]
  3.54e-06s  0.00e+00d  [MergeNoOverlap2D]
  5.12e-05s  0.00e+00d  [ExpandObjective] #entries=250 #tight_variables=120 #tight_constraints=60

Presolve summary:
  - 0 affine relations were detected.
  - rule 'TODO dual: only one blocking constraint?' was applied 22 times.
  - rule 'TODO dual: only one unspecified blocking constraint?' was applied 3 times.
  - rule 'dual: reduced domain' was applied 1 time.
  - rule 'linear inclusion: redundant containing constraint' was applied 5 times.
  - rule 'linear inclusion: redundant included constraint' was applied 5 times.
  - rule 'linear matrix: common vertical rectangle' was applied 62 times.
  - rule 'linear1: x in domain' was applied 1 time.
  - rule 'linear: variable substitution 2' was applied 1 time.
  - rule 'linear: variable substitution 3' was applied 1 time.
  - rule 'presolve: 1 unused variables removed.' was applied 1 time.
  - rule 'presolve: iteration' was applied 3 times.

Presolved optimization model '': (model_fingerprint: 0x75bafd3b05468277)
#Variables: 85 (#ints: 1 in objective) (50 primary variables)
  - 24 Booleans in [0,1]
  - 1 in [-37,2]
  - 1 in [-35,4]
  - 1 in [-4,35]
  - 3 in [-3,1]
  - 5 in [-2,1]
  - 9 in [-2,2]
  - 1 in [-2,33]
  - 1 in [-2,37]
  - 11 in [-1,1]
  - 2 in [-1,2]
  - 12 in [-1,3]
  - 9 in [0,2]
  - 1 in [0,3]
  - 2 in [0,4]
  - 1 in [0,33]
  - 1 in [0,35]
#kLinear3: 55
#kLinearN: 507 (#terms: 4'574)
[Symmetry] Graph for symmetry has 823 nodes and 4'915 arcs.
[Symmetry] Symmetry computation done. time: 0.000226251 dtime: 0.00022355

Preloading model.
#Bound   0.49s best:inf   next:[0,33]     initial_domain
#Model   0.49s var:85/85 constraints:562/562

Starting search at 0.49s with 2 workers.
1 full problem subsolver: [default_lp]
1 first solution subsolver: [fj]
9 interleaved subsolvers: [feasibility_pump, graph_arc_lns, graph_cst_lns, graph_dec_lns, graph_var_lns, ls, rins/rens, rnd_cst_lns, rnd_var_lns]
3 helper subsolvers: [neighborhood_helper, synchronization_agent, update_gap_integral]

#1       0.55s best:17    next:[0,16]     fj_restart(batch:1 lin{mvs:282 evals:2'719} #w_updates:96 #perturb:0)
#Bound   0.57s best:17    next:[5,16]     default_lp
#Bound   0.58s best:17    next:[9,16]     default_lp
#2       0.60s best:13    next:[9,12]     default_lp
#Bound   1.11s best:13    next:[10,12]    default_lp
#Model   1.18s var:84/85 constraints:562/562
#Bound   1.55s best:13    next:[11,12]    default_lp
#Model   1.60s var:83/85 constraints:562/562
#Model   1.74s var:82/85 constraints:562/562
#Bound   1.79s best:13    next:[12,12]    default_lp
#Done    1.87s default_lp

Task timing                   n [     min,      max]      avg      dev     time         n [     min,      max]      avg      dev    dtime
        'default_lp':         1 [   1.35s,    1.35s]    1.35s   0.00ns    1.35s         2 [ 12.42ms, 349.99ms] 181.21ms 168.78ms 362.42ms
  'feasibility_pump':         4 [  3.09ms,  54.38ms]  29.73ms  18.72ms 118.92ms         3 [ 13.37ms,  24.30ms]  17.81ms   4.69ms  53.44ms
                'fj':         1 [ 10.71ms,  10.71ms]  10.71ms   0.00ns  10.71ms         1 [  6.48ms,   6.48ms]   6.48ms   0.00ns   6.48ms
     'graph_arc_lns':         4 [952.14us,   3.85ms]   1.77ms   1.21ms   7.07ms         0 [  0.00ns,   0.00ns]   0.00ns   0.00ns   0.00ns
     'graph_cst_lns':         4 [608.28us,   1.98ms]   1.08ms 559.59us   4.31ms         0 [  0.00ns,   0.00ns]   0.00ns   0.00ns   0.00ns
     'graph_dec_lns':         4 [974.49us,   1.14ms]   1.03ms  62.61us   4.13ms         0 [  0.00ns,   0.00ns]   0.00ns   0.00ns   0.00ns
     'graph_var_lns':         4 [  1.84ms,  86.33ms]  28.04ms  34.53ms 112.15ms         4 [ 10.00ns, 395.86us] 113.38us 164.78us 453.53us
                'ls':         4 [ 39.60ms, 225.58ms] 139.21ms  67.75ms 556.84ms         4 [ 14.61ms, 100.02ms]  78.66ms  36.98ms 314.65ms
         'rins/rens':         5 [ 90.75us,  98.21ms]  32.02ms  36.03ms 160.11ms         3 [ 57.64us, 246.57us] 129.78us  83.34us 389.34us
       'rnd_cst_lns':         5 [  2.80ms,  62.24ms]  25.08ms  22.78ms 125.42ms         4 [ 10.00ns, 676.70us] 191.56us 282.47us 766.22us
       'rnd_var_lns':         5 [  1.26ms,  97.99ms]  21.43ms  38.29ms 107.16ms         3 [ 10.00ns, 251.62us]  83.88us 118.61us 251.64us

Search stats     Bools  Conflicts  Branches  Restarts  BacktrackToRoot  Backtrack  BoolPropag  IntegerPropag
  'default_lp':     25        442     1'035         1              363        789         610         15'103

SAT formula      Fixed  Equiv  Total  VarLeft  BinaryClauses  PermanentClauses  TemporaryClauses
  'default_lp':      5      0     25       20              2                14                 7

SAT stats        ClassicMinim  LitRemoved  LitRemovedBinary  LitLearned  LitForgotten  Subsumed
  'default_lp':           260         548               132       2'610             0       282

Vivification     Clauses  Decisions  LitTrue  Subsumed  LitRemoved  DecisionReused  Conflicts
  'default_lp':       45        189        0         1           8              35          0

Clause deletion    at_true  l_and_not(l)  to_binary  sub_conflict  sub_extra  sub_decisions  sub_eager  sub_vivify  sub_probing  sub_inpro  blocked  eliminated  forgotten  promoted  conflicts
    'default_lp':       96             0          0           275          4             21          7           1            0          0        0           0          0       490        442

Lp stats         Component  Iterations  AddedCuts  OPTIMAL  DUAL_F.  DUAL_U.
  'default_lp':          1       8'920        188      685        0      416

Lp dimension     Final dimension of first component
  'default_lp':  291 rows, 85 columns, 2171 entries

Lp debug         CutPropag  CutEqPropag  Adjust  Overflow    Bad  BadScaling
  'default_lp':          0            0     392         0  1'006           0

Lp pool          Constraints  Updates  Simplif  Merged  Shortened  Split  Strengthened  Cuts/Call
  'default_lp':          750      262      533       0        557      3             0    188/423

Lp Cut           default_lp
          CG_R:          23
         CG_RB:          20
        CG_RBP:          13
            IB:          29
       MIR_1_R:          42
      MIR_2_FF:           2
       MIR_2_R:          23
       MIR_3_R:          15
       MIR_4_R:           6
       MIR_5_R:           4
       MIR_6_R:           1
  ZERO_HALF_FF:           1
   ZERO_HALF_R:           9

LNS stats           Improv/Calls  Closed  Difficulty  TimeLimit
  'graph_arc_lns':           3/3    100%    8.76e-01       0.10
  'graph_cst_lns':           2/2    100%    8.14e-01       0.10
  'graph_dec_lns':           0/0      0%    5.00e-01       0.10
  'graph_var_lns':           2/4    100%    9.14e-01       0.10
      'rins/rens':           4/4    100%    9.14e-01       0.10
    'rnd_cst_lns':           2/4    100%    9.14e-01       0.10
    'rnd_var_lns':           3/5    100%    9.39e-01       0.10

LS stats                        Batches  Restarts/Perturbs  LinMoves  GenMoves  CompoundMoves  Bactracks  WeightUpdates  ScoreComputed
                 'fj_restart':        1                  1       282         0              0          0             96          5'116
                 'ls_restart':        1                  1     2'412         0              0          0            668        100'733
           'ls_restart_decay':        1                  1       716         0              0          0            140         10'923
  'ls_restart_decay_compound':        1                  1         0     3'352            513      1'414              8         98'973
         'ls_restart_perturb':        1                  1     2'304         0              0          0            800         99'347

Solutions (2)    Num   Rank
  'default_lp':    2  [1,2]
  'fj_restart':    2  [0,1]

Objective bounds     Num
      'default_lp':    5
  'initial_domain':    1

Solution repositories    Added  Queried  Synchro
    'alternative_path':      1        0        1
      'best_solutions':      3       39        3
   'fj solution hints':      0        0        0
        'lp solutions':      0        0        0
                'pump':     24        5

Improving bounds shared    Num  Sym
            'default_lp':   60    0

Clauses shared    #Exported  #Imported  #BinaryRead  #BinaryTotal
   'default_lp':         13          0           13            13

LRAT_status: NA
CpSolverResponse summary:
status: OPTIMAL
objective: 13
best_bound: 13
integers: 85
booleans: 25
conflicts: 442
branches: 1035
propagations: 610
integer_propagations: 15103
restarts: 1
lp_iterations: 8920
walltime: 1.86889
usertime: 1.86889
deterministic_time: 0.753431
gap_integral: 0.470198
solution_fingerprint: 0x638657ed641defdd

status=OPTIMAL objective=13.0 bound=13.0 branches=1035 wall=1.868888s
verified bridge 5+5: parent_M=13 two_thirds_defect=+0.489090614099 hash=72747fd08825248f234877783d68dca54039c474cfad71ba66ac11f58dc9ba53
wrote computations/results/bridge_5_5_sign-1.json
