
Starting CP-SAT solver v9.15.6755
Parameters: max_time_in_seconds: 300 log_search_progress: true num_search_workers: 4 log_to_stdout: true

Initial satisfaction model '': (model_fingerprint: 0x89b213336747653b)
#Variables: 36 (35 primary variables)
  - 35 Booleans in [0,1]
  - 1 constants in {18}
#kLinear1: 1
#kLinearN: 2'048 (#terms: 73'728)

Starting presolve at 0.01s
  3.27e-03s  0.00e+00d  [DetectDominanceRelations]
  3.65e-02s  0.00e+00d  [PresolveToFixPoint] #num_loops=2 #num_dual_strengthening=1
  1.95e-05s  0.00e+00d  [ExtractEncodingFromLinear]
  3.41e-03s  0.00e+00d  [DetectDuplicateColumns]
  1.35e-03s  0.00e+00d  [DetectDuplicateConstraints] #duplicates=1'024
[Symmetry] Graph for symmetry has 1'093 nodes and 34'849 arcs.
[Symmetry] Symmetry computation done. time: 0.00330923 dtime: 0.00739809
[Symmetry] #generators: 2, average support size: 24
[Symmetry] 12 orbits on 32 variables with sizes: 4,4,4,4,2,2,2,2,2,2,...
  7.82e-05s  0.00e+00d  [DetectDuplicateConstraintsWithDifferentEnforcements]
  5.20e-03s  1.75e-03d  [Probe] #probed=68
  6.50e-06s  0.00e+00d  [MaxClique]
  1.18e-03s  0.00e+00d  [DetectDominanceRelations]
  9.89e-03s  0.00e+00d  [PresolveToFixPoint] #num_loops=1 #num_dual_strengthening=1
  4.74e-03s  0.00e+00d  [ProcessAtMostOneAndLinear]
  6.18e-05s  0.00e+00d  [DetectDuplicateConstraints]
  6.00e-05s  0.00e+00d  [DetectDuplicateConstraintsWithDifferentEnforcements]
  7.95e-01s  5.24e-02d  [DetectDominatedLinearConstraints] #relevant_constraints=1'024 #num_inclusions=507'306 #num_redundant=30
  1.44e-04s  0.00e+00d  [DetectDifferentVariables]
  1.00e-03s  0.00e+00d  [ProcessSetPPC] #relevant_constraints=994
  8.92e-05s  0.00e+00d  [TransformClausesToExactlyOne]
  1.86e-05s  0.00e+00d  [DetectEncodedComplexDomains]
  2.46e-05s  0.00e+00d  [FindAlmostIdenticalLinearConstraints]
  2.13e-06s  0.00e+00d  [FindBigAtMostOneAndLinearOverlap]
  3.39e-02s  9.90e-03d  [FindBigVerticalLinearOverlap] #blocks=73 #saved_nz=19'644
  1.58e-04s  6.97e-05d  [FindBigHorizontalLinearOverlap] #linears=994
  7.64e-06s  0.00e+00d  [MergeClauses]
  5.90e-04s  0.00e+00d  [DetectDominanceRelations]
  8.25e-03s  0.00e+00d  [PresolveToFixPoint] #num_loops=2 #num_dual_strengthening=1
  6.25e-04s  0.00e+00d  [DetectDominanceRelations]
  4.66e-03s  0.00e+00d  [PresolveToFixPoint] #num_loops=1 #num_dual_strengthening=1
  3.59e-04s  0.00e+00d  [DetectDuplicateColumns]
  5.38e-05s  0.00e+00d  [DetectDuplicateConstraints]
[Symmetry] Graph for symmetry has 1'265 nodes and 14'241 arcs.
[Symmetry] Symmetry computation done. time: 0.000299739 dtime: 0.00055741
  9.58e-05s  0.00e+00d  [DetectDuplicateConstraintsWithDifferentEnforcements]
  6.90e-03s  1.18e-03d  [Probe] #probed=68
  7.60e-06s  0.00e+00d  [MaxClique]
  5.83e-04s  0.00e+00d  [DetectDominanceRelations]
  4.72e-03s  0.00e+00d  [PresolveToFixPoint] #num_loops=1 #num_dual_strengthening=1
  2.49e-03s  0.00e+00d  [ProcessAtMostOneAndLinear]
  5.41e-05s  0.00e+00d  [DetectDuplicateConstraints]
  5.18e-05s  0.00e+00d  [DetectDuplicateConstraintsWithDifferentEnforcements]
  7.50e-04s  1.51e-04d  [DetectDominatedLinearConstraints] #relevant_constraints=1'066
  1.01e-04s  0.00e+00d  [DetectDifferentVariables]
  2.03e-04s  0.00e+00d  [ProcessSetPPC] #relevant_constraints=187
  4.23e-05s  0.00e+00d  [TransformClausesToExactlyOne]
  8.57e-06s  0.00e+00d  [DetectEncodedComplexDomains]
  2.69e-05s  6.40e-07d  [FindAlmostIdenticalLinearConstraints] #num_tested_pairs=42
  1.28e-06s  0.00e+00d  [FindBigAtMostOneAndLinearOverlap]
  6.21e-03s  1.99e-03d  [FindBigVerticalLinearOverlap] #blocks=28 #saved_nz=1'700
  1.43e-04s  6.07e-05d  [FindBigHorizontalLinearOverlap] #linears=994
  7.63e-06s  0.00e+00d  [MergeClauses]
  5.27e-04s  0.00e+00d  [DetectDominanceRelations]
  6.91e-03s  0.00e+00d  [PresolveToFixPoint] #num_loops=2 #num_dual_strengthening=1
  5.25e-04s  0.00e+00d  [DetectDominanceRelations]
  4.19e-03s  0.00e+00d  [PresolveToFixPoint] #num_loops=1 #num_dual_strengthening=1
  2.73e-04s  0.00e+00d  [DetectDuplicateColumns]
  5.11e-05s  0.00e+00d  [DetectDuplicateConstraints]
[Symmetry] Graph for symmetry has 1'345 nodes and 12'567 arcs.
[Symmetry] Symmetry computation done. time: 0.000283219 dtime: 0.00052097
  6.08e-05s  0.00e+00d  [DetectDuplicateConstraintsWithDifferentEnforcements]
  6.66e-03s  1.07e-03d  [Probe] #probed=68
  6.97e-06s  0.00e+00d  [MaxClique]
  5.27e-04s  0.00e+00d  [DetectDominanceRelations]
  4.22e-03s  0.00e+00d  [PresolveToFixPoint] #num_loops=1 #num_dual_strengthening=1
  1.84e-03s  0.00e+00d  [ProcessAtMostOneAndLinear]
  5.13e-05s  0.00e+00d  [DetectDuplicateConstraints]
  5.13e-05s  0.00e+00d  [DetectDuplicateConstraintsWithDifferentEnforcements]
  5.64e-04s  1.12e-04d  [DetectDominatedLinearConstraints] #relevant_constraints=1'092
  9.41e-05s  0.00e+00d  [DetectDifferentVariables]
  1.67e-04s  0.00e+00d  [ProcessSetPPC] #relevant_constraints=20
  3.36e-05s  0.00e+00d  [TransformClausesToExactlyOne]
  8.17e-06s  0.00e+00d  [DetectEncodedComplexDomains]
  3.42e-05s  2.09e-06d  [FindAlmostIdenticalLinearConstraints] #num_tested_pairs=136
  1.40e-06s  0.00e+00d  [FindBigAtMostOneAndLinearOverlap]
  4.46e-03s  1.54e-03d  [FindBigVerticalLinearOverlap] #blocks=11 #saved_nz=507
  1.50e-04s  5.81e-05d  [FindBigHorizontalLinearOverlap] #linears=996
  7.39e-06s  0.00e+00d  [MergeClauses]
  5.26e-04s  0.00e+00d  [DetectDominanceRelations]
  5.61e-03s  0.00e+00d  [PresolveToFixPoint] #num_loops=2 #num_dual_strengthening=1
  5.19e-06s  0.00e+00d  [MergeNoOverlap]
  5.32e-06s  0.00e+00d  [MergeNoOverlap2D]

Presolve summary:
  - 0 affine relations were detected.
  - rule 'duplicate: merged rhs of linear constraint' was applied 1'024 times.
  - rule 'duplicate: removed constraint' was applied 1'024 times.
  - rule 'linear inclusion: redundant containing constraint' was applied 15 times.
  - rule 'linear inclusion: redundant included constraint' was applied 15 times.
  - rule 'linear matrix: common vertical rectangle' was applied 112 times.
  - rule 'linear1: x in domain' was applied 1 time.
  - rule 'linear: divide by GCD' was applied 2'048 times.
  - rule 'linear: variable substitution 2' was applied 2 times.
  - rule 'linear: variable substitution 3' was applied 1 time.
  - rule 'presolve: 2 unused variables removed.' was applied 1 time.
  - rule 'presolve: iteration' was applied 3 times.

Presolved satisfaction model '': (model_fingerprint: 0xe03b5ff0963fba0c)
#Variables: 143 (86 primary variables)
  - 34 Booleans in [0,1]
  - 4 in [-4,1]
  - 5 in [-3,1]
  - 3 in [-3,2]
  - 7 in [-2,1]
  - 14 in [-2,2]
  - 5 in [-2,3]
  - 14 in [-1,1]
  - 7 in [-1,2]
  - 18 in [-1,3]
  - 3 in [-1,4]
  - 1 in [-1,5]
  - 15 in [0,2]
  - 6 in [0,3]
  - 6 in [0,4]
  - 1 in [0,5]
#kLinear3: 103
#kLinearN: 1'000 (#terms: 11'635)
[Symmetry] Graph for symmetry has 1'373 nodes and 12'071 arcs.
[Symmetry] Symmetry computation done. time: 0.000277041 dtime: 0.00050981

Preloading model.
#Model   1.02s var:143/143 constraints:1103/1103

Starting search at 1.02s with 4 workers.
3 full problem subsolvers: [default_lp, max_lp, no_lp]
1 first solution subsolver: [fj]
2 interleaved subsolvers: [feasibility_pump, rins/rens]
2 helper subsolvers: [neighborhood_helper, synchronization_agent]

#1      11.80s max_lp

Task timing                   n [     min,      max]      avg      dev     time         n [     min,      max]      avg      dev    dtime
        'default_lp':         1 [  10.78s,   10.78s]   10.78s   0.00ns   10.78s         2 [  6.96ms,    6.94s]    3.48s    3.47s    6.95s
  'feasibility_pump':        55 [  2.29ms,  19.00ms]   2.99ms   2.23ms 164.19ms        54 [621.86us,  26.69ms]   1.15ms   3.51ms  61.86ms
                'fj':        55 [ 71.92ms, 133.21ms]  84.05ms   8.33ms    4.62s        55 [ 86.85ms, 100.16ms]  99.81ms   1.76ms    5.49s
            'max_lp':         1 [  10.78s,   10.78s]   10.78s   0.00ns   10.78s         2 [ 10.79ms,    7.20s]    3.60s    3.59s    7.21s
             'no_lp':         1 [  10.78s,   10.78s]   10.78s   0.00ns   10.78s         2 [  1.04ms,    2.02s]    1.01s    1.01s    2.02s
         'rins/rens':        15 [  1.14ms, 772.72ms] 399.39ms 320.31ms    5.99s        10 [ 29.29ms, 100.06ms]  80.43ms  27.93ms 804.26ms

Search stats     Bools  Conflicts  Branches  Restarts  BacktrackToRoot  Backtrack  BoolPropag  IntegerPropag
  'default_lp':     34      4'128     8'953        42            3'152      7'090       5'494        173'543
      'max_lp':     34      4'873    11'034        39            3'064      7'775       7'875        222'963
       'no_lp':     34     37'997    64'547       273           16'476     53'167      54'055      1'995'542

SAT formula      Fixed  Equiv  Total  VarLeft  BinaryClauses  PermanentClauses  TemporaryClauses
  'default_lp':      0      0     34       34              0                 4             2'049
      'max_lp':      0      0     34       34              0                 6             1'961
       'no_lp':      0      0     34       34              0                 2             3'460

SAT stats        ClassicMinim  LitRemoved  LitRemovedBinary  LitLearned  LitForgotten  Subsumed
  'default_lp':         1'903       4'561                 0      57'951             0     1'846
      'max_lp':         2'702       8'307                 0      66'050             0     2'230
       'no_lp':        29'868     110'384                 0     724'414        86'615    28'994

Vivification     Clauses  Decisions  LitTrue  Subsumed  LitRemoved  DecisionReused  Conflicts
  'default_lp':      151        889        0         0           0              58          0
      'max_lp':      286      1'929        0         0           0              74          0
       'no_lp':      398      2'289        0         0           0              91          0

Clause deletion    at_true  l_and_not(l)  to_binary  sub_conflict  sub_extra  sub_decisions  sub_eager  sub_vivify  sub_probing  sub_inpro  blocked  eliminated  forgotten  promoted  conflicts
    'default_lp':        0             0          0         1'778         83            145         68           0            0          1        0           0          0     8'193      4'128
        'max_lp':        0             0          0         2'096         56            165        134           0            0        457        0           0          0     9'846      4'873
         'no_lp':        0             0          0        27'321        223          1'246      1'673           0            0         13        0           0      4'061    73'863     37'997

Lp stats         Component  Iterations  AddedCuts  OPTIMAL  DUAL_F.  DUAL_U.
  'default_lp':          1     102'908      2'547    6'255        0    3'877
      'max_lp':          1      97'470      2'369    3'897    3'008    4'578

Lp dimension      Final dimension of first component
  'default_lp':  318 rows, 143 columns, 3089 entries
      'max_lp':  411 rows, 143 columns, 6326 entries

Lp debug         CutPropag  CutEqPropag  Adjust  Overflow     Bad  BadScaling
  'default_lp':          0            2   3'712         0  10'023           0
      'max_lp':          0           18   4'548         0   9'465           0

Lp pool          Constraints  Updates  Simplif  Merged  Shortened  Split  Strengthened    Cuts/Call
  'default_lp':        3'650      777        0       0          0      0             0  2'547/3'408
      'max_lp':        3'472      955        0       0          0      0             0  2'369/3'130

Lp Cut           max_lp  default_lp
         CG_FF:     297         327
          CG_K:     308         345
          CG_R:     467         467
         CG_RB:     487         488
        CG_RBP:     469         457
            IB:       -          96
  ZERO_HALF_FF:      19          34
   ZERO_HALF_R:     322         333

LNS stats       Improv/Calls  Closed  Difficulty  TimeLimit
  'rins/rens':         15/15     60%    8.92e-01       0.10

LS stats                                    Batches  Restarts/Perturbs  LinMoves  GenMoves  CompoundMoves  Bactracks  WeightUpdates  ScoreComputed
                             'fj_restart':        6                  3     8'871         0              0          0          2'254        414'163
                    'fj_restart_compound':        4                  3         0     8'311          1'271      3'514             22        260'643
                'fj_restart_compound_obj':        4                  3         0     8'332          1'181      3'565             22        257'982
            'fj_restart_compound_perturb':        2                  1         0     4'306            615      1'841             11        130'129
        'fj_restart_compound_perturb_obj':        1                  1         0     2'252            381        935              6         64'337
                       'fj_restart_decay':        2                  2     3'914         0              0          0            257        134'862
              'fj_restart_decay_compound':        7                  3         0    14'151          2'221      5'953             28        462'618
          'fj_restart_decay_compound_obj':        6                  3         0    12'012          1'928      5'028             27        393'366
      'fj_restart_decay_compound_perturb':        2                  2         0     4'169            779      1'692              9        132'845
  'fj_restart_decay_compound_perturb_obj':        1                  1         0     2'279            309        983              4         65'789
                   'fj_restart_decay_obj':        3                  2     5'899         0              0          0            415        201'731
               'fj_restart_decay_perturb':        6                  2    11'039         0              0          0            787        393'413
           'fj_restart_decay_perturb_obj':        5                  3     9'759         0              0          0            665        336'941
                         'fj_restart_obj':        2                  1     2'720         0              0          0            688        137'460
                     'fj_restart_perturb':        2                  1     3'096         0              0          0            824        139'189
                 'fj_restart_perturb_obj':        2                  2     2'898         0              0          0            610        137'081

Solutions (1)    Num   Rank
      'max_lp':    1  [0,0]

Solution repositories    Added  Queried  Synchro
    'alternative_path':      0        0        0
      'best_solutions':      1        0        1
   'fj solution hints':     25        0       25
        'lp solutions':     63       15       61
                'pump':      0        0

Clauses shared    #Exported  #Imported  #BinaryRead  #BinaryTotal
   'default_lp':          2          0            0             0
       'max_lp':          0          2            0             0
        'no_lp':          0          2            0             0

LRAT_status: NA
CpSolverResponse summary:
status: OPTIMAL
objective: NA
best_bound: NA
integers: 143
booleans: 34
conflicts: 4873
branches: 11034
propagations: 7875
integer_propagations: 222963
restarts: 39
lp_iterations: 97470
walltime: 11.8064
usertime: 11.8064
deterministic_time: 22.607
gap_integral: 0
solution_fingerprint: 0xbebcdc30102e1178

status=OPTIMAL objective=0.0 bound=0.0 branches=11034 wall=11.806371s
verified bridge 5+7: parent_M=18 two_thirds_defect=+0.021694644608 hash=84421b02a964c27cf7be0dae55d603aaeb68c75d128283d58c8fb46f17e8c268
wrote computations/results/bridge_grid_5_7_sign1_cap18.json
