
Starting CP-SAT solver v9.15.6755
Parameters: max_time_in_seconds: 300 log_search_progress: true num_search_workers: 4 log_to_stdout: true

Initial satisfaction model '': (model_fingerprint: 0xe5cadb18b55b70cc)
#Variables: 16 (15 primary variables)
  - 15 Booleans in [0,1]
  - 1 constants in {10}
#kLinear1: 1
#kLinearN: 128 (#terms: 2'048)

Starting presolve at 0.00s
  1.06e-04s  0.00e+00d  [DetectDominanceRelations]
  1.16e-03s  0.00e+00d  [PresolveToFixPoint] #num_loops=2 #num_dual_strengthening=1
  4.40e-06s  0.00e+00d  [ExtractEncodingFromLinear]
  8.01e-05s  0.00e+00d  [DetectDuplicateColumns]
  3.84e-05s  0.00e+00d  [DetectDuplicateConstraints] #duplicates=64
[Symmetry] Graph for symmetry has 93 nodes and 909 arcs.
[Symmetry] Symmetry computation done. time: 8.2291e-05 dtime: 0.00010301
[Symmetry] #generators: 1, average support size: 10
[Symmetry] 5 orbits on 10 variables with sizes: 2,2,2,2,2
  6.58e-06s  0.00e+00d  [DetectDuplicateConstraintsWithDifferentEnforcements]
  3.33e-04s  4.71e-05d  [Probe] #probed=28
  2.56e-06s  0.00e+00d  [MaxClique]
  6.82e-05s  0.00e+00d  [DetectDominanceRelations]
  3.43e-04s  0.00e+00d  [PresolveToFixPoint] #num_loops=1 #num_dual_strengthening=1
  1.38e-04s  0.00e+00d  [ProcessAtMostOneAndLinear]
  1.49e-05s  0.00e+00d  [DetectDuplicateConstraints]
  4.15e-06s  0.00e+00d  [DetectDuplicateConstraintsWithDifferentEnforcements]
  1.40e-03s  8.05e-05d  [DetectDominatedLinearConstraints] #relevant_constraints=64 #num_inclusions=1'810 #num_redundant=4
  6.43e-06s  0.00e+00d  [DetectDifferentVariables]
  1.54e-05s  0.00e+00d  [ProcessSetPPC] #relevant_constraints=60
  1.41e-05s  0.00e+00d  [TransformClausesToExactlyOne]
  1.84e-06s  0.00e+00d  [DetectEncodedComplexDomains]
  1.09e-06s  0.00e+00d  [FindAlmostIdenticalLinearConstraints]
  8.04e-07s  0.00e+00d  [FindBigAtMostOneAndLinearOverlap]
  3.24e-04s  1.22e-04d  [FindBigVerticalLinearOverlap]
  9.21e-06s  4.20e-06d  [FindBigHorizontalLinearOverlap] #linears=60
  1.40e-06s  0.00e+00d  [MergeClauses]
  3.98e-05s  0.00e+00d  [DetectDominanceRelations]
  2.90e-04s  0.00e+00d  [PresolveToFixPoint] #num_loops=1 #num_dual_strengthening=1
  3.78e-05s  0.00e+00d  [DetectDominanceRelations]
  2.79e-04s  0.00e+00d  [PresolveToFixPoint] #num_loops=1 #num_dual_strengthening=1
  2.03e-05s  0.00e+00d  [DetectDuplicateColumns]
  4.77e-06s  0.00e+00d  [DetectDuplicateConstraints]
[Symmetry] Graph for symmetry has 89 nodes and 853 arcs.
[Symmetry] Symmetry computation done. time: 7.0123e-05 dtime: 9.757e-05
[Symmetry] #generators: 1, average support size: 10
[Symmetry] 5 orbits on 10 variables with sizes: 2,2,2,2,2
  6.10e-06s  0.00e+00d  [DetectDuplicateConstraintsWithDifferentEnforcements]
  2.53e-04s  4.43e-05d  [Probe] #probed=28
  1.33e-06s  0.00e+00d  [MaxClique]
  4.01e-05s  0.00e+00d  [DetectDominanceRelations]
  2.87e-04s  0.00e+00d  [PresolveToFixPoint] #num_loops=1 #num_dual_strengthening=1
  1.26e-04s  0.00e+00d  [ProcessAtMostOneAndLinear]
  1.47e-05s  0.00e+00d  [DetectDuplicateConstraints]
  3.96e-06s  0.00e+00d  [DetectDuplicateConstraintsWithDifferentEnforcements]
  1.44e-03s  7.86e-05d  [DetectDominatedLinearConstraints] #relevant_constraints=60 #num_inclusions=1'770
  5.59e-06s  0.00e+00d  [DetectDifferentVariables]
  1.44e-05s  0.00e+00d  [ProcessSetPPC] #relevant_constraints=60
  1.30e-05s  0.00e+00d  [TransformClausesToExactlyOne]
  9.57e-07s  0.00e+00d  [DetectEncodedComplexDomains]
  1.04e-06s  0.00e+00d  [FindAlmostIdenticalLinearConstraints]
  5.26e-07s  0.00e+00d  [FindBigAtMostOneAndLinearOverlap]
  3.06e-04s  1.22e-04d  [FindBigVerticalLinearOverlap]
  8.51e-06s  4.20e-06d  [FindBigHorizontalLinearOverlap] #linears=60
  9.19e-07s  0.00e+00d  [MergeClauses]
  3.99e-05s  0.00e+00d  [DetectDominanceRelations]
  2.86e-04s  0.00e+00d  [PresolveToFixPoint] #num_loops=1 #num_dual_strengthening=1
  1.15e-06s  0.00e+00d  [MergeNoOverlap]
  9.26e-07s  0.00e+00d  [MergeNoOverlap2D]

Presolve summary:
  - 0 affine relations were detected.
  - rule 'duplicate: merged rhs of linear constraint' was applied 64 times.
  - rule 'duplicate: removed constraint' was applied 64 times.
  - rule 'linear inclusion: redundant included constraint' was applied 4 times.
  - rule 'linear1: x in domain' was applied 1 time.
  - rule 'linear: divide by GCD' was applied 128 times.
  - rule 'presolve: 2 unused variables removed.' was applied 1 time.
  - rule 'presolve: iteration' was applied 2 times.

Presolved satisfaction model '': (model_fingerprint: 0xb3fdbb8967a0766e)
#Variables: 14 (14 primary variables)
  - 14 Booleans in [0,1]
#kLinearN: 60 (#terms: 840)
[Symmetry] Graph for symmetry has 87 nodes and 853 arcs.
[Symmetry] Symmetry computation done. time: 6.4295e-05 dtime: 9.745e-05
[Symmetry] #generators: 1, average support size: 10
[Symmetry] 5 orbits on 10 variables with sizes: 2,2,2,2,2

Preloading model.
#Model   0.01s var:14/14 constraints:60/60

Starting search at 0.01s with 4 workers.
3 full problem subsolvers: [default_lp, max_lp_sym, no_lp]
1 first solution subsolver: [fj]
2 interleaved subsolvers: [feasibility_pump, rins/rens]
2 helper subsolvers: [neighborhood_helper, synchronization_agent]

#1       0.01s no_lp

Task timing                   n [     min,      max]      avg      dev     time         n [     min,      max]      avg      dev    dtime
        'default_lp':         1 [  3.53ms,   3.53ms]   3.53ms   0.00ns   3.53ms         2 [ 38.87us, 254.24us] 146.56us 107.68us 293.11us
  'feasibility_pump':         1 [  2.97ms,   2.97ms]   2.97ms   0.00ns   2.97ms         0 [  0.00ns,   0.00ns]   0.00ns   0.00ns   0.00ns
                'fj':         0 [  0.00ns,   0.00ns]   0.00ns   0.00ns   0.00ns         0 [  0.00ns,   0.00ns]   0.00ns   0.00ns   0.00ns
        'max_lp_sym':         1 [  2.96ms,   2.96ms]   2.96ms   0.00ns   2.96ms         1 [ 79.60us,  79.60us]  79.60us   0.00ns  79.60us
             'no_lp':         1 [  3.05ms,   3.05ms]   3.05ms   0.00ns   3.05ms         1 [254.12us, 254.12us] 254.12us   0.00ns 254.12us
         'rins/rens':         0 [  0.00ns,   0.00ns]   0.00ns   0.00ns   0.00ns         0 [  0.00ns,   0.00ns]   0.00ns   0.00ns   0.00ns

Search stats     Bools  Conflicts  Branches  Restarts  BacktrackToRoot  Backtrack  BoolPropag  IntegerPropag
  'default_lp':     14         20        82         0               56         75          48             90
  'max_lp_sym':     14          0        28         0               28         28           0             28
       'no_lp':     14         40       103         0               56         96         152            106

SAT formula      Fixed  Equiv  Total  VarLeft  BinaryClauses  PermanentClauses  TemporaryClauses
  'default_lp':      0      0     14       14              0                 3                 5
  'max_lp_sym':      0      0     14       14              0                 0                 0
       'no_lp':      0      0     14       14              0                 0                14

SAT stats        ClassicMinim  LitRemoved  LitRemovedBinary  LitLearned  LitForgotten  Subsumed
  'default_lp':             9          12                 0         161             0        10
  'max_lp_sym':             0           0                 0           0             0         0
       'no_lp':            26          41                 0         356             0        26

Vivification     Clauses  Decisions  LitTrue  Subsumed  LitRemoved  DecisionReused  Conflicts
  'default_lp':        0          0        0         0           0               0          0
  'max_lp_sym':        0          0        0         0           0               0          0
       'no_lp':        0          0        0         0           0               0          0

Clause deletion    at_true  l_and_not(l)  to_binary  sub_conflict  sub_extra  sub_decisions  sub_eager  sub_vivify  sub_probing  sub_inpro  blocked  eliminated  forgotten  promoted  conflicts
    'default_lp':        0             0          0             9          0              2          1           0            0          0        0           0          0        30         20
    'max_lp_sym':        0             0          0             0          0              0          0           0            0          0        0           0          0         0          0
         'no_lp':        0             0          0            26          0              0          0           0            0          0        0           0          0        79         40

Lp stats         Component  Iterations  AddedCuts  OPTIMAL  DUAL_F.  DUAL_U.
  'default_lp':          1          43          0       18        0        7
  'max_lp_sym':          1           9         10        2        0        0

Lp dimension     Final dimension of first component
  'default_lp':    20 rows, 14 columns, 280 entries
  'max_lp_sym':     43 rows, 9 columns, 322 entries

Lp debug         CutPropag  CutEqPropag  Adjust  Overflow  Bad  BadScaling
  'default_lp':          0            0       0         0    0           0
  'max_lp_sym':          0            0       0         0   23           0

Lp pool          Constraints  Updates  Simplif  Merged  Shortened  Split  Strengthened  Cuts/Call
  'default_lp':           60        0        0       0          0      0             0        0/0
  'max_lp_sym':           46        0        0       0          0      0            20      10/35

Lp Cut           max_lp_sym
         CG_FF:           4
          CG_K:           1
          CG_R:           2
  ZERO_HALF_FF:           3

LNS stats       Improv/Calls  Closed  Difficulty  TimeLimit
  'rins/rens':           0/0      0%    5.00e-01       0.10

Solutions (1)    Num   Rank
       'no_lp':    1  [0,0]

Solution repositories    Added  Queried  Synchro
    'alternative_path':      0        0        0
      'best_solutions':      1        0        1
   'fj solution hints':      0        0        0
        'lp solutions':      0        0        0
                'pump':      0        0

Clauses shared    #Exported  #Imported  #BinaryRead  #BinaryTotal
   'default_lp':          0          0            0             0
   'max_lp_sym':          0          0            0             0
        'no_lp':          0          0            0             0

LRAT_status: NA
CpSolverResponse summary:
status: OPTIMAL
objective: NA
best_bound: NA
integers: 14
booleans: 14
conflicts: 40
branches: 103
propagations: 152
integer_propagations: 106
restarts: 0
lp_iterations: 0
walltime: 0.0154019
usertime: 0.015402
deterministic_time: 0.00112942
gap_integral: 0
solution_fingerprint: 0xbfeb55038bc25670

status=OPTIMAL objective=0.0 bound=0.0 branches=103 wall=0.015402s
verified bridge 3+5: parent_M=10 two_thirds_defect=+0.041662910771 hash=d2530e8d28c6b76f19ec0e9f699af9120e3dccda068cd093463d8c5efc617ae3
wrote computations/results/bridge_grid_3_5_sign-1_cap10.json
