
Starting CP-SAT solver v9.15.6755
Parameters: max_time_in_seconds: 300 log_search_progress: true num_search_workers: 4 log_to_stdout: true

Initial satisfaction model '': (model_fingerprint: 0x64066c9bd7d6fd89)
#Variables: 29 (28 primary variables)
  - 28 Booleans in [0,1]
  - 1 constants in {17}
#kLinear1: 1
#kLinearN: 1'024 (#terms: 29'696)

Starting presolve at 0.00s
  1.33e-03s  0.00e+00d  [DetectDominanceRelations]
  1.50e-02s  0.00e+00d  [PresolveToFixPoint] #num_loops=2 #num_dual_strengthening=1
  9.01e-06s  0.00e+00d  [ExtractEncodingFromLinear]
  1.28e-03s  0.00e+00d  [DetectDuplicateColumns]
  4.71e-04s  0.00e+00d  [DetectDuplicateConstraints] #duplicates=512
[Symmetry] Graph for symmetry has 567 nodes and 13'850 arcs.
[Symmetry] Symmetry computation done. time: 0.00115117 dtime: 0.00250386
[Symmetry] #generators: 2, average support size: 15
[Symmetry] 9 orbits on 22 variables with sizes: 4,4,2,2,2,2,2,2,2
  3.74e-05s  0.00e+00d  [DetectDuplicateConstraintsWithDifferentEnforcements]
  2.21e-03s  6.96e-04d  [Probe] #probed=54
  4.34e-06s  0.00e+00d  [MaxClique]
  4.89e-04s  0.00e+00d  [DetectDominanceRelations]
  3.93e-03s  0.00e+00d  [PresolveToFixPoint] #num_loops=1 #num_dual_strengthening=1
  1.89e-03s  0.00e+00d  [ProcessAtMostOneAndLinear]
  3.05e-05s  0.00e+00d  [DetectDuplicateConstraints]
  2.88e-05s  0.00e+00d  [DetectDuplicateConstraintsWithDifferentEnforcements]
  1.42e-01s  9.21e-03d  [DetectDominatedLinearConstraints] #relevant_constraints=512 #num_inclusions=111'772 #num_redundant=70
  5.90e-05s  0.00e+00d  [DetectDifferentVariables]
  1.50e-04s  0.00e+00d  [ProcessSetPPC] #relevant_constraints=442
  2.17e-05s  0.00e+00d  [TransformClausesToExactlyOne]
  4.78e-06s  0.00e+00d  [DetectEncodedComplexDomains]
  5.43e-06s  0.00e+00d  [FindAlmostIdenticalLinearConstraints]
  9.45e-07s  0.00e+00d  [FindBigAtMostOneAndLinearOverlap]
  9.85e-03s  2.81e-03d  [FindBigVerticalLinearOverlap] #blocks=50 #saved_nz=6'844
  6.62e-05s  2.47e-05d  [FindBigHorizontalLinearOverlap] #linears=442
  4.54e-06s  0.00e+00d  [MergeClauses]
  2.29e-04s  0.00e+00d  [DetectDominanceRelations]
  3.24e-03s  0.00e+00d  [PresolveToFixPoint] #num_loops=2 #num_dual_strengthening=1
  2.37e-04s  0.00e+00d  [DetectDominanceRelations]
  1.84e-03s  0.00e+00d  [PresolveToFixPoint] #num_loops=1 #num_dual_strengthening=1
  1.12e-04s  0.00e+00d  [DetectDuplicateColumns]
  2.94e-05s  0.00e+00d  [DetectDuplicateConstraints]
[Symmetry] Graph for symmetry has 634 nodes and 5'153 arcs.
[Symmetry] Symmetry computation done. time: 0.000128091 dtime: 0.00022573
  2.60e-05s  0.00e+00d  [DetectDuplicateConstraintsWithDifferentEnforcements]
  2.25e-03s  3.64e-04d  [Probe] #probed=54
  3.59e-06s  0.00e+00d  [MaxClique]
  2.28e-04s  0.00e+00d  [DetectDominanceRelations]
  1.81e-03s  0.00e+00d  [PresolveToFixPoint] #num_loops=1 #num_dual_strengthening=1
  6.85e-04s  0.00e+00d  [ProcessAtMostOneAndLinear]
  2.39e-05s  0.00e+00d  [DetectDuplicateConstraints]
  2.38e-05s  0.00e+00d  [DetectDuplicateConstraintsWithDifferentEnforcements]
  2.30e-04s  4.11e-05d  [DetectDominatedLinearConstraints] #relevant_constraints=492
  4.36e-05s  0.00e+00d  [DetectDifferentVariables]
  7.23e-05s  0.00e+00d  [ProcessSetPPC]
  2.09e-05s  0.00e+00d  [TransformClausesToExactlyOne]
  4.56e-06s  0.00e+00d  [DetectEncodedComplexDomains]
  1.64e-05s  4.05e-07d  [FindAlmostIdenticalLinearConstraints] #num_tested_pairs=27
  7.19e-07s  0.00e+00d  [FindBigAtMostOneAndLinearOverlap]
  1.67e-03s  5.74e-04d  [FindBigVerticalLinearOverlap] #blocks=4 #saved_nz=154
  6.78e-05s  2.39e-05d  [FindBigHorizontalLinearOverlap] #linears=442
  3.90e-06s  0.00e+00d  [MergeClauses]
  2.22e-04s  0.00e+00d  [DetectDominanceRelations]
  2.21e-03s  0.00e+00d  [PresolveToFixPoint] #num_loops=2 #num_dual_strengthening=1
  2.21e-04s  0.00e+00d  [DetectDominanceRelations]
  1.76e-03s  0.00e+00d  [PresolveToFixPoint] #num_loops=1 #num_dual_strengthening=1
  1.06e-04s  0.00e+00d  [DetectDuplicateColumns]
  2.36e-05s  0.00e+00d  [DetectDuplicateConstraints]
[Symmetry] Graph for symmetry has 646 nodes and 5'003 arcs.
[Symmetry] Symmetry computation done. time: 0.000126188 dtime: 0.00022226
  2.55e-05s  0.00e+00d  [DetectDuplicateConstraintsWithDifferentEnforcements]
  2.21e-03s  3.59e-04d  [Probe] #probed=54
  3.32e-06s  0.00e+00d  [MaxClique]
  2.23e-04s  0.00e+00d  [DetectDominanceRelations]
  1.78e-03s  0.00e+00d  [PresolveToFixPoint] #num_loops=1 #num_dual_strengthening=1
  6.83e-04s  0.00e+00d  [ProcessAtMostOneAndLinear]
  2.39e-05s  0.00e+00d  [DetectDuplicateConstraints]
  2.42e-05s  0.00e+00d  [DetectDuplicateConstraintsWithDifferentEnforcements]
  2.26e-04s  3.84e-05d  [DetectDominatedLinearConstraints] #relevant_constraints=496
  4.23e-05s  0.00e+00d  [DetectDifferentVariables]
  7.09e-05s  0.00e+00d  [ProcessSetPPC]
  2.12e-05s  0.00e+00d  [TransformClausesToExactlyOne]
  4.52e-06s  0.00e+00d  [DetectEncodedComplexDomains]
  1.73e-05s  5.25e-07d  [FindAlmostIdenticalLinearConstraints] #num_tested_pairs=35
  7.36e-07s  0.00e+00d  [FindBigAtMostOneAndLinearOverlap]
  1.65e-03s  5.41e-04d  [FindBigVerticalLinearOverlap] #blocks=7 #saved_nz=251
  6.45e-05s  2.25e-05d  [FindBigHorizontalLinearOverlap] #linears=442
  4.09e-06s  0.00e+00d  [MergeClauses]
  2.15e-04s  0.00e+00d  [DetectDominanceRelations]
  2.33e-03s  0.00e+00d  [PresolveToFixPoint] #num_loops=2 #num_dual_strengthening=1
  2.68e-06s  0.00e+00d  [MergeNoOverlap]
  2.70e-06s  0.00e+00d  [MergeNoOverlap2D]

Presolve summary:
  - 0 affine relations were detected.
  - rule 'duplicate: merged rhs of linear constraint' was applied 512 times.
  - rule 'duplicate: removed constraint' was applied 512 times.
  - rule 'linear inclusion: redundant containing constraint' was applied 36 times.
  - rule 'linear inclusion: redundant included constraint' was applied 34 times.
  - rule 'linear matrix: common vertical rectangle' was applied 61 times.
  - rule 'linear1: x in domain' was applied 1 time.
  - rule 'linear: divide by GCD' was applied 1'024 times.
  - rule 'presolve: 2 unused variables removed.' was applied 1 time.
  - rule 'presolve: iteration' was applied 3 times.

Presolved satisfaction model '': (model_fingerprint: 0xaa0af3431f879929)
#Variables: 88 (49 primary variables)
  - 27 Booleans in [0,1]
  - 6 in [-3,1]
  - 9 in [-2,2]
  - 13 in [-1,1]
  - 3 in [-1,2]
  - 12 in [-1,3]
  - 13 in [0,2]
  - 2 in [0,3]
  - 3 in [0,4]
#kLinear3: 61
#kLinearN: 442 (#terms: 4'502)
[Symmetry] Graph for symmetry has 665 nodes and 4'759 arcs.
[Symmetry] Symmetry computation done. time: 0.000128086 dtime: 0.00021751

Preloading model.
#Model   0.21s var:88/88 constraints:503/503

Starting search at 0.21s with 4 workers.
3 full problem subsolvers: [default_lp, max_lp, no_lp]
1 first solution subsolver: [fj]
2 interleaved subsolvers: [feasibility_pump, rins/rens]
2 helper subsolvers: [neighborhood_helper, synchronization_agent]

#1       0.53s no_lp

Task timing                   n [     min,      max]      avg      dev     time         n [     min,      max]      avg      dev    dtime
        'default_lp':         1 [316.81ms, 316.81ms] 316.81ms   0.00ns 316.81ms         2 [  1.30ms, 129.70ms]  65.50ms  64.20ms 131.01ms
  'feasibility_pump':         4 [916.13us,   6.52ms]   2.85ms   2.26ms  11.38ms         3 [238.29us,   6.90ms]   2.47ms   3.14ms   7.40ms
                'fj':         4 [  1.14ms,  82.59ms]  60.83ms  34.49ms 243.32ms         4 [718.13us, 100.02ms]  75.19ms  43.00ms 300.77ms
            'max_lp':         1 [316.55ms, 316.55ms] 316.55ms   0.00ns 316.55ms         2 [  4.33ms, 171.22ms]  87.77ms  83.45ms 175.55ms
             'no_lp':         1 [316.25ms, 316.25ms] 316.25ms   0.00ns 316.25ms         2 [346.93us,  55.35ms]  27.85ms  27.50ms  55.69ms
         'rins/rens':         4 [  1.16ms,  39.00ms]  15.36ms  14.58ms  61.45ms         3 [ 64.51us,   2.73ms]   1.07ms   1.18ms   3.22ms

Search stats     Bools  Conflicts  Branches  Restarts  BacktrackToRoot  Backtrack  BoolPropag  IntegerPropag
  'default_lp':     27        465       926         4              328        763         736         13'577
      'max_lp':     27        382       788         4              274        633         560         11'037
       'no_lp':     27      2'516     4'651        33            1'545      4'002       4'430         85'894

SAT formula      Fixed  Equiv  Total  VarLeft  BinaryClauses  PermanentClauses  TemporaryClauses
  'default_lp':      0      0     27       27              0                 0               220
      'max_lp':      0      0     27       27              0                 0               203
       'no_lp':      0      0     27       27              0                 0               612

SAT stats        ClassicMinim  LitRemoved  LitRemovedBinary  LitLearned  LitForgotten  Subsumed
  'default_lp':           228         591                 0       6'601             0       215
      'max_lp':           178         461                 0       5'059             0       155
       'no_lp':         1'809       4'616                 0      42'590             0     1'844

Vivification     Clauses  Decisions  LitTrue  Subsumed  LitRemoved  DecisionReused  Conflicts
  'default_lp':        0          0        0         0           0               0          0
      'max_lp':        0          0        0         0           0               0          0
       'no_lp':        0          0        0         0           0               0          0

Clause deletion    at_true  l_and_not(l)  to_binary  sub_conflict  sub_extra  sub_decisions  sub_eager  sub_vivify  sub_probing  sub_inpro  blocked  eliminated  forgotten  promoted  conflicts
    'default_lp':        0             0          0           209          4             26          6           0            0          0        0           0          0       923        465
        'max_lp':        0             0          0           142          1             23         13           0            0          0        0           0          0       714        382
         'no_lp':        0             0          0         1'783         13             47         61           0            0          0        0           0          0     4'969      2'516

Lp stats         Component  Iterations  AddedCuts  OPTIMAL  DUAL_F.  DUAL_U.
  'default_lp':          1       3'436        275      476        0      328
      'max_lp':          1       3'432        222      385       49      302

Lp dimension     Final dimension of first component
  'default_lp':  214 rows, 88 columns, 3156 entries
      'max_lp':  211 rows, 88 columns, 2935 entries

Lp debug         CutPropag  CutEqPropag  Adjust  Overflow  Bad  BadScaling
  'default_lp':          0            0     194         0  403           0
      'max_lp':          0            0     219         0  550           0

Lp pool          Constraints  Updates  Simplif  Merged  Shortened  Split  Strengthened  Cuts/Call
  'default_lp':          778       35        0       0          0      0             0    275/358
      'max_lp':          725       22        0       0          0      0             0    222/296

Lp Cut           default_lp  max_lp
         CG_FF:          36      40
          CG_K:          32      36
          CG_R:          43      39
         CG_RB:          44      42
        CG_RBP:          39      42
            IB:          51       -
      MIR_2_RB:           -       1
  ZERO_HALF_FF:           4       4
   ZERO_HALF_R:          26      18

LNS stats       Improv/Calls  Closed  Difficulty  TimeLimit
  'rins/rens':           4/4    100%    9.14e-01       0.10

LS stats                     Batches  Restarts/Perturbs  LinMoves  GenMoves  CompoundMoves  Bactracks  WeightUpdates  ScoreComputed
              'fj_restart':        2                  2     3'400         0              0          0          2'131         99'102
      'fj_restart_perturb':        1                  1     4'103         0              0          0          4'185         97'690
  'fj_restart_perturb_obj':        1                  1     3'373         0              0          0          2'809        100'614

Solutions (1)    Num   Rank
       'no_lp':    1  [0,0]

Solution repositories    Added  Queried  Synchro
    'alternative_path':      0        0        0
      'best_solutions':      1        0        1
   'fj solution hints':      0        0        0
        'lp solutions':      5        4        4
                'pump':      0        0

Clauses shared    #Exported  #Imported  #BinaryRead  #BinaryTotal
   'default_lp':          0          0            0             0
       'max_lp':          0          0            0             0
        'no_lp':          0          0            0             0

LRAT_status: NA
CpSolverResponse summary:
status: OPTIMAL
objective: NA
best_bound: NA
integers: 88
booleans: 27
conflicts: 2516
branches: 4651
propagations: 4430
integer_propagations: 85894
restarts: 33
lp_iterations: 0
walltime: 0.534433
usertime: 0.534433
deterministic_time: 0.688337
gap_integral: 0
solution_fingerprint: 0xf3f678e48b8cebc4

status=OPTIMAL objective=0.0 bound=0.0 branches=4651 wall=0.534433s
verified bridge 4+7: parent_M=17 two_thirds_defect=-0.235101792254 hash=7a39b5bcdb4d1b9822a80714a915d945e1ad0c44ff4993d45ad5eb54763d03f3
wrote computations/results/bridge_grid_4_7_sign1_cap17.json
