
Starting CP-SAT solver v9.15.6755
Parameters: max_time_in_seconds: 300 log_search_progress: true num_search_workers: 4 log_to_stdout: true

Initial satisfaction model '': (model_fingerprint: 0x780357c8572b91e3)
#Variables: 10 (9 primary variables)
  - 9 Booleans in [0,1]
  - 1 constants in {5}
#kLinear1: 1
#kLinearN: 32 (#terms: 320)

Starting presolve at 0.00s
  2.47e-05s  0.00e+00d  [DetectDominanceRelations]
  2.94e-04s  0.00e+00d  [PresolveToFixPoint] #num_loops=2 #num_dual_strengthening=1
  4.03e-06s  0.00e+00d  [ExtractEncodingFromLinear]
  8.21e-06s  0.00e+00d  [DetectDuplicateColumns]
  1.08e-05s  0.00e+00d  [DetectDuplicateConstraints] #duplicates=6
[Symmetry] Graph for symmetry has 44 nodes and 216 arcs.
[Symmetry] Symmetry computation done. time: 4.9601e-05 dtime: 3.157e-05
[Symmetry] #generators: 1, average support size: 6
[Symmetry] 3 orbits on 6 variables with sizes: 2,2,2
[SAT presolve] num removable Booleans: 0 / 8
[SAT presolve] num trivial clauses: 0
[SAT presolve] [0s] clauses:10 literals:80 vars:8 one_side_vars:0 simple_definition:0 singleton_clauses:0
[SAT presolve] [1.7011e-05s] clauses:10 literals:80 vars:8 one_side_vars:0 simple_definition:0 singleton_clauses:0
[SAT presolve] [2.2195e-05s] clauses:10 literals:80 vars:8 one_side_vars:0 simple_definition:0 singleton_clauses:0
  4.70e-06s  0.00e+00d  [DetectDuplicateConstraintsWithDifferentEnforcements]
  2.06e-04s  1.90e-05d  [Probe] #probed=16
  2.71e-06s  0.00e+00d  [MaxClique]
  1.91e-05s  0.00e+00d  [DetectDominanceRelations]
  9.55e-05s  0.00e+00d  [PresolveToFixPoint] #num_loops=1 #num_dual_strengthening=1
  2.86e-05s  0.00e+00d  [ProcessAtMostOneAndLinear]
  3.47e-06s  0.00e+00d  [DetectDuplicateConstraints]
  2.01e-06s  0.00e+00d  [DetectDuplicateConstraintsWithDifferentEnforcements]
  8.62e-05s  3.38e-06d  [DetectDominatedLinearConstraints] #relevant_constraints=16 #num_inclusions=120
  2.78e-06s  0.00e+00d  [DetectDifferentVariables]
  1.60e-05s  5.97e-07d  [ProcessSetPPC] #relevant_constraints=26
  1.77e-05s  4.82e-07d  [TransformClausesToExactlyOne] #num_clauses=10 #num_checked=10
  1.73e-06s  0.00e+00d  [DetectEncodedComplexDomains]
  1.18e-06s  0.00e+00d  [FindAlmostIdenticalLinearConstraints]
  8.65e-07s  0.00e+00d  [FindBigAtMostOneAndLinearOverlap]
  4.48e-05s  1.13e-05d  [FindBigVerticalLinearOverlap]
  4.16e-06s  6.40e-07d  [FindBigHorizontalLinearOverlap] #linears=16
  1.08e-05s  4.00e-07d  [MergeClauses]
  1.79e-05s  0.00e+00d  [DetectDominanceRelations]
  9.02e-05s  0.00e+00d  [PresolveToFixPoint] #num_loops=1 #num_dual_strengthening=1
  1.51e-05s  0.00e+00d  [DetectDominanceRelations]
  8.41e-05s  0.00e+00d  [PresolveToFixPoint] #num_loops=1 #num_dual_strengthening=1
  9.55e-06s  0.00e+00d  [DetectDuplicateColumns]
  3.00e-06s  0.00e+00d  [DetectDuplicateConstraints]
[Symmetry] Graph for symmetry has 44 nodes and 216 arcs.
[Symmetry] Symmetry computation done. time: 3.4799e-05 dtime: 2.923e-05
[Symmetry] #generators: 1, average support size: 6
[Symmetry] 3 orbits on 6 variables with sizes: 2,2,2
[SAT presolve] num removable Booleans: 0 / 8
[SAT presolve] num trivial clauses: 0
[SAT presolve] [0s] clauses:10 literals:80 vars:8 one_side_vars:0 simple_definition:0 singleton_clauses:0
[SAT presolve] [1.4241e-05s] clauses:10 literals:80 vars:8 one_side_vars:0 simple_definition:0 singleton_clauses:0
[SAT presolve] [1.8265e-05s] clauses:10 literals:80 vars:8 one_side_vars:0 simple_definition:0 singleton_clauses:0
  4.49e-06s  0.00e+00d  [DetectDuplicateConstraintsWithDifferentEnforcements]
  1.32e-04s  1.90e-05d  [Probe] #probed=16
  1.30e-06s  0.00e+00d  [MaxClique]
  1.76e-05s  0.00e+00d  [DetectDominanceRelations]
  9.18e-05s  0.00e+00d  [PresolveToFixPoint] #num_loops=1 #num_dual_strengthening=1
  2.46e-05s  0.00e+00d  [ProcessAtMostOneAndLinear]
  3.24e-06s  0.00e+00d  [DetectDuplicateConstraints]
  2.45e-06s  0.00e+00d  [DetectDuplicateConstraintsWithDifferentEnforcements]
  8.21e-05s  3.38e-06d  [DetectDominatedLinearConstraints] #relevant_constraints=16 #num_inclusions=120
  2.12e-06s  0.00e+00d  [DetectDifferentVariables]
  1.44e-05s  5.97e-07d  [ProcessSetPPC] #relevant_constraints=26
  1.58e-05s  4.82e-07d  [TransformClausesToExactlyOne] #num_clauses=10 #num_checked=10
  1.08e-06s  0.00e+00d  [DetectEncodedComplexDomains]
  8.73e-07s  0.00e+00d  [FindAlmostIdenticalLinearConstraints]
  5.77e-07s  0.00e+00d  [FindBigAtMostOneAndLinearOverlap]
  6.57e-05s  1.13e-05d  [FindBigVerticalLinearOverlap]
  3.41e-06s  6.40e-07d  [FindBigHorizontalLinearOverlap] #linears=16
  7.70e-06s  4.00e-07d  [MergeClauses]
  1.68e-05s  0.00e+00d  [DetectDominanceRelations]
  8.59e-05s  0.00e+00d  [PresolveToFixPoint] #num_loops=1 #num_dual_strengthening=1
  9.38e-07s  0.00e+00d  [MergeNoOverlap]
  8.44e-07s  0.00e+00d  [MergeNoOverlap2D]

Presolve summary:
  - 0 affine relations were detected.
  - rule 'duplicate: merged rhs of linear constraint' was applied 6 times.
  - rule 'duplicate: removed constraint' was applied 6 times.
  - rule 'linear1: x in domain' was applied 1 time.
  - rule 'linear: divide by GCD' was applied 32 times.
  - rule 'linear: negative clause' was applied 4 times.
  - rule 'linear: positive clause' was applied 6 times.
  - rule 'presolve: 2 unused variables removed.' was applied 1 time.
  - rule 'presolve: iteration' was applied 2 times.

Presolved satisfaction model '': (model_fingerprint: 0x6888ab9fa1ab0da4)
#Variables: 8 (8 primary variables)
  - 8 Booleans in [0,1]
#kBoolOr: 10 (#literals: 80)
#kLinearN: 16 (#terms: 128)
[Symmetry] Graph for symmetry has 42 nodes and 216 arcs.
[Symmetry] Symmetry computation done. time: 3.3778e-05 dtime: 2.911e-05
[Symmetry] #generators: 1, average support size: 6
[Symmetry] 3 orbits on 6 variables with sizes: 2,2,2

Preloading model.
#Model   0.00s var:8/8 constraints:26/26

Starting search at 0.00s with 4 workers.
3 full problem subsolvers: [default_lp, max_lp_sym, no_lp]
1 first solution subsolver: [fj]
2 interleaved subsolvers: [feasibility_pump, rins/rens]
2 helper subsolvers: [neighborhood_helper, synchronization_agent]

#1       0.01s no_lp
#2       0.01s default_lp
#3       0.01s max_lp_sym

Task timing                   n [     min,      max]      avg      dev     time         n [     min,      max]      avg      dev    dtime
        'default_lp':         1 [  3.25ms,   3.25ms]   3.25ms   0.00ns   3.25ms         1 [124.26us, 124.26us] 124.26us   0.00ns 124.26us
  'feasibility_pump':         1 [  3.23ms,   3.23ms]   3.23ms   0.00ns   3.23ms         0 [  0.00ns,   0.00ns]   0.00ns   0.00ns   0.00ns
                'fj':         0 [  0.00ns,   0.00ns]   0.00ns   0.00ns   0.00ns         0 [  0.00ns,   0.00ns]   0.00ns   0.00ns   0.00ns
        'max_lp_sym':         1 [  3.27ms,   3.27ms]   3.27ms   0.00ns   3.27ms         1 [ 62.63us,  62.63us]  62.63us   0.00ns  62.63us
             'no_lp':         1 [  3.13ms,   3.13ms]   3.13ms   0.00ns   3.13ms         1 [119.93us, 119.93us] 119.93us   0.00ns 119.93us
         'rins/rens':         0 [  0.00ns,   0.00ns]   0.00ns   0.00ns   0.00ns         0 [  0.00ns,   0.00ns]   0.00ns   0.00ns   0.00ns

Search stats     Bools  Conflicts  Branches  Restarts  BacktrackToRoot  Backtrack  BoolPropag  IntegerPropag
  'default_lp':      8         22       125         0               51         82         132            154
  'max_lp_sym':      8          3        46         0               29         39          30            110
       'no_lp':      8         23       125         0               51         83         135            154

SAT formula      Fixed  Equiv  Total  VarLeft  BinaryClauses  PermanentClauses  TemporaryClauses
  'default_lp':      0      0      8        8              8                 3                 0
  'max_lp_sym':      0      0      8        8             16                 0                 0
       'no_lp':      0      0      8        8             10                 2                 0

SAT stats        ClassicMinim  LitRemoved  LitRemovedBinary  LitLearned  LitForgotten  Subsumed
  'default_lp':             3           3                 1          80             0        17
  'max_lp_sym':             0           0                 1           6             0         2
       'no_lp':             4           4                 2          82             0        18

Vivification     Clauses  Decisions  LitTrue  Subsumed  LitRemoved  DecisionReused  Conflicts
  'default_lp':       39         89        0         8          63              42          3
  'max_lp_sym':        4          8        0         0           3               0          0
       'no_lp':       39         89        0         8          63              42          3

Clause deletion    at_true  l_and_not(l)  to_binary  sub_conflict  sub_extra  sub_decisions  sub_eager  sub_vivify  sub_probing  sub_inpro  blocked  eliminated  forgotten  promoted  conflicts
    'default_lp':        0             0          0            16          0              0          1           8            0          0        0           0          0         0         22
    'max_lp_sym':        0             0          0             1          0              0          1           0            3          5        0           0          0         0          3
         'no_lp':        0             0          0            17          0              0          1           8            0          0        0           0          0         0         23

Lp stats         Component  Iterations  AddedCuts  OPTIMAL  DUAL_F.  DUAL_U.
  'default_lp':          1           6          0        2        0        0
  'max_lp_sym':          1           8          0        1        0        1

Lp dimension     Final dimension of first component
  'default_lp':       7 rows, 8 columns, 56 entries
  'max_lp_sym':      13 rows, 5 columns, 56 entries

Lp debug         CutPropag  CutEqPropag  Adjust  Overflow  Bad  BadScaling
  'default_lp':          0            0       0         0    0           0
  'max_lp_sym':          0            0       0         0    0           0

Lp pool          Constraints  Updates  Simplif  Merged  Shortened  Split  Strengthened  Cuts/Call
  'default_lp':           16        0        0       0          0      0             0        0/0
  'max_lp_sym':           13        0        0       2          0      0             0        0/0

LNS stats       Improv/Calls  Closed  Difficulty  TimeLimit
  'rins/rens':           0/0      0%    5.00e-01       0.10

Solutions (3)    Num   Rank
  'default_lp':    1  [1,1]
  'max_lp_sym':    1  [2,2]
       'no_lp':    1  [0,0]

Solution repositories    Added  Queried  Synchro
    'alternative_path':      0        0        0
      'best_solutions':      3        0        3
   'fj solution hints':      0        0        0
        'lp solutions':      0        0        0
                'pump':      0        0

Clauses shared    #Exported  #Imported  #BinaryRead  #BinaryTotal
   'default_lp':          0          0            0             8
   'max_lp_sym':          3          0            4             8
        'no_lp':          5          0            5             8

LRAT_status: NA
CpSolverResponse summary:
status: OPTIMAL
objective: NA
best_bound: NA
integers: 8
booleans: 8
conflicts: 22
branches: 125
propagations: 132
integer_propagations: 154
restarts: 0
lp_iterations: 6
walltime: 0.00904455
usertime: 0.00904461
deterministic_time: 0.000378311
gap_integral: 0
solution_fingerprint: 0xf9d31689f2ebaf04

status=OPTIMAL objective=0.0 bound=0.0 branches=125 wall=0.009045s
verified bridge 3+3: parent_M=5 two_thirds_defect=-1.236149907891 hash=90c9e3c0a9e7781969034d672bfde258d2afc6c8488da9da1cbdbee66ec68453
wrote computations/results/bridge_grid_3_3_sign-1_cap5.json
