
Starting CP-SAT solver v9.15.6755
Parameters: max_time_in_seconds: 180 log_search_progress: true num_search_workers: 2 log_to_stdout: true

Initial optimization model '': (model_fingerprint: 0x5a0c3816b56650b4)
#Variables: 31 (#ints: 1 in objective) (29 primary variables)
  - 30 Booleans in [0,1]
  - 1 in [0,55]
#kLinear1: 1
#kLinearN: 1'024 (#terms: 31'744)

Starting presolve at 0.01s
  2.15e-03s  0.00e+00d  [DetectDominanceRelations]
  4.82e-02s  0.00e+00d  [PresolveToFixPoint] #num_loops=3 #num_dual_strengthening=2
  3.74e-05s  0.00e+00d  [ExtractEncodingFromLinear]
  2.18e-03s  0.00e+00d  [DetectDuplicateColumns]
  1.42e-04s  0.00e+00d  [DetectDuplicateConstraints]
[Symmetry] Graph for symmetry has 1'113 nodes and 30'778 arcs.
[Symmetry] Symmetry computation done. time: 0.00521802 dtime: 0.00670846
[Symmetry] #generators: 2, average support size: 22
[Symmetry] 10 orbits on 28 variables with sizes: 4,4,4,4,2,2,2,2,2,2
  1.34e-04s  0.00e+00d  [DetectDuplicateConstraintsWithDifferentEnforcements]
  9.48e-03s  1.25e-03d  [Probe] #probed=58
  1.05e-05s  0.00e+00d  [MaxClique]
  2.34e-03s  0.00e+00d  [DetectDominanceRelations]
  1.85e-02s  0.00e+00d  [PresolveToFixPoint] #num_loops=1 #num_dual_strengthening=1
  8.12e-03s  0.00e+00d  [ProcessAtMostOneAndLinear]
  1.34e-04s  0.00e+00d  [DetectDuplicateConstraints]
  1.06e-04s  0.00e+00d  [DetectDuplicateConstraintsWithDifferentEnforcements]
  1.24e+00s  4.45e-02d  [DetectDominatedLinearConstraints] #relevant_constraints=1'024 #num_inclusions=488'445 #num_redundant=60
  1.75e-04s  0.00e+00d  [DetectDifferentVariables]
  6.17e-04s  0.00e+00d  [ProcessSetPPC] #relevant_constraints=964
  4.88e-05s  0.00e+00d  [TransformClausesToExactlyOne]
  3.21e-05s  0.00e+00d  [DetectEncodedComplexDomains]
  1.75e-05s  0.00e+00d  [FindAlmostIdenticalLinearConstraints]
  2.05e-06s  0.00e+00d  [FindBigAtMostOneAndLinearOverlap]
  4.65e-02s  7.65e-03d  [FindBigVerticalLinearOverlap] #blocks=62 #saved_nz=16'275
  2.68e-04s  6.23e-05d  [FindBigHorizontalLinearOverlap] #linears=964
  9.18e-06s  0.00e+00d  [MergeClauses]
  1.10e-03s  0.00e+00d  [DetectDominanceRelations]
  1.88e-02s  0.00e+00d  [PresolveToFixPoint] #num_loops=2 #num_dual_strengthening=1
  1.12e-03s  0.00e+00d  [DetectDominanceRelations]
  1.03e-02s  0.00e+00d  [PresolveToFixPoint] #num_loops=1 #num_dual_strengthening=1
  4.64e-04s  0.00e+00d  [DetectDuplicateColumns]
  9.82e-05s  0.00e+00d  [DetectDuplicateConstraints]
[Symmetry] Graph for symmetry has 1'303 nodes and 12'829 arcs.
[Symmetry] Symmetry computation done. time: 0.000446877 dtime: 0.0004931
  1.22e-04s  0.00e+00d  [DetectDuplicateConstraintsWithDifferentEnforcements]
  6.41e-03s  4.92e-04d  [Probe] #probed=58
  1.58e-05s  0.00e+00d  [MaxClique]
  1.13e-03s  0.00e+00d  [DetectDominanceRelations]
  1.04e-02s  0.00e+00d  [PresolveToFixPoint] #num_loops=1 #num_dual_strengthening=1
  5.91e-03s  0.00e+00d  [ProcessAtMostOneAndLinear]
  1.19e-04s  0.00e+00d  [DetectDuplicateConstraints]
  9.34e-05s  0.00e+00d  [DetectDuplicateConstraintsWithDifferentEnforcements]
  9.51e-04s  1.47e-04d  [DetectDominatedLinearConstraints] #relevant_constraints=1'026
  1.39e-04s  0.00e+00d  [DetectDifferentVariables]
  2.42e-04s  0.00e+00d  [ProcessSetPPC] #relevant_constraints=199
  6.25e-05s  0.00e+00d  [TransformClausesToExactlyOne]
  1.30e-05s  0.00e+00d  [DetectEncodedComplexDomains]
  4.28e-05s  4.95e-07d  [FindAlmostIdenticalLinearConstraints] #num_tested_pairs=33
  2.25e-06s  0.00e+00d  [FindBigAtMostOneAndLinearOverlap]
  8.57e-03s  1.59e-03d  [FindBigVerticalLinearOverlap] #blocks=26 #saved_nz=1'659
  2.51e-04s  5.36e-05d  [FindBigHorizontalLinearOverlap] #linears=964
  9.50e-06s  0.00e+00d  [MergeClauses]
  9.71e-04s  0.00e+00d  [DetectDominanceRelations]
  1.84e-02s  0.00e+00d  [PresolveToFixPoint] #num_loops=2 #num_dual_strengthening=1
  1.12e-03s  0.00e+00d  [DetectDominanceRelations]
  1.09e-02s  0.00e+00d  [PresolveToFixPoint] #num_loops=1 #num_dual_strengthening=1
  5.03e-04s  0.00e+00d  [DetectDuplicateColumns]
  1.07e-04s  0.00e+00d  [DetectDuplicateConstraints]
[Symmetry] Graph for symmetry has 1'421 nodes and 11'236 arcs.
[Symmetry] Symmetry computation done. time: 0.000420014 dtime: 0.000474
  1.15e-04s  0.00e+00d  [DetectDuplicateConstraintsWithDifferentEnforcements]
  6.11e-03s  4.51e-04d  [Probe] #probed=58
  1.07e-05s  0.00e+00d  [MaxClique]
  9.81e-04s  0.00e+00d  [DetectDominanceRelations]
  1.07e-02s  0.00e+00d  [PresolveToFixPoint] #num_loops=1 #num_dual_strengthening=1
  4.20e-03s  0.00e+00d  [ProcessAtMostOneAndLinear]
  1.12e-04s  0.00e+00d  [DetectDuplicateConstraints]
  8.99e-05s  0.00e+00d  [DetectDuplicateConstraintsWithDifferentEnforcements]
  8.06e-04s  1.04e-04d  [DetectDominatedLinearConstraints] #relevant_constraints=1'052
  1.31e-04s  0.00e+00d  [DetectDifferentVariables]
  1.91e-04s  0.00e+00d  [ProcessSetPPC]
  6.97e-05s  0.00e+00d  [TransformClausesToExactlyOne]
  1.28e-05s  0.00e+00d  [DetectEncodedComplexDomains]
  5.46e-05s  1.19e-06d  [FindAlmostIdenticalLinearConstraints] #num_tested_pairs=79
  2.48e-06s  0.00e+00d  [FindBigAtMostOneAndLinearOverlap]
  6.18e-03s  1.25e-03d  [FindBigVerticalLinearOverlap] #blocks=11 #saved_nz=502
  2.54e-04s  5.09e-05d  [FindBigHorizontalLinearOverlap] #linears=964
  1.01e-05s  0.00e+00d  [MergeClauses]
  9.41e-04s  0.00e+00d  [DetectDominanceRelations]
  1.61e-02s  0.00e+00d  [PresolveToFixPoint] #num_loops=2 #num_dual_strengthening=1
  6.88e-06s  0.00e+00d  [MergeNoOverlap]
  6.84e-06s  0.00e+00d  [MergeNoOverlap2D]
  1.12e-04s  0.00e+00d  [ExpandObjective] #entries=396 #tight_variables=198 #tight_constraints=99

Presolve summary:
  - 0 affine relations were detected.
  - rule 'TODO dual: only one blocking constraint?' was applied 48 times.
  - rule 'TODO dual: only one unspecified blocking constraint?' was applied 3 times.
  - rule 'dual: reduced domain' was applied 1 time.
  - rule 'linear inclusion: redundant containing constraint' was applied 30 times.
  - rule 'linear inclusion: redundant included constraint' was applied 30 times.
  - rule 'linear matrix: common vertical rectangle' was applied 99 times.
  - rule 'linear1: x in domain' was applied 1 time.
  - rule 'presolve: 1 unused variables removed.' was applied 1 time.
  - rule 'presolve: iteration' was applied 3 times.

Presolved optimization model '': (model_fingerprint: 0x1300e2bc930d79e9)
#Variables: 129 (#ints: 1 in objective) (73 primary variables)
  - 29 Booleans in [0,1]
  - 1 in [-43,6]
  - 1 in [-41,4]
  - 1 in [-39,6]
  - 4 in [-4,41]
  - 1 in [-4,45]
  - 4 in [-3,1]
  - 1 in [-3,2]
  - 1 in [-3,3]
  - 2 in [-2,1]
  - 18 in [-2,2]
  - 2 in [-2,3]
  - 1 in [-2,39]
  - 1 in [-2,43]
  - 14 in [-1,1]
  - 2 in [-1,2]
  - 19 in [-1,3]
  - 1 in [-1,4]
  - 14 in [0,2]
  - 3 in [0,3]
  - 5 in [0,4]
  - 1 in [0,5]
  - 1 in [0,39]
  - 1 in [0,41]
  - 1 in [0,45]
#kLinear3: 99
#kLinearN: 964 (#terms: 10'187)
[Symmetry] Graph for symmetry has 1'471 nodes and 10'763 arcs.
[Symmetry] Symmetry computation done. time: 0.000465357 dtime: 0.00046897

Preloading model.
#Bound   1.56s best:inf   next:[0,39]     initial_domain
#Model   1.56s var:129/129 constraints:1063/1063

Starting search at 1.56s with 2 workers.
1 full problem subsolver: [default_lp]
1 first solution subsolver: [fj]
9 interleaved subsolvers: [feasibility_pump, graph_arc_lns, graph_cst_lns, graph_dec_lns, graph_var_lns, ls, rins/rens, rnd_cst_lns, rnd_var_lns]
3 helper subsolvers: [neighborhood_helper, synchronization_agent, update_gap_integral]

#1       1.64s best:19    next:[0,18]     fj_restart(batch:1 lin{mvs:337 evals:2'898} #w_updates:94 #perturb:0)
#Bound   1.69s best:19    next:[7,18]     default_lp
#Bound   1.72s best:19    next:[10,18]    default_lp
#Bound   2.00s best:19    next:[11,18]    default_lp
#2       2.73s best:17    next:[11,16]    rins_pump_lns (d=8.76e-01 s=28 t=0.10 p=1.00 stall=0 h=base)
#Bound  64.76s best:17    next:[12,16]    default_lp
#Bound  79.31s best:17    next:[13,16]    default_lp

Task timing                   n [     min,      max]      avg      dev     time         n [     min,      max]      avg      dev    dtime
        'default_lp':         1 [   2.97m,    2.97m]    2.97m   0.00ns    2.97m         2 [ 45.82ms,   41.90s]   20.97s   20.93s   41.95s
  'feasibility_pump':       194 [ 13.34us, 190.95ms]  93.63ms  32.39ms   18.16s       190 [ 34.23ms,  83.09ms]  59.68ms   7.38ms   11.34s
                'fj':         1 [ 40.03ms,  40.03ms]  40.03ms   0.00ns  40.03ms         1 [ 10.39ms,  10.39ms]  10.39ms   0.00ns  10.39ms
     'graph_arc_lns':        21 [  1.32ms,    1.83s] 920.29ms 593.39ms   19.33s        19 [ 10.00ns, 100.05ms]  61.02ms  37.85ms    1.16s
     'graph_cst_lns':        22 [  1.94ms,    1.67s] 908.65ms 526.77ms   19.99s        20 [ 10.00ns, 100.05ms]  66.38ms  33.61ms    1.33s
     'graph_dec_lns':        26 [  2.16ms,    1.69s] 786.12ms 599.12ms   20.44s        23 [ 10.00ns, 100.03ms]  62.26ms  42.17ms    1.43s
     'graph_var_lns':        23 [  2.08ms,    1.67s] 861.69ms 535.98ms   19.82s        22 [ 10.00ns, 100.04ms]  61.09ms  36.14ms    1.34s
                'ls':       110 [115.47ms, 316.57ms] 176.52ms  52.82ms   19.42s       110 [100.00ms, 100.13ms] 100.04ms  24.95us   11.00s
         'rins/rens':        28 [ 75.09us,    1.66s] 721.78ms 643.97ms   20.21s        21 [206.03us, 100.06ms]  60.37ms  41.20ms    1.27s
       'rnd_cst_lns':        22 [  1.48ms,    1.84s] 897.79ms 577.51ms   19.75s        20 [ 10.00ns, 100.03ms]  61.29ms  36.45ms    1.23s
       'rnd_var_lns':        31 [  1.09ms,    1.58s] 652.29ms 621.09ms   20.22s        23 [ 10.00ns, 100.04ms]  56.93ms  42.89ms    1.31s

Search stats     Bools  Conflicts  Branches  Restarts  BacktrackToRoot  Backtrack  BoolPropag  IntegerPropag
  'default_lp':     29     49'128   185'432       378           32'184     82'757      96'461      3'647'227

SAT formula      Fixed  Equiv  Total  VarLeft  BinaryClauses  PermanentClauses  TemporaryClauses
  'default_lp':      0      0     29       29              0                76             7'548

SAT stats        ClassicMinim  LitRemoved  LitRemovedBinary  LitLearned  LitForgotten  Subsumed
  'default_lp':        26'821      81'580                 0     682'486       204'987    23'958

Vivification     Clauses  Decisions  LitTrue  Subsumed  LitRemoved  DecisionReused  Conflicts
  'default_lp':   13'759    104'321        0         3          28           6'535          0

Clause deletion    at_true  l_and_not(l)  to_binary  sub_conflict  sub_extra  sub_decisions  sub_eager  sub_vivify  sub_probing  sub_inpro  blocked  eliminated  forgotten  promoted  conflicts
    'default_lp':        0             0          0        23'053        597          2'113        905           3            0      1'430        0           0     13'403   102'046     49'128

Lp stats         Component  Iterations  AddedCuts  OPTIMAL  DUAL_F.  DUAL_U.
  'default_lp':          1     739'334      1'016   75'887        0   41'303

Lp dimension      Final dimension of first component
  'default_lp':  233 rows, 129 columns, 1815 entries

Lp debug         CutPropag  CutEqPropag  Adjust  Overflow      Bad  BadScaling
  'default_lp':          0          287  35'390         0  101'372           0

Lp pool          Constraints  Updates  Simplif  Merged  Shortened  Split  Strengthened    Cuts/Call
  'default_lp':        2'055    1'706       29      24          0     72             3  1'016/2'293

Lp Cut           default_lp
         CG_FF:           7
          CG_K:           4
          CG_R:         101
         CG_RB:         140
        CG_RBP:          76
            IB:          31
      MIR_1_FF:           5
       MIR_1_K:           1
       MIR_1_R:          64
      MIR_1_RB:          12
      MIR_2_FF:           4
       MIR_2_R:          82
      MIR_2_RB:          30
      MIR_3_FF:           2
       MIR_3_R:          43
      MIR_3_RB:          18
      MIR_4_FF:           1
       MIR_4_R:          20
      MIR_4_RB:           7
       MIR_5_R:          12
      MIR_5_RB:           7
       MIR_6_R:           3
      MIR_6_RB:           5
  ZERO_HALF_FF:          43
   ZERO_HALF_R:         298

LNS stats           Improv/Calls  Closed  Difficulty  TimeLimit
  'graph_arc_lns':         18/20     60%    9.21e-01       0.10
  'graph_cst_lns':         20/22     59%    9.21e-01       0.10
  'graph_dec_lns':         24/25     60%    9.45e-01       0.10
  'graph_var_lns':         21/23     61%    9.35e-01       0.10
      'rins/rens':         23/23     61%    9.40e-01       0.10
    'rnd_cst_lns':         19/21     62%    9.35e-01       0.10
    'rnd_var_lns':         25/27     63%    9.64e-01       0.10

LS stats                                Batches  Restarts/Perturbs  LinMoves  GenMoves  CompoundMoves  Bactracks  WeightUpdates  ScoreComputed
                         'fj_restart':        1                  1       337         0              0          0             94          5'355
                         'ls_restart':       21                 11    31'704         0              0          0         10'250      1'391'140
                'ls_restart_compound':       15                  7         0    30'527          3'047     13'704            114        902'546
        'ls_restart_compound_perturb':       15                  7         0    29'318          2'855     13'203             95        908'299
                   'ls_restart_decay':       13                 11    27'286         0              0          0          2'325        813'258
          'ls_restart_decay_compound':       12                  3         0    23'534          2'582     10'465             52        752'631
  'ls_restart_decay_compound_perturb':       14                  8         0    29'106          3'764     12'642             82        848'975
           'ls_restart_decay_perturb':        9                  7    18'914         0              0          0          1'621        562'459
                 'ls_restart_perturb':       11                  7    17'003         0              0          0          5'299        722'288

Solutions (2)       Num   Rank
     'fj_restart':    2  [0,1]
  'rins_pump_lns':    2  [1,2]

Objective bounds     Num
      'default_lp':    5
  'initial_domain':    1

Solution repositories    Added  Queried  Synchro
    'alternative_path':      1       65        1
      'best_solutions':      2      190        2
   'fj solution hints':      0        0        0
        'lp solutions':      0        0        0
                'pump':  1'527       28

Improving bounds shared    Num  Sym
            'default_lp':   91    0

Clauses shared    #Exported  #Imported  #BinaryRead  #BinaryTotal
   'default_lp':          3          0            0             0

LRAT_status: NA
CpSolverResponse summary:
status: FEASIBLE
objective: 17
best_bound: 13
integers: 129
booleans: 29
conflicts: 49128
branches: 185432
propagations: 96461
integer_propagations: 3647227
restarts: 378
lp_iterations: 739334
walltime: 180.008
usertime: 180.008
deterministic_time: 73.4229
gap_integral: 106.906
solution_fingerprint: 0xffcacdd31e444fbd

status=FEASIBLE objective=17.0 bound=13.0 branches=185432 wall=180.007650s
verified bridge 5+6: parent_M=17 two_thirds_defect=+1.167629180455 hash=739da356759081560fc96481e9fbb5be5846cb5dd0732be6fca3f2187a244040
wrote computations/results/bridge_5_6_sign1.json
