
Starting CP-SAT solver v9.15.6755
Parameters: max_time_in_seconds: 300 log_search_progress: true num_search_workers: 4 log_to_stdout: true

Initial satisfaction model '': (model_fingerprint: 0xb9ac7528cec19c81)
#Variables: 26 (25 primary variables)
  - 25 Booleans in [0,1]
  - 1 constants in {13}
#kLinear1: 1
#kLinearN: 512 (#terms: 13'312)

Starting presolve at 0.00s
  5.94e-04s  0.00e+00d  [DetectDominanceRelations]
  6.65e-03s  0.00e+00d  [PresolveToFixPoint] #num_loops=2 #num_dual_strengthening=1
  5.31e-06s  0.00e+00d  [ExtractEncodingFromLinear]
  5.47e-04s  0.00e+00d  [DetectDuplicateColumns]
  1.82e-04s  0.00e+00d  [DetectDuplicateConstraints] #duplicates=256
[Symmetry] Graph for symmetry has 305 nodes and 6'167 arcs.
[Symmetry] Symmetry computation done. time: 0.000391729 dtime: 0.00081039
[Symmetry] #generators: 1, average support size: 20
[Symmetry] 10 orbits on 20 variables with sizes: 2,2,2,2,2,2,2,2,2,2
  1.64e-05s  0.00e+00d  [DetectDuplicateConstraintsWithDifferentEnforcements]
  1.14e-03s  3.11e-04d  [Probe] #probed=48
  3.61e-06s  0.00e+00d  [MaxClique]
  2.30e-04s  0.00e+00d  [DetectDominanceRelations]
  1.78e-03s  0.00e+00d  [PresolveToFixPoint] #num_loops=1 #num_dual_strengthening=1
  8.36e-04s  0.00e+00d  [ProcessAtMostOneAndLinear]
  1.60e-05s  0.00e+00d  [DetectDuplicateConstraints]
  1.45e-05s  0.00e+00d  [DetectDuplicateConstraintsWithDifferentEnforcements]
  3.69e-02s  2.40e-03d  [DetectDominatedLinearConstraints] #relevant_constraints=256 #num_inclusions=32'640
  2.67e-05s  0.00e+00d  [DetectDifferentVariables]
  7.80e-05s  0.00e+00d  [ProcessSetPPC] #relevant_constraints=256
  1.66e-05s  0.00e+00d  [TransformClausesToExactlyOne]
  2.61e-06s  0.00e+00d  [DetectEncodedComplexDomains]
  2.68e-06s  0.00e+00d  [FindAlmostIdenticalLinearConstraints]
  7.92e-07s  0.00e+00d  [FindBigAtMostOneAndLinearOverlap]
  4.61e-03s  1.32e-03d  [FindBigVerticalLinearOverlap] #blocks=33 #saved_nz=3'173
  3.73e-05s  1.44e-05d  [FindBigHorizontalLinearOverlap] #linears=256
  2.62e-06s  0.00e+00d  [MergeClauses]
  1.39e-04s  0.00e+00d  [DetectDominanceRelations]
  1.92e-03s  0.00e+00d  [PresolveToFixPoint] #num_loops=2 #num_dual_strengthening=1
  1.34e-04s  0.00e+00d  [DetectDominanceRelations]
  1.04e-03s  0.00e+00d  [PresolveToFixPoint] #num_loops=1 #num_dual_strengthening=1
  6.38e-05s  0.00e+00d  [DetectDuplicateColumns]
  1.44e-05s  0.00e+00d  [DetectDuplicateConstraints]
[Symmetry] Graph for symmetry has 391 nodes and 3'014 arcs.
[Symmetry] Symmetry computation done. time: 8.3348e-05 dtime: 0.00013874
  1.54e-05s  0.00e+00d  [DetectDuplicateConstraintsWithDifferentEnforcements]
  1.24e-03s  1.93e-04d  [Probe] #probed=48
  2.17e-06s  0.00e+00d  [MaxClique]
  1.39e-04s  0.00e+00d  [DetectDominanceRelations]
  1.05e-03s  0.00e+00d  [PresolveToFixPoint] #num_loops=1 #num_dual_strengthening=1
  5.11e-04s  0.00e+00d  [ProcessAtMostOneAndLinear]
  1.44e-05s  0.00e+00d  [DetectDuplicateConstraints]
  1.40e-05s  0.00e+00d  [DetectDuplicateConstraintsWithDifferentEnforcements]
  1.34e-04s  2.16e-05d  [DetectDominatedLinearConstraints] #relevant_constraints=287
  2.39e-05s  0.00e+00d  [DetectDifferentVariables]
  4.38e-05s  0.00e+00d  [ProcessSetPPC] #relevant_constraints=30
  1.98e-05s  0.00e+00d  [TransformClausesToExactlyOne]
  2.20e-06s  0.00e+00d  [DetectEncodedComplexDomains]
  1.11e-05s  3.10e-07d  [FindAlmostIdenticalLinearConstraints] #num_tested_pairs=20
  6.75e-07s  0.00e+00d  [FindBigAtMostOneAndLinearOverlap]
  1.02e-03s  3.41e-04d  [FindBigVerticalLinearOverlap] #blocks=3 #saved_nz=139
  3.55e-05s  1.36e-05d  [FindBigHorizontalLinearOverlap] #linears=256
  2.10e-06s  0.00e+00d  [MergeClauses]
  1.30e-04s  0.00e+00d  [DetectDominanceRelations]
  1.38e-03s  0.00e+00d  [PresolveToFixPoint] #num_loops=2 #num_dual_strengthening=1
  1.26e-04s  0.00e+00d  [DetectDominanceRelations]
  9.96e-04s  0.00e+00d  [PresolveToFixPoint] #num_loops=1 #num_dual_strengthening=1
  7.94e-05s  0.00e+00d  [DetectDuplicateColumns]
  1.43e-05s  0.00e+00d  [DetectDuplicateConstraints]
[Symmetry] Graph for symmetry has 397 nodes and 2'875 arcs.
[Symmetry] Symmetry computation done. time: 8.0226e-05 dtime: 0.0001342
  1.55e-05s  0.00e+00d  [DetectDuplicateConstraintsWithDifferentEnforcements]
  1.15e-03s  1.86e-04d  [Probe] #probed=48
  2.15e-06s  0.00e+00d  [MaxClique]
  1.36e-04s  0.00e+00d  [DetectDominanceRelations]
  1.01e-03s  0.00e+00d  [PresolveToFixPoint] #num_loops=1 #num_dual_strengthening=1
  4.51e-04s  0.00e+00d  [ProcessAtMostOneAndLinear]
  1.45e-05s  0.00e+00d  [DetectDuplicateConstraints]
  1.35e-05s  0.00e+00d  [DetectDuplicateConstraintsWithDifferentEnforcements]
  1.28e-04s  2.06e-05d  [DetectDominatedLinearConstraints] #relevant_constraints=289
  2.40e-05s  0.00e+00d  [DetectDifferentVariables]
  4.03e-05s  0.00e+00d  [ProcessSetPPC] #relevant_constraints=6
  1.76e-05s  0.00e+00d  [TransformClausesToExactlyOne]
  2.24e-06s  0.00e+00d  [DetectEncodedComplexDomains]
  1.07e-05s  3.35e-07d  [FindAlmostIdenticalLinearConstraints] #num_tested_pairs=21
  6.75e-07s  0.00e+00d  [FindBigAtMostOneAndLinearOverlap]
  9.06e-04s  3.01e-04d  [FindBigVerticalLinearOverlap] #blocks=3 #saved_nz=107
  3.40e-05s  1.30e-05d  [FindBigHorizontalLinearOverlap] #linears=256
  2.49e-06s  0.00e+00d  [MergeClauses]
  1.26e-04s  0.00e+00d  [DetectDominanceRelations]
  1.26e-03s  0.00e+00d  [PresolveToFixPoint] #num_loops=2 #num_dual_strengthening=1
  1.73e-06s  0.00e+00d  [MergeNoOverlap]
  1.53e-06s  0.00e+00d  [MergeNoOverlap2D]

Presolve summary:
  - 0 affine relations were detected.
  - rule 'duplicate: merged rhs of linear constraint' was applied 256 times.
  - rule 'duplicate: removed constraint' was applied 256 times.
  - rule 'linear matrix: common vertical rectangle' was applied 39 times.
  - rule 'linear1: x in domain' was applied 1 time.
  - rule 'linear: divide by GCD' was applied 512 times.
  - rule 'linear: variable substitution 2' was applied 3 times.
  - rule 'linear: variable substitution 3' was applied 1 time.
  - rule 'presolve: 2 unused variables removed.' was applied 1 time.
  - rule 'presolve: iteration' was applied 3 times.

Presolved satisfaction model '': (model_fingerprint: 0x89b9ec98927f5243)
#Variables: 59 (41 primary variables)
  - 24 Booleans in [0,1]
  - 5 in [-2,1]
  - 8 in [-1,1]
  - 8 in [-1,2]
  - 8 in [0,2]
  - 6 in [0,3]
#kLinear3: 26
#kLinearN: 265 (#terms: 2'644)
[Symmetry] Graph for symmetry has 398 nodes and 2'770 arcs.
[Symmetry] Symmetry computation done. time: 8.0111e-05 dtime: 0.00013074

Preloading model.
#Model   0.07s var:59/59 constraints:291/291

Starting search at 0.07s with 4 workers.
3 full problem subsolvers: [default_lp, max_lp, no_lp]
1 first solution subsolver: [fj]
2 interleaved subsolvers: [feasibility_pump, rins/rens]
2 helper subsolvers: [neighborhood_helper, synchronization_agent]

#1       0.08s fj_restart(batch:1 lin{mvs:226 evals:3'575} #w_updates:65 #perturb:0)

Task timing                   n [     min,      max]      avg      dev     time         n [     min,      max]      avg      dev    dtime
        'default_lp':         1 [  8.80ms,   8.80ms]   8.80ms   0.00ns   8.80ms         2 [460.59us,   1.95ms]   1.21ms 747.20us   2.42ms
  'feasibility_pump':         1 [  2.85ms,   2.85ms]   2.85ms   0.00ns   2.85ms         0 [  0.00ns,   0.00ns]   0.00ns   0.00ns   0.00ns
                'fj':         1 [  5.48ms,   5.48ms]   5.48ms   0.00ns   5.48ms         1 [  6.22ms,   6.22ms]   6.22ms   0.00ns   6.22ms
            'max_lp':         1 [  8.64ms,   8.64ms]   8.64ms   0.00ns   8.64ms         1 [  1.36ms,   1.36ms]   1.36ms   0.00ns   1.36ms
             'no_lp':         1 [  8.63ms,   8.63ms]   8.63ms   0.00ns   8.63ms         2 [179.44us,   1.07ms] 622.40us 442.96us   1.24ms
         'rins/rens':         0 [  0.00ns,   0.00ns]   0.00ns   0.00ns   0.00ns         0 [  0.00ns,   0.00ns]   0.00ns   0.00ns   0.00ns

Search stats     Bools  Conflicts  Branches  Restarts  BacktrackToRoot  Backtrack  BoolPropag  IntegerPropag
  'default_lp':     24          3       116         0               96         99           4            555
      'max_lp':     24          0        48         0               48         48           0            226
       'no_lp':     24         87       213         1               97        181         126          1'816

SAT formula      Fixed  Equiv  Total  VarLeft  BinaryClauses  PermanentClauses  TemporaryClauses
  'default_lp':      0      0     24       24              0                 0                 2
      'max_lp':      0      0     24       24              0                 0                 0
       'no_lp':      0      0     24       24              0                 0                22

SAT stats        ClassicMinim  LitRemoved  LitRemovedBinary  LitLearned  LitForgotten  Subsumed
  'default_lp':             0           0                 0          30             0         1
      'max_lp':             0           0                 0           0             0         0
       'no_lp':            51          95                 0       1'099             0        61

Vivification     Clauses  Decisions  LitTrue  Subsumed  LitRemoved  DecisionReused  Conflicts
  'default_lp':        0          0        0         0           0               0          0
      'max_lp':        0          0        0         0           0               0          0
       'no_lp':        0          0        0         0           0               0          0

Clause deletion    at_true  l_and_not(l)  to_binary  sub_conflict  sub_extra  sub_decisions  sub_eager  sub_vivify  sub_probing  sub_inpro  blocked  eliminated  forgotten  promoted  conflicts
    'default_lp':        0             0          0             1          0              0          0           0            0          0        0           0          0         4          3
        'max_lp':        0             0          0             0          0              0          0           0            0          0        0           0          0         0          0
         'no_lp':        0             0          0            60          0              4          1           0            0          0        0           0          0       161         87

Lp stats         Component  Iterations  AddedCuts  OPTIMAL  DUAL_F.  DUAL_U.
  'default_lp':          1         153         17       17        0        3
      'max_lp':          1          32          0        1        0        0

Lp dimension     Final dimension of first component
  'default_lp':   120 rows, 59 columns, 850 entries
      'max_lp':  291 rows, 59 columns, 2722 entries

Lp debug         CutPropag  CutEqPropag  Adjust  Overflow  Bad  BadScaling
  'default_lp':          0            0       1         0    0           0
      'max_lp':          0            0       0         0   96           0

Lp pool          Constraints  Updates  Simplif  Merged  Shortened  Split  Strengthened  Cuts/Call
  'default_lp':          308        0        0       0          0      0             0      17/17
      'max_lp':          291        0        0       0          0      0             0        0/0

Lp Cut    default_lp
     IB:          17

LNS stats       Improv/Calls  Closed  Difficulty  TimeLimit
  'rins/rens':           0/0      0%    5.00e-01       0.10

LS stats         Batches  Restarts/Perturbs  LinMoves  GenMoves  CompoundMoves  Bactracks  WeightUpdates  ScoreComputed
  'fj_restart':        1                  1       226         0              0          0             65          6'223

Solutions (1)    Num   Rank
  'fj_restart':    1  [0,0]

Solution repositories    Added  Queried  Synchro
    'alternative_path':      0        0        0
      'best_solutions':      1        0        1
   'fj solution hints':      0        0        0
        'lp solutions':      0        0        0
                'pump':      0        0

Clauses shared    #Exported  #Imported  #BinaryRead  #BinaryTotal
   'default_lp':          0          0            0             0
       'max_lp':          0          0            0             0
        'no_lp':          0          0            0             0

LRAT_status: NA
CpSolverResponse summary:
status: OPTIMAL
objective: NA
best_bound: NA
integers: 59
booleans: 24
conflicts: 3
branches: 116
propagations: 4
integer_propagations: 555
restarts: 0
lp_iterations: 153
walltime: 0.0843816
usertime: 0.0843817
deterministic_time: 0.0163738
gap_integral: 0
solution_fingerprint: 0x2ceecd2e4f165f75

status=OPTIMAL objective=0.0 bound=0.0 branches=116 wall=0.084382s
verified bridge 5+5: parent_M=13 two_thirds_defect=+0.489090614099 hash=12a9b261a96330117d6d193149aa1bec051f6ca366e2c9e1a465f7eb67c3f812
wrote computations/results/bridge_grid_5_5_sign1_cap13.json
