
Starting CP-SAT solver v9.15.6755
Parameters: max_time_in_seconds: 900 log_search_progress: true num_search_workers: 2 log_to_stdout: true

Initial satisfaction model '': (model_fingerprint: 0xc8b02d9b0aa5b5de)
#Variables: 65 (64 primary variables)
  - 64 Booleans in [0,1]
  - 1 constants in {30} 
#kLinear1: 1
#kLinearN: 32'768 (#terms: 2'129'920)

Starting presolve at 0.15s
  1.05e-01s  0.00e+00d  [DetectDominanceRelations] 
  1.11e+00s  0.00e+00d  [PresolveToFixPoint] #num_loops=2 #num_dual_strengthening=1 
  1.42e-03s  0.00e+00d  [ExtractEncodingFromLinear] 
  9.16e-02s  0.00e+00d  [DetectDuplicateColumns] 
  1.58e-01s  0.00e+00d  [DetectDuplicateConstraints] #duplicates=16'384 
[Symmetry] Graph for symmetry has 16'511 nodes and 1'032'254 arcs.
[Symmetry] Symmetry computation done. time: 0.180713 dtime: 0.35647
[Symmetry] #generators: 3, average support size: 32
[Symmetry] 16 orbits on 56 variables with sizes: 6,6,6,6,3,3,3,3,3,3,...
[Symmetry] Found orbitope of size 16 x 2
  3.57e-03s  0.00e+00d  [DetectDuplicateConstraintsWithDifferentEnforcements] 
  1.78e-01s  5.16e-02d  [Probe] #probed=126 
  3.29e-04s  0.00e+00d  [MaxClique] 
  3.93e-02s  0.00e+00d  [DetectDominanceRelations] 
  3.06e-01s  0.00e+00d  [PresolveToFixPoint] #num_loops=1 #num_dual_strengthening=1 
  1.47e-01s  0.00e+00d  [ProcessAtMostOneAndLinear] 
  3.47e-03s  0.00e+00d  [DetectDuplicateConstraints] 
  3.65e-03s  0.00e+00d  [DetectDuplicateConstraintsWithDifferentEnforcements] 
  1.47e+00s  1.00e-01d  [DetectDominatedLinearConstraints] #relevant_constraints=16'384 #num_inclusions=525'296 
  5.05e-03s  0.00e+00d  [DetectDifferentVariables] 
  1.61e-02s  0.00e+00d  [ProcessSetPPC] #relevant_constraints=16'384 
  4.88e-04s  0.00e+00d  [TransformClausesToExactlyOne] 
  5.22e-04s  0.00e+00d  [DetectEncodedComplexDomains] 
  7.33e-04s  0.00e+00d  [FindAlmostIdenticalLinearConstraints] 
  2.12e-06s  0.00e+00d  [FindBigAtMostOneAndLinearOverlap] 
  2.54e+00s  5.53e-01d  [FindBigVerticalLinearOverlap] #blocks=265 #saved_nz=637'852 
  6.52e-03s  1.97e-03d  [FindBigHorizontalLinearOverlap] #linears=16'385 
  3.86e-04s  0.00e+00d  [MergeClauses] 
  1.87e-02s  0.00e+00d  [DetectDominanceRelations] 
  2.40e-01s  0.00e+00d  [PresolveToFixPoint] #num_loops=2 #num_dual_strengthening=1 
  1.89e-02s  0.00e+00d  [DetectDominanceRelations] 
  1.37e-01s  0.00e+00d  [PresolveToFixPoint] #num_loops=1 #num_dual_strengthening=1 
  1.40e-02s  0.00e+00d  [DetectDuplicateColumns] 
  3.56e-03s  0.00e+00d  [DetectDuplicateConstraints] 
[Symmetry] Graph for symmetry has 17'273 nodes and 394'634 arcs.
[Symmetry] Symmetry computation done. time: 0.0106764 dtime: 0.0134515
  3.51e-03s  0.00e+00d  [DetectDuplicateConstraintsWithDifferentEnforcements] 
  2.82e-01s  5.49e-02d  [Probe] #probed=126 
  3.24e-04s  0.00e+00d  [MaxClique] 
  1.86e-02s  0.00e+00d  [DetectDominanceRelations] 
  1.35e-01s  0.00e+00d  [PresolveToFixPoint] #num_loops=1 #num_dual_strengthening=1 
  6.11e-02s  0.00e+00d  [ProcessAtMostOneAndLinear] 
  3.51e-03s  0.00e+00d  [DetectDuplicateConstraints] 
  3.98e-03s  0.00e+00d  [DetectDuplicateConstraintsWithDifferentEnforcements] 
  3.90e-02s  1.61e-02d  [DetectDominatedLinearConstraints] #relevant_constraints=16'647 
  3.94e-03s  0.00e+00d  [DetectDifferentVariables] 
  6.86e-03s  0.00e+00d  [ProcessSetPPC] #relevant_constraints=431 
  5.54e-04s  0.00e+00d  [TransformClausesToExactlyOne] 
  4.05e-04s  0.00e+00d  [DetectEncodedComplexDomains] 
  7.19e-04s  5.90e-06d  [FindAlmostIdenticalLinearConstraints] #num_tested_pairs=393 
  2.49e-06s  0.00e+00d  [FindBigAtMostOneAndLinearOverlap] 
  4.23e-01s  9.79e-02d  [FindBigVerticalLinearOverlap] #blocks=280 #saved_nz=62'455 
  5.75e-03s  1.65e-03d  [FindBigHorizontalLinearOverlap] #linears=16'387 
  3.66e-04s  0.00e+00d  [MergeClauses] 
  1.66e-02s  0.00e+00d  [DetectDominanceRelations] 
  1.99e-01s  0.00e+00d  [PresolveToFixPoint] #num_loops=2 #num_dual_strengthening=1 
  1.65e-02s  0.00e+00d  [DetectDominanceRelations] 
  1.18e-01s  0.00e+00d  [PresolveToFixPoint] #num_loops=1 #num_dual_strengthening=1 
  1.18e-02s  0.00e+00d  [DetectDuplicateColumns] 
  3.38e-03s  0.00e+00d  [DetectDuplicateConstraints] 
[Symmetry] Graph for symmetry has 18'111 nodes and 332'457 arcs.
[Symmetry] Symmetry computation done. time: 0.00972415 dtime: 0.0120162
  3.79e-03s  0.00e+00d  [DetectDuplicateConstraintsWithDifferentEnforcements] 
  3.16e-01s  4.72e-02d  [Probe] #probed=126 
  3.78e-04s  0.00e+00d  [MaxClique] 
  1.61e-02s  0.00e+00d  [DetectDominanceRelations] 
  1.19e-01s  0.00e+00d  [PresolveToFixPoint] #num_loops=1 #num_dual_strengthening=1 
  4.23e-02s  0.00e+00d  [ProcessAtMostOneAndLinear] 
  3.81e-03s  0.00e+00d  [DetectDuplicateConstraints] 
  4.04e-03s  0.00e+00d  [DetectDuplicateConstraintsWithDifferentEnforcements] 
  2.98e-02s  7.10e-03d  [DetectDominatedLinearConstraints] #relevant_constraints=16'926 
  4.39e-03s  0.00e+00d  [DetectDifferentVariables] 
  5.71e-03s  0.00e+00d  [ProcessSetPPC] #relevant_constraints=44 
  5.12e-04s  0.00e+00d  [TransformClausesToExactlyOne] 
  4.43e-04s  0.00e+00d  [DetectEncodedComplexDomains] 
  8.66e-04s  2.62e-05d  [FindAlmostIdenticalLinearConstraints] #num_tested_pairs=1'743 
  3.39e-06s  0.00e+00d  [FindBigAtMostOneAndLinearOverlap] 
  2.87e-01s  6.89e-02d  [FindBigVerticalLinearOverlap] #blocks=244 #saved_nz=33'628 
  5.45e-03s  1.48e-03d  [FindBigHorizontalLinearOverlap] #linears=16'388 
  4.01e-04s  0.00e+00d  [MergeClauses] 
  1.56e-02s  0.00e+00d  [DetectDominanceRelations] 
  1.82e-01s  0.00e+00d  [PresolveToFixPoint] #num_loops=2 #num_dual_strengthening=1 
  5.09e-04s  0.00e+00d  [MergeNoOverlap] 
  4.71e-04s  0.00e+00d  [MergeNoOverlap2D] 

Presolve summary:
  - 0 affine relations were detected.
  - rule 'duplicate: merged rhs of linear constraint' was applied 16'384 times.
  - rule 'duplicate: removed constraint' was applied 16'384 times.
  - rule 'linear matrix: common vertical rectangle' was applied 789 times.
  - rule 'linear1: x in domain' was applied 1 time.
  - rule 'linear: divide by GCD' was applied 32'768 times.
  - rule 'linear: variable substitution 2' was applied 3 times.
  - rule 'presolve: 2 unused variables removed.' was applied 1 time.
  - rule 'presolve: iteration' was applied 3 times.

Presolved satisfaction model '': (model_fingerprint: 0x9a70478ea3796998)
#Variables: 849 (462 primary variables)
  - 63 Booleans in [0,1]
  - 1 in [-8,6]
  - 1 in [-8,9]
  - 1 in [-7,1]
  - 1 in [-7,2]
  - 1 in [-7,3]
  - 3 in [-6,2]
  - 1 in [-6,3]
  - 4 in [-6,4]
  - 1 in [-6,5]
  - 2 in [-6,6]
  - 1 in [-6,8]
  - 5 in [-5,1]
  - 4 in [-5,2]
  - 19 in [-5,3]
  - 4 in [-5,4]
  - 6 in [-5,5]
  - 2 in [-5,6]
  - 1 in [-5,7]
  - 1 in [-4,1]
  - 33 in [-4,2]
  - 13 in [-4,3]
  - 37 in [-4,4]
  - 8 in [-4,5]
  - 7 in [-4,6]
  - 1 in [-4,7]
  - 1 in [-4,9]
  - 17 in [-3,1]
  - 12 in [-3,2]
  - 71 in [-3,3]
  - 34 in [-3,4]
  - 38 in [-3,5]
  - 9 in [-3,6]
  - 4 in [-3,7]
  - 2 in [-2,1]
  - 55 in [-2,2]
  - 22 in [-2,3]
  - 62 in [-2,4]
  - 29 in [-2,5]
  - 11 in [-2,6]
  - 5 in [-2,7]
  - 4 in [-2,8]
  - 28 in [-1,1]
  - 13 in [-1,2]
  - 53 in [-1,3]
  - 20 in [-1,4]
  - 47 in [-1,5]
  - 11 in [-1,6]
  - 11 in [-1,7]
  - 2 in [-1,8]
  - 30 in [0,2]
  - 5 in [0,3]
  - 20 in [0,4]
  - 5 in [0,5]
  - 5 in [0,6]
  - 2 in [0,7]
#kLinear3: 780
#kLinearN: 16'390 (#terms: 295'914)
[Symmetry] Graph for symmetry has 18'838 nodes and 299'073 arcs.
[Symmetry] Symmetry computation done. time: 0.0139937 dtime: 0.0112915

Preloading model.
#Model   9.78s var:849/849 constraints:17170/17170

Starting search at 9.78s with 2 workers.
1 full problem subsolver: [default_lp]
1 first solution subsolver: [fj]
2 interleaved subsolvers: [feasibility_pump, rins/rens]
2 helper subsolvers: [neighborhood_helper, synchronization_agent]


Task timing                   n [     min,      max]      avg      dev     time         n [     min,      max]      avg      dev    dtime
        'default_lp':         1 [  14.84m,   14.84m]   14.84m   0.00ns   14.84m         2 [223.51ms,    3.90m]    1.95m    1.95m    3.90m
  'feasibility_pump':      2806 [ 73.56us,    1.34s] 158.06ms 123.96ms    7.39m      1860 [ 21.62ms,    1.80s]  24.40ms  51.84ms   45.38s
                'fj':      2931 [  7.04ms, 396.08ms] 151.32ms  41.43ms    7.39m      2931 [  4.94ms, 105.11ms] 100.77ms   1.91ms    4.92m
         'rins/rens':         0 [  0.00ns,   0.00ns]   0.00ns   0.00ns   0.00ns         0 [  0.00ns,   0.00ns]   0.00ns   0.00ns   0.00ns

Search stats     Bools  Conflicts  Branches  Restarts  BacktrackToRoot  Backtrack  BoolPropag  IntegerPropag
  'default_lp':     63     26'606    54'810       164           21'080     46'095      31'440      6'442'961

SAT formula      Fixed  Equiv  Total  VarLeft  BinaryClauses  PermanentClauses  TemporaryClauses
  'default_lp':      0      0     63       63              0                 0             6'056

SAT stats        ClassicMinim  LitRemoved  LitRemovedBinary  LitLearned  LitForgotten  Subsumed
  'default_lp':        14'155      49'808                 0     829'129       181'082    13'580

Vivification     Clauses  Decisions  LitTrue  Subsumed  LitRemoved  DecisionReused  Conflicts
  'default_lp':        0          0        0         0           0               0          0

Clause deletion    at_true  l_and_not(l)  to_binary  sub_conflict  sub_extra  sub_decisions  sub_eager  sub_vivify  sub_probing  sub_inpro  blocked  eliminated  forgotten  promoted  conflicts
    'default_lp':        0             0          0        13'199        438          1'209        381           0            0          0        0           0      5'323    51'542     26'606

Lp stats         Component  Iterations  AddedCuts  OPTIMAL  DUAL_F.  DUAL_U.
  'default_lp':          1   1'320'589     10'747   46'461        0   24'873

Lp dimension        Final dimension of first component
  'default_lp':  1296 rows, 849 columns, 17668 entries

Lp debug         CutPropag  CutEqPropag  Adjust  Overflow      Bad  BadScaling
  'default_lp':          0          196  24'799         0  247'715           0

Lp pool          Constraints  Updates  Simplif  Merged  Shortened  Split  Strengthened      Cuts/Call
  'default_lp':       26'917    6'630        0       0          0      0             0  10'747/15'103

Lp Cut          default_lp
        CG_FF:       1'207
         CG_K:       1'303
         CG_R:       1'922
        CG_RB:       1'941
       CG_RBP:       1'923
           IB:         410
      MIR_1_R:           1
     MIR_1_RB:           1
    MIR_1_RBP:           1
     MIR_2_RB:           4
    MIR_2_RBP:           3
      MIR_3_R:           1
     MIR_3_RB:           4
    MIR_3_RBP:           3
     MIR_4_RB:           2
    MIR_4_RBP:           3
      MIR_6_R:           1
     MIR_6_RB:           2
    MIR_6_RBP:           2
  ZERO_HALF_R:       2'013

LNS stats       Improv/Calls  Closed  Difficulty  TimeLimit
  'rins/rens':           0/0      0%    5.00e-01       0.10

LS stats                                    Batches  Restarts/Perturbs  LinMoves  GenMoves  CompoundMoves  Bactracks  WeightUpdates  ScoreComputed
                             'fj_restart':      188                 41    26'893         0              0          0            888      1'558'185
                    'fj_restart_compound':      268                 50         0    48'226         28'177      9'674              8      2'286'007
                'fj_restart_compound_obj':      197                 39         0    33'387         21'382      5'714              0      1'734'061
            'fj_restart_compound_perturb':      256                 56         0    45'476         30'936      6'912              2      2'314'749
        'fj_restart_compound_perturb_obj':      129                 44         0    29'912         23'799      2'771              1      1'250'178
                       'fj_restart_decay':      163                 51    32'070         0              0          0            355      1'460'815
              'fj_restart_decay_compound':      210                 48         0    38'272         27'407      5'150              0      1'924'002
          'fj_restart_decay_compound_obj':      120                 45         0    27'160         22'922      1'900              0      1'203'950
      'fj_restart_decay_compound_perturb':      138                 46         0    31'682         25'722      2'785              0      1'346'013
  'fj_restart_decay_compound_perturb_obj':      139                 45         0    31'109         24'774      2'828              0      1'354'951
                   'fj_restart_decay_obj':      271                 50    53'093         0              0          0            654      2'355'082
               'fj_restart_decay_perturb':      122                 40    25'569         0              0          0            274      1'101'892
           'fj_restart_decay_perturb_obj':      173                 55    36'227         0              0          0            397      1'549'423
                         'fj_restart_obj':      304                 52    41'942         0              0          0          2'215      2'422'093
                     'fj_restart_perturb':      158                 46    27'498         0              0          0            620      1'357'322
                 'fj_restart_perturb_obj':       95                 44    18'860         0              0          0            244        887'642

Solution repositories    Added  Queried  Synchro
    'alternative_path':      0        0        0
      'best_solutions':      0        0        0
   'fj solution hints':    744        0      744
        'lp solutions':      0        0        0
                'pump':      0        0

Clauses shared    #Exported  #Imported  #BinaryRead  #BinaryTotal
   'default_lp':          0          0            0             0

LRAT_status: NA
CpSolverResponse summary:
status: UNKNOWN
objective: NA
best_bound: NA
integers: 849
booleans: 63
conflicts: 26606
branches: 54810
propagations: 31440
integer_propagations: 6442961
restarts: 164
lp_iterations: 1320589
walltime: 900.014
usertime: 900.014
deterministic_time: 576.01
gap_integral: 0

status=UNKNOWN objective=0.0 bound=0.0 branches=54810 wall=900.013721s
wrote computations/results/bridge_8_8_classes00_cap30.json
