3+3 sign=+1 target=5 status=INFEASIBLE wall=0.002s
3+3 sign=-1 target=5 status=OPTIMAL wall=0.009s
3+4 sign=+1 target=9 status=OPTIMAL wall=0.012s
3+4 sign=-1 target=9 status=OPTIMAL wall=0.011s
3+5 sign=+1 target=10 status=OPTIMAL wall=0.015s
3+5 sign=-1 target=10 status=OPTIMAL wall=0.015s
3+6 sign=+1 target=12 status=OPTIMAL wall=0.027s
3+6 sign=-1 target=12 status=OPTIMAL wall=0.028s
3+7 sign=+1 target=13 status=INFEASIBLE wall=0.229s
3+7 sign=-1 target=13 status=OPTIMAL wall=0.060s
3+8 sign=+1 target=17 status=OPTIMAL wall=0.211s
3+8 sign=-1 target=17 status=OPTIMAL wall=0.143s
3+9 sign=+1 target=18 status=OPTIMAL wall=0.773s
3+9 sign=-1 target=18 status=INFEASIBLE wall=4.074s
4+4 sign=+1 target=10 status=OPTIMAL wall=0.017s
4+4 sign=-1 target=10 status=OPTIMAL wall=0.017s
4+5 sign=+1 target=12 status=OPTIMAL wall=0.026s
4+5 sign=-1 target=12 status=OPTIMAL wall=0.030s
4+6 sign=+1 target=13 status=OPTIMAL wall=0.073s
4+6 sign=-1 target=13 status=OPTIMAL wall=0.073s
4+7 sign=+1 target=17 status=OPTIMAL wall=0.534s
4+7 sign=-1 target=17 status=OPTIMAL wall=0.333s
4+8 sign=+1 target=18 status=INFEASIBLE wall=103.803s
4+8 sign=-1 target=18 status=INFEASIBLE wall=101.927s
5+5 sign=+1 target=13 status=OPTIMAL wall=0.084s
5+5 sign=-1 target=13 status=OPTIMAL wall=0.084s
5+6 sign=+1 target=17 status=OPTIMAL wall=0.373s
5+6 sign=-1 target=17 status=OPTIMAL wall=0.309s
5+7 sign=+1 target=18 status=OPTIMAL wall=11.806s
5+7 sign=-1 target=18 status=OPTIMAL wall=2.343s
6+6 sign=+1 target=18 status=OPTIMAL wall=4.632s
6+6 sign=-1 target=18 status=OPTIMAL wall=3.389s
wrote computations/results/bridge_grid_through_12.json
