
Starting CP-SAT solver v9.15.6755
Parameters: max_time_in_seconds: 900 log_search_progress: true num_search_workers: 2 log_to_stdout: true

Initial satisfaction model '': (model_fingerprint: 0xec9d252dcd04fa12)
#Variables: 65 (64 primary variables)
  - 64 Booleans in [0,1]
  - 1 constants in {30} 
#kLinear1: 1
#kLinearN: 32'768 (#terms: 2'129'920)

Starting presolve at 0.15s
  1.01e-01s  0.00e+00d  [DetectDominanceRelations] 
  1.10e+00s  0.00e+00d  [PresolveToFixPoint] #num_loops=2 #num_dual_strengthening=1 
  9.74e-04s  0.00e+00d  [ExtractEncodingFromLinear] 
  9.02e-02s  0.00e+00d  [DetectDuplicateColumns] 
  1.57e-01s  0.00e+00d  [DetectDuplicateConstraints] #duplicates=16'384 
[Symmetry] Graph for symmetry has 16'511 nodes and 1'032'254 arcs.
[Symmetry] Symmetry computation done. time: 0.0943067 dtime: 0.167971
[Symmetry] #generators: 2, average support size: 40
[Symmetry] 16 orbits on 48 variables with sizes: 4,4,4,4,4,4,4,4,2,2,...
  3.85e-03s  0.00e+00d  [DetectDuplicateConstraintsWithDifferentEnforcements] 
  1.87e-01s  5.16e-02d  [Probe] #probed=126 
  4.17e-04s  0.00e+00d  [MaxClique] 
  4.02e-02s  0.00e+00d  [DetectDominanceRelations] 
  3.05e-01s  0.00e+00d  [PresolveToFixPoint] #num_loops=1 #num_dual_strengthening=1 
  1.48e-01s  0.00e+00d  [ProcessAtMostOneAndLinear] 
  3.70e-03s  0.00e+00d  [DetectDuplicateConstraints] 
  3.97e-03s  0.00e+00d  [DetectDuplicateConstraintsWithDifferentEnforcements] 
  1.51e+00s  1.00e-01d  [DetectDominatedLinearConstraints] #relevant_constraints=16'384 #num_inclusions=525'296 
  4.74e-03s  0.00e+00d  [DetectDifferentVariables] 
  1.41e-02s  0.00e+00d  [ProcessSetPPC] #relevant_constraints=16'384 
  4.53e-04s  0.00e+00d  [TransformClausesToExactlyOne] 
  4.60e-04s  0.00e+00d  [DetectEncodedComplexDomains] 
  7.55e-04s  0.00e+00d  [FindAlmostIdenticalLinearConstraints] 
  1.96e-06s  0.00e+00d  [FindBigAtMostOneAndLinearOverlap] 
  2.50e+00s  5.53e-01d  [FindBigVerticalLinearOverlap] #blocks=265 #saved_nz=637'852 
  6.18e-03s  1.97e-03d  [FindBigHorizontalLinearOverlap] #linears=16'385 
  4.27e-04s  0.00e+00d  [MergeClauses] 
  1.82e-02s  0.00e+00d  [DetectDominanceRelations] 
  2.36e-01s  0.00e+00d  [PresolveToFixPoint] #num_loops=2 #num_dual_strengthening=1 
  1.78e-02s  0.00e+00d  [DetectDominanceRelations] 
  1.31e-01s  0.00e+00d  [PresolveToFixPoint] #num_loops=1 #num_dual_strengthening=1 
  1.30e-02s  0.00e+00d  [DetectDuplicateColumns] 
  3.35e-03s  0.00e+00d  [DetectDuplicateConstraints] 
[Symmetry] Graph for symmetry has 17'273 nodes and 394'634 arcs.
[Symmetry] Symmetry computation done. time: 0.0101895 dtime: 0.0134462
  4.01e-03s  0.00e+00d  [DetectDuplicateConstraintsWithDifferentEnforcements] 
  3.13e-01s  5.49e-02d  [Probe] #probed=126 
  5.14e-04s  0.00e+00d  [MaxClique] 
  1.83e-02s  0.00e+00d  [DetectDominanceRelations] 
  1.37e-01s  0.00e+00d  [PresolveToFixPoint] #num_loops=1 #num_dual_strengthening=1 
  5.82e-02s  0.00e+00d  [ProcessAtMostOneAndLinear] 
  3.75e-03s  0.00e+00d  [DetectDuplicateConstraints] 
  3.42e-03s  0.00e+00d  [DetectDuplicateConstraintsWithDifferentEnforcements] 
  4.47e-02s  1.61e-02d  [DetectDominatedLinearConstraints] #relevant_constraints=16'647 
  3.88e-03s  0.00e+00d  [DetectDifferentVariables] 
  6.90e-03s  0.00e+00d  [ProcessSetPPC] #relevant_constraints=431 
  4.63e-04s  0.00e+00d  [TransformClausesToExactlyOne] 
  4.73e-04s  0.00e+00d  [DetectEncodedComplexDomains] 
  8.27e-04s  5.90e-06d  [FindAlmostIdenticalLinearConstraints] #num_tested_pairs=393 
  2.57e-06s  0.00e+00d  [FindBigAtMostOneAndLinearOverlap] 
  4.24e-01s  9.79e-02d  [FindBigVerticalLinearOverlap] #blocks=280 #saved_nz=62'455 
  6.34e-03s  1.65e-03d  [FindBigHorizontalLinearOverlap] #linears=16'387 
  4.34e-04s  0.00e+00d  [MergeClauses] 
  1.57e-02s  0.00e+00d  [DetectDominanceRelations] 
  1.99e-01s  0.00e+00d  [PresolveToFixPoint] #num_loops=2 #num_dual_strengthening=1 
  1.57e-02s  0.00e+00d  [DetectDominanceRelations] 
  1.14e-01s  0.00e+00d  [PresolveToFixPoint] #num_loops=1 #num_dual_strengthening=1 
  1.10e-02s  0.00e+00d  [DetectDuplicateColumns] 
  3.94e-03s  0.00e+00d  [DetectDuplicateConstraints] 
[Symmetry] Graph for symmetry has 18'111 nodes and 332'457 arcs.
[Symmetry] Symmetry computation done. time: 0.00912685 dtime: 0.01202
  3.60e-03s  0.00e+00d  [DetectDuplicateConstraintsWithDifferentEnforcements] 
  3.28e-01s  4.72e-02d  [Probe] #probed=126 
  4.34e-04s  0.00e+00d  [MaxClique] 
  1.89e-02s  0.00e+00d  [DetectDominanceRelations] 
  1.19e-01s  0.00e+00d  [PresolveToFixPoint] #num_loops=1 #num_dual_strengthening=1 
  4.47e-02s  0.00e+00d  [ProcessAtMostOneAndLinear] 
  3.34e-03s  0.00e+00d  [DetectDuplicateConstraints] 
  3.56e-03s  0.00e+00d  [DetectDuplicateConstraintsWithDifferentEnforcements] 
  2.67e-02s  7.10e-03d  [DetectDominatedLinearConstraints] #relevant_constraints=16'926 
  3.78e-03s  0.00e+00d  [DetectDifferentVariables] 
  5.53e-03s  0.00e+00d  [ProcessSetPPC] #relevant_constraints=44 
  4.51e-04s  0.00e+00d  [TransformClausesToExactlyOne] 
  4.20e-04s  0.00e+00d  [DetectEncodedComplexDomains] 
  7.83e-04s  2.62e-05d  [FindAlmostIdenticalLinearConstraints] #num_tested_pairs=1'743 
  2.85e-06s  0.00e+00d  [FindBigAtMostOneAndLinearOverlap] 
  2.99e-01s  6.89e-02d  [FindBigVerticalLinearOverlap] #blocks=244 #saved_nz=33'628 
  5.43e-03s  1.48e-03d  [FindBigHorizontalLinearOverlap] #linears=16'388 
  5.49e-04s  0.00e+00d  [MergeClauses] 
  1.57e-02s  0.00e+00d  [DetectDominanceRelations] 
  1.79e-01s  0.00e+00d  [PresolveToFixPoint] #num_loops=2 #num_dual_strengthening=1 
  1.99e-04s  0.00e+00d  [MergeNoOverlap] 
  2.40e-04s  0.00e+00d  [MergeNoOverlap2D] 

Presolve summary:
  - 0 affine relations were detected.
  - rule 'duplicate: merged rhs of linear constraint' was applied 16'384 times.
  - rule 'duplicate: removed constraint' was applied 16'384 times.
  - rule 'linear matrix: common vertical rectangle' was applied 789 times.
  - rule 'linear1: x in domain' was applied 1 time.
  - rule 'linear: divide by GCD' was applied 32'768 times.
  - rule 'linear: variable substitution 2' was applied 3 times.
  - rule 'presolve: 2 unused variables removed.' was applied 1 time.
  - rule 'presolve: iteration' was applied 3 times.

Presolved satisfaction model '': (model_fingerprint: 0x913b591af31f1716)
#Variables: 849 (462 primary variables)
  - 63 Booleans in [0,1]
  - 1 in [-8,6]
  - 1 in [-8,9]
  - 1 in [-7,1]
  - 1 in [-7,2]
  - 1 in [-7,3]
  - 3 in [-6,2]
  - 1 in [-6,3]
  - 4 in [-6,4]
  - 1 in [-6,5]
  - 2 in [-6,6]
  - 1 in [-6,8]
  - 5 in [-5,1]
  - 4 in [-5,2]
  - 19 in [-5,3]
  - 4 in [-5,4]
  - 6 in [-5,5]
  - 2 in [-5,6]
  - 1 in [-5,7]
  - 1 in [-4,1]
  - 33 in [-4,2]
  - 13 in [-4,3]
  - 37 in [-4,4]
  - 8 in [-4,5]
  - 7 in [-4,6]
  - 1 in [-4,7]
  - 1 in [-4,9]
  - 17 in [-3,1]
  - 12 in [-3,2]
  - 71 in [-3,3]
  - 34 in [-3,4]
  - 38 in [-3,5]
  - 9 in [-3,6]
  - 4 in [-3,7]
  - 2 in [-2,1]
  - 55 in [-2,2]
  - 22 in [-2,3]
  - 62 in [-2,4]
  - 29 in [-2,5]
  - 11 in [-2,6]
  - 5 in [-2,7]
  - 4 in [-2,8]
  - 28 in [-1,1]
  - 13 in [-1,2]
  - 53 in [-1,3]
  - 20 in [-1,4]
  - 47 in [-1,5]
  - 11 in [-1,6]
  - 11 in [-1,7]
  - 2 in [-1,8]
  - 30 in [0,2]
  - 5 in [0,3]
  - 20 in [0,4]
  - 5 in [0,5]
  - 5 in [0,6]
  - 2 in [0,7]
#kLinear3: 780
#kLinearN: 16'390 (#terms: 295'914)
[Symmetry] Graph for symmetry has 18'838 nodes and 299'073 arcs.
[Symmetry] Symmetry computation done. time: 0.0111816 dtime: 0.0112819

Preloading model.
#Model   9.69s var:849/849 constraints:17170/17170

Starting search at 9.69s with 2 workers.
1 full problem subsolver: [default_lp]
1 first solution subsolver: [fj]
2 interleaved subsolvers: [feasibility_pump, rins/rens]
2 helper subsolvers: [neighborhood_helper, synchronization_agent]


Task timing                   n [     min,      max]      avg      dev     time         n [     min,      max]      avg      dev    dtime
        'default_lp':         1 [  14.84m,   14.84m]   14.84m   0.00ns   14.84m         2 [221.13ms,    4.02m]    2.01m    2.01m    4.03m
  'feasibility_pump':      1880 [130.20ms,    1.46s] 236.07ms  63.24ms    7.40m      1879 [ 21.39ms,    1.56s]  23.34ms  35.74ms   43.86s
                'fj':      2968 [ 77.13ms, 409.44ms] 149.51ms  43.44ms    7.40m      2968 [ 69.12ms, 105.30ms] 100.79ms 927.83us    4.99m
         'rins/rens':         0 [  0.00ns,   0.00ns]   0.00ns   0.00ns   0.00ns         0 [  0.00ns,   0.00ns]   0.00ns   0.00ns   0.00ns

Search stats     Bools  Conflicts  Branches  Restarts  BacktrackToRoot  Backtrack  BoolPropag  IntegerPropag
  'default_lp':     63     27'400    47'305       116           14'984     40'741      31'660      5'951'903

SAT formula      Fixed  Equiv  Total  VarLeft  BinaryClauses  PermanentClauses  TemporaryClauses
  'default_lp':      0      0     63       63              0                 0             5'264

SAT stats        ClassicMinim  LitRemoved  LitRemovedBinary  LitLearned  LitForgotten  Subsumed
  'default_lp':        16'203      62'485                 0     797'593       182'289    15'137

Vivification     Clauses  Decisions  LitTrue  Subsumed  LitRemoved  DecisionReused  Conflicts
  'default_lp':        0          0        0         0           0               0          0

Clause deletion    at_true  l_and_not(l)  to_binary  sub_conflict  sub_extra  sub_decisions  sub_eager  sub_vivify  sub_probing  sub_inpro  blocked  eliminated  forgotten  promoted  conflicts
    'default_lp':        0             0          0        14'697        479          1'220        440           0            0          0        0           0      5'300    53'241     27'400

Lp stats         Component  Iterations  AddedCuts  OPTIMAL  DUAL_F.  DUAL_U.
  'default_lp':          1   1'405'153      7'700   45'762        0   25'657

Lp dimension       Final dimension of first component
  'default_lp':  1093 rows, 849 columns, 8533 entries

Lp debug         CutPropag  CutEqPropag  Adjust  Overflow      Bad  BadScaling
  'default_lp':          0          182  25'619         0  181'024           0

Lp pool          Constraints  Updates  Simplif  Merged  Shortened  Split  Strengthened     Cuts/Call
  'default_lp':       24'870    5'373        0       0          0      0             0  7'700/11'087

Lp Cut          default_lp
        CG_FF:         827
         CG_K:         895
         CG_R:       1'343
        CG_RB:       1'376
       CG_RBP:       1'336
           IB:         383
  ZERO_HALF_R:       1'540

LNS stats       Improv/Calls  Closed  Difficulty  TimeLimit
  'rins/rens':           0/0      0%    5.00e-01       0.10

LS stats                                    Batches  Restarts/Perturbs  LinMoves  GenMoves  CompoundMoves  Bactracks  WeightUpdates  ScoreComputed
                             'fj_restart':      108                 50    19'449         0              0          0            272        998'577
                    'fj_restart_compound':      193                 44         0    34'538         24'493      4'819              0      1'735'437
                'fj_restart_compound_obj':      359                 49         0    56'574         27'458     14'284             10      2'976'967
            'fj_restart_compound_perturb':      171                 59         0    39'486         32'707      3'014              0      1'706'307
        'fj_restart_compound_perturb_obj':       91                 40         0    25'256         22'117      1'344              0        931'450
                       'fj_restart_decay':      219                 50    42'399         0              0          0            523      1'902'744
              'fj_restart_decay_compound':      204                 48         0    37'198         25'921      5'262              2      1'863'689
          'fj_restart_decay_compound_obj':      108                 48         0    28'271         24'521      1'628              0      1'117'366
      'fj_restart_decay_compound_perturb':      143                 39         0    28'981         22'180      3'053              0      1'351'850
  'fj_restart_decay_compound_perturb_obj':      292                 47         0    47'536         27'899      9'374              3      2'531'202
                   'fj_restart_decay_obj':      177                 43    33'757         0              0          0            413      1'544'806
               'fj_restart_decay_perturb':      191                 56    38'929         0              0          0            442      1'698'769
           'fj_restart_decay_perturb_obj':      154                 46    31'777         0              0          0            349      1'370'473
                         'fj_restart_obj':      191                 53    30'048         0              0          0            911      1'612'867
                     'fj_restart_perturb':      131                 45    23'778         0              0          0            442      1'153'071
                 'fj_restart_perturb_obj':      236                 46    35'445         0              0          0          1'787      1'921'349

Solution repositories    Added  Queried  Synchro
    'alternative_path':      0        0        0
      'best_solutions':      0        0        0
   'fj solution hints':    755        0      755
        'lp solutions':      0        0        0
                'pump':      0        0

Clauses shared    #Exported  #Imported  #BinaryRead  #BinaryTotal
   'default_lp':          0          0            0             0

LRAT_status: NA
CpSolverResponse summary:
status: UNKNOWN
objective: NA
best_bound: NA
integers: 849
booleans: 63
conflicts: 27400
branches: 47305
propagations: 31660
integer_propagations: 5951903
restarts: 116
lp_iterations: 1405153
walltime: 900.009
usertime: 900.009
deterministic_time: 585.711
gap_integral: 0

status=UNKNOWN objective=0.0 bound=0.0 branches=47305 wall=900.008641s
wrote computations/results/bridge_8_8_classes11_cap30.json
