
Starting CP-SAT solver v9.15.6755
Parameters: max_time_in_seconds: 600 log_search_progress: true num_search_workers: 1 log_to_stdout: true

Initial satisfaction model '': (model_fingerprint: 0x79c49943f82bbf14)
#Variables: 31 (30 primary variables)
  - 30 Booleans in [0,1]
  - 1 constants in {15}
#kLinear1: 1
#kLinearN: 1'024 (#terms: 31'744)

Starting presolve at 0.01s
  2.29e-03s  0.00e+00d  [DetectDominanceRelations]
  2.90e-02s  0.00e+00d  [PresolveToFixPoint] #num_loops=2 #num_dual_strengthening=1
  2.58e-05s  0.00e+00d  [ExtractEncodingFromLinear]
  2.19e-03s  0.00e+00d  [DetectDuplicateColumns]
  1.25e-03s  0.00e+00d  [DetectDuplicateConstraints] #duplicates=512
[Symmetry] Graph for symmetry has 571 nodes and 14'876 arcs.
[Symmetry] Symmetry computation done. time: 0.00252634 dtime: 0.00332297
[Symmetry] #generators: 2, average support size: 22
[Symmetry] 10 orbits on 28 variables with sizes: 4,4,4,4,2,2,2,2,2,2
  1.25e-04s  0.00e+00d  [DetectDuplicateConstraintsWithDifferentEnforcements]
  5.03e-03s  7.47e-04d  [Probe] #probed=58
  9.49e-06s  0.00e+00d  [MaxClique]
  9.49e-04s  0.00e+00d  [DetectDominanceRelations]
  7.86e-03s  0.00e+00d  [PresolveToFixPoint] #num_loops=1 #num_dual_strengthening=1
  3.70e-03s  0.00e+00d  [ProcessAtMostOneAndLinear]
  1.02e-04s  0.00e+00d  [DetectDuplicateConstraints]
  5.86e-05s  0.00e+00d  [DetectDuplicateConstraintsWithDifferentEnforcements]
  3.76e-01s  1.16e-02d  [DetectDominatedLinearConstraints] #relevant_constraints=512 #num_inclusions=130'816
  1.31e-04s  0.00e+00d  [DetectDifferentVariables]
  3.20e-04s  0.00e+00d  [ProcessSetPPC] #relevant_constraints=512
  4.77e-05s  0.00e+00d  [TransformClausesToExactlyOne]
  7.28e-06s  0.00e+00d  [DetectEncodedComplexDomains]
  1.24e-05s  0.00e+00d  [FindAlmostIdenticalLinearConstraints]
  1.58e-06s  0.00e+00d  [FindBigAtMostOneAndLinearOverlap]
  3.68e-02s  3.70e-03d  [FindBigVerticalLinearOverlap] #blocks=53 #saved_nz=8'641
  1.90e-04s  3.02e-05d  [FindBigHorizontalLinearOverlap] #linears=512
  9.42e-06s  0.00e+00d  [MergeClauses]
  4.61e-04s  0.00e+00d  [DetectDominanceRelations]
  1.04e-02s  0.00e+00d  [PresolveToFixPoint] #num_loops=2 #num_dual_strengthening=1
  4.61e-04s  0.00e+00d  [DetectDominanceRelations]
  4.01e-03s  0.00e+00d  [PresolveToFixPoint] #num_loops=1 #num_dual_strengthening=1
  1.91e-04s  0.00e+00d  [DetectDuplicateColumns]
  1.32e-02s  0.00e+00d  [DetectDuplicateConstraints]
[Symmetry] Graph for symmetry has 713 nodes and 6'271 arcs.
[Symmetry] Symmetry computation done. time: 0.000251338 dtime: 0.00026525
  9.54e-05s  0.00e+00d  [DetectDuplicateConstraintsWithDifferentEnforcements]
  4.98e-03s  4.63e-04d  [Probe] #probed=58
  8.23e-06s  0.00e+00d  [MaxClique]
  4.81e-04s  0.00e+00d  [DetectDominanceRelations]
  1.14e-02s  0.00e+00d  [PresolveToFixPoint] #num_loops=1 #num_dual_strengthening=1
  1.64e-03s  0.00e+00d  [ProcessAtMostOneAndLinear]
  8.19e-05s  0.00e+00d  [DetectDuplicateConstraints]
  5.25e-05s  0.00e+00d  [DetectDuplicateConstraintsWithDifferentEnforcements]
  4.56e-04s  5.41e-05d  [DetectDominatedLinearConstraints] #relevant_constraints=563 #num_inclusions=1
  7.91e-05s  0.00e+00d  [DetectDifferentVariables]
  1.16e-04s  0.00e+00d  [ProcessSetPPC] #relevant_constraints=2
  5.35e-05s  0.00e+00d  [TransformClausesToExactlyOne]
  7.68e-06s  0.00e+00d  [DetectEncodedComplexDomains]
  2.63e-05s  3.85e-07d  [FindAlmostIdenticalLinearConstraints] #num_tested_pairs=25
  1.51e-06s  0.00e+00d  [FindBigAtMostOneAndLinearOverlap]
  3.48e-03s  7.30e-04d  [FindBigVerticalLinearOverlap] #blocks=9 #saved_nz=379
  1.46e-04s  2.83e-05d  [FindBigHorizontalLinearOverlap] #linears=514
  8.60e-06s  0.00e+00d  [MergeClauses]
  4.55e-04s  0.00e+00d  [DetectDominanceRelations]
  1.98e-02s  0.00e+00d  [PresolveToFixPoint] #num_loops=2 #num_dual_strengthening=1
  4.43e-04s  0.00e+00d  [DetectDominanceRelations]
  4.05e-03s  0.00e+00d  [PresolveToFixPoint] #num_loops=1 #num_dual_strengthening=1
  1.87e-04s  0.00e+00d  [DetectDuplicateColumns]
  9.93e-05s  0.00e+00d  [DetectDuplicateConstraints]
[Symmetry] Graph for symmetry has 740 nodes and 5'901 arcs.
[Symmetry] Symmetry computation done. time: 0.000254963 dtime: 0.00025756
  9.93e-05s  0.00e+00d  [DetectDuplicateConstraintsWithDifferentEnforcements]
  4.95e-03s  4.46e-04d  [Probe] #probed=58
  9.81e-06s  0.00e+00d  [MaxClique]
  4.45e-04s  0.00e+00d  [DetectDominanceRelations]
  4.12e-03s  0.00e+00d  [PresolveToFixPoint] #num_loops=1 #num_dual_strengthening=1
  1.38e-03s  0.00e+00d  [ProcessAtMostOneAndLinear]
  6.74e-05s  0.00e+00d  [DetectDuplicateConstraints]
  5.09e-05s  0.00e+00d  [DetectDuplicateConstraintsWithDifferentEnforcements]
  4.40e-04s  4.65e-05d  [DetectDominatedLinearConstraints] #relevant_constraints=572
  7.95e-05s  0.00e+00d  [DetectDifferentVariables]
  1.08e-04s  0.00e+00d  [ProcessSetPPC] #relevant_constraints=2
  5.98e-05s  0.00e+00d  [TransformClausesToExactlyOne]
  8.37e-06s  0.00e+00d  [DetectEncodedComplexDomains]
  3.11e-05s  6.30e-07d  [FindAlmostIdenticalLinearConstraints] #num_tested_pairs=42
  1.90e-06s  0.00e+00d  [FindBigAtMostOneAndLinearOverlap]
  2.99e-03s  6.59e-04d  [FindBigVerticalLinearOverlap] #blocks=2 #saved_nz=69
  1.51e-04s  2.79e-05d  [FindBigHorizontalLinearOverlap] #linears=514
  9.54e-06s  0.00e+00d  [MergeClauses]
  4.64e-04s  0.00e+00d  [DetectDominanceRelations]
  2.05e-02s  0.00e+00d  [PresolveToFixPoint] #num_loops=2 #num_dual_strengthening=1
  4.78e-06s  0.00e+00d  [MergeNoOverlap]
  3.93e-06s  0.00e+00d  [MergeNoOverlap2D]

Presolve summary:
  - 0 affine relations were detected.
  - rule 'duplicate: merged rhs of linear constraint' was applied 512 times.
  - rule 'duplicate: removed constraint' was applied 512 times.
  - rule 'linear matrix: common vertical rectangle' was applied 64 times.
  - rule 'linear1: x in domain' was applied 1 time.
  - rule 'linear: divide by GCD' was applied 1'024 times.
  - rule 'linear: variable substitution 2' was applied 2 times.
  - rule 'presolve: 2 unused variables removed.' was applied 1 time.
  - rule 'presolve: iteration' was applied 3 times.

Presolved satisfaction model '': (model_fingerprint: 0x6acc0d8c38d81250)
#Variables: 91 (51 primary variables)
  - 29 Booleans in [0,1]
  - 2 in [-3,1]
  - 2 in [-2,1]
  - 14 in [-2,2]
  - 12 in [-1,1]
  - 3 in [-1,2]
  - 10 in [-1,3]
  - 14 in [0,2]
  - 1 in [0,3]
  - 4 in [0,4]
#kLinear3: 60
#kLinearN: 514 (#terms: 5'577)
[Symmetry] Graph for symmetry has 742 nodes and 5'834 arcs.
[Symmetry] Symmetry computation done. time: 0.000244207 dtime: 0.00025549

Preloading model.

Starting search at 0.62s with 1 workers.
1 full problem subsolver: [main]

[Precedences] num_relations=0 num_clauses=0
[Probing] deterministic_time: 0.000430122 (limit: 1) wall_time: 0.00324454 (29/29)
[LinearRelaxationBeforeCliqueExpansion] #linear:574 #at_most_ones:0
[FinalLinearRelaxation] #linear:574 #cut_generators:0
Initial num_bool: 29

Starting subsolver 'main' hint search at 0.65s
Starting subsolver 'main' search at 0.65s
#Done   76.47s main

Task timing           n [     min,      max]      avg      dev     time         n [     min,      max]      avg      dev    dtime
      'main':         1 [   1.26m,    1.26m]    1.26m   0.00ns    1.26m         1 [  26.91s,   26.91s]   26.91s   0.00ns   26.91s

Search stats    Bools  Conflicts  Branches  Restarts  BacktrackToRoot  Backtrack  BoolPropag  IntegerPropag
       'main':     29     16'661   116'384        91           15'326     36'770      51'747      1'242'185

SAT formula    Fixed  Equiv  Total  VarLeft  BinaryClauses  PermanentClauses  TemporaryClauses
      'main':     12      0     29       17             10                14                 0

SAT stats    ClassicMinim  LitRemoved  LitRemovedBinary  LitLearned  LitForgotten  Subsumed
    'main':        11'927      36'950             5'930     145'130         7'257    10'803

Vivification    Clauses  Decisions  LitTrue  Subsumed  LitRemoved  DecisionReused  Conflicts
       'main':   15'361     92'238        0       152       1'260          10'803          2

Clause deletion    at_true  l_and_not(l)  to_binary  sub_conflict  sub_extra  sub_decisions  sub_eager  sub_vivify  sub_probing  sub_inpro  blocked  eliminated  forgotten  promoted  conflicts
          'main':    2'340             0          3        10'245        109            803        558         152            0      1'724        0           0        642    31'655     16'661

Lp stats    Component  Iterations  AddedCuts  OPTIMAL  DUAL_F.  DUAL_U.
   'main':          1     387'687      5'556   23'237        0   15'421

Lp dimension    Final dimension of first component
       'main':  418 rows, 91 columns, 6869 entries

Lp debug    CutPropag  CutEqPropag  Adjust  Overflow     Bad  BadScaling
   'main':          0            6  15'038         0  15'244           0

Lp pool    Constraints  Updates  Simplif  Merged  Shortened  Split  Strengthened    Cuts/Call
  'main':        6'130    1'351   26'160       0     26'242    229           106  5'556/7'413

Lp Cut            main
         CG_FF:    721
          CG_K:    726
          CG_R:  1'102
         CG_RB:  1'173
        CG_RBP:  1'082
            IB:     30
  ZERO_HALF_FF:    199
   ZERO_HALF_R:    523

Solution repositories    Added  Queried  Synchro
    'alternative_path':      0        0        0
      'best_solutions':      0        0        0
   'fj solution hints':      0        0        0

LRAT_status: NA
CpSolverResponse summary:
status: INFEASIBLE
objective: NA
best_bound: NA
integers: 91
booleans: 29
conflicts: 16661
branches: 116384
propagations: 51747
integer_propagations: 1242185
restarts: 91
lp_iterations: 387687
walltime: 76.474
usertime: 76.474
deterministic_time: 26.9287
gap_integral: 0

status=INFEASIBLE objective=0.0 bound=0.0 branches=116384 wall=76.473950s
wrote computations/results/bridge_5_6_sign-1_cap15.json
