
Starting CP-SAT solver v9.15.6755
Parameters: max_time_in_seconds: 300 log_search_progress: true num_search_workers: 4 log_to_stdout: true

Initial satisfaction model '': (model_fingerprint: 0x9d5991872927303f)
#Variables: 13 (12 primary variables)
  - 12 Booleans in [0,1]
  - 1 constants in {9}
#kLinear1: 1
#kLinearN: 64 (#terms: 832)

Starting presolve at 0.00s
  3.84e-05s  0.00e+00d  [DetectDominanceRelations]
  4.88e-04s  0.00e+00d  [PresolveToFixPoint] #num_loops=2 #num_dual_strengthening=1
  1.65e-06s  0.00e+00d  [ExtractEncodingFromLinear]
  1.94e-05s  0.00e+00d  [DetectDuplicateColumns]
  2.03e-05s  0.00e+00d  [DetectDuplicateConstraints] #duplicates=17
[Symmetry] Graph for symmetry has 71 nodes and 528 arcs.
[Symmetry] Symmetry computation done. time: 9.7543e-05 dtime: 0.00011233
[Symmetry] #generators: 2, average support size: 7
[Symmetry] 4 orbits on 10 variables with sizes: 4,2,2,2
[SAT presolve] num removable Booleans: 0 / 11
[SAT presolve] num trivial clauses: 0
[SAT presolve] [0s] clauses:15 literals:165 vars:11 one_side_vars:0 simple_definition:0 singleton_clauses:0
[SAT presolve] [2.285e-05s] clauses:15 literals:165 vars:11 one_side_vars:0 simple_definition:0 singleton_clauses:0
[SAT presolve] [2.7932e-05s] clauses:15 literals:165 vars:11 one_side_vars:0 simple_definition:0 singleton_clauses:0
  5.40e-06s  0.00e+00d  [DetectDuplicateConstraintsWithDifferentEnforcements]
  2.07e-04s  4.75e-05d  [Probe] #probed=22
  2.61e-06s  0.00e+00d  [MaxClique]
  3.22e-05s  0.00e+00d  [DetectDominanceRelations]
  1.63e-04s  0.00e+00d  [PresolveToFixPoint] #num_loops=1 #num_dual_strengthening=1
  6.09e-05s  0.00e+00d  [ProcessAtMostOneAndLinear]
  1.02e-05s  0.00e+00d  [DetectDuplicateConstraints]
  3.32e-06s  0.00e+00d  [DetectDuplicateConstraintsWithDifferentEnforcements]
  3.02e-04s  1.62e-05d  [DetectDominatedLinearConstraints] #relevant_constraints=32 #num_inclusions=446 #num_redundant=2
  4.04e-06s  0.00e+00d  [DetectDifferentVariables]
  2.50e-05s  1.45e-06d  [ProcessSetPPC] #relevant_constraints=45
  1.70e-05s  9.37e-07d  [TransformClausesToExactlyOne] #num_clauses=15 #num_checked=15
  1.74e-06s  0.00e+00d  [DetectEncodedComplexDomains]
  1.30e-06s  0.00e+00d  [FindAlmostIdenticalLinearConstraints]
  8.21e-07s  0.00e+00d  [FindBigAtMostOneAndLinearOverlap]
  1.12e-04s  3.88e-05d  [FindBigVerticalLinearOverlap]
  5.55e-06s  1.65e-06d  [FindBigHorizontalLinearOverlap] #linears=30
  2.41e-05s  8.25e-07d  [MergeClauses]
  2.95e-05s  0.00e+00d  [DetectDominanceRelations]
  1.50e-04s  0.00e+00d  [PresolveToFixPoint] #num_loops=1 #num_dual_strengthening=1
  2.67e-05s  0.00e+00d  [DetectDominanceRelations]
  1.42e-04s  0.00e+00d  [PresolveToFixPoint] #num_loops=1 #num_dual_strengthening=1
  1.41e-05s  0.00e+00d  [DetectDuplicateColumns]
  4.17e-06s  0.00e+00d  [DetectDuplicateConstraints]
[Symmetry] Graph for symmetry has 69 nodes and 506 arcs.
[Symmetry] Symmetry computation done. time: 7.8191e-05 dtime: 0.00010113
[Symmetry] #generators: 2, average support size: 7
[Symmetry] 4 orbits on 10 variables with sizes: 4,2,2,2
[SAT presolve] num removable Booleans: 0 / 11
[SAT presolve] num trivial clauses: 0
[SAT presolve] [0s] clauses:15 literals:165 vars:11 one_side_vars:0 simple_definition:0 singleton_clauses:0
[SAT presolve] [1.8117e-05s] clauses:15 literals:165 vars:11 one_side_vars:0 simple_definition:0 singleton_clauses:0
[SAT presolve] [2.2025e-05s] clauses:15 literals:165 vars:11 one_side_vars:0 simple_definition:0 singleton_clauses:0
  5.09e-06s  0.00e+00d  [DetectDuplicateConstraintsWithDifferentEnforcements]
  1.88e-04s  4.68e-05d  [Probe] #probed=22
  1.30e-06s  0.00e+00d  [MaxClique]
  4.60e-05s  0.00e+00d  [DetectDominanceRelations]
  1.70e-04s  0.00e+00d  [PresolveToFixPoint] #num_loops=1 #num_dual_strengthening=1
  5.42e-05s  0.00e+00d  [ProcessAtMostOneAndLinear]
  1.05e-05s  0.00e+00d  [DetectDuplicateConstraints]
  3.63e-06s  0.00e+00d  [DetectDuplicateConstraintsWithDifferentEnforcements]
  2.89e-04s  1.58e-05d  [DetectDominatedLinearConstraints] #relevant_constraints=30 #num_inclusions=435
  3.30e-06s  0.00e+00d  [DetectDifferentVariables]
  2.30e-05s  1.45e-06d  [ProcessSetPPC] #relevant_constraints=45
  1.60e-05s  9.37e-07d  [TransformClausesToExactlyOne] #num_clauses=15 #num_checked=15
  1.19e-06s  0.00e+00d  [DetectEncodedComplexDomains]
  9.17e-07s  0.00e+00d  [FindAlmostIdenticalLinearConstraints]
  5.47e-07s  0.00e+00d  [FindBigAtMostOneAndLinearOverlap]
  1.10e-04s  3.88e-05d  [FindBigVerticalLinearOverlap]
  4.96e-06s  1.65e-06d  [FindBigHorizontalLinearOverlap] #linears=30
  1.66e-05s  8.25e-07d  [MergeClauses]
  2.97e-05s  0.00e+00d  [DetectDominanceRelations]
  1.52e-04s  0.00e+00d  [PresolveToFixPoint] #num_loops=1 #num_dual_strengthening=1
  1.05e-06s  0.00e+00d  [MergeNoOverlap]
  8.36e-07s  0.00e+00d  [MergeNoOverlap2D]

Presolve summary:
  - 0 affine relations were detected.
  - rule 'duplicate: merged rhs of linear constraint' was applied 17 times.
  - rule 'duplicate: removed constraint' was applied 17 times.
  - rule 'linear inclusion: redundant included constraint' was applied 2 times.
  - rule 'linear1: x in domain' was applied 1 time.
  - rule 'linear: divide by GCD' was applied 64 times.
  - rule 'linear: negative clause' was applied 3 times.
  - rule 'linear: positive clause' was applied 12 times.
  - rule 'presolve: 2 unused variables removed.' was applied 1 time.
  - rule 'presolve: iteration' was applied 2 times.

Presolved satisfaction model '': (model_fingerprint: 0x9e384c151f3b06df)
#Variables: 11 (11 primary variables)
  - 11 Booleans in [0,1]
#kBoolOr: 15 (#literals: 165)
#kLinearN: 30 (#terms: 330)
[Symmetry] Graph for symmetry has 67 nodes and 506 arcs.
[Symmetry] Symmetry computation done. time: 7.6216e-05 dtime: 0.00010101
[Symmetry] #generators: 2, average support size: 7
[Symmetry] 4 orbits on 10 variables with sizes: 4,2,2,2

Preloading model.
#Model   0.01s var:11/11 constraints:45/45

Starting search at 0.01s with 4 workers.
3 full problem subsolvers: [default_lp, max_lp_sym, no_lp]
1 first solution subsolver: [fj]
2 interleaved subsolvers: [feasibility_pump, rins/rens]
2 helper subsolvers: [neighborhood_helper, synchronization_agent]

#1       0.01s no_lp
#2       0.01s default_lp

Task timing                   n [     min,      max]      avg      dev     time         n [     min,      max]      avg      dev    dtime
        'default_lp':         1 [  3.29ms,   3.29ms]   3.29ms   0.00ns   3.29ms         1 [431.79us, 431.79us] 431.79us   0.00ns 431.79us
  'feasibility_pump':         1 [  2.96ms,   2.96ms]   2.96ms   0.00ns   2.96ms         0 [  0.00ns,   0.00ns]   0.00ns   0.00ns   0.00ns
                'fj':         0 [  0.00ns,   0.00ns]   0.00ns   0.00ns   0.00ns         0 [  0.00ns,   0.00ns]   0.00ns   0.00ns   0.00ns
        'max_lp_sym':         1 [  2.85ms,   2.85ms]   2.85ms   0.00ns   2.85ms         1 [ 33.12us,  33.12us]  33.12us   0.00ns  33.12us
             'no_lp':         1 [  3.11ms,   3.11ms]   3.11ms   0.00ns   3.11ms         1 [444.05us, 444.05us] 444.05us   0.00ns 444.05us
         'rins/rens':         0 [  0.00ns,   0.00ns]   0.00ns   0.00ns   0.00ns         0 [  0.00ns,   0.00ns]   0.00ns   0.00ns   0.00ns

Search stats     Bools  Conflicts  Branches  Restarts  BacktrackToRoot  Backtrack  BoolPropag  IntegerPropag
  'default_lp':     11         35       393         0               73        138         185            447
  'max_lp_sym':     11          0        22         0               22         22           0             22
       'no_lp':     11         46       396         0               69        152         225            451

SAT formula      Fixed  Equiv  Total  VarLeft  BinaryClauses  PermanentClauses  TemporaryClauses
  'default_lp':      0      0     11       11              0                15                 2
  'max_lp_sym':      0      0     11       11              0                15                 0
       'no_lp':      0      0     11       11              0                15                 3

SAT stats        ClassicMinim  LitRemoved  LitRemovedBinary  LitLearned  LitForgotten  Subsumed
  'default_lp':             0           0                 0         259             0        25
  'max_lp_sym':             0           0                 0           0             0         0
       'no_lp':             4           4                 0         336             0        35

Vivification     Clauses  Decisions  LitTrue  Subsumed  LitRemoved  DecisionReused  Conflicts
  'default_lp':       73        339        0         7          88             152          3
  'max_lp_sym':        0          0        0         0           0               0          0
       'no_lp':       73        335        0         7          88             150          3

Clause deletion    at_true  l_and_not(l)  to_binary  sub_conflict  sub_extra  sub_decisions  sub_eager  sub_vivify  sub_probing  sub_inpro  blocked  eliminated  forgotten  promoted  conflicts
    'default_lp':        0             0          0            24          0              1          1           7            0          0        0           0          0        15         35
    'max_lp_sym':        0             0          0             0          0              0          0           0            0          0        0           0          0         0          0
         'no_lp':        0             0          0            34          0              1          1           7            0          0        0           0          0        28         46

Lp stats         Component  Iterations  AddedCuts  OPTIMAL  DUAL_F.  DUAL_U.
  'default_lp':          1           3          0        3        0        0
  'max_lp_sym':          1           4          2        2        0        0

Lp dimension     Final dimension of first component
  'default_lp':      3 rows, 11 columns, 33 entries
  'max_lp_sym':      18 rows, 5 columns, 69 entries

Lp debug         CutPropag  CutEqPropag  Adjust  Overflow  Bad  BadScaling
  'default_lp':          0            0       0         0    0           0
  'max_lp_sym':          0            0       0         0    4           0

Lp pool          Constraints  Updates  Simplif  Merged  Shortened  Split  Strengthened  Cuts/Call
  'default_lp':           30        0        0       0          0      0             0        0/0
  'max_lp_sym':           18        1        0       2          0      0             0        2/9

Lp Cut    max_lp_sym
  CG_FF:           2

LNS stats       Improv/Calls  Closed  Difficulty  TimeLimit
  'rins/rens':           0/0      0%    5.00e-01       0.10

Solutions (2)    Num   Rank
  'default_lp':    1  [1,1]
       'no_lp':    1  [0,0]

Solution repositories    Added  Queried  Synchro
    'alternative_path':      0        0        0
      'best_solutions':      2        0        2
   'fj solution hints':      0        0        0
        'lp solutions':      0        0        0
                'pump':      0        0

Clauses shared    #Exported  #Imported  #BinaryRead  #BinaryTotal
   'default_lp':          0          0            0             0
   'max_lp_sym':          0          0            0             0
        'no_lp':          0          0            0             0

LRAT_status: NA
CpSolverResponse summary:
status: OPTIMAL
objective: NA
best_bound: NA
integers: 15
booleans: 11
conflicts: 0
branches: 22
propagations: 0
integer_propagations: 22
restarts: 0
lp_iterations: 4
walltime: 0.0109743
usertime: 0.0109744
deterministic_time: 0.00112255
gap_integral: 0
solution_fingerprint: 0xb85ca75457797416

status=OPTIMAL objective=0.0 bound=0.0 branches=22 wall=0.010974s
verified bridge 3+4: parent_M=9 two_thirds_defect=-0.273177211919 hash=fbc05e5c99057c74ba1cee3e4352760f23d673f1c2fa109fdec02cdc2ce4690f
wrote computations/results/bridge_grid_3_4_sign-1_cap9.json
