
Starting CP-SAT solver v9.15.6755
Parameters: max_time_in_seconds: 300 log_search_progress: true num_search_workers: 4 log_to_stdout: true

Initial satisfaction model '': (model_fingerprint: 0xda027cdef90e87f2)
#Variables: 22 (21 primary variables)
  - 21 Booleans in [0,1]
  - 1 constants in {13}
#kLinear1: 1
#kLinearN: 512 (#terms: 11'264)

Starting presolve at 0.00s
  5.31e-04s  0.00e+00d  [DetectDominanceRelations]
  5.82e-03s  0.00e+00d  [PresolveToFixPoint] #num_loops=2 #num_dual_strengthening=1
  4.57e-06s  0.00e+00d  [ExtractEncodingFromLinear]
  4.73e-04s  0.00e+00d  [DetectDuplicateColumns]
  1.60e-04s  0.00e+00d  [DetectDuplicateConstraints] #duplicates=256
[Symmetry] Graph for symmetry has 297 nodes and 5'139 arcs.
[Symmetry] Symmetry computation done. time: 0.000510358 dtime: 0.00102957
[Symmetry] #generators: 2, average support size: 13
[Symmetry] 7 orbits on 18 variables with sizes: 4,4,2,2,2,2,2
  1.57e-05s  0.00e+00d  [DetectDuplicateConstraintsWithDifferentEnforcements]
  9.51e-04s  2.59e-04d  [Probe] #probed=40
  3.46e-06s  0.00e+00d  [MaxClique]
  2.00e-04s  0.00e+00d  [DetectDominanceRelations]
  1.54e-03s  0.00e+00d  [PresolveToFixPoint] #num_loops=1 #num_dual_strengthening=1
  7.34e-04s  0.00e+00d  [ProcessAtMostOneAndLinear]
  1.50e-05s  0.00e+00d  [DetectDuplicateConstraints]
  1.39e-05s  0.00e+00d  [DetectDuplicateConstraintsWithDifferentEnforcements]
  2.32e-02s  1.43e-03d  [DetectDominatedLinearConstraints] #relevant_constraints=256 #num_inclusions=23'217 #num_redundant=58
  2.14e-05s  0.00e+00d  [DetectDifferentVariables]
  5.46e-05s  0.00e+00d  [ProcessSetPPC] #relevant_constraints=198
  1.60e-05s  0.00e+00d  [TransformClausesToExactlyOne]
  2.84e-06s  0.00e+00d  [DetectEncodedComplexDomains]
  2.80e-06s  0.00e+00d  [FindAlmostIdenticalLinearConstraints]
  8.50e-07s  0.00e+00d  [FindBigAtMostOneAndLinearOverlap]
  2.65e-03s  7.09e-04d  [FindBigVerticalLinearOverlap] #blocks=24 #saved_nz=2'000
  2.96e-05s  9.44e-06d  [FindBigHorizontalLinearOverlap] #linears=198
  2.55e-06s  0.00e+00d  [MergeClauses]
  1.01e-04s  0.00e+00d  [DetectDominanceRelations]
  1.48e-03s  0.00e+00d  [PresolveToFixPoint] #num_loops=2 #num_dual_strengthening=1
  9.47e-05s  0.00e+00d  [DetectDominanceRelations]
  7.86e-04s  0.00e+00d  [PresolveToFixPoint] #num_loops=1 #num_dual_strengthening=1
  4.30e-05s  0.00e+00d  [DetectDuplicateColumns]
  1.27e-05s  0.00e+00d  [DetectDuplicateConstraints]
[Symmetry] Graph for symmetry has 299 nodes and 1'991 arcs.
[Symmetry] Symmetry computation done. time: 6.3879e-05 dtime: 9.8e-05
  1.36e-05s  0.00e+00d  [DetectDuplicateConstraintsWithDifferentEnforcements]
  8.80e-04s  1.13e-04d  [Probe] #probed=40
  2.14e-06s  0.00e+00d  [MaxClique]
  1.03e-04s  0.00e+00d  [DetectDominanceRelations]
  8.07e-04s  0.00e+00d  [PresolveToFixPoint] #num_loops=1 #num_dual_strengthening=1
  4.60e-04s  0.00e+00d  [ProcessAtMostOneAndLinear]
  1.26e-05s  0.00e+00d  [DetectDuplicateConstraints]
  1.16e-05s  0.00e+00d  [DetectDuplicateConstraintsWithDifferentEnforcements]
  9.43e-05s  1.46e-05d  [DetectDominatedLinearConstraints] #relevant_constraints=220
  1.91e-05s  0.00e+00d  [DetectDifferentVariables]
  3.01e-05s  0.00e+00d  [ProcessSetPPC] #relevant_constraints=4
  1.93e-05s  0.00e+00d  [TransformClausesToExactlyOne]
  2.47e-06s  0.00e+00d  [DetectEncodedComplexDomains]
  9.38e-06s  2.15e-07d  [FindAlmostIdenticalLinearConstraints] #num_tested_pairs=13
  6.51e-07s  0.00e+00d  [FindBigAtMostOneAndLinearOverlap]
  6.66e-04s  1.89e-04d  [FindBigVerticalLinearOverlap] #blocks=4 #saved_nz=194
  2.68e-05s  8.41e-06d  [FindBigHorizontalLinearOverlap] #linears=198
  2.09e-06s  0.00e+00d  [MergeClauses]
  9.11e-05s  0.00e+00d  [DetectDominanceRelations]
  1.21e-03s  0.00e+00d  [PresolveToFixPoint] #num_loops=2 #num_dual_strengthening=1
  8.70e-05s  0.00e+00d  [DetectDominanceRelations]
  7.74e-04s  0.00e+00d  [PresolveToFixPoint] #num_loops=1 #num_dual_strengthening=1
  3.95e-05s  0.00e+00d  [DetectDuplicateColumns]
  1.23e-05s  0.00e+00d  [DetectDuplicateConstraints]
[Symmetry] Graph for symmetry has 306 nodes and 1'796 arcs.
[Symmetry] Symmetry computation done. time: 6.3046e-05 dtime: 9.307e-05
  1.34e-05s  0.00e+00d  [DetectDuplicateConstraintsWithDifferentEnforcements]
  8.07e-04s  1.05e-04d  [Probe] #probed=40
  2.17e-06s  0.00e+00d  [MaxClique]
  9.05e-05s  0.00e+00d  [DetectDominanceRelations]
  7.89e-04s  0.00e+00d  [PresolveToFixPoint] #num_loops=1 #num_dual_strengthening=1
  2.49e-04s  0.00e+00d  [ProcessAtMostOneAndLinear]
  1.42e-05s  0.00e+00d  [DetectDuplicateConstraints]
  1.17e-05s  0.00e+00d  [DetectDuplicateConstraintsWithDifferentEnforcements]
  8.88e-05s  1.33e-05d  [DetectDominatedLinearConstraints] #relevant_constraints=221
  1.86e-05s  0.00e+00d  [DetectDifferentVariables]
  2.63e-05s  0.00e+00d  [ProcessSetPPC] #relevant_constraints=8
  2.14e-05s  0.00e+00d  [TransformClausesToExactlyOne]
  2.63e-06s  0.00e+00d  [DetectEncodedComplexDomains]
  9.38e-06s  2.00e-07d  [FindAlmostIdenticalLinearConstraints] #num_tested_pairs=11
  6.32e-07s  0.00e+00d  [FindBigAtMostOneAndLinearOverlap]
  4.94e-04s  1.47e-04d  [FindBigVerticalLinearOverlap] #blocks=2 #saved_nz=92
  2.32e-05s  7.97e-06d  [FindBigHorizontalLinearOverlap] #linears=200
  2.07e-06s  0.00e+00d  [MergeClauses]
  8.49e-05s  0.00e+00d  [DetectDominanceRelations]
  1.00e-03s  0.00e+00d  [PresolveToFixPoint] #num_loops=2 #num_dual_strengthening=1
  1.70e-06s  0.00e+00d  [MergeNoOverlap]
  1.54e-06s  0.00e+00d  [MergeNoOverlap2D]

Presolve summary:
  - 0 affine relations were detected.
  - rule 'duplicate: merged rhs of linear constraint' was applied 256 times.
  - rule 'duplicate: removed constraint' was applied 256 times.
  - rule 'linear inclusion: redundant containing constraint' was applied 34 times.
  - rule 'linear inclusion: redundant included constraint' was applied 24 times.
  - rule 'linear matrix: common vertical rectangle' was applied 30 times.
  - rule 'linear1: x in domain' was applied 1 time.
  - rule 'linear: divide by GCD' was applied 512 times.
  - rule 'linear: variable substitution 2' was applied 8 times.
  - rule 'presolve: 2 unused variables removed.' was applied 1 time.
  - rule 'presolve: iteration' was applied 3 times.

Presolved satisfaction model '': (model_fingerprint: 0x97f230470e8b311a)
#Variables: 42 (34 primary variables)
  - 20 Booleans in [0,1]
  - 3 in [-2,1]
  - 3 in [-2,2]
  - 5 in [-1,1]
  - 3 in [-1,2]
  - 5 in [0,2]
  - 2 in [0,3]
  - 1 in [0,4]
#kLinear3: 10
#kLinearN: 210 (#terms: 1'636)
[Symmetry] Graph for symmetry has 296 nodes and 1'700 arcs.
[Symmetry] Symmetry computation done. time: 6.1827e-05 dtime: 8.82e-05

Preloading model.
#Model   0.05s var:42/42 constraints:220/220

Starting search at 0.05s with 4 workers.
3 full problem subsolvers: [default_lp, max_lp, no_lp]
1 first solution subsolver: [fj]
2 interleaved subsolvers: [feasibility_pump, rins/rens]
2 helper subsolvers: [neighborhood_helper, synchronization_agent]

#1       0.06s default_lp

Task timing                   n [     min,      max]      avg      dev     time         n [     min,      max]      avg      dev    dtime
        'default_lp':         1 [  4.93ms,   4.93ms]   4.93ms   0.00ns   4.93ms         2 [295.42us, 430.98us] 363.20us  67.78us 726.40us
  'feasibility_pump':         1 [  2.90ms,   2.90ms]   2.90ms   0.00ns   2.90ms         0 [  0.00ns,   0.00ns]   0.00ns   0.00ns   0.00ns
                'fj':         1 [  1.93ms,   1.93ms]   1.93ms   0.00ns   1.93ms         1 [708.19us, 708.19us] 708.19us   0.00ns 708.19us
            'max_lp':         1 [  5.04ms,   5.04ms]   5.04ms   0.00ns   5.04ms         1 [809.71us, 809.71us] 809.71us   0.00ns 809.71us
             'no_lp':         1 [  5.04ms,   5.04ms]   5.04ms   0.00ns   5.04ms         2 [ 99.80us, 280.60us] 190.20us  90.40us 380.40us
         'rins/rens':         0 [  0.00ns,   0.00ns]   0.00ns   0.00ns   0.00ns         0 [  0.00ns,   0.00ns]   0.00ns   0.00ns   0.00ns

Search stats     Bools  Conflicts  Branches  Restarts  BacktrackToRoot  Backtrack  BoolPropag  IntegerPropag
  'default_lp':     20          0        97         0               80         80           3            402
      'max_lp':     20          0        40         0               40         40           0            160
       'no_lp':     20         24       116         0               80        103          52            732

SAT formula      Fixed  Equiv  Total  VarLeft  BinaryClauses  PermanentClauses  TemporaryClauses
  'default_lp':      0      0     20       20              0                 0                 0
      'max_lp':      0      0     20       20              0                 0                 0
       'no_lp':      0      0     20       20              0                 0                 6

SAT stats        ClassicMinim  LitRemoved  LitRemovedBinary  LitLearned  LitForgotten  Subsumed
  'default_lp':             0           0                 0           0             0         0
      'max_lp':             0           0                 0           0             0         0
       'no_lp':            13          19                 0         275             0        17

Vivification     Clauses  Decisions  LitTrue  Subsumed  LitRemoved  DecisionReused  Conflicts
  'default_lp':        0          0        0         0           0               0          0
      'max_lp':        0          0        0         0           0               0          0
       'no_lp':        0          0        0         0           0               0          0

Clause deletion    at_true  l_and_not(l)  to_binary  sub_conflict  sub_extra  sub_decisions  sub_eager  sub_vivify  sub_probing  sub_inpro  blocked  eliminated  forgotten  promoted  conflicts
    'default_lp':        0             0          0             0          0              0          0           0            0          0        0           0          0         0          0
        'max_lp':        0             0          0             0          0              0          0           0            0          0        0           0          0         0          0
         'no_lp':        0             0          0            15          1              0          2           0            0          0        0           0          0        46         24

Lp stats         Component  Iterations  AddedCuts  OPTIMAL  DUAL_F.  DUAL_U.
  'default_lp':          1          66         11        5        0        0
      'max_lp':          1          29          0        1        0        0

Lp dimension     Final dimension of first component
  'default_lp':    93 rows, 42 columns, 589 entries
      'max_lp':  220 rows, 42 columns, 1666 entries

Lp debug         CutPropag  CutEqPropag  Adjust  Overflow  Bad  BadScaling
  'default_lp':          0            0       0         0    0           0
      'max_lp':          0            0       0         0   31           0

Lp pool          Constraints  Updates  Simplif  Merged  Shortened  Split  Strengthened  Cuts/Call
  'default_lp':          231        0        0       0          0      0             0      11/11
      'max_lp':          220        0        0       0          0      0             0        0/0

Lp Cut    default_lp
     IB:          11

LNS stats       Improv/Calls  Closed  Difficulty  TimeLimit
  'rins/rens':           0/0      0%    5.00e-01       0.10

LS stats         Batches  Restarts/Perturbs  LinMoves  GenMoves  CompoundMoves  Bactracks  WeightUpdates  ScoreComputed
  'fj_restart':        1                  1        38         0              0          0              7            730

Solutions (1)    Num   Rank
  'default_lp':    1  [0,0]

Solution repositories    Added  Queried  Synchro
    'alternative_path':      0        0        0
      'best_solutions':      1        0        1
   'fj solution hints':      0        0        0
        'lp solutions':      0        0        0
                'pump':      0        0

Clauses shared    #Exported  #Imported  #BinaryRead  #BinaryTotal
   'default_lp':          0          0            0             0
       'max_lp':          0          0            0             0
        'no_lp':          0          0            0             0

LRAT_status: NA
CpSolverResponse summary:
status: OPTIMAL
objective: NA
best_bound: NA
integers: 42
booleans: 20
conflicts: 0
branches: 97
propagations: 3
integer_propagations: 402
restarts: 0
lp_iterations: 66
walltime: 0.0602575
usertime: 0.0602576
deterministic_time: 0.00563084
gap_integral: 0
solution_fingerprint: 0x19622c699202d251

status=OPTIMAL objective=0.0 bound=0.0 branches=97 wall=0.060257s
verified bridge 3+7: parent_M=13 two_thirds_defect=-0.878057720295 hash=d2ab75860b51e015bdcb2f59d857608c8aca33bae0c50ec8100150fa5974f248
wrote computations/results/bridge_grid_3_7_sign-1_cap13.json
