
Starting CP-SAT solver v9.15.6755
Parameters: max_time_in_seconds: 300 log_search_progress: true num_search_workers: 4 log_to_stdout: true

Initial satisfaction model '': (model_fingerprint: 0xb1b433d51fd80454)
#Variables: 25 (24 primary variables)
  - 24 Booleans in [0,1]
  - 1 constants in {13}
#kLinear1: 1
#kLinearN: 512 (#terms: 12'800)

Starting presolve at 0.00s
  5.78e-04s  0.00e+00d  [DetectDominanceRelations]
  6.46e-03s  0.00e+00d  [PresolveToFixPoint] #num_loops=2 #num_dual_strengthening=1
  4.93e-06s  0.00e+00d  [ExtractEncodingFromLinear]
  5.29e-04s  0.00e+00d  [DetectDuplicateColumns]
  1.76e-04s  0.00e+00d  [DetectDuplicateConstraints] #duplicates=256
[Symmetry] Graph for symmetry has 303 nodes and 5'910 arcs.
[Symmetry] Symmetry computation done. time: 0.000580364 dtime: 0.00113136
[Symmetry] #generators: 2, average support size: 14
[Symmetry] 8 orbits on 20 variables with sizes: 4,4,2,2,2,2,2,2
  1.69e-05s  0.00e+00d  [DetectDuplicateConstraintsWithDifferentEnforcements]
  1.04e-03s  2.98e-04d  [Probe] #probed=46
  3.19e-06s  0.00e+00d  [MaxClique]
  2.47e-04s  0.00e+00d  [DetectDominanceRelations]
  1.79e-03s  0.00e+00d  [PresolveToFixPoint] #num_loops=1 #num_dual_strengthening=1
  8.00e-04s  0.00e+00d  [ProcessAtMostOneAndLinear]
  1.97e-05s  0.00e+00d  [DetectDuplicateConstraints]
  1.43e-05s  0.00e+00d  [DetectDuplicateConstraintsWithDifferentEnforcements]
  3.49e-02s  2.17e-03d  [DetectDominatedLinearConstraints] #relevant_constraints=256 #num_inclusions=30'722 #num_redundant=10
  2.98e-05s  0.00e+00d  [DetectDifferentVariables]
  7.30e-05s  0.00e+00d  [ProcessSetPPC] #relevant_constraints=246
  1.56e-05s  0.00e+00d  [TransformClausesToExactlyOne]
  2.76e-06s  0.00e+00d  [DetectEncodedComplexDomains]
  2.80e-06s  0.00e+00d  [FindAlmostIdenticalLinearConstraints]
  8.52e-07s  0.00e+00d  [FindBigAtMostOneAndLinearOverlap]
  4.04e-03s  1.14e-03d  [FindBigVerticalLinearOverlap] #blocks=24 #saved_nz=2'755
  3.23e-05s  1.42e-05d  [FindBigHorizontalLinearOverlap] #linears=246
  2.75e-06s  0.00e+00d  [MergeClauses]
  1.30e-04s  0.00e+00d  [DetectDominanceRelations]
  1.82e-03s  0.00e+00d  [PresolveToFixPoint] #num_loops=2 #num_dual_strengthening=1
  1.27e-04s  0.00e+00d  [DetectDominanceRelations]
  9.93e-04s  0.00e+00d  [PresolveToFixPoint] #num_loops=1 #num_dual_strengthening=1
  6.18e-05s  0.00e+00d  [DetectDuplicateColumns]
  1.40e-05s  0.00e+00d  [DetectDuplicateConstraints]
[Symmetry] Graph for symmetry has 353 nodes and 2'937 arcs.
[Symmetry] Symmetry computation done. time: 7.9516e-05 dtime: 0.00013529
  1.49e-05s  0.00e+00d  [DetectDuplicateConstraintsWithDifferentEnforcements]
  1.09e-03s  1.75e-04d  [Probe] #probed=46
  2.09e-06s  0.00e+00d  [MaxClique]
  1.35e-04s  0.00e+00d  [DetectDominanceRelations]
  1.01e-03s  0.00e+00d  [PresolveToFixPoint] #num_loops=1 #num_dual_strengthening=1
  4.20e-04s  0.00e+00d  [ProcessAtMostOneAndLinear]
  1.39e-05s  0.00e+00d  [DetectDuplicateConstraints]
  1.30e-05s  0.00e+00d  [DetectDuplicateConstraintsWithDifferentEnforcements]
  1.30e-04s  2.45e-05d  [DetectDominatedLinearConstraints] #relevant_constraints=269
  2.22e-05s  0.00e+00d  [DetectDifferentVariables]
  4.14e-05s  0.00e+00d  [ProcessSetPPC] #relevant_constraints=2
  1.65e-05s  0.00e+00d  [TransformClausesToExactlyOne]
  2.26e-06s  0.00e+00d  [DetectEncodedComplexDomains]
  8.68e-06s  1.15e-07d  [FindAlmostIdenticalLinearConstraints] #num_tested_pairs=7
  6.03e-07s  0.00e+00d  [FindBigAtMostOneAndLinearOverlap]
  9.15e-04s  3.42e-04d  [FindBigVerticalLinearOverlap]
  3.09e-05s  1.42e-05d  [FindBigHorizontalLinearOverlap] #linears=246
  2.00e-06s  0.00e+00d  [MergeClauses]
  1.30e-04s  0.00e+00d  [DetectDominanceRelations]
  1.03e-03s  0.00e+00d  [PresolveToFixPoint] #num_loops=1 #num_dual_strengthening=1
  1.73e-06s  0.00e+00d  [MergeNoOverlap]
  1.51e-06s  0.00e+00d  [MergeNoOverlap2D]

Presolve summary:
  - 0 affine relations were detected.
  - rule 'duplicate: merged rhs of linear constraint' was applied 256 times.
  - rule 'duplicate: removed constraint' was applied 256 times.
  - rule 'linear inclusion: redundant containing constraint' was applied 5 times.
  - rule 'linear inclusion: redundant included constraint' was applied 5 times.
  - rule 'linear matrix: common vertical rectangle' was applied 24 times.
  - rule 'linear1: x in domain' was applied 1 time.
  - rule 'linear: divide by GCD' was applied 512 times.
  - rule 'linear: variable substitution 2' was applied 1 time.
  - rule 'presolve: 2 unused variables removed.' was applied 1 time.
  - rule 'presolve: iteration' was applied 2 times.

Presolved satisfaction model '': (model_fingerprint: 0x8d3987e4f3b61905)
#Variables: 46 (35 primary variables)
  - 23 Booleans in [0,1]
  - 11 in [-1,1]
  - 1 in [-1,2]
  - 10 in [0,2]
  - 1 in [0,3]
#kLinear3: 21
#kLinearN: 248 (#terms: 2'839)
[Symmetry] Graph for symmetry has 350 nodes and 2'937 arcs.
[Symmetry] Symmetry computation done. time: 7.8614e-05 dtime: 0.00013511

Preloading model.
#Model   0.06s var:46/46 constraints:269/269

Starting search at 0.06s with 4 workers.
3 full problem subsolvers: [default_lp, max_lp, no_lp]
1 first solution subsolver: [fj]
2 interleaved subsolvers: [feasibility_pump, rins/rens]
2 helper subsolvers: [neighborhood_helper, synchronization_agent]

#1       0.07s fj_restart(batch:1 lin{mvs:107 evals:1'214} #w_updates:28 #perturb:0)

Task timing                   n [     min,      max]      avg      dev     time         n [     min,      max]      avg      dev    dtime
        'default_lp':         1 [  6.13ms,   6.13ms]   6.13ms   0.00ns   6.13ms         2 [292.30us, 891.09us] 591.69us 299.40us   1.18ms
  'feasibility_pump':         1 [  2.83ms,   2.83ms]   2.83ms   0.00ns   2.83ms         0 [  0.00ns,   0.00ns]   0.00ns   0.00ns   0.00ns
                'fj':         1 [  2.82ms,   2.82ms]   2.82ms   0.00ns   2.82ms         1 [  3.04ms,   3.04ms]   3.04ms   0.00ns   3.04ms
            'max_lp':         1 [  6.46ms,   6.46ms]   6.46ms   0.00ns   6.46ms         1 [  1.16ms,   1.16ms]   1.16ms   0.00ns   1.16ms
             'no_lp':         1 [  6.04ms,   6.04ms]   6.04ms   0.00ns   6.04ms         2 [173.25us, 598.83us] 386.04us 212.79us 772.09us
         'rins/rens':         0 [  0.00ns,   0.00ns]   0.00ns   0.00ns   0.00ns         0 [  0.00ns,   0.00ns]   0.00ns   0.00ns   0.00ns

Search stats     Bools  Conflicts  Branches  Restarts  BacktrackToRoot  Backtrack  BoolPropag  IntegerPropag
  'default_lp':     23          0       105         0               92         92           0            324
      'max_lp':     23          0        46         0               46         46           0            142
       'no_lp':     23         43       145         0               92        133          77            847

SAT formula      Fixed  Equiv  Total  VarLeft  BinaryClauses  PermanentClauses  TemporaryClauses
  'default_lp':      0      0     23       23              0                 0                 0
      'max_lp':      0      0     23       23              0                 0                 0
       'no_lp':      0      0     23       23              0                 0                 8

SAT stats        ClassicMinim  LitRemoved  LitRemovedBinary  LitLearned  LitForgotten  Subsumed
  'default_lp':             0           0                 0           0             0         0
      'max_lp':             0           0                 0           0             0         0
       'no_lp':            31          59                 0         551             0        33

Vivification     Clauses  Decisions  LitTrue  Subsumed  LitRemoved  DecisionReused  Conflicts
  'default_lp':        0          0        0         0           0               0          0
      'max_lp':        0          0        0         0           0               0          0
       'no_lp':        0          0        0         0           0               0          0

Clause deletion    at_true  l_and_not(l)  to_binary  sub_conflict  sub_extra  sub_decisions  sub_eager  sub_vivify  sub_probing  sub_inpro  blocked  eliminated  forgotten  promoted  conflicts
    'default_lp':        0             0          0             0          0              0          0           0            0          0        0           0          0         0          0
        'max_lp':        0             0          0             0          0              0          0           0            0          0        0           0          0         0          0
         'no_lp':        0             0          0            31          0              2          2           0            0          0        0           0          0        78         43

Lp stats         Component  Iterations  AddedCuts  OPTIMAL  DUAL_F.  DUAL_U.
  'default_lp':          1          75          8       13        0        0
      'max_lp':          1          27          2        1        0        0

Lp dimension     Final dimension of first component
  'default_lp':    86 rows, 46 columns, 729 entries
      'max_lp':  271 rows, 46 columns, 2917 entries

Lp debug         CutPropag  CutEqPropag  Adjust  Overflow  Bad  BadScaling
  'default_lp':          0            0       0         0    0           0
      'max_lp':          0            0       0         0   46           0

Lp pool          Constraints  Updates  Simplif  Merged  Shortened  Split  Strengthened  Cuts/Call
  'default_lp':          277        0        0       0          0      0             0        8/8
      'max_lp':          271        0        0       0          0      0             0        2/2

Lp Cut       default_lp  max_lp
        IB:           8       -
  MIR_2_RB:           -       2

LNS stats       Improv/Calls  Closed  Difficulty  TimeLimit
  'rins/rens':           0/0      0%    5.00e-01       0.10

LS stats         Batches  Restarts/Perturbs  LinMoves  GenMoves  CompoundMoves  Bactracks  WeightUpdates  ScoreComputed
  'fj_restart':        1                  1       107         0              0          0             28          2'098

Solutions (1)    Num   Rank
  'fj_restart':    1  [0,0]

Solution repositories    Added  Queried  Synchro
    'alternative_path':      0        0        0
      'best_solutions':      1        0        1
   'fj solution hints':      0        0        0
        'lp solutions':      0        0        0
                'pump':      0        0

Clauses shared    #Exported  #Imported  #BinaryRead  #BinaryTotal
   'default_lp':          0          0            0             0
       'max_lp':          0          0            0             0
        'no_lp':          0          0            0             0

LRAT_status: NA
CpSolverResponse summary:
status: OPTIMAL
objective: NA
best_bound: NA
integers: 46
booleans: 23
conflicts: 0
branches: 105
propagations: 0
integer_propagations: 324
restarts: 0
lp_iterations: 75
walltime: 0.0725265
usertime: 0.0725266
deterministic_time: 0.0103358
gap_integral: 0
solution_fingerprint: 0x57cf7a3459f3425c

status=OPTIMAL objective=0.0 bound=0.0 branches=105 wall=0.072527s
verified bridge 4+6: parent_M=13 two_thirds_defect=+0.084914975676 hash=6484fdcd6f604d954bf0b9644758e8198d6eeeb03bcd7dbc1a0c5f27cd9e9785
wrote computations/results/bridge_grid_4_6_sign-1_cap13.json
