
Starting CP-SAT solver v9.15.6755
Parameters: max_time_in_seconds: 300 log_search_progress: true num_search_workers: 4 log_to_stdout: true

Initial satisfaction model '': (model_fingerprint: 0x4b4a318a8fce3372)
#Variables: 17 (16 primary variables)
  - 16 Booleans in [0,1]
  - 1 constants in {10}
#kLinear1: 1
#kLinearN: 128 (#terms: 2'176)

Starting presolve at 0.00s
  1.52e-04s  0.00e+00d  [DetectDominanceRelations]
  1.24e-03s  0.00e+00d  [PresolveToFixPoint] #num_loops=2 #num_dual_strengthening=1
  2.15e-06s  0.00e+00d  [ExtractEncodingFromLinear]
  8.15e-05s  0.00e+00d  [DetectDuplicateColumns]
  4.22e-05s  0.00e+00d  [DetectDuplicateConstraints] #duplicates=64
[Symmetry] Graph for symmetry has 95 nodes and 974 arcs.
[Symmetry] Symmetry computation done. time: 0.000126785 dtime: 0.0001708
[Symmetry] #generators: 2, average support size: 8
[Symmetry] 5 orbits on 12 variables with sizes: 4,2,2,2,2
[Symmetry] Found orbitope of size 4 x 2
  6.58e-06s  0.00e+00d  [DetectDuplicateConstraintsWithDifferentEnforcements]
  2.90e-04s  5.05e-05d  [Probe] #probed=30
  2.62e-06s  0.00e+00d  [MaxClique]
  4.39e-05s  0.00e+00d  [DetectDominanceRelations]
  3.25e-04s  0.00e+00d  [PresolveToFixPoint] #num_loops=1 #num_dual_strengthening=1
  1.44e-04s  0.00e+00d  [ProcessAtMostOneAndLinear]
  1.58e-05s  0.00e+00d  [DetectDuplicateConstraints]
  4.42e-06s  0.00e+00d  [DetectDuplicateConstraintsWithDifferentEnforcements]
  1.59e-03s  9.56e-05d  [DetectDominatedLinearConstraints] #relevant_constraints=64 #num_inclusions=2'016
  6.56e-06s  0.00e+00d  [DetectDifferentVariables]
  1.68e-05s  0.00e+00d  [ProcessSetPPC] #relevant_constraints=64
  1.35e-05s  0.00e+00d  [TransformClausesToExactlyOne]
  1.67e-06s  0.00e+00d  [DetectEncodedComplexDomains]
  1.23e-06s  0.00e+00d  [FindAlmostIdenticalLinearConstraints]
  7.65e-07s  0.00e+00d  [FindBigAtMostOneAndLinearOverlap]
  3.60e-04s  1.49e-04d  [FindBigVerticalLinearOverlap]
  9.90e-06s  4.80e-06d  [FindBigHorizontalLinearOverlap] #linears=64
  1.32e-06s  0.00e+00d  [MergeClauses]
  4.31e-05s  0.00e+00d  [DetectDominanceRelations]
  3.21e-04s  0.00e+00d  [PresolveToFixPoint] #num_loops=1 #num_dual_strengthening=1
  4.07e-05s  0.00e+00d  [DetectDominanceRelations]
  3.12e-04s  0.00e+00d  [PresolveToFixPoint] #num_loops=1 #num_dual_strengthening=1
  2.60e-05s  0.00e+00d  [DetectDuplicateColumns]
  5.32e-06s  0.00e+00d  [DetectDuplicateConstraints]
[Symmetry] Graph for symmetry has 95 nodes and 974 arcs.
[Symmetry] Symmetry computation done. time: 0.000111803 dtime: 0.0001708
[Symmetry] #generators: 2, average support size: 8
[Symmetry] 5 orbits on 12 variables with sizes: 4,2,2,2,2
[Symmetry] Found orbitope of size 4 x 2
  6.20e-06s  0.00e+00d  [DetectDuplicateConstraintsWithDifferentEnforcements]
  2.75e-04s  5.05e-05d  [Probe] #probed=30
  1.34e-06s  0.00e+00d  [MaxClique]
  4.40e-05s  0.00e+00d  [DetectDominanceRelations]
  3.22e-04s  0.00e+00d  [PresolveToFixPoint] #num_loops=1 #num_dual_strengthening=1
  1.41e-04s  0.00e+00d  [ProcessAtMostOneAndLinear]
  1.62e-05s  0.00e+00d  [DetectDuplicateConstraints]
  4.16e-06s  0.00e+00d  [DetectDuplicateConstraintsWithDifferentEnforcements]
  1.59e-03s  9.56e-05d  [DetectDominatedLinearConstraints] #relevant_constraints=64 #num_inclusions=2'016
  5.75e-06s  0.00e+00d  [DetectDifferentVariables]
  1.57e-05s  0.00e+00d  [ProcessSetPPC] #relevant_constraints=64
  1.27e-05s  0.00e+00d  [TransformClausesToExactlyOne]
  1.09e-06s  0.00e+00d  [DetectEncodedComplexDomains]
  9.95e-07s  0.00e+00d  [FindAlmostIdenticalLinearConstraints]
  5.20e-07s  0.00e+00d  [FindBigAtMostOneAndLinearOverlap]
  3.58e-04s  1.49e-04d  [FindBigVerticalLinearOverlap]
  8.92e-06s  4.80e-06d  [FindBigHorizontalLinearOverlap] #linears=64
  9.07e-07s  0.00e+00d  [MergeClauses]
  4.32e-05s  0.00e+00d  [DetectDominanceRelations]
  3.20e-04s  0.00e+00d  [PresolveToFixPoint] #num_loops=1 #num_dual_strengthening=1
  1.12e-06s  0.00e+00d  [MergeNoOverlap]
  8.59e-07s  0.00e+00d  [MergeNoOverlap2D]

Presolve summary:
  - 0 affine relations were detected.
  - rule 'duplicate: merged rhs of linear constraint' was applied 64 times.
  - rule 'duplicate: removed constraint' was applied 64 times.
  - rule 'linear1: x in domain' was applied 1 time.
  - rule 'linear: divide by GCD' was applied 128 times.
  - rule 'presolve: 2 unused variables removed.' was applied 1 time.
  - rule 'presolve: iteration' was applied 2 times.

Presolved satisfaction model '': (model_fingerprint: 0xc32d54356ffae235)
#Variables: 15 (15 primary variables)
  - 15 Booleans in [0,1]
#kLinearN: 64 (#terms: 960)
[Symmetry] Graph for symmetry has 93 nodes and 974 arcs.
[Symmetry] Symmetry computation done. time: 0.000110727 dtime: 0.00017068
[Symmetry] #generators: 2, average support size: 8
[Symmetry] 5 orbits on 12 variables with sizes: 4,2,2,2,2
[Symmetry] Found orbitope of size 4 x 2

Preloading model.
#Model   0.01s var:15/15 constraints:64/64

Starting search at 0.01s with 4 workers.
3 full problem subsolvers: [default_lp, max_lp_sym, no_lp]
1 first solution subsolver: [fj]
2 interleaved subsolvers: [feasibility_pump, rins/rens]
2 helper subsolvers: [neighborhood_helper, synchronization_agent]

#1       0.01s no_lp
#2       0.01s default_lp

Task timing                   n [     min,      max]      avg      dev     time         n [     min,      max]      avg      dev    dtime
        'default_lp':         1 [  3.10ms,   3.10ms]   3.10ms   0.00ns   3.10ms         1 [322.25us, 322.25us] 322.25us   0.00ns 322.25us
  'feasibility_pump':         1 [  2.80ms,   2.80ms]   2.80ms   0.00ns   2.80ms         0 [  0.00ns,   0.00ns]   0.00ns   0.00ns   0.00ns
                'fj':         0 [  0.00ns,   0.00ns]   0.00ns   0.00ns   0.00ns         0 [  0.00ns,   0.00ns]   0.00ns   0.00ns   0.00ns
        'max_lp_sym':         1 [  3.14ms,   3.14ms]   3.14ms   0.00ns   3.14ms         2 [ 51.16us, 285.82us] 168.49us 117.33us 336.98us
             'no_lp':         1 [  2.94ms,   2.94ms]   2.94ms   0.00ns   2.94ms         1 [620.15us, 620.15us] 620.15us   0.00ns 620.15us
         'rins/rens':         0 [  0.00ns,   0.00ns]   0.00ns   0.00ns   0.00ns         0 [  0.00ns,   0.00ns]   0.00ns   0.00ns   0.00ns

Search stats     Bools  Conflicts  Branches  Restarts  BacktrackToRoot  Backtrack  BoolPropag  IntegerPropag
  'default_lp':     15         19        91         0               60         79          53             98
  'max_lp_sym':     15         16        84         0               60         76          44            171
       'no_lp':     15         90       195         1               91        177         391            202

SAT formula      Fixed  Equiv  Total  VarLeft  BinaryClauses  PermanentClauses  TemporaryClauses
  'default_lp':      0      0     15       15              0                 2                 6
  'max_lp_sym':      0      0     15       15              0                 0                 8
       'no_lp':      0      0     15       15              0                 0                19

SAT stats        ClassicMinim  LitRemoved  LitRemovedBinary  LitLearned  LitForgotten  Subsumed
  'default_lp':            13          20                 0         174             0        11
  'max_lp_sym':             5           8                 0         128             0         8
       'no_lp':            61         134                 0         738             0        67

Vivification     Clauses  Decisions  LitTrue  Subsumed  LitRemoved  DecisionReused  Conflicts
  'default_lp':        0          0        0         0           0               0          0
  'max_lp_sym':        0          0        0         0           0               0          0
       'no_lp':        0          0        0         0           0               0          0

Clause deletion    at_true  l_and_not(l)  to_binary  sub_conflict  sub_extra  sub_decisions  sub_eager  sub_vivify  sub_probing  sub_inpro  blocked  eliminated  forgotten  promoted  conflicts
    'default_lp':        0             0          0            11          0              0          0           0            0          0        0           0          0        31         19
    'max_lp_sym':        0             0          0             6          0              0          2           0            0          0        0           0          0        28         16
         'no_lp':        0             0          0            62          0              4          5           0            0          0        0           0          0       165         90

Lp stats         Component  Iterations  AddedCuts  OPTIMAL  DUAL_F.  DUAL_U.
  'default_lp':          1          45          0       21        0        5
  'max_lp_sym':          1          31          0        9        1        9

Lp dimension     Final dimension of first component
  'default_lp':    16 rows, 15 columns, 240 entries
  'max_lp_sym':     36 rows, 8 columns, 220 entries

Lp debug         CutPropag  CutEqPropag  Adjust  Overflow  Bad  BadScaling
  'default_lp':          0            0       0         0    0           0
  'max_lp_sym':          0            0       0         0    0           0

Lp pool          Constraints  Updates  Simplif  Merged  Shortened  Split  Strengthened  Cuts/Call
  'default_lp':           64        0        0       0          0      0             0        0/0
  'max_lp_sym':           36        0        0       0          0      0             0        0/0

LNS stats       Improv/Calls  Closed  Difficulty  TimeLimit
  'rins/rens':           0/0      0%    5.00e-01       0.10

Solutions (2)    Num   Rank
  'default_lp':    1  [1,1]
       'no_lp':    1  [0,0]

Solution repositories    Added  Queried  Synchro
    'alternative_path':      0        0        0
      'best_solutions':      2        0        2
   'fj solution hints':      0        0        0
        'lp solutions':      0        0        0
                'pump':      0        0

Clauses shared    #Exported  #Imported  #BinaryRead  #BinaryTotal
   'default_lp':          0          0            0             0
   'max_lp_sym':          0          0            0             0
        'no_lp':          0          0            0             0

LRAT_status: NA
CpSolverResponse summary:
status: OPTIMAL
objective: NA
best_bound: NA
integers: 15
booleans: 15
conflicts: 19
branches: 91
propagations: 53
integer_propagations: 98
restarts: 0
lp_iterations: 45
walltime: 0.0165632
usertime: 0.0165633
deterministic_time: 0.00187877
gap_integral: 0
solution_fingerprint: 0x82f0e9493a323c30

status=OPTIMAL objective=0.0 bound=0.0 branches=91 wall=0.016563s
verified bridge 4+4: parent_M=10 two_thirds_defect=-0.398095365967 hash=6c701659e51c590ec697faed1f5107f37ce0445505b5a6437c22ef55369858d9
wrote computations/results/bridge_grid_4_4_sign-1_cap10.json
