
Starting CP-SAT solver v9.15.6755
Parameters: max_time_in_seconds: 300 log_search_progress: true num_search_workers: 4 log_to_stdout: true

Initial satisfaction model '': (model_fingerprint: 0x56cfeceb067ff390)
#Variables: 19 (18 primary variables)
  - 18 Booleans in [0,1]
  - 1 constants in {12}
#kLinear1: 1
#kLinearN: 256 (#terms: 4'864)

Starting presolve at 0.00s
  2.45e-04s  0.00e+00d  [DetectDominanceRelations]
  2.55e-03s  0.00e+00d  [PresolveToFixPoint] #num_loops=2 #num_dual_strengthening=1
  2.81e-06s  0.00e+00d  [ExtractEncodingFromLinear]
  2.13e-04s  0.00e+00d  [DetectDuplicateColumns]
  7.81e-05s  0.00e+00d  [DetectDuplicateConstraints] #duplicates=128
[Symmetry] Graph for symmetry has 163 nodes and 2'192 arcs.
[Symmetry] Symmetry computation done. time: 0.000252458 dtime: 0.00046473
[Symmetry] #generators: 2, average support size: 12
[Symmetry] 6 orbits on 16 variables with sizes: 4,4,2,2,2,2
[Symmetry] Found orbitope of size 6 x 2
  1.22e-05s  0.00e+00d  [DetectDuplicateConstraintsWithDifferentEnforcements]
  5.07e-04s  1.12e-04d  [Probe] #probed=34
  2.79e-06s  0.00e+00d  [MaxClique]
  9.12e-05s  0.00e+00d  [DetectDominanceRelations]
  6.87e-04s  0.00e+00d  [PresolveToFixPoint] #num_loops=1 #num_dual_strengthening=1
  3.08e-04s  0.00e+00d  [ProcessAtMostOneAndLinear]
  2.56e-05s  0.00e+00d  [DetectDuplicateConstraints]
  7.82e-06s  0.00e+00d  [DetectDuplicateConstraintsWithDifferentEnforcements]
  5.70e-03s  3.39e-04d  [DetectDominatedLinearConstraints] #relevant_constraints=128 #num_inclusions=6'399 #num_redundant=15
  1.46e-05s  0.00e+00d  [DetectDifferentVariables]
  2.91e-05s  0.00e+00d  [ProcessSetPPC] #relevant_constraints=113
  1.48e-05s  0.00e+00d  [TransformClausesToExactlyOne]
  2.24e-06s  0.00e+00d  [DetectEncodedComplexDomains]
  1.97e-06s  0.00e+00d  [FindAlmostIdenticalLinearConstraints]
  1.21e-06s  0.00e+00d  [FindBigAtMostOneAndLinearOverlap]
  1.07e-03s  2.96e-04d  [FindBigVerticalLinearOverlap] #blocks=14 #saved_nz=749
  1.41e-05s  5.65e-06d  [FindBigHorizontalLinearOverlap] #linears=113
  1.79e-06s  0.00e+00d  [MergeClauses]
  6.24e-05s  0.00e+00d  [DetectDominanceRelations]
  7.82e-04s  0.00e+00d  [PresolveToFixPoint] #num_loops=2 #num_dual_strengthening=1
  5.52e-05s  0.00e+00d  [DetectDominanceRelations]
  4.28e-04s  0.00e+00d  [PresolveToFixPoint] #num_loops=1 #num_dual_strengthening=1
  2.79e-05s  0.00e+00d  [DetectDuplicateColumns]
  7.93e-06s  0.00e+00d  [DetectDuplicateConstraints]
[Symmetry] Graph for symmetry has 183 nodes and 1'195 arcs.
[Symmetry] Symmetry computation done. time: 4.8171e-05 dtime: 6.367e-05
  8.80e-06s  0.00e+00d  [DetectDuplicateConstraintsWithDifferentEnforcements]
  5.08e-04s  6.08e-05d  [Probe] #probed=34
  1.66e-06s  0.00e+00d  [MaxClique]
  6.05e-05s  0.00e+00d  [DetectDominanceRelations]
  4.40e-04s  0.00e+00d  [PresolveToFixPoint] #num_loops=1 #num_dual_strengthening=1
  2.72e-04s  0.00e+00d  [ProcessAtMostOneAndLinear]
  8.00e-06s  0.00e+00d  [DetectDuplicateConstraints]
  6.78e-06s  0.00e+00d  [DetectDuplicateConstraintsWithDifferentEnforcements]
  1.43e-04s  1.20e-05d  [DetectDominatedLinearConstraints] #relevant_constraints=127 #num_inclusions=151
  1.08e-05s  0.00e+00d  [DetectDifferentVariables]
  1.97e-05s  0.00e+00d  [ProcessSetPPC] #relevant_constraints=113
  1.45e-05s  0.00e+00d  [TransformClausesToExactlyOne]
  1.50e-06s  0.00e+00d  [DetectEncodedComplexDomains]
  5.57e-06s  6.00e-08d  [FindAlmostIdenticalLinearConstraints] #num_tested_pairs=4
  5.78e-07s  0.00e+00d  [FindBigAtMostOneAndLinearOverlap]
  3.84e-04s  1.21e-04d  [FindBigVerticalLinearOverlap] #blocks=1 #saved_nz=56
  1.50e-05s  5.35e-06d  [FindBigHorizontalLinearOverlap] #linears=113
  1.30e-06s  0.00e+00d  [MergeClauses]
  5.67e-05s  0.00e+00d  [DetectDominanceRelations]
  6.29e-04s  0.00e+00d  [PresolveToFixPoint] #num_loops=2 #num_dual_strengthening=1
  5.37e-05s  0.00e+00d  [DetectDominanceRelations]
  4.51e-04s  0.00e+00d  [PresolveToFixPoint] #num_loops=1 #num_dual_strengthening=1
  2.72e-05s  0.00e+00d  [DetectDuplicateColumns]
  8.06e-06s  0.00e+00d  [DetectDuplicateConstraints]
[Symmetry] Graph for symmetry has 186 nodes and 1'140 arcs.
[Symmetry] Symmetry computation done. time: 4.489e-05 dtime: 6.364e-05
  9.03e-06s  0.00e+00d  [DetectDuplicateConstraintsWithDifferentEnforcements]
  4.75e-04s  5.82e-05d  [Probe] #probed=34
  1.68e-06s  0.00e+00d  [MaxClique]
  5.74e-05s  0.00e+00d  [DetectDominanceRelations]
  4.62e-04s  0.00e+00d  [PresolveToFixPoint] #num_loops=1 #num_dual_strengthening=1
  2.86e-04s  0.00e+00d  [ProcessAtMostOneAndLinear]
  7.73e-06s  0.00e+00d  [DetectDuplicateConstraints]
  7.01e-06s  0.00e+00d  [DetectDuplicateConstraintsWithDifferentEnforcements]
  8.36e-05s  8.45e-06d  [DetectDominatedLinearConstraints] #relevant_constraints=128 #num_inclusions=49
  1.08e-05s  0.00e+00d  [DetectDifferentVariables]
  1.87e-05s  0.00e+00d  [ProcessSetPPC] #relevant_constraints=54
  1.72e-05s  0.00e+00d  [TransformClausesToExactlyOne]
  1.52e-06s  0.00e+00d  [DetectEncodedComplexDomains]
  5.38e-06s  1.05e-07d  [FindAlmostIdenticalLinearConstraints] #num_tested_pairs=7
  6.14e-07s  0.00e+00d  [FindBigAtMostOneAndLinearOverlap]
  3.28e-04s  1.04e-04d  [FindBigVerticalLinearOverlap] #blocks=1 #saved_nz=51
  1.28e-05s  5.08e-06d  [FindBigHorizontalLinearOverlap] #linears=113
  1.31e-06s  0.00e+00d  [MergeClauses]
  5.47e-05s  0.00e+00d  [DetectDominanceRelations]
  6.38e-04s  0.00e+00d  [PresolveToFixPoint] #num_loops=2 #num_dual_strengthening=1
  1.30e-06s  0.00e+00d  [MergeNoOverlap]
  1.22e-06s  0.00e+00d  [MergeNoOverlap2D]

Presolve summary:
  - 0 affine relations were detected.
  - rule 'duplicate: merged rhs of linear constraint' was applied 128 times.
  - rule 'duplicate: removed constraint' was applied 128 times.
  - rule 'linear inclusion: redundant containing constraint' was applied 15 times.
  - rule 'linear matrix: common vertical rectangle' was applied 16 times.
  - rule 'linear1: x in domain' was applied 1 time.
  - rule 'linear: divide by GCD' was applied 256 times.
  - rule 'presolve: 2 unused variables removed.' was applied 1 time.
  - rule 'presolve: iteration' was applied 3 times.

Presolved satisfaction model '': (model_fingerprint: 0x75ee6e553128c84d)
#Variables: 33 (25 primary variables)
  - 17 Booleans in [0,1]
  - 8 in [-1,1]
  - 8 in [0,2]
#kLinear3: 16
#kLinearN: 113 (#terms: 1'017)
[Symmetry] Graph for symmetry has 186 nodes and 1'089 arcs.
[Symmetry] Symmetry computation done. time: 4.8241e-05 dtime: 6.846e-05

Preloading model.
#Model   0.02s var:33/33 constraints:129/129

Starting search at 0.02s with 4 workers.
3 full problem subsolvers: [default_lp, max_lp, no_lp]
1 first solution subsolver: [fj]
2 interleaved subsolvers: [feasibility_pump, rins/rens]
2 helper subsolvers: [neighborhood_helper, synchronization_agent]

#1       0.02s no_lp

Task timing                   n [     min,      max]      avg      dev     time         n [     min,      max]      avg      dev    dtime
        'default_lp':         1 [  3.33ms,   3.33ms]   3.33ms   0.00ns   3.33ms         2 [ 66.74us, 138.63us] 102.69us  35.95us 205.37us
  'feasibility_pump':         1 [  2.85ms,   2.85ms]   2.85ms   0.00ns   2.85ms         0 [  0.00ns,   0.00ns]   0.00ns   0.00ns   0.00ns
                'fj':         0 [  0.00ns,   0.00ns]   0.00ns   0.00ns   0.00ns         0 [  0.00ns,   0.00ns]   0.00ns   0.00ns   0.00ns
            'max_lp':         1 [  3.20ms,   3.20ms]   3.20ms   0.00ns   3.20ms         1 [199.52us, 199.52us] 199.52us   0.00ns 199.52us
             'no_lp':         1 [  3.02ms,   3.02ms]   3.02ms   0.00ns   3.02ms         1 [136.37us, 136.37us] 136.37us   0.00ns 136.37us
         'rins/rens':         0 [  0.00ns,   0.00ns]   0.00ns   0.00ns   0.00ns         0 [  0.00ns,   0.00ns]   0.00ns   0.00ns   0.00ns

Search stats     Bools  Conflicts  Branches  Restarts  BacktrackToRoot  Backtrack  BoolPropag  IntegerPropag
  'default_lp':     17          0        69         0               68         68           0            199
      'max_lp':     17          0        34         0               34         34           0             98
       'no_lp':     17          3        83         0               68         71          12            278

SAT formula      Fixed  Equiv  Total  VarLeft  BinaryClauses  PermanentClauses  TemporaryClauses
  'default_lp':      0      0     17       17              0                 0                 0
      'max_lp':      0      0     17       17              0                 0                 0
       'no_lp':      0      0     17       17              0                 0                 3

SAT stats        ClassicMinim  LitRemoved  LitRemovedBinary  LitLearned  LitForgotten  Subsumed
  'default_lp':             0           0                 0           0             0         0
      'max_lp':             0           0                 0           0             0         0
       'no_lp':             2           3                 0          34             0         0

Vivification     Clauses  Decisions  LitTrue  Subsumed  LitRemoved  DecisionReused  Conflicts
  'default_lp':        0          0        0         0           0               0          0
      'max_lp':        0          0        0         0           0               0          0
       'no_lp':        0          0        0         0           0               0          0

Clause deletion    at_true  l_and_not(l)  to_binary  sub_conflict  sub_extra  sub_decisions  sub_eager  sub_vivify  sub_probing  sub_inpro  blocked  eliminated  forgotten  promoted  conflicts
    'default_lp':        0             0          0             0          0              0          0           0            0          0        0           0          0         0          0
        'max_lp':        0             0          0             0          0              0          0           0            0          0        0           0          0         0          0
         'no_lp':        0             0          0             0          0              0          0           0            0          0        0           0          0         3          3

Lp stats         Component  Iterations  AddedCuts  OPTIMAL  DUAL_F.  DUAL_U.
  'default_lp':          1          38          8        3        1        0
      'max_lp':          1          12          0        1        0        0

Lp dimension     Final dimension of first component
  'default_lp':    48 rows, 33 columns, 280 entries
      'max_lp':  129 rows, 33 columns, 1065 entries

Lp debug         CutPropag  CutEqPropag  Adjust  Overflow  Bad  BadScaling
  'default_lp':          0            0       0         0    0           0
      'max_lp':          0            0       0         0    5           0

Lp pool          Constraints  Updates  Simplif  Merged  Shortened  Split  Strengthened  Cuts/Call
  'default_lp':          137        0        0       0          0      0             0        8/8
      'max_lp':          129        0        0       0          0      0             0        0/0

Lp Cut    default_lp
     IB:           8

LNS stats       Improv/Calls  Closed  Difficulty  TimeLimit
  'rins/rens':           0/0      0%    5.00e-01       0.10

Solutions (1)    Num   Rank
       'no_lp':    1  [0,0]

Solution repositories    Added  Queried  Synchro
    'alternative_path':      0        0        0
      'best_solutions':      1        0        1
   'fj solution hints':      0        0        0
        'lp solutions':      0        0        0
                'pump':      0        0

Clauses shared    #Exported  #Imported  #BinaryRead  #BinaryTotal
   'default_lp':          0          0            0             0
       'max_lp':          0          0            0             0
        'no_lp':          0          0            0             0

LRAT_status: NA
CpSolverResponse summary:
status: OPTIMAL
objective: NA
best_bound: NA
integers: 33
booleans: 17
conflicts: 3
branches: 83
propagations: 12
integer_propagations: 278
restarts: 0
lp_iterations: 0
walltime: 0.0272855
usertime: 0.0272855
deterministic_time: 0.00166877
gap_integral: 0
solution_fingerprint: 0x9f8dc699e66d5dfe

status=OPTIMAL objective=0.0 bound=0.0 branches=83 wall=0.027285s
verified bridge 3+6: parent_M=12 two_thirds_defect=+0.237381227153 hash=45c9d9f49fc9f6d98b3263f5f2c0e82c9d7df05a3c00564598a6540362c5903e
wrote computations/results/bridge_grid_3_6_sign1_cap12.json
