
Starting CP-SAT solver v9.15.6755
Parameters: max_time_in_seconds: 120 log_search_progress: true num_search_workers: 2 log_to_stdout: true

Initial optimization model '': (model_fingerprint: 0x4ba0f405ce80855c)
#Variables: 26 (#ints: 1 in objective) (24 primary variables)
  - 25 Booleans in [0,1]
  - 1 in [0,45]
#kLinear1: 1
#kLinearN: 512 (#terms: 13'312)

Starting presolve at 0.01s
  1.03e-03s  0.00e+00d  [DetectDominanceRelations]
  2.24e-02s  0.00e+00d  [PresolveToFixPoint] #num_loops=3 #num_dual_strengthening=2
  8.78e-06s  0.00e+00d  [ExtractEncodingFromLinear]
  7.90e-04s  0.00e+00d  [DetectDuplicateColumns]
  6.43e-05s  0.00e+00d  [DetectDuplicateConstraints]
[Symmetry] Graph for symmetry has 586 nodes and 12'848 arcs.
[Symmetry] Symmetry computation done. time: 0.00127355 dtime: 0.0016481
[Symmetry] #generators: 1, average support size: 20
[Symmetry] 10 orbits on 20 variables with sizes: 2,2,2,2,2,2,2,2,2,2
  9.02e-05s  0.00e+00d  [DetectDuplicateConstraintsWithDifferentEnforcements]
  4.07e-03s  4.60e-04d  [Probe] #probed=48
  5.51e-06s  0.00e+00d  [MaxClique]
  1.00e-03s  0.00e+00d  [DetectDominanceRelations]
  8.30e-03s  0.00e+00d  [PresolveToFixPoint] #num_loops=1 #num_dual_strengthening=1
  8.56e-03s  0.00e+00d  [ProcessAtMostOneAndLinear]
  7.21e-05s  0.00e+00d  [DetectDuplicateConstraints]
  5.45e-05s  0.00e+00d  [DetectDuplicateConstraintsWithDifferentEnforcements]
  2.95e-01s  9.76e-03d  [DetectDominatedLinearConstraints] #relevant_constraints=512 #num_inclusions=127'870 #num_redundant=10
  3.23e-04s  0.00e+00d  [DetectDifferentVariables]
  4.09e-04s  0.00e+00d  [ProcessSetPPC] #relevant_constraints=502
  3.69e-04s  0.00e+00d  [TransformClausesToExactlyOne]
  7.85e-06s  0.00e+00d  [DetectEncodedComplexDomains]
  2.79e-04s  0.00e+00d  [FindAlmostIdenticalLinearConstraints]
  1.81e-06s  0.00e+00d  [FindBigAtMostOneAndLinearOverlap]
  1.69e-02s  2.73e-03d  [FindBigVerticalLinearOverlap] #blocks=45 #saved_nz=7'104
  6.72e-04s  2.66e-05d  [FindBigHorizontalLinearOverlap] #linears=502
  2.96e-04s  0.00e+00d  [MergeClauses]
  5.09e-04s  0.00e+00d  [DetectDominanceRelations]
  1.19e-02s  0.00e+00d  [PresolveToFixPoint] #num_loops=2 #num_dual_strengthening=1
  4.82e-04s  0.00e+00d  [DetectDominanceRelations]
  6.83e-03s  0.00e+00d  [PresolveToFixPoint] #num_loops=1 #num_dual_strengthening=1
  8.70e-04s  0.00e+00d  [DetectDuplicateColumns]
  3.76e-04s  0.00e+00d  [DetectDuplicateConstraints]
[Symmetry] Graph for symmetry has 749 nodes and 5'577 arcs.
[Symmetry] Symmetry computation done. time: 0.000569542 dtime: 0.00025006
  6.53e-05s  0.00e+00d  [DetectDuplicateConstraintsWithDifferentEnforcements]
  2.87e-03s  1.93e-04d  [Probe] #probed=48
  7.41e-06s  0.00e+00d  [MaxClique]
  5.14e-04s  0.00e+00d  [DetectDominanceRelations]
  6.20e-03s  0.00e+00d  [PresolveToFixPoint] #num_loops=1 #num_dual_strengthening=1
  3.17e-03s  0.00e+00d  [ProcessAtMostOneAndLinear]
  6.75e-05s  0.00e+00d  [DetectDuplicateConstraints]
  4.56e-05s  0.00e+00d  [DetectDuplicateConstraintsWithDifferentEnforcements]
  4.11e-04s  5.05e-05d  [DetectDominatedLinearConstraints] #relevant_constraints=546
  6.81e-05s  0.00e+00d  [DetectDifferentVariables]
  1.00e-04s  0.00e+00d  [ProcessSetPPC] #relevant_constraints=20
  4.85e-05s  0.00e+00d  [TransformClausesToExactlyOne]
  5.91e-06s  0.00e+00d  [DetectEncodedComplexDomains]
  2.26e-05s  3.05e-07d  [FindAlmostIdenticalLinearConstraints] #num_tested_pairs=20
  1.76e-06s  0.00e+00d  [FindBigAtMostOneAndLinearOverlap]
  3.29e-03s  5.70e-04d  [FindBigVerticalLinearOverlap] #blocks=15 #saved_nz=738
  1.44e-04s  2.26e-05d  [FindBigHorizontalLinearOverlap] #linears=502
  6.16e-06s  0.00e+00d  [MergeClauses]
  4.44e-04s  0.00e+00d  [DetectDominanceRelations]
  1.68e-02s  0.00e+00d  [PresolveToFixPoint] #num_loops=2 #num_dual_strengthening=1
  4.66e-04s  0.00e+00d  [DetectDominanceRelations]
  9.53e-03s  0.00e+00d  [PresolveToFixPoint] #num_loops=1 #num_dual_strengthening=1
  1.60e-04s  0.00e+00d  [DetectDuplicateColumns]
  5.83e-05s  0.00e+00d  [DetectDuplicateConstraints]
[Symmetry] Graph for symmetry has 813 nodes and 4'873 arcs.
[Symmetry] Symmetry computation done. time: 0.000235865 dtime: 0.00022336
  8.57e-05s  0.00e+00d  [DetectDuplicateConstraintsWithDifferentEnforcements]
  2.88e-03s  1.82e-04d  [Probe] #probed=48
  6.28e-06s  0.00e+00d  [MaxClique]
  4.47e-04s  0.00e+00d  [DetectDominanceRelations]
  9.54e-03s  0.00e+00d  [PresolveToFixPoint] #num_loops=1 #num_dual_strengthening=1
  8.79e-04s  0.00e+00d  [ProcessAtMostOneAndLinear]
  5.39e-05s  0.00e+00d  [DetectDuplicateConstraints]
  4.57e-05s  0.00e+00d  [DetectDuplicateConstraintsWithDifferentEnforcements]
  3.69e-04s  3.81e-05d  [DetectDominatedLinearConstraints] #relevant_constraints=561
  6.60e-05s  0.00e+00d  [DetectDifferentVariables]
  8.10e-05s  0.00e+00d  [ProcessSetPPC]
  4.74e-05s  0.00e+00d  [TransformClausesToExactlyOne]
  5.86e-06s  0.00e+00d  [DetectEncodedComplexDomains]
  3.01e-05s  1.03e-06d  [FindAlmostIdenticalLinearConstraints] #num_tested_pairs=68
  1.80e-06s  0.00e+00d  [FindBigAtMostOneAndLinearOverlap]
  2.21e-03s  4.32e-04d  [FindBigVerticalLinearOverlap] #blocks=4 #saved_nz=177
  1.23e-04s  2.17e-05d  [FindBigHorizontalLinearOverlap] #linears=502
  6.05e-06s  0.00e+00d  [MergeClauses]
  4.17e-04s  0.00e+00d  [DetectDominanceRelations]
  1.37e-02s  0.00e+00d  [PresolveToFixPoint] #num_loops=2 #num_dual_strengthening=1
  4.19e-06s  0.00e+00d  [MergeNoOverlap]
  3.85e-06s  0.00e+00d  [MergeNoOverlap2D]
  6.24e-05s  0.00e+00d  [ExpandObjective] #entries=256 #tight_variables=126 #tight_constraints=63

Presolve summary:
  - 0 affine relations were detected.
  - rule 'TODO dual: only one blocking constraint?' was applied 29 times.
  - rule 'TODO dual: only one unspecified blocking constraint?' was applied 3 times.
  - rule 'dual: reduced domain' was applied 1 time.
  - rule 'linear inclusion: redundant containing constraint' was applied 5 times.
  - rule 'linear inclusion: redundant included constraint' was applied 5 times.
  - rule 'linear matrix: common vertical rectangle' was applied 64 times.
  - rule 'linear1: x in domain' was applied 1 time.
  - rule 'linear: variable substitution 2' was applied 1 time.
  - rule 'presolve: 1 unused variables removed.' was applied 1 time.
  - rule 'presolve: iteration' was applied 3 times.

Presolved optimization model '': (model_fingerprint: 0x1d65e8f2318fdc23)
#Variables: 88 (#ints: 1 in objective) (52 primary variables)
  - 24 Booleans in [0,1]
  - 1 in [-37,2]
  - 1 in [-33,6]
  - 2 in [-4,35]
  - 6 in [-3,1]
  - 1 in [-3,2]
  - 1 in [-2,1]
  - 9 in [-2,2]
  - 1 in [-2,3]
  - 1 in [-2,33]
  - 1 in [-2,37]
  - 11 in [-1,1]
  - 3 in [-1,2]
  - 8 in [-1,3]
  - 11 in [0,2]
  - 2 in [0,3]
  - 3 in [0,4]
  - 1 in [0,33]
  - 1 in [0,35]
#kLinear3: 61
#kLinearN: 504 (#terms: 4'347)
[Symmetry] Graph for symmetry has 827 nodes and 4'704 arcs.
[Symmetry] Symmetry computation done. time: 0.000236968 dtime: 0.00022274

Preloading model.
#Bound   0.47s best:inf   next:[0,33]     initial_domain
#Model   0.47s var:88/88 constraints:565/565

Starting search at 0.47s with 2 workers.
1 full problem subsolver: [default_lp]
1 first solution subsolver: [fj]
9 interleaved subsolvers: [feasibility_pump, graph_arc_lns, graph_cst_lns, graph_dec_lns, graph_var_lns, ls, rins/rens, rnd_cst_lns, rnd_var_lns]
3 helper subsolvers: [neighborhood_helper, synchronization_agent, update_gap_integral]

#1       0.51s best:17    next:[0,16]     fj_restart(batch:1 lin{mvs:160 evals:1'110} #w_updates:68 #perturb:0)
#Bound   0.53s best:17    next:[5,16]     default_lp
#Bound   0.55s best:17    next:[9,16]     default_lp
#2       0.64s best:15    next:[9,14]     default_lp
#3       0.70s best:13    next:[9,12]     default_lp
#Bound   0.74s best:13    next:[10,12]    default_lp
#Model   1.50s var:87/88 constraints:565/565
#Model   1.71s var:86/88 constraints:565/565
#Bound   2.02s best:13    next:[11,12]    default_lp
#Model   2.08s var:85/88 constraints:565/565
#Model   2.21s var:84/88 constraints:565/565
#Model   2.26s var:82/88 constraints:562/565
#Bound   2.26s best:13    next:[12,12]    default_lp
#Done    2.32s default_lp

Task timing                   n [     min,      max]      avg      dev     time         n [     min,      max]      avg      dev    dtime
        'default_lp':         1 [   1.84s,    1.84s]    1.84s   0.00ns    1.84s         2 [ 13.31ms, 360.29ms] 186.80ms 173.49ms 373.60ms
  'feasibility_pump':         5 [  3.23ms,  51.09ms]  28.58ms  15.20ms 142.89ms         4 [ 17.74ms,  26.80ms]  20.93ms   3.47ms  83.73ms
                'fj':         1 [  5.00ms,   5.00ms]   5.00ms   0.00ns   5.00ms         1 [  2.68ms,   2.68ms]   2.68ms   0.00ns   2.68ms
     'graph_arc_lns':         6 [985.56us,  40.00ms]  17.73ms  16.87ms 106.35ms         3 [ 10.00ns, 313.98us] 124.25us 136.29us 372.74us
     'graph_cst_lns':         5 [622.49us,  34.30ms]  11.81ms  13.56ms  59.04ms         3 [ 10.00ns, 241.66us] 102.37us 102.05us 307.10us
     'graph_dec_lns':         5 [919.14us,  39.18ms]   9.39ms  14.91ms  46.95ms         2 [ 10.00ns, 306.07us] 153.04us 153.03us 306.08us
     'graph_var_lns':         6 [  2.75ms,  63.49ms]  29.66ms  20.29ms 177.95ms         6 [ 10.00ns,   2.06ms] 501.59us 723.30us   3.01ms
                'ls':         4 [ 97.99ms, 164.10ms] 146.12ms  27.82ms 584.49ms         4 [ 61.84ms, 100.02ms]  90.47ms  16.53ms 361.90ms
         'rins/rens':         6 [ 97.26us, 149.08ms]  50.58ms  58.71ms 303.50ms         5 [ 10.00ns, 671.37us] 245.24us 262.79us   1.23ms
       'rnd_cst_lns':         6 [  2.18ms,  97.08ms]  42.05ms  37.91ms 252.31ms         6 [ 10.00ns,   3.69ms]   1.02ms   1.30ms   6.10ms
       'rnd_var_lns':         6 [764.22us,  52.70ms]  12.06ms  18.45ms  72.33ms         3 [ 10.00ns, 102.41us]  34.14us  48.27us 102.43us

Search stats     Bools  Conflicts  Branches  Restarts  BacktrackToRoot  Backtrack  BoolPropag  IntegerPropag
  'default_lp':     26        422     1'629         1              605      1'039         790         23'588

SAT formula      Fixed  Equiv  Total  VarLeft  BinaryClauses  PermanentClauses  TemporaryClauses
  'default_lp':      9      0     26       17              4                 2                 1

SAT stats        ClassicMinim  LitRemoved  LitRemovedBinary  LitLearned  LitForgotten  Subsumed
  'default_lp':           197         370               232       2'655             0       261

Vivification     Clauses  Decisions  LitTrue  Subsumed  LitRemoved  DecisionReused  Conflicts
  'default_lp':      159        617        0         6          33              85          0

Clause deletion    at_true  l_and_not(l)  to_binary  sub_conflict  sub_extra  sub_decisions  sub_eager  sub_vivify  sub_probing  sub_inpro  blocked  eliminated  forgotten  promoted  conflicts
    'default_lp':       96             0          1           242          6             20         19           6            0          3        0           0          0       425        422

Lp stats         Component  Iterations  AddedCuts  OPTIMAL  DUAL_F.  DUAL_U.
  'default_lp':          1       8'646        203      682        0      365

Lp dimension     Final dimension of first component
  'default_lp':  284 rows, 88 columns, 2192 entries

Lp debug         CutPropag  CutEqPropag  Adjust  Overflow    Bad  BadScaling
  'default_lp':          0            2     355         0  1'868           0

Lp pool          Constraints  Updates  Simplif  Merged  Shortened  Split  Strengthened  Cuts/Call
  'default_lp':          766      474      664       2        618     19            99    203/443

Lp Cut           default_lp
         CG_FF:           2
          CG_K:           2
          CG_R:          27
         CG_RB:          24
        CG_RBP:          13
            IB:          35
      MIR_1_FF:           6
       MIR_1_R:          35
      MIR_1_RB:           2
      MIR_2_FF:           4
       MIR_2_R:          18
      MIR_2_RB:           2
       MIR_3_R:           7
       MIR_4_R:           1
       MIR_5_R:           5
  ZERO_HALF_FF:           3
   ZERO_HALF_R:          17

LNS stats           Improv/Calls  Closed  Difficulty  TimeLimit
  'graph_arc_lns':           3/4    100%    9.14e-01       0.10
  'graph_cst_lns':           3/4    100%    9.14e-01       0.10
  'graph_dec_lns':           3/4    100%    9.14e-01       0.10
  'graph_var_lns':           4/6    100%    9.56e-01       0.10
      'rins/rens':           3/5    100%    9.39e-01       0.10
    'rnd_cst_lns':           4/6    100%    9.56e-01       0.10
    'rnd_var_lns':           3/5    100%    9.39e-01       0.10

LS stats                                Batches  Restarts/Perturbs  LinMoves  GenMoves  CompoundMoves  Bactracks  WeightUpdates  ScoreComputed
                         'fj_restart':        1                  1       160         0              0          0             68          2'182
                   'ls_restart_decay':        1                  1     3'057         0              0          0            523         51'045
          'ls_restart_decay_compound':        1                  1         0     3'621            491      1'561             10        101'179
  'ls_restart_decay_compound_perturb':        2                  2         0     6'323            890      2'715             29        199'006

Solutions (3)    Num   Rank
  'default_lp':    4  [1,3]
  'fj_restart':    2  [0,1]

Objective bounds     Num
      'default_lp':    5
  'initial_domain':    1

Solution repositories    Added  Queried  Synchro
    'alternative_path':      1        0        1
      'best_solutions':      4       49        4
   'fj solution hints':      0        0        0
        'lp solutions':      0        0        0
                'pump':     32        6

Improving bounds shared    Num  Sym
            'default_lp':  103    0

Clauses shared    #Exported  #Imported  #BinaryRead  #BinaryTotal
   'default_lp':         19          0           19            19

LRAT_status: NA
CpSolverResponse summary:
status: OPTIMAL
objective: 13
best_bound: 13
integers: 88
booleans: 26
conflicts: 422
branches: 1629
propagations: 790
integer_propagations: 23588
restarts: 1
lp_iterations: 8646
walltime: 2.33337
usertime: 2.33337
deterministic_time: 0.847822
gap_integral: 0.652704
solution_fingerprint: 0x133a4ab02b17185b

status=OPTIMAL objective=13.0 bound=13.0 branches=1629 wall=2.333371s
verified bridge 5+5: parent_M=13 two_thirds_defect=+0.489090614099 hash=21c31133bdaa3047ebc864b50de461f6b19ced68a879c5b7522b3df192109156
wrote computations/results/bridge_5_5_sign1.json
