
Starting CP-SAT solver v9.15.6755
Parameters: max_time_in_seconds: 300 log_search_progress: true num_search_workers: 4 log_to_stdout: true

Initial satisfaction model '': (model_fingerprint: 0x3ea4492b1238fd94)
#Variables: 37 (36 primary variables)
  - 36 Booleans in [0,1]
  - 1 constants in {18}
#kLinear1: 1
#kLinearN: 2'048 (#terms: 75'776)

Starting presolve at 0.01s
  3.38e-03s  0.00e+00d  [DetectDominanceRelations]
  3.78e-02s  0.00e+00d  [PresolveToFixPoint] #num_loops=2 #num_dual_strengthening=1
  2.46e-05s  0.00e+00d  [ExtractEncodingFromLinear]
  3.87e-03s  0.00e+00d  [DetectDuplicateColumns]
  1.65e-03s  0.00e+00d  [DetectDuplicateConstraints] #duplicates=1'024
[Symmetry] Graph for symmetry has 1'095 nodes and 35'874 arcs.
[Symmetry] Symmetry computation done. time: 0.00642232 dtime: 0.0163537
[Symmetry] #generators: 3, average support size: 24
[Symmetry] 6 orbits on 34 variables with sizes: 10,10,5,5,2,2
[Symmetry] Found orbitope of size 12 x 2
  1.04e-04s  0.00e+00d  [DetectDuplicateConstraintsWithDifferentEnforcements]
  5.64e-03s  1.80e-03d  [Probe] #probed=70
  8.05e-06s  0.00e+00d  [MaxClique]
  1.25e-03s  0.00e+00d  [DetectDominanceRelations]
  9.93e-03s  0.00e+00d  [PresolveToFixPoint] #num_loops=1 #num_dual_strengthening=1
  4.90e-03s  0.00e+00d  [ProcessAtMostOneAndLinear]
  6.94e-05s  0.00e+00d  [DetectDuplicateConstraints]
  6.27e-05s  0.00e+00d  [DetectDuplicateConstraintsWithDifferentEnforcements]
  8.39e-01s  5.56e-02d  [DetectDominatedLinearConstraints] #relevant_constraints=1'024 #num_inclusions=523'776
  1.49e-04s  0.00e+00d  [DetectDifferentVariables]
  4.71e-04s  0.00e+00d  [ProcessSetPPC] #relevant_constraints=1'024
  4.42e-05s  0.00e+00d  [TransformClausesToExactlyOne]
  9.31e-06s  0.00e+00d  [DetectEncodedComplexDomains]
  1.30e-05s  0.00e+00d  [FindAlmostIdenticalLinearConstraints]
  1.06e-06s  0.00e+00d  [FindBigAtMostOneAndLinearOverlap]
  3.63e-02s  1.08e-02d  [FindBigVerticalLinearOverlap] #blocks=74 #saved_nz=20'910
  1.68e-04s  7.35e-05d  [FindBigHorizontalLinearOverlap] #linears=1'024
  7.64e-06s  0.00e+00d  [MergeClauses]
  6.21e-04s  0.00e+00d  [DetectDominanceRelations]
  8.88e-03s  0.00e+00d  [PresolveToFixPoint] #num_loops=2 #num_dual_strengthening=1
  6.34e-04s  0.00e+00d  [DetectDominanceRelations]
  4.89e-03s  0.00e+00d  [PresolveToFixPoint] #num_loops=1 #num_dual_strengthening=1
  3.42e-04s  0.00e+00d  [DetectDuplicateColumns]
  5.99e-05s  0.00e+00d  [DetectDuplicateConstraints]
[Symmetry] Graph for symmetry has 1'299 nodes and 15'020 arcs.
[Symmetry] Symmetry computation done. time: 0.000320366 dtime: 0.00060378
  1.16e-04s  0.00e+00d  [DetectDuplicateConstraintsWithDifferentEnforcements]
  7.26e-03s  1.27e-03d  [Probe] #probed=70
  1.06e-05s  0.00e+00d  [MaxClique]
  6.80e-04s  0.00e+00d  [DetectDominanceRelations]
  5.25e-03s  0.00e+00d  [PresolveToFixPoint] #num_loops=1 #num_dual_strengthening=1
  2.19e-03s  0.00e+00d  [ProcessAtMostOneAndLinear]
  7.17e-05s  0.00e+00d  [DetectDuplicateConstraints]
  5.67e-05s  0.00e+00d  [DetectDuplicateConstraintsWithDifferentEnforcements]
  7.29e-04s  1.61e-04d  [DetectDominatedLinearConstraints] #relevant_constraints=1'097
  1.07e-04s  0.00e+00d  [DetectDifferentVariables]
  2.02e-04s  0.00e+00d  [ProcessSetPPC] #relevant_constraints=38
  4.35e-05s  0.00e+00d  [TransformClausesToExactlyOne]
  8.51e-06s  0.00e+00d  [DetectEncodedComplexDomains]
  3.10e-05s  5.75e-07d  [FindAlmostIdenticalLinearConstraints] #num_tested_pairs=38
  1.03e-05s  0.00e+00d  [FindBigAtMostOneAndLinearOverlap]
  6.79e-03s  2.10e-03d  [FindBigVerticalLinearOverlap] #blocks=27 #saved_nz=1'697
  1.94e-04s  6.46e-05d  [FindBigHorizontalLinearOverlap] #linears=1'024
  9.59e-06s  0.00e+00d  [MergeClauses]
  5.65e-04s  0.00e+00d  [DetectDominanceRelations]
  7.53e-03s  0.00e+00d  [PresolveToFixPoint] #num_loops=2 #num_dual_strengthening=1
  5.56e-04s  0.00e+00d  [DetectDominanceRelations]
  4.51e-03s  0.00e+00d  [PresolveToFixPoint] #num_loops=1 #num_dual_strengthening=1
  3.04e-04s  0.00e+00d  [DetectDuplicateColumns]
  6.11e-05s  0.00e+00d  [DetectDuplicateConstraints]
[Symmetry] Graph for symmetry has 1'378 nodes and 13'348 arcs.
[Symmetry] Symmetry computation done. time: 0.000341308 dtime: 0.00056431
  7.51e-05s  0.00e+00d  [DetectDuplicateConstraintsWithDifferentEnforcements]
  6.88e-03s  1.16e-03d  [Probe] #probed=70
  8.04e-06s  0.00e+00d  [MaxClique]
  5.60e-04s  0.00e+00d  [DetectDominanceRelations]
  4.52e-03s  0.00e+00d  [PresolveToFixPoint] #num_loops=1 #num_dual_strengthening=1
  1.40e-03s  0.00e+00d  [ProcessAtMostOneAndLinear]
  5.60e-05s  0.00e+00d  [DetectDuplicateConstraints]
  5.38e-05s  0.00e+00d  [DetectDuplicateConstraintsWithDifferentEnforcements]
  5.94e-04s  1.20e-04d  [DetectDominatedLinearConstraints] #relevant_constraints=1'123
  9.87e-05s  0.00e+00d  [DetectDifferentVariables]
  1.66e-04s  0.00e+00d  [ProcessSetPPC] #relevant_constraints=4
  3.64e-05s  0.00e+00d  [TransformClausesToExactlyOne]
  8.27e-06s  0.00e+00d  [DetectEncodedComplexDomains]
  3.60e-05s  1.69e-06d  [FindAlmostIdenticalLinearConstraints] #num_tested_pairs=111
  1.30e-06s  0.00e+00d  [FindBigAtMostOneAndLinearOverlap]
  4.97e-03s  1.71e-03d  [FindBigVerticalLinearOverlap] #blocks=16 #saved_nz=618
  1.53e-04s  6.13e-05d  [FindBigHorizontalLinearOverlap] #linears=1'024
  7.66e-06s  0.00e+00d  [MergeClauses]
  7.09e-04s  0.00e+00d  [DetectDominanceRelations]
  6.32e-03s  0.00e+00d  [PresolveToFixPoint] #num_loops=2 #num_dual_strengthening=1
  5.22e-06s  0.00e+00d  [MergeNoOverlap]
  5.37e-06s  0.00e+00d  [MergeNoOverlap2D]

Presolve summary:
  - 0 affine relations were detected.
  - rule 'duplicate: merged rhs of linear constraint' was applied 1'024 times.
  - rule 'duplicate: removed constraint' was applied 1'024 times.
  - rule 'linear matrix: common vertical rectangle' was applied 117 times.
  - rule 'linear1: x in domain' was applied 1 time.
  - rule 'linear: divide by GCD' was applied 2'048 times.
  - rule 'linear: variable substitution 2' was applied 2 times.
  - rule 'presolve: 2 unused variables removed.' was applied 1 time.
  - rule 'presolve: iteration' was applied 3 times.

Presolved satisfaction model '': (model_fingerprint: 0x2119984d17cf8b4)
#Variables: 150 (91 primary variables)
  - 35 Booleans in [0,1]
  - 1 in [-4,1]
  - 7 in [-3,1]
  - 2 in [-3,2]
  - 2 in [-2,1]
  - 17 in [-2,2]
  - 4 in [-2,4]
  - 16 in [-1,1]
  - 3 in [-1,2]
  - 31 in [-1,3]
  - 1 in [-1,4]
  - 1 in [-1,5]
  - 16 in [0,2]
  - 3 in [0,3]
  - 10 in [0,4]
  - 1 in [0,5]
#kLinear3: 111
#kLinearN: 1'028 (#terms: 12'280)
[Symmetry] Graph for symmetry has 1'422 nodes and 12'746 arcs.
[Symmetry] Symmetry computation done. time: 0.000351932 dtime: 0.00055657

Preloading model.
#Model   1.05s var:150/150 constraints:1139/1139

Starting search at 1.05s with 4 workers.
3 full problem subsolvers: [default_lp, max_lp, no_lp]
1 first solution subsolver: [fj]
2 interleaved subsolvers: [feasibility_pump, rins/rens]
2 helper subsolvers: [neighborhood_helper, synchronization_agent]

#1       3.39s max_lp

Task timing                   n [     min,      max]      avg      dev     time         n [     min,      max]      avg      dev    dtime
        'default_lp':         1 [   2.34s,    2.34s]    2.34s   0.00ns    2.34s         2 [  6.69ms,    1.23s] 618.96ms 612.27ms    1.24s
  'feasibility_pump':        11 [  4.11ms,  19.44ms]   6.12ms   4.45ms  67.32ms        10 [687.46us,  12.47ms]   1.88ms   3.53ms  18.77ms
                'fj':         9 [ 53.64ms, 139.26ms] 120.89ms  24.70ms    1.09s         9 [ 41.76ms, 100.09ms]  93.58ms  18.32ms 842.24ms
            'max_lp':         1 [   2.34s,    2.34s]    2.34s   0.00ns    2.34s         2 [ 12.20ms, 991.92ms] 502.06ms 489.86ms    1.00s
             'no_lp':         1 [   2.34s,    2.34s]    2.34s   0.00ns    2.34s         2 [  1.12ms, 406.91ms] 204.02ms 202.90ms 408.04ms
         'rins/rens':         5 [  2.58ms,    1.03s] 236.19ms 396.71ms    1.18s         3 [240.86us, 100.02ms]  34.61ms  46.27ms 103.84ms

Search stats     Bools  Conflicts  Branches  Restarts  BacktrackToRoot  Backtrack  BoolPropag  IntegerPropag
  'default_lp':     35      1'185     2'033         7              637      1'757       1'535         43'768
      'max_lp':     35        915     1'514         3              353      1'220       1'388         34'931
       'no_lp':     35      8'071    14'394        72            4'412     12'210      11'311        419'996

SAT formula      Fixed  Equiv  Total  VarLeft  BinaryClauses  PermanentClauses  TemporaryClauses
  'default_lp':      0      0     35       35              0                 0               553
      'max_lp':      0      0     35       35              0                 0               469
       'no_lp':      0      0     35       35              0                 0             1'626

SAT stats        ClassicMinim  LitRemoved  LitRemovedBinary  LitLearned  LitForgotten  Subsumed
  'default_lp':           584       1'645                 0      18'326             0       567
      'max_lp':           422       1'218                 0      14'282             0       397
       'no_lp':         6'071      19'410                 0     175'291             0     6'146

Vivification     Clauses  Decisions  LitTrue  Subsumed  LitRemoved  DecisionReused  Conflicts
  'default_lp':        0          0        0         0           0               0          0
      'max_lp':        0          0        0         0           0               0          0
       'no_lp':        0          0        0         0           0               0          0

Clause deletion    at_true  l_and_not(l)  to_binary  sub_conflict  sub_extra  sub_decisions  sub_eager  sub_vivify  sub_probing  sub_inpro  blocked  eliminated  forgotten  promoted  conflicts
    'default_lp':        0             0          0           552         13             52         15           0            0          0        0           0          0     2'366      1'185
        'max_lp':        0             0          0           367         17             32         30           0            0          0        0           0          0     1'854        915
         'no_lp':        0             0          0         5'873         50            249        273           0            0          0        0           0          0    15'677      8'071

Lp stats         Component  Iterations  AddedCuts  OPTIMAL  DUAL_F.  DUAL_U.
  'default_lp':          1      23'136        551    1'703        0    1'108
      'max_lp':          1      13'631        265      575      592      847

Lp dimension      Final dimension of first component
  'default_lp':  347 rows, 150 columns, 4492 entries
      'max_lp':  391 rows, 150 columns, 5262 entries

Lp debug         CutPropag  CutEqPropag  Adjust  Overflow    Bad  BadScaling
  'default_lp':          0            0     993         0  1'610           0
      'max_lp':          0            0     795         0    982           0

Lp pool          Constraints  Updates  Simplif  Merged  Shortened  Split  Strengthened  Cuts/Call
  'default_lp':        1'690       79        0       0          0      0             0    551/697
      'max_lp':        1'404       22        0       0          0      0             0    265/354

Lp Cut           max_lp  default_lp
         CG_FF:      42          65
          CG_K:      45          73
          CG_R:      45          82
         CG_RB:      48          83
        CG_RBP:      47          76
            IB:       -         112
  ZERO_HALF_FF:       7           3
   ZERO_HALF_R:      31          57

LNS stats       Improv/Calls  Closed  Difficulty  TimeLimit
  'rins/rens':           5/5     80%    8.80e-01       0.10

LS stats                              Batches  Restarts/Perturbs  LinMoves  GenMoves  CompoundMoves  Bactracks  WeightUpdates  ScoreComputed
                       'fj_restart':        1                  1     1'625         0              0          0            384         63'391
  'fj_restart_compound_perturb_obj':        1                  1         0     2'054            256        898              8         62'921
                 'fj_restart_decay':        1                  1     1'851         0              0          0            125         64'343
        'fj_restart_decay_compound':        2                  2         0     4'087            690      1'690             10        122'275
     'fj_restart_decay_perturb_obj':        3                  3     4'638         0              0          0            325        153'748
                   'fj_restart_obj':        1                  1     1'432         0              0          0            259         63'341

Solutions (1)    Num   Rank
      'max_lp':    1  [0,0]

Solution repositories    Added  Queried  Synchro
    'alternative_path':      0        0        0
      'best_solutions':      1        0        1
   'fj solution hints':      1        0        1
        'lp solutions':     11        5       11
                'pump':      0        0

Clauses shared    #Exported  #Imported  #BinaryRead  #BinaryTotal
   'default_lp':          0          0            0             0
       'max_lp':          0          0            0             0
        'no_lp':          0          0            0             0

LRAT_status: NA
CpSolverResponse summary:
status: OPTIMAL
objective: NA
best_bound: NA
integers: 150
booleans: 35
conflicts: 915
branches: 1514
propagations: 1388
integer_propagations: 34931
restarts: 3
lp_iterations: 13631
walltime: 3.38879
usertime: 3.38879
deterministic_time: 3.68991
gap_integral: 0
solution_fingerprint: 0x62b31a116a918180

status=OPTIMAL objective=0.0 bound=0.0 branches=1514 wall=3.388788s
verified bridge 6+6: parent_M=18 two_thirds_defect=+1.020249978894 hash=1637bf9d44adfd09c05b2c6f8fd6a5114a047bab344cf11ac24a76c312eb16a7
wrote computations/results/bridge_grid_6_6_sign-1_cap18.json
