
Starting CP-SAT solver v9.15.6755
Parameters: max_time_in_seconds: 300 log_search_progress: true num_search_workers: 4 log_to_stdout: true

Initial satisfaction model '': (model_fingerprint: 0xf1c22250cf4812ca)
#Variables: 25 (24 primary variables)
  - 24 Booleans in [0,1]
  - 1 constants in {17}
#kLinear1: 1
#kLinearN: 1'024 (#terms: 25'600)

Starting presolve at 0.00s
  1.17e-03s  0.00e+00d  [DetectDominanceRelations]
  1.31e-02s  0.00e+00d  [PresolveToFixPoint] #num_loops=2 #num_dual_strengthening=1
  8.71e-06s  0.00e+00d  [ExtractEncodingFromLinear]
  1.09e-03s  0.00e+00d  [DetectDuplicateColumns]
  4.01e-04s  0.00e+00d  [DetectDuplicateConstraints] #duplicates=512
[Symmetry] Graph for symmetry has 559 nodes and 11'798 arcs.
[Symmetry] Symmetry computation done. time: 0.00100573 dtime: 0.00224595
[Symmetry] #generators: 2, average support size: 14
[Symmetry] 8 orbits on 20 variables with sizes: 4,4,2,2,2,2,2,2
  3.69e-05s  0.00e+00d  [DetectDuplicateConstraintsWithDifferentEnforcements]
  1.95e-03s  5.93e-04d  [Probe] #probed=46
  4.29e-06s  0.00e+00d  [MaxClique]
  4.37e-04s  0.00e+00d  [DetectDominanceRelations]
  3.51e-03s  0.00e+00d  [PresolveToFixPoint] #num_loops=1 #num_dual_strengthening=1
  1.62e-03s  0.00e+00d  [ProcessAtMostOneAndLinear]
  3.43e-05s  0.00e+00d  [DetectDuplicateConstraints]
  2.70e-05s  0.00e+00d  [DetectDuplicateConstraintsWithDifferentEnforcements]
  6.11e-02s  3.81e-03d  [DetectDominatedLinearConstraints] #relevant_constraints=512 #num_inclusions=53'938 #num_redundant=266
  3.77e-05s  0.00e+00d  [DetectDifferentVariables]
  8.06e-05s  0.00e+00d  [ProcessSetPPC] #relevant_constraints=246
  3.24e-05s  0.00e+00d  [TransformClausesToExactlyOne]
  4.99e-06s  0.00e+00d  [DetectEncodedComplexDomains]
  5.13e-06s  0.00e+00d  [FindAlmostIdenticalLinearConstraints]
  9.45e-07s  0.00e+00d  [FindBigAtMostOneAndLinearOverlap]
  4.13e-03s  1.14e-03d  [FindBigVerticalLinearOverlap] #blocks=29 #saved_nz=2'831
  3.97e-05s  1.37e-05d  [FindBigHorizontalLinearOverlap] #linears=246
  4.13e-06s  0.00e+00d  [MergeClauses]
  1.43e-04s  0.00e+00d  [DetectDominanceRelations]
  1.87e-03s  0.00e+00d  [PresolveToFixPoint] #num_loops=2 #num_dual_strengthening=1
  1.34e-04s  0.00e+00d  [DetectDominanceRelations]
  1.02e-03s  0.00e+00d  [PresolveToFixPoint] #num_loops=1 #num_dual_strengthening=1
  6.91e-05s  0.00e+00d  [DetectDuplicateColumns]
  1.98e-05s  0.00e+00d  [DetectDuplicateConstraints]
[Symmetry] Graph for symmetry has 370 nodes and 2'868 arcs.
[Symmetry] Symmetry computation done. time: 8.4426e-05 dtime: 0.00012825
  1.89e-05s  0.00e+00d  [DetectDuplicateConstraintsWithDifferentEnforcements]
  1.30e-03s  1.77e-04d  [Probe] #probed=46
  4.10e-06s  0.00e+00d  [MaxClique]
  1.62e-04s  0.00e+00d  [DetectDominanceRelations]
  1.06e-03s  0.00e+00d  [PresolveToFixPoint] #num_loops=1 #num_dual_strengthening=1
  5.36e-04s  0.00e+00d  [ProcessAtMostOneAndLinear]
  1.75e-05s  0.00e+00d  [DetectDuplicateConstraints]
  1.67e-05s  0.00e+00d  [DetectDuplicateConstraintsWithDifferentEnforcements]
  1.94e-04s  2.06e-05d  [DetectDominatedLinearConstraints] #relevant_constraints=275
  3.68e-05s  0.00e+00d  [DetectDifferentVariables]
  5.90e-05s  0.00e+00d  [ProcessSetPPC] #relevant_constraints=23
  2.47e-05s  0.00e+00d  [TransformClausesToExactlyOne]
  4.63e-06s  0.00e+00d  [DetectEncodedComplexDomains]
  1.29e-05s  1.50e-07d  [FindAlmostIdenticalLinearConstraints] #num_tested_pairs=10
  6.98e-07s  0.00e+00d  [FindBigAtMostOneAndLinearOverlap]
  1.02e-03s  3.29e-04d  [FindBigVerticalLinearOverlap] #blocks=2 #saved_nz=63
  3.94e-05s  1.34e-05d  [FindBigHorizontalLinearOverlap] #linears=246
  3.90e-06s  0.00e+00d  [MergeClauses]
  1.42e-04s  0.00e+00d  [DetectDominanceRelations]
  1.35e-03s  0.00e+00d  [PresolveToFixPoint] #num_loops=2 #num_dual_strengthening=1
  1.37e-04s  0.00e+00d  [DetectDominanceRelations]
  1.08e-03s  0.00e+00d  [PresolveToFixPoint] #num_loops=1 #num_dual_strengthening=1
  6.87e-05s  0.00e+00d  [DetectDuplicateColumns]
  1.87e-05s  0.00e+00d  [DetectDuplicateConstraints]
[Symmetry] Graph for symmetry has 376 nodes and 2'807 arcs.
[Symmetry] Symmetry computation done. time: 8.3925e-05 dtime: 0.00012624
  1.95e-05s  0.00e+00d  [DetectDuplicateConstraintsWithDifferentEnforcements]
  1.35e-03s  1.75e-04d  [Probe] #probed=46
  4.07e-06s  0.00e+00d  [MaxClique]
  1.43e-04s  0.00e+00d  [DetectDominanceRelations]
  1.21e-03s  0.00e+00d  [PresolveToFixPoint] #num_loops=1 #num_dual_strengthening=1
  4.98e-04s  0.00e+00d  [ProcessAtMostOneAndLinear]
  1.88e-05s  0.00e+00d  [DetectDuplicateConstraints]
  1.69e-05s  0.00e+00d  [DetectDuplicateConstraintsWithDifferentEnforcements]
  1.74e-04s  1.97e-05d  [DetectDominatedLinearConstraints] #relevant_constraints=277
  2.83e-05s  0.00e+00d  [DetectDifferentVariables]
  4.77e-05s  0.00e+00d  [ProcessSetPPC] #relevant_constraints=13
  2.42e-05s  0.00e+00d  [TransformClausesToExactlyOne]
  4.96e-06s  0.00e+00d  [DetectEncodedComplexDomains]
  1.27e-05s  2.70e-07d  [FindAlmostIdenticalLinearConstraints] #num_tested_pairs=18
  9.88e-07s  0.00e+00d  [FindBigAtMostOneAndLinearOverlap]
  9.87e-04s  3.07e-04d  [FindBigVerticalLinearOverlap] #blocks=1 #saved_nz=30
  6.24e-05s  1.32e-05d  [FindBigHorizontalLinearOverlap] #linears=246
  4.45e-06s  0.00e+00d  [MergeClauses]
  1.70e-04s  0.00e+00d  [DetectDominanceRelations]
  1.28e-03s  0.00e+00d  [PresolveToFixPoint] #num_loops=2 #num_dual_strengthening=1
  2.72e-06s  0.00e+00d  [MergeNoOverlap]
  2.57e-06s  0.00e+00d  [MergeNoOverlap2D]

Presolve summary:
  - 0 affine relations were detected.
  - rule 'duplicate: merged rhs of linear constraint' was applied 512 times.
  - rule 'duplicate: removed constraint' was applied 512 times.
  - rule 'linear inclusion: redundant containing constraint' was applied 173 times.
  - rule 'linear inclusion: redundant included constraint' was applied 93 times.
  - rule 'linear matrix: common vertical rectangle' was applied 32 times.
  - rule 'linear1: x in domain' was applied 1 time.
  - rule 'linear: divide by GCD' was applied 1'024 times.
  - rule 'presolve: 2 unused variables removed.' was applied 1 time.
  - rule 'presolve: iteration' was applied 3 times.

Presolved satisfaction model '': (model_fingerprint: 0x91cde05e8f9f09aa)
#Variables: 55 (29 primary variables)
  - 23 Booleans in [0,1]
  - 1 in [-3,1]
  - 1 in [-2,1]
  - 11 in [-1,1]
  - 2 in [-1,2]
  - 3 in [-1,3]
  - 10 in [0,2]
  - 3 in [0,3]
  - 1 in [0,4]
#kLinear3: 32
#kLinearN: 246 (#terms: 2'638)
[Symmetry] Graph for symmetry has 377 nodes and 2'778 arcs.
[Symmetry] Symmetry computation done. time: 8.9163e-05 dtime: 0.00012641

Preloading model.
#Model   0.11s var:55/55 constraints:278/278

Starting search at 0.11s with 4 workers.
3 full problem subsolvers: [default_lp, max_lp, no_lp]
1 first solution subsolver: [fj]
2 interleaved subsolvers: [feasibility_pump, rins/rens]
2 helper subsolvers: [neighborhood_helper, synchronization_agent]

#1       0.21s max_lp

Task timing                   n [     min,      max]      avg      dev     time         n [     min,      max]      avg      dev    dtime
        'default_lp':         1 [ 94.38ms,  94.38ms]  94.38ms   0.00ns  94.38ms         2 [275.60us,  38.47ms]  19.37ms  19.10ms  38.75ms
  'feasibility_pump':         2 [  2.11ms,   2.96ms]   2.53ms 424.88us   5.07ms         1 [  1.66ms,   1.66ms]   1.66ms   0.00ns   1.66ms
                'fj':         1 [ 84.70ms,  84.70ms]  84.70ms   0.00ns  84.70ms         1 [100.01ms, 100.01ms] 100.01ms   0.00ns 100.01ms
            'max_lp':         1 [ 93.56ms,  93.56ms]  93.56ms   0.00ns  93.56ms         2 [  1.32ms,  56.32ms]  28.82ms  27.50ms  57.64ms
             'no_lp':         1 [ 94.24ms,  94.24ms]  94.24ms   0.00ns  94.24ms         2 [170.98us,  13.87ms]   7.02ms   6.85ms  14.04ms
         'rins/rens':         2 [869.11us,   3.24ms]   2.06ms   1.19ms   4.11ms         1 [ 10.47us,  10.47us]  10.47us   0.00ns  10.47us

Search stats     Bools  Conflicts  Branches  Restarts  BacktrackToRoot  Backtrack  BoolPropag  IntegerPropag
  'default_lp':     23        188       412         2              186        357         270          3'232
      'max_lp':     23        203       381         1              139        326         318          3'580
       'no_lp':     23      1'510     1'959         5              281      1'754       2'467         24'757

SAT formula      Fixed  Equiv  Total  VarLeft  BinaryClauses  PermanentClauses  TemporaryClauses
  'default_lp':      0      0     23       23              0                 0                85
      'max_lp':      0      0     23       23              0                 0                77
       'no_lp':      0      0     23       23              0                 0               275

SAT stats        ClassicMinim  LitRemoved  LitRemovedBinary  LitLearned  LitForgotten  Subsumed
  'default_lp':            75         126                 0       2'312             0        86
      'max_lp':            98         249                 0       2'607             0       110
       'no_lp':         1'215       4'219                 0      19'155             0     1'194

Vivification     Clauses  Decisions  LitTrue  Subsumed  LitRemoved  DecisionReused  Conflicts
  'default_lp':        0          0        0         0           0               0          0
      'max_lp':        0          0        0         0           0               0          0
       'no_lp':        0          0        0         0           0               0          0

Clause deletion    at_true  l_and_not(l)  to_binary  sub_conflict  sub_extra  sub_decisions  sub_eager  sub_vivify  sub_probing  sub_inpro  blocked  eliminated  forgotten  promoted  conflicts
    'default_lp':        0             0          0            84          2             15          2           0            0          0        0           0          0       356        188
        'max_lp':        0             0          0           110          2             14          0           0            0          0        0           0          0       377        203
         'no_lp':        0             0          0         1'146          9             32         48           0            0          0        0           0          0     3'008      1'510

Lp stats         Component  Iterations  AddedCuts  OPTIMAL  DUAL_F.  DUAL_U.
  'default_lp':          1       1'217        144      176        0      116
      'max_lp':          1       1'051        112      128       10       95

Lp dimension     Final dimension of first component
  'default_lp':  172 rows, 55 columns, 2576 entries
      'max_lp':  139 rows, 55 columns, 1737 entries

Lp debug         CutPropag  CutEqPropag  Adjust  Overflow  Bad  BadScaling
  'default_lp':          0            0      78         0  165           0
      'max_lp':          0            0      78         0  138           0

Lp pool          Constraints  Updates  Simplif  Merged  Shortened  Split  Strengthened  Cuts/Call
  'default_lp':          422       10        0       0          0      0             0    144/160
      'max_lp':          390        4        0       0          0      0             0    112/148

Lp Cut           max_lp  default_lp
         CG_FF:      21          19
          CG_K:      17          23
          CG_R:      24          24
         CG_RB:      22          24
        CG_RBP:      19          23
            IB:       -          23
      MIR_2_RB:       -           2
  ZERO_HALF_FF:       4           2
   ZERO_HALF_R:       5           4

LNS stats       Improv/Calls  Closed  Difficulty  TimeLimit
  'rins/rens':           2/2    100%    8.14e-01       0.10

LS stats         Batches  Restarts/Perturbs  LinMoves  GenMoves  CompoundMoves  Bactracks  WeightUpdates  ScoreComputed
  'fj_restart':        1                  1     3'702         0              0          0          4'036         98'000

Solutions (1)    Num   Rank
      'max_lp':    1  [0,0]

Solution repositories    Added  Queried  Synchro
    'alternative_path':      0        0        0
      'best_solutions':      1        0        1
   'fj solution hints':      0        0        0
        'lp solutions':      2        2        1
                'pump':      0        0

Clauses shared    #Exported  #Imported  #BinaryRead  #BinaryTotal
   'default_lp':          0          0            0             0
       'max_lp':          0          0            0             0
        'no_lp':          0          0            0             0

LRAT_status: NA
CpSolverResponse summary:
status: OPTIMAL
objective: NA
best_bound: NA
integers: 55
booleans: 23
conflicts: 203
branches: 381
propagations: 318
integer_propagations: 3580
restarts: 1
lp_iterations: 1051
walltime: 0.210823
usertime: 0.210823
deterministic_time: 0.218712
gap_integral: 0
solution_fingerprint: 0x2b9f4cded3ef1491

status=OPTIMAL objective=0.0 bound=0.0 branches=381 wall=0.210823s
verified bridge 3+8: parent_M=17 two_thirds_defect=-0.110183638207 hash=13537bf2d311e2a2a3251d2c045534d5599e74267dc5ff41cb6059f4a16e8100
wrote computations/results/bridge_grid_3_8_sign1_cap17.json
