
Starting CP-SAT solver v9.15.6755
Parameters: max_time_in_seconds: 300 log_search_progress: true num_search_workers: 4 log_to_stdout: true

Initial satisfaction model '': (model_fingerprint: 0xb520e4f3be88bd31)
#Variables: 13 (12 primary variables)
  - 12 Booleans in [0,1]
  - 1 constants in {9}
#kLinear1: 1
#kLinearN: 64 (#terms: 832)

Starting presolve at 0.00s
  4.09e-05s  0.00e+00d  [DetectDominanceRelations]
  5.18e-04s  0.00e+00d  [PresolveToFixPoint] #num_loops=2 #num_dual_strengthening=1
  2.00e-06s  0.00e+00d  [ExtractEncodingFromLinear]
  2.18e-05s  0.00e+00d  [DetectDuplicateColumns]
  2.15e-05s  0.00e+00d  [DetectDuplicateConstraints] #duplicates=17
[Symmetry] Graph for symmetry has 71 nodes and 528 arcs.
[Symmetry] Symmetry computation done. time: 0.000108303 dtime: 0.00010728
[Symmetry] #generators: 2, average support size: 7
[Symmetry] 4 orbits on 10 variables with sizes: 4,2,2,2
[SAT presolve] num removable Booleans: 0 / 11
[SAT presolve] num trivial clauses: 0
[SAT presolve] [0s] clauses:15 literals:165 vars:11 one_side_vars:0 simple_definition:0 singleton_clauses:0
[SAT presolve] [2.2356e-05s] clauses:15 literals:165 vars:11 one_side_vars:0 simple_definition:0 singleton_clauses:0
[SAT presolve] [2.727e-05s] clauses:15 literals:165 vars:11 one_side_vars:0 simple_definition:0 singleton_clauses:0
  8.67e-06s  0.00e+00d  [DetectDuplicateConstraintsWithDifferentEnforcements]
  2.39e-04s  4.75e-05d  [Probe] #probed=22
  2.65e-06s  0.00e+00d  [MaxClique]
  3.62e-05s  0.00e+00d  [DetectDominanceRelations]
  1.76e-04s  0.00e+00d  [PresolveToFixPoint] #num_loops=1 #num_dual_strengthening=1
  6.46e-05s  0.00e+00d  [ProcessAtMostOneAndLinear]
  1.12e-05s  0.00e+00d  [DetectDuplicateConstraints]
  3.39e-06s  0.00e+00d  [DetectDuplicateConstraintsWithDifferentEnforcements]
  3.38e-04s  1.69e-05d  [DetectDominatedLinearConstraints] #relevant_constraints=32 #num_inclusions=466 #num_redundant=1
  4.17e-06s  0.00e+00d  [DetectDifferentVariables]
  2.63e-05s  1.48e-06d  [ProcessSetPPC] #relevant_constraints=46
  1.85e-05s  9.37e-07d  [TransformClausesToExactlyOne] #num_clauses=15 #num_checked=15
  1.80e-06s  0.00e+00d  [DetectEncodedComplexDomains]
  1.19e-06s  0.00e+00d  [FindAlmostIdenticalLinearConstraints]
  8.48e-07s  0.00e+00d  [FindBigAtMostOneAndLinearOverlap]
  1.23e-04s  4.00e-05d  [FindBigVerticalLinearOverlap]
  6.30e-06s  1.70e-06d  [FindBigHorizontalLinearOverlap] #linears=31
  1.79e-05s  8.25e-07d  [MergeClauses]
  3.18e-05s  0.00e+00d  [DetectDominanceRelations]
  1.64e-04s  0.00e+00d  [PresolveToFixPoint] #num_loops=1 #num_dual_strengthening=1
  2.69e-05s  0.00e+00d  [DetectDominanceRelations]
  1.60e-04s  0.00e+00d  [PresolveToFixPoint] #num_loops=1 #num_dual_strengthening=1
  1.65e-05s  0.00e+00d  [DetectDuplicateColumns]
  4.40e-06s  0.00e+00d  [DetectDuplicateConstraints]
[Symmetry] Graph for symmetry has 70 nodes and 517 arcs.
[Symmetry] Symmetry computation done. time: 8.1112e-05 dtime: 0.00010613
[Symmetry] #generators: 2, average support size: 7
[Symmetry] 4 orbits on 10 variables with sizes: 4,2,2,2
[SAT presolve] num removable Booleans: 0 / 11
[SAT presolve] num trivial clauses: 0
[SAT presolve] [0s] clauses:15 literals:165 vars:11 one_side_vars:0 simple_definition:0 singleton_clauses:0
[SAT presolve] [1.8709e-05s] clauses:15 literals:165 vars:11 one_side_vars:0 simple_definition:0 singleton_clauses:0
[SAT presolve] [2.2708e-05s] clauses:15 literals:165 vars:11 one_side_vars:0 simple_definition:0 singleton_clauses:0
  5.26e-06s  0.00e+00d  [DetectDuplicateConstraintsWithDifferentEnforcements]
  1.88e-04s  4.72e-05d  [Probe] #probed=22
  1.25e-06s  0.00e+00d  [MaxClique]
  3.09e-05s  0.00e+00d  [DetectDominanceRelations]
  1.58e-04s  0.00e+00d  [PresolveToFixPoint] #num_loops=1 #num_dual_strengthening=1
  6.39e-05s  0.00e+00d  [ProcessAtMostOneAndLinear]
  2.45e-05s  0.00e+00d  [DetectDuplicateConstraints]
  3.85e-06s  0.00e+00d  [DetectDuplicateConstraintsWithDifferentEnforcements]
  3.09e-04s  1.68e-05d  [DetectDominatedLinearConstraints] #relevant_constraints=31 #num_inclusions=465
  3.36e-06s  0.00e+00d  [DetectDifferentVariables]
  2.41e-05s  1.48e-06d  [ProcessSetPPC] #relevant_constraints=46
  1.58e-05s  9.37e-07d  [TransformClausesToExactlyOne] #num_clauses=15 #num_checked=15
  1.11e-06s  0.00e+00d  [DetectEncodedComplexDomains]
  9.08e-07s  0.00e+00d  [FindAlmostIdenticalLinearConstraints]
  5.13e-07s  0.00e+00d  [FindBigAtMostOneAndLinearOverlap]
  1.14e-04s  4.00e-05d  [FindBigVerticalLinearOverlap]
  5.01e-06s  1.71e-06d  [FindBigHorizontalLinearOverlap] #linears=31
  1.48e-05s  8.25e-07d  [MergeClauses]
  3.08e-05s  0.00e+00d  [DetectDominanceRelations]
  1.56e-04s  0.00e+00d  [PresolveToFixPoint] #num_loops=1 #num_dual_strengthening=1
  9.83e-07s  0.00e+00d  [MergeNoOverlap]
  8.68e-07s  0.00e+00d  [MergeNoOverlap2D]

Presolve summary:
  - 0 affine relations were detected.
  - rule 'duplicate: merged rhs of linear constraint' was applied 17 times.
  - rule 'duplicate: removed constraint' was applied 17 times.
  - rule 'linear inclusion: redundant containing constraint' was applied 1 time.
  - rule 'linear1: x in domain' was applied 1 time.
  - rule 'linear: divide by GCD' was applied 64 times.
  - rule 'linear: negative clause' was applied 7 times.
  - rule 'linear: positive clause' was applied 8 times.
  - rule 'presolve: 2 unused variables removed.' was applied 1 time.
  - rule 'presolve: iteration' was applied 2 times.

Presolved satisfaction model '': (model_fingerprint: 0xdb5bc49082fbe39c)
#Variables: 11 (11 primary variables)
  - 11 Booleans in [0,1]
#kBoolOr: 15 (#literals: 165)
#kLinearN: 31 (#terms: 341)
[Symmetry] Graph for symmetry has 68 nodes and 517 arcs.
[Symmetry] Symmetry computation done. time: 7.746e-05 dtime: 0.00010601
[Symmetry] #generators: 2, average support size: 7
[Symmetry] 4 orbits on 10 variables with sizes: 4,2,2,2

Preloading model.
#Model   0.01s var:11/11 constraints:46/46

Starting search at 0.01s with 4 workers.
3 full problem subsolvers: [default_lp, max_lp_sym, no_lp]
1 first solution subsolver: [fj]
2 interleaved subsolvers: [feasibility_pump, rins/rens]
2 helper subsolvers: [neighborhood_helper, synchronization_agent]

#1       0.01s no_lp
#2       0.01s default_lp

Task timing                   n [     min,      max]      avg      dev     time         n [     min,      max]      avg      dev    dtime
        'default_lp':         1 [  3.20ms,   3.20ms]   3.20ms   0.00ns   3.20ms         1 [521.08us, 521.08us] 521.08us   0.00ns 521.08us
  'feasibility_pump':         1 [  3.01ms,   3.01ms]   3.01ms   0.00ns   3.01ms         0 [  0.00ns,   0.00ns]   0.00ns   0.00ns   0.00ns
                'fj':         0 [  0.00ns,   0.00ns]   0.00ns   0.00ns   0.00ns         0 [  0.00ns,   0.00ns]   0.00ns   0.00ns   0.00ns
        'max_lp_sym':         1 [  3.25ms,   3.25ms]   3.25ms   0.00ns   3.25ms         2 [ 30.68us, 451.18us] 240.93us 210.25us 481.86us
             'no_lp':         1 [  3.07ms,   3.07ms]   3.07ms   0.00ns   3.07ms         1 [528.34us, 528.34us] 528.34us   0.00ns 528.34us
         'rins/rens':         0 [  0.00ns,   0.00ns]   0.00ns   0.00ns   0.00ns         0 [  0.00ns,   0.00ns]   0.00ns   0.00ns   0.00ns

Search stats     Bools  Conflicts  Branches  Restarts  BacktrackToRoot  Backtrack  BoolPropag  IntegerPropag
  'default_lp':     11         44       493         0               77        155         195            552
  'max_lp_sym':     11         36       396         0               71        132         145            788
       'no_lp':     11         52       488         0               88        164         250            561

SAT formula      Fixed  Equiv  Total  VarLeft  BinaryClauses  PermanentClauses  TemporaryClauses
  'default_lp':      0      0     11       11              0                15                 3
  'max_lp_sym':      0      0     11       11              0                15                 1
       'no_lp':      0      0     11       11              0                15                 1

SAT stats        ClassicMinim  LitRemoved  LitRemovedBinary  LitLearned  LitForgotten  Subsumed
  'default_lp':             3           4                 0         343             0        28
  'max_lp_sym':             3           4                 0         282             0        26
       'no_lp':             3           4                 0         376             0        36

Vivification     Clauses  Decisions  LitTrue  Subsumed  LitRemoved  DecisionReused  Conflicts
  'default_lp':       82        441        0        11         113             194          5
  'max_lp_sym':       64        352        0         7          80             149          4
       'no_lp':       85        434        0        12         129             178          5

Clause deletion    at_true  l_and_not(l)  to_binary  sub_conflict  sub_extra  sub_decisions  sub_eager  sub_vivify  sub_probing  sub_inpro  blocked  eliminated  forgotten  promoted  conflicts
    'default_lp':        0             0          0            27          0              2          1          11            0          0        0           0          0        32         44
    'max_lp_sym':        0             0          0            25          0              2          1           7            0          0        0           0          0        24         36
         'no_lp':        0             0          0            33          0              3          3          12            0          0        0           0          0        35         52

Lp stats         Component  Iterations  AddedCuts  OPTIMAL  DUAL_F.  DUAL_U.
  'default_lp':          1          11          0        6        0        1
  'max_lp_sym':          1           5          1        2        0        0

Lp dimension     Final dimension of first component
  'default_lp':      6 rows, 11 columns, 66 entries
  'max_lp_sym':       9 rows, 5 columns, 40 entries

Lp debug         CutPropag  CutEqPropag  Adjust  Overflow  Bad  BadScaling
  'default_lp':          0            0       0         0    0           0
  'max_lp_sym':          1            0       0         0   10           0

Lp pool          Constraints  Updates  Simplif  Merged  Shortened  Split  Strengthened  Cuts/Call
  'default_lp':           31        0        0       0          0      0             0        0/0
  'max_lp_sym':           19        0       10       1          0      0             0       1/12

Lp Cut    max_lp_sym
   CG_R:           1

LNS stats       Improv/Calls  Closed  Difficulty  TimeLimit
  'rins/rens':           0/0      0%    5.00e-01       0.10

Solutions (2)    Num   Rank
  'default_lp':    1  [1,1]
       'no_lp':    1  [0,0]

Solution repositories    Added  Queried  Synchro
    'alternative_path':      0        0        0
      'best_solutions':      2        0        2
   'fj solution hints':      0        0        0
        'lp solutions':      0        0        0
                'pump':      0        0

Clauses shared    #Exported  #Imported  #BinaryRead  #BinaryTotal
   'default_lp':          0          0            0             0
   'max_lp_sym':          0          0            0             0
        'no_lp':          0          0            0             0

LRAT_status: NA
CpSolverResponse summary:
status: OPTIMAL
objective: NA
best_bound: NA
integers: 11
booleans: 11
conflicts: 44
branches: 493
propagations: 195
integer_propagations: 552
restarts: 0
lp_iterations: 11
walltime: 0.0116708
usertime: 0.0116709
deterministic_time: 0.00174963
gap_integral: 0
solution_fingerprint: 0x78c0321f0403270c

status=OPTIMAL objective=0.0 bound=0.0 branches=493 wall=0.011671s
verified bridge 3+4: parent_M=9 two_thirds_defect=-0.273177211919 hash=9b25b63e243a1eec2f1eef45563e12f283d72de6f81bd9fd4d44ceed714dd82f
wrote computations/results/bridge_grid_3_4_sign1_cap9.json
