
Starting CP-SAT solver v9.15.6755
Parameters: max_time_in_seconds: 300 log_search_progress: true num_search_workers: 4 log_to_stdout: true

Initial satisfaction model '': (model_fingerprint: 0x4ba2599a80e3b3ba)
#Variables: 21 (20 primary variables)
  - 20 Booleans in [0,1]
  - 1 constants in {12}
#kLinear1: 1
#kLinearN: 256 (#terms: 5'376)

Starting presolve at 0.00s
  2.61e-04s  0.00e+00d  [DetectDominanceRelations]
  2.79e-03s  0.00e+00d  [PresolveToFixPoint] #num_loops=2 #num_dual_strengthening=1
  2.83e-06s  0.00e+00d  [ExtractEncodingFromLinear]
  2.38e-04s  0.00e+00d  [DetectDuplicateColumns]
  8.15e-05s  0.00e+00d  [DetectDuplicateConstraints] #duplicates=128
[Symmetry] Graph for symmetry has 167 nodes and 2'450 arcs.
[Symmetry] Symmetry computation done. time: 0.000150243 dtime: 0.00025432
[Symmetry] #generators: 1, average support size: 10
[Symmetry] 5 orbits on 10 variables with sizes: 2,2,2,2,2
  1.35e-05s  0.00e+00d  [DetectDuplicateConstraintsWithDifferentEnforcements]
  5.99e-04s  1.25e-04d  [Probe] #probed=38
  2.76e-06s  0.00e+00d  [MaxClique]
  9.91e-05s  0.00e+00d  [DetectDominanceRelations]
  7.45e-04s  0.00e+00d  [PresolveToFixPoint] #num_loops=1 #num_dual_strengthening=1
  3.40e-04s  0.00e+00d  [ProcessAtMostOneAndLinear]
  2.57e-05s  0.00e+00d  [DetectDuplicateConstraints]
  7.68e-06s  0.00e+00d  [DetectDuplicateConstraintsWithDifferentEnforcements]
  7.27e-03s  4.38e-04d  [DetectDominatedLinearConstraints] #relevant_constraints=128 #num_inclusions=7'426 #num_redundant=8
  1.57e-05s  0.00e+00d  [DetectDifferentVariables]
  3.31e-05s  0.00e+00d  [ProcessSetPPC] #relevant_constraints=120
  1.47e-05s  0.00e+00d  [TransformClausesToExactlyOne]
  1.92e-06s  0.00e+00d  [DetectEncodedComplexDomains]
  1.94e-06s  0.00e+00d  [FindAlmostIdenticalLinearConstraints]
  7.88e-07s  0.00e+00d  [FindBigAtMostOneAndLinearOverlap]
  1.43e-03s  3.88e-04d  [FindBigVerticalLinearOverlap] #blocks=16 #saved_nz=895
  1.82e-05s  6.68e-06d  [FindBigHorizontalLinearOverlap] #linears=120
  1.89e-06s  0.00e+00d  [MergeClauses]
  7.09e-05s  0.00e+00d  [DetectDominanceRelations]
  8.99e-04s  0.00e+00d  [PresolveToFixPoint] #num_loops=2 #num_dual_strengthening=1
  6.58e-05s  0.00e+00d  [DetectDominanceRelations]
  4.95e-04s  0.00e+00d  [PresolveToFixPoint] #num_loops=1 #num_dual_strengthening=1
  3.18e-05s  0.00e+00d  [DetectDuplicateColumns]
  8.41e-06s  0.00e+00d  [DetectDuplicateConstraints]
[Symmetry] Graph for symmetry has 200 nodes and 1'412 arcs.
[Symmetry] Symmetry computation done. time: 4.8639e-05 dtime: 6.865e-05
  9.35e-06s  0.00e+00d  [DetectDuplicateConstraintsWithDifferentEnforcements]
  6.60e-04s  7.72e-05d  [Probe] #probed=38
  1.63e-06s  0.00e+00d  [MaxClique]
  6.92e-05s  0.00e+00d  [DetectDominanceRelations]
  5.06e-04s  0.00e+00d  [PresolveToFixPoint] #num_loops=1 #num_dual_strengthening=1
  3.21e-04s  0.00e+00d  [ProcessAtMostOneAndLinear]
  1.00e-05s  0.00e+00d  [DetectDuplicateConstraints]
  7.55e-06s  0.00e+00d  [DetectDuplicateConstraintsWithDifferentEnforcements]
  6.43e-05s  8.13e-06d  [DetectDominatedLinearConstraints] #relevant_constraints=136
  1.16e-05s  0.00e+00d  [DetectDifferentVariables]
  2.54e-05s  0.00e+00d  [ProcessSetPPC] #relevant_constraints=91
  1.49e-05s  0.00e+00d  [TransformClausesToExactlyOne]
  1.46e-06s  0.00e+00d  [DetectEncodedComplexDomains]
  5.76e-06s  7.50e-08d  [FindAlmostIdenticalLinearConstraints] #num_tested_pairs=5
  5.88e-07s  0.00e+00d  [FindBigAtMostOneAndLinearOverlap]
  4.82e-04s  1.47e-04d  [FindBigVerticalLinearOverlap] #blocks=2 #saved_nz=100
  1.59e-05s  6.15e-06d  [FindBigHorizontalLinearOverlap] #linears=120
  1.33e-06s  0.00e+00d  [MergeClauses]
  6.62e-05s  0.00e+00d  [DetectDominanceRelations]
  7.00e-04s  0.00e+00d  [PresolveToFixPoint] #num_loops=2 #num_dual_strengthening=1
  8.11e-05s  0.00e+00d  [DetectDominanceRelations]
  4.95e-04s  0.00e+00d  [PresolveToFixPoint] #num_loops=1 #num_dual_strengthening=1
  3.02e-05s  0.00e+00d  [DetectDuplicateColumns]
  8.32e-06s  0.00e+00d  [DetectDuplicateConstraints]
[Symmetry] Graph for symmetry has 206 nodes and 1'314 arcs.
[Symmetry] Symmetry computation done. time: 4.7263e-05 dtime: 6.879e-05
  9.36e-06s  0.00e+00d  [DetectDuplicateConstraintsWithDifferentEnforcements]
  5.63e-04s  7.22e-05d  [Probe] #probed=38
  1.59e-06s  0.00e+00d  [MaxClique]
  6.61e-05s  0.00e+00d  [DetectDominanceRelations]
  4.86e-04s  0.00e+00d  [PresolveToFixPoint] #num_loops=1 #num_dual_strengthening=1
  3.32e-04s  0.00e+00d  [ProcessAtMostOneAndLinear]
  8.37e-06s  0.00e+00d  [DetectDuplicateConstraints]
  7.35e-06s  0.00e+00d  [DetectDuplicateConstraintsWithDifferentEnforcements]
  6.00e-05s  7.67e-06d  [DetectDominatedLinearConstraints] #relevant_constraints=138
  1.16e-05s  0.00e+00d  [DetectDifferentVariables]
  2.18e-05s  0.00e+00d  [ProcessSetPPC] #relevant_constraints=31
  1.53e-05s  0.00e+00d  [TransformClausesToExactlyOne]
  1.58e-06s  0.00e+00d  [DetectEncodedComplexDomains]
  6.25e-06s  1.05e-07d  [FindAlmostIdenticalLinearConstraints] #num_tested_pairs=7
  6.07e-07s  0.00e+00d  [FindBigAtMostOneAndLinearOverlap]
  3.86e-04s  1.34e-04d  [FindBigVerticalLinearOverlap]
  1.55e-05s  6.15e-06d  [FindBigHorizontalLinearOverlap] #linears=120
  1.28e-06s  0.00e+00d  [MergeClauses]
  6.46e-05s  0.00e+00d  [DetectDominanceRelations]
  4.82e-04s  0.00e+00d  [PresolveToFixPoint] #num_loops=1 #num_dual_strengthening=1
  1.37e-06s  0.00e+00d  [MergeNoOverlap]
  1.20e-06s  0.00e+00d  [MergeNoOverlap2D]

Presolve summary:
  - 0 affine relations were detected.
  - rule 'duplicate: merged rhs of linear constraint' was applied 128 times.
  - rule 'duplicate: removed constraint' was applied 128 times.
  - rule 'linear inclusion: redundant containing constraint' was applied 4 times.
  - rule 'linear inclusion: redundant included constraint' was applied 4 times.
  - rule 'linear matrix: common vertical rectangle' was applied 18 times.
  - rule 'linear1: x in domain' was applied 1 time.
  - rule 'linear: divide by GCD' was applied 256 times.
  - rule 'presolve: 2 unused variables removed.' was applied 1 time.
  - rule 'presolve: iteration' was applied 3 times.

Presolved satisfaction model '': (model_fingerprint: 0xc499c10621113826)
#Variables: 37 (27 primary variables)
  - 19 Booleans in [0,1]
  - 1 in [-2,1]
  - 9 in [-1,1]
  - 8 in [0,2]
#kLinear3: 17
#kLinearN: 121 (#terms: 1'234)
[Symmetry] Graph for symmetry has 204 nodes and 1'314 arcs.
[Symmetry] Symmetry computation done. time: 4.7208e-05 dtime: 6.867e-05

Preloading model.
#Model   0.02s var:37/37 constraints:138/138

Starting search at 0.02s with 4 workers.
3 full problem subsolvers: [default_lp, max_lp, no_lp]
1 first solution subsolver: [fj]
2 interleaved subsolvers: [feasibility_pump, rins/rens]
2 helper subsolvers: [neighborhood_helper, synchronization_agent]

#1       0.03s no_lp
#2       0.03s fj_restart(batch:1 lin{mvs:20 evals:165} #w_updates:8 #perturb:0)

Task timing                   n [     min,      max]      avg      dev     time         n [     min,      max]      avg      dev    dtime
        'default_lp':         1 [  3.63ms,   3.63ms]   3.63ms   0.00ns   3.63ms         2 [ 94.85us, 179.40us] 137.12us  42.28us 274.25us
  'feasibility_pump':         1 [  2.85ms,   2.85ms]   2.85ms   0.00ns   2.85ms         0 [  0.00ns,   0.00ns]   0.00ns   0.00ns   0.00ns
                'fj':         1 [487.64us, 487.64us] 487.64us   0.00ns 487.64us         1 [194.25us, 194.25us] 194.25us   0.00ns 194.25us
            'max_lp':         1 [  3.48ms,   3.48ms]   3.48ms   0.00ns   3.48ms         1 [252.64us, 252.64us] 252.64us   0.00ns 252.64us
             'no_lp':         1 [  3.32ms,   3.32ms]   3.32ms   0.00ns   3.32ms         2 [ 69.67us, 152.88us] 111.28us  41.61us 222.55us
         'rins/rens':         0 [  0.00ns,   0.00ns]   0.00ns   0.00ns   0.00ns         0 [  0.00ns,   0.00ns]   0.00ns   0.00ns   0.00ns

Search stats     Bools  Conflicts  Branches  Restarts  BacktrackToRoot  Backtrack  BoolPropag  IntegerPropag
  'default_lp':     19          0        78         0               76         76           0            230
      'max_lp':     19          0        38         0               38         38           0            112
       'no_lp':     19         11       101         0               76         87          25            430

SAT formula      Fixed  Equiv  Total  VarLeft  BinaryClauses  PermanentClauses  TemporaryClauses
  'default_lp':      0      0     19       19              0                 0                 0
      'max_lp':      0      0     19       19              0                 0                 0
       'no_lp':      0      0     19       19              0                 0                 1

SAT stats        ClassicMinim  LitRemoved  LitRemovedBinary  LitLearned  LitForgotten  Subsumed
  'default_lp':             0           0                 0           0             0         0
      'max_lp':             0           0                 0           0             0         0
       'no_lp':             3           6                 0         129             0        10

Vivification     Clauses  Decisions  LitTrue  Subsumed  LitRemoved  DecisionReused  Conflicts
  'default_lp':        0          0        0         0           0               0          0
      'max_lp':        0          0        0         0           0               0          0
       'no_lp':        0          0        0         0           0               0          0

Clause deletion    at_true  l_and_not(l)  to_binary  sub_conflict  sub_extra  sub_decisions  sub_eager  sub_vivify  sub_probing  sub_inpro  blocked  eliminated  forgotten  promoted  conflicts
    'default_lp':        0             0          0             0          0              0          0           0            0          0        0           0          0         0          0
        'max_lp':        0             0          0             0          0              0          0           0            0          0        0           0          0         0          0
         'no_lp':        0             0          0             8          0              0          2           0            0          0        0           0          0        20         11

Lp stats         Component  Iterations  AddedCuts  OPTIMAL  DUAL_F.  DUAL_U.
  'default_lp':          1          43          7        5        0        0
      'max_lp':          1          12          0        1        0        0

Lp dimension     Final dimension of first component
  'default_lp':    49 rows, 37 columns, 320 entries
      'max_lp':  138 rows, 37 columns, 1285 entries

Lp debug         CutPropag  CutEqPropag  Adjust  Overflow  Bad  BadScaling
  'default_lp':          0            0       0         0    0           0
      'max_lp':          0            0       0         0    7           0

Lp pool          Constraints  Updates  Simplif  Merged  Shortened  Split  Strengthened  Cuts/Call
  'default_lp':          145        0        0       0          0      0             0        7/7
      'max_lp':          138        0        0       0          0      0             0        0/0

Lp Cut    default_lp
     IB:           7

LNS stats       Improv/Calls  Closed  Difficulty  TimeLimit
  'rins/rens':           0/0      0%    5.00e-01       0.10

LS stats         Batches  Restarts/Perturbs  LinMoves  GenMoves  CompoundMoves  Bactracks  WeightUpdates  ScoreComputed
  'fj_restart':        1                  1        20         0              0          0              8            250

Solutions (2)    Num   Rank
  'fj_restart':    1  [1,1]
       'no_lp':    1  [0,0]

Solution repositories    Added  Queried  Synchro
    'alternative_path':      0        0        0
      'best_solutions':      2        0        2
   'fj solution hints':      0        0        0
        'lp solutions':      0        0        0
                'pump':      0        0

Clauses shared    #Exported  #Imported  #BinaryRead  #BinaryTotal
   'default_lp':          0          0            0             0
       'max_lp':          0          0            0             0
        'no_lp':          0          0            0             0

LRAT_status: NA
CpSolverResponse summary:
status: OPTIMAL
objective: NA
best_bound: NA
integers: 37
booleans: 19
conflicts: 11
branches: 101
propagations: 25
integer_propagations: 430
restarts: 0
lp_iterations: 0
walltime: 0.0301023
usertime: 0.0301024
deterministic_time: 0.00235994
gap_integral: 0
solution_fingerprint: 0xca9a838e3b2be0bd

status=OPTIMAL objective=0.0 bound=0.0 branches=101 wall=0.030102s
verified bridge 4+5: parent_M=12 two_thirds_defect=+0.201798588838 hash=038075c395ec26242f9f26985dcdc9c918cb7f8165b7968a0ff7f6c5f6a6a85f
wrote computations/results/bridge_grid_4_5_sign-1_cap12.json
