
Starting CP-SAT solver v9.15.6755
Parameters: max_time_in_seconds: 300 log_search_progress: true num_search_workers: 4 log_to_stdout: true

Initial satisfaction model '': (model_fingerprint: 0x6a5eb9ee8ef634c5)
#Variables: 19 (18 primary variables)
  - 18 Booleans in [0,1]
  - 1 constants in {12}
#kLinear1: 1
#kLinearN: 256 (#terms: 4'864)

Starting presolve at 0.00s
  2.45e-04s  0.00e+00d  [DetectDominanceRelations]
  2.57e-03s  0.00e+00d  [PresolveToFixPoint] #num_loops=2 #num_dual_strengthening=1
  2.93e-06s  0.00e+00d  [ExtractEncodingFromLinear]
  2.54e-04s  0.00e+00d  [DetectDuplicateColumns]
  7.86e-05s  0.00e+00d  [DetectDuplicateConstraints] #duplicates=128
[Symmetry] Graph for symmetry has 163 nodes and 2'192 arcs.
[Symmetry] Symmetry computation done. time: 0.000272673 dtime: 0.00046493
[Symmetry] #generators: 2, average support size: 12
[Symmetry] 6 orbits on 16 variables with sizes: 4,4,2,2,2,2
[Symmetry] Found orbitope of size 6 x 2
  1.28e-05s  0.00e+00d  [DetectDuplicateConstraintsWithDifferentEnforcements]
  4.97e-04s  1.12e-04d  [Probe] #probed=34
  2.79e-06s  0.00e+00d  [MaxClique]
  9.08e-05s  0.00e+00d  [DetectDominanceRelations]
  6.91e-04s  0.00e+00d  [PresolveToFixPoint] #num_loops=1 #num_dual_strengthening=1
  3.34e-04s  0.00e+00d  [ProcessAtMostOneAndLinear]
  2.57e-05s  0.00e+00d  [DetectDuplicateConstraints]
  7.80e-06s  0.00e+00d  [DetectDuplicateConstraintsWithDifferentEnforcements]
  5.75e-03s  3.42e-04d  [DetectDominatedLinearConstraints] #relevant_constraints=128 #num_inclusions=6'449 #num_redundant=15
  1.39e-05s  0.00e+00d  [DetectDifferentVariables]
  2.91e-05s  0.00e+00d  [ProcessSetPPC] #relevant_constraints=113
  1.52e-05s  0.00e+00d  [TransformClausesToExactlyOne]
  1.93e-06s  0.00e+00d  [DetectEncodedComplexDomains]
  1.68e-06s  0.00e+00d  [FindAlmostIdenticalLinearConstraints]
  8.06e-07s  0.00e+00d  [FindBigAtMostOneAndLinearOverlap]
  1.06e-03s  3.06e-04d  [FindBigVerticalLinearOverlap] #blocks=12 #saved_nz=636
  1.66e-05s  6.24e-06d  [FindBigHorizontalLinearOverlap] #linears=113
  1.91e-06s  0.00e+00d  [MergeClauses]
  6.19e-05s  0.00e+00d  [DetectDominanceRelations]
  8.19e-04s  0.00e+00d  [PresolveToFixPoint] #num_loops=2 #num_dual_strengthening=1
  5.96e-05s  0.00e+00d  [DetectDominanceRelations]
  4.82e-04s  0.00e+00d  [PresolveToFixPoint] #num_loops=1 #num_dual_strengthening=1
  4.23e-05s  0.00e+00d  [DetectDuplicateColumns]
  8.17e-06s  0.00e+00d  [DetectDuplicateConstraints]
[Symmetry] Graph for symmetry has 179 nodes and 1'308 arcs.
[Symmetry] Symmetry computation done. time: 4.5943e-05 dtime: 6.483e-05
  8.59e-06s  0.00e+00d  [DetectDuplicateConstraintsWithDifferentEnforcements]
  5.43e-04s  6.61e-05d  [Probe] #probed=34
  1.63e-06s  0.00e+00d  [MaxClique]
  6.19e-05s  0.00e+00d  [DetectDominanceRelations]
  4.63e-04s  0.00e+00d  [PresolveToFixPoint] #num_loops=1 #num_dual_strengthening=1
  2.53e-04s  0.00e+00d  [ProcessAtMostOneAndLinear]
  1.02e-05s  0.00e+00d  [DetectDuplicateConstraints]
  6.99e-06s  0.00e+00d  [DetectDuplicateConstraintsWithDifferentEnforcements]
  1.62e-04s  1.32e-05d  [DetectDominatedLinearConstraints] #relevant_constraints=125 #num_inclusions=157
  1.08e-05s  0.00e+00d  [DetectDifferentVariables]
  2.19e-05s  0.00e+00d  [ProcessSetPPC] #relevant_constraints=113
  1.42e-05s  0.00e+00d  [TransformClausesToExactlyOne]
  1.53e-06s  0.00e+00d  [DetectEncodedComplexDomains]
  5.52e-06s  4.50e-08d  [FindAlmostIdenticalLinearConstraints] #num_tested_pairs=3
  6.21e-07s  0.00e+00d  [FindBigAtMostOneAndLinearOverlap]
  4.58e-04s  1.29e-04d  [FindBigVerticalLinearOverlap] #blocks=4 #saved_nz=220
  1.29e-05s  5.08e-06d  [FindBigHorizontalLinearOverlap] #linears=113
  1.48e-06s  0.00e+00d  [MergeClauses]
  5.71e-05s  0.00e+00d  [DetectDominanceRelations]
  8.25e-04s  0.00e+00d  [PresolveToFixPoint] #num_loops=2 #num_dual_strengthening=1
  5.17e-05s  0.00e+00d  [DetectDominanceRelations]
  4.72e-04s  0.00e+00d  [PresolveToFixPoint] #num_loops=1 #num_dual_strengthening=1
  4.21e-05s  0.00e+00d  [DetectDuplicateColumns]
  8.55e-06s  0.00e+00d  [DetectDuplicateConstraints]
[Symmetry] Graph for symmetry has 188 nodes and 1'089 arcs.
[Symmetry] Symmetry computation done. time: 4.7776e-05 dtime: 6.96e-05
  8.94e-06s  0.00e+00d  [DetectDuplicateConstraintsWithDifferentEnforcements]
  4.61e-04s  5.59e-05d  [Probe] #probed=34
  1.65e-06s  0.00e+00d  [MaxClique]
  5.63e-05s  0.00e+00d  [DetectDominanceRelations]
  4.83e-04s  0.00e+00d  [PresolveToFixPoint] #num_loops=1 #num_dual_strengthening=1
  2.91e-04s  0.00e+00d  [ProcessAtMostOneAndLinear]
  7.91e-06s  0.00e+00d  [DetectDuplicateConstraints]
  6.91e-06s  0.00e+00d  [DetectDuplicateConstraintsWithDifferentEnforcements]
  8.13e-05s  8.02e-06d  [DetectDominatedLinearConstraints] #relevant_constraints=129 #num_inclusions=51
  1.08e-05s  0.00e+00d  [DetectDifferentVariables]
  1.51e-05s  0.00e+00d  [ProcessSetPPC]
  1.45e-05s  0.00e+00d  [TransformClausesToExactlyOne]
  1.54e-06s  0.00e+00d  [DetectEncodedComplexDomains]
  5.71e-06s  7.50e-08d  [FindAlmostIdenticalLinearConstraints] #num_tested_pairs=5
  6.18e-07s  0.00e+00d  [FindBigAtMostOneAndLinearOverlap]
  2.87e-04s  9.78e-05d  [FindBigVerticalLinearOverlap]
  1.26e-05s  5.08e-06d  [FindBigHorizontalLinearOverlap] #linears=113
  1.30e-06s  0.00e+00d  [MergeClauses]
  5.43e-05s  0.00e+00d  [DetectDominanceRelations]
  4.79e-04s  0.00e+00d  [PresolveToFixPoint] #num_loops=1 #num_dual_strengthening=1
  1.31e-06s  0.00e+00d  [MergeNoOverlap]
  1.40e-06s  0.00e+00d  [MergeNoOverlap2D]

Presolve summary:
  - 0 affine relations were detected.
  - rule 'duplicate: merged rhs of linear constraint' was applied 128 times.
  - rule 'duplicate: removed constraint' was applied 128 times.
  - rule 'linear inclusion: redundant containing constraint' was applied 5 times.
  - rule 'linear inclusion: redundant included constraint' was applied 10 times.
  - rule 'linear matrix: common vertical rectangle' was applied 16 times.
  - rule 'linear1: x in domain' was applied 1 time.
  - rule 'linear: divide by GCD' was applied 256 times.
  - rule 'presolve: 2 unused variables removed.' was applied 1 time.
  - rule 'presolve: iteration' was applied 3 times.

Presolved satisfaction model '': (model_fingerprint: 0xf58fa237328b2faf)
#Variables: 33 (25 primary variables)
  - 17 Booleans in [0,1]
  - 8 in [-1,1]
  - 8 in [0,2]
#kLinear3: 16
#kLinearN: 113 (#terms: 1'017)
[Symmetry] Graph for symmetry has 186 nodes and 1'089 arcs.
[Symmetry] Symmetry computation done. time: 5.2434e-05 dtime: 6.948e-05

Preloading model.
#Model   0.02s var:33/33 constraints:129/129

Starting search at 0.02s with 4 workers.
3 full problem subsolvers: [default_lp, max_lp, no_lp]
1 first solution subsolver: [fj]
2 interleaved subsolvers: [feasibility_pump, rins/rens]
2 helper subsolvers: [neighborhood_helper, synchronization_agent]

#1       0.02s no_lp
#2       0.03s default_lp

Task timing                   n [     min,      max]      avg      dev     time         n [     min,      max]      avg      dev    dtime
        'default_lp':         1 [  3.26ms,   3.26ms]   3.26ms   0.00ns   3.26ms         1 [228.87us, 228.87us] 228.87us   0.00ns 228.87us
  'feasibility_pump':         1 [  2.85ms,   2.85ms]   2.85ms   0.00ns   2.85ms         0 [  0.00ns,   0.00ns]   0.00ns   0.00ns   0.00ns
                'fj':         0 [  0.00ns,   0.00ns]   0.00ns   0.00ns   0.00ns         0 [  0.00ns,   0.00ns]   0.00ns   0.00ns   0.00ns
            'max_lp':         1 [  3.41ms,   3.41ms]   3.41ms   0.00ns   3.41ms         1 [195.48us, 195.48us] 195.48us   0.00ns 195.48us
             'no_lp':         1 [  2.97ms,   2.97ms]   2.97ms   0.00ns   2.97ms         1 [141.84us, 141.84us] 141.84us   0.00ns 141.84us
         'rins/rens':         0 [  0.00ns,   0.00ns]   0.00ns   0.00ns   0.00ns         0 [  0.00ns,   0.00ns]   0.00ns   0.00ns   0.00ns

Search stats     Bools  Conflicts  Branches  Restarts  BacktrackToRoot  Backtrack  BoolPropag  IntegerPropag
  'default_lp':     17          0        83         0               68         68           2            247
      'max_lp':     17          0        34         0               34         34           0             98
       'no_lp':     17          4        85         0               68         72           8            285

SAT formula      Fixed  Equiv  Total  VarLeft  BinaryClauses  PermanentClauses  TemporaryClauses
  'default_lp':      0      0     17       17              0                 0                 0
      'max_lp':      0      0     17       17              0                 0                 0
       'no_lp':      0      0     17       17              0                 0                 3

SAT stats        ClassicMinim  LitRemoved  LitRemovedBinary  LitLearned  LitForgotten  Subsumed
  'default_lp':             0           0                 0           0             0         0
      'max_lp':             0           0                 0           0             0         0
       'no_lp':             0           0                 0          46             0         1

Vivification     Clauses  Decisions  LitTrue  Subsumed  LitRemoved  DecisionReused  Conflicts
  'default_lp':        0          0        0         0           0               0          0
      'max_lp':        0          0        0         0           0               0          0
       'no_lp':        0          0        0         0           0               0          0

Clause deletion    at_true  l_and_not(l)  to_binary  sub_conflict  sub_extra  sub_decisions  sub_eager  sub_vivify  sub_probing  sub_inpro  blocked  eliminated  forgotten  promoted  conflicts
    'default_lp':        0             0          0             0          0              0          0           0            0          0        0           0          0         0          0
        'max_lp':        0             0          0             0          0              0          0           0            0          0        0           0          0         0          0
         'no_lp':        0             0          0             1          0              0          0           0            0          0        0           0          0         7          4

Lp stats         Component  Iterations  AddedCuts  OPTIMAL  DUAL_F.  DUAL_U.
  'default_lp':          1          32          7        6        0        0
      'max_lp':          1           8          8        1        0        0

Lp dimension     Final dimension of first component
  'default_lp':    43 rows, 33 columns, 248 entries
      'max_lp':  131 rows, 33 columns, 1086 entries

Lp debug         CutPropag  CutEqPropag  Adjust  Overflow  Bad  BadScaling
  'default_lp':          0            0       0         0    0           0
      'max_lp':          0            0       0         0   22           0

Lp pool          Constraints  Updates  Simplif  Merged  Shortened  Split  Strengthened  Cuts/Call
  'default_lp':          136        0        0       0          0      0             0        7/7
      'max_lp':          137        0        0       0          0      0             0       8/10

Lp Cut    default_lp  max_lp
  CG_FF:           -       2
   CG_K:           -       2
   CG_R:           -       2
  CG_RB:           -       2
     IB:           7       -

LNS stats       Improv/Calls  Closed  Difficulty  TimeLimit
  'rins/rens':           0/0      0%    5.00e-01       0.10

Solutions (2)    Num   Rank
  'default_lp':    1  [1,1]
       'no_lp':    1  [0,0]

Solution repositories    Added  Queried  Synchro
    'alternative_path':      0        0        0
      'best_solutions':      2        0        2
   'fj solution hints':      0        0        0
        'lp solutions':      0        0        0
                'pump':      0        0

Clauses shared    #Exported  #Imported  #BinaryRead  #BinaryTotal
   'default_lp':          0          0            0             0
       'max_lp':          0          0            0             0
        'no_lp':          0          0            0             0

LRAT_status: NA
CpSolverResponse summary:
status: OPTIMAL
objective: NA
best_bound: NA
integers: 33
booleans: 17
conflicts: 4
branches: 85
propagations: 8
integer_propagations: 285
restarts: 0
lp_iterations: 0
walltime: 0.027517
usertime: 0.0275171
deterministic_time: 0.00171287
gap_integral: 0
solution_fingerprint: 0xf1523c167337b19f

status=OPTIMAL objective=0.0 bound=0.0 branches=85 wall=0.027517s
verified bridge 3+6: parent_M=12 two_thirds_defect=+0.237381227153 hash=8607efcb11b697633821952962b7a8d93f99e45147fef71fe32e7f47b4168f4c
wrote computations/results/bridge_grid_3_6_sign-1_cap12.json
