
Starting CP-SAT solver v9.15.6755
Parameters: max_time_in_seconds: 300 log_search_progress: true num_search_workers: 4 log_to_stdout: true

Initial satisfaction model '': (model_fingerprint: 0x122b40beae0e15f1)
#Variables: 33 (32 primary variables)
  - 32 Booleans in [0,1]
  - 1 constants in {18}
#kLinear1: 1
#kLinearN: 2'048 (#terms: 67'584)

Starting presolve at 0.00s
  2.98e-03s  0.00e+00d  [DetectDominanceRelations]
  3.44e-02s  0.00e+00d  [PresolveToFixPoint] #num_loops=2 #num_dual_strengthening=1
  1.66e-05s  0.00e+00d  [ExtractEncodingFromLinear]
  2.83e-03s  0.00e+00d  [DetectDuplicateColumns]
  1.31e-03s  0.00e+00d  [DetectDuplicateConstraints] #duplicates=1'024
[Symmetry] Graph for symmetry has 1'087 nodes and 31'774 arcs.
[Symmetry] Symmetry computation done. time: 0.00248658 dtime: 0.00551415
[Symmetry] #generators: 2, average support size: 16
[Symmetry] 10 orbits on 24 variables with sizes: 4,4,2,2,2,2,2,2,2,2
[Symmetry] Found orbitope of size 8 x 2
  7.22e-05s  0.00e+00d  [DetectDuplicateConstraintsWithDifferentEnforcements]
  4.66e-03s  1.59e-03d  [Probe] #probed=62
  6.65e-06s  0.00e+00d  [MaxClique]
  1.12e-03s  0.00e+00d  [DetectDominanceRelations]
  8.95e-03s  0.00e+00d  [PresolveToFixPoint] #num_loops=1 #num_dual_strengthening=1
  4.30e-03s  0.00e+00d  [ProcessAtMostOneAndLinear]
  5.84e-05s  0.00e+00d  [DetectDuplicateConstraints]
  5.79e-05s  0.00e+00d  [DetectDuplicateConstraintsWithDifferentEnforcements]
  6.46e-01s  4.22e-02d  [DetectDominatedLinearConstraints] #relevant_constraints=1'024 #num_inclusions=448'325 #num_redundant=126
  1.25e-04s  0.00e+00d  [DetectDifferentVariables]
  3.39e-04s  0.00e+00d  [ProcessSetPPC] #relevant_constraints=898
  4.15e-05s  0.00e+00d  [TransformClausesToExactlyOne]
  8.96e-06s  0.00e+00d  [DetectEncodedComplexDomains]
  1.07e-05s  0.00e+00d  [FindAlmostIdenticalLinearConstraints]
  9.96e-07s  0.00e+00d  [FindBigAtMostOneAndLinearOverlap]
  2.54e-02s  7.49e-03d  [FindBigVerticalLinearOverlap] #blocks=67 #saved_nz=16'060
  1.40e-04s  5.79e-05d  [FindBigHorizontalLinearOverlap] #linears=898
  7.34e-06s  0.00e+00d  [MergeClauses]
  4.98e-04s  0.00e+00d  [DetectDominanceRelations]
  7.10e-03s  0.00e+00d  [PresolveToFixPoint] #num_loops=2 #num_dual_strengthening=1
  4.90e-04s  0.00e+00d  [DetectDominanceRelations]
  3.87e-03s  0.00e+00d  [PresolveToFixPoint] #num_loops=1 #num_dual_strengthening=1
  2.68e-04s  0.00e+00d  [DetectDuplicateColumns]
  5.02e-05s  0.00e+00d  [DetectDuplicateConstraints]
[Symmetry] Graph for symmetry has 1'148 nodes and 11'861 arcs.
[Symmetry] Symmetry computation done. time: 0.000263062 dtime: 0.00048819
  5.06e-05s  0.00e+00d  [DetectDuplicateConstraintsWithDifferentEnforcements]
  5.20e-03s  9.15e-04d  [Probe] #probed=62
  6.68e-06s  0.00e+00d  [MaxClique]
  4.95e-04s  0.00e+00d  [DetectDominanceRelations]
  3.89e-03s  0.00e+00d  [PresolveToFixPoint] #num_loops=1 #num_dual_strengthening=1
  1.80e-03s  0.00e+00d  [ProcessAtMostOneAndLinear]
  4.68e-05s  0.00e+00d  [DetectDuplicateConstraints]
  4.76e-05s  0.00e+00d  [DetectDuplicateConstraintsWithDifferentEnforcements]
  5.47e-04s  1.25e-04d  [DetectDominatedLinearConstraints] #relevant_constraints=965
  8.65e-05s  0.00e+00d  [DetectDifferentVariables]
  1.63e-04s  0.00e+00d  [ProcessSetPPC] #relevant_constraints=106
  2.67e-05s  0.00e+00d  [TransformClausesToExactlyOne]
  8.71e-06s  0.00e+00d  [DetectEncodedComplexDomains]
  2.50e-05s  7.35e-07d  [FindAlmostIdenticalLinearConstraints] #num_tested_pairs=49
  1.35e-06s  0.00e+00d  [FindBigAtMostOneAndLinearOverlap]
  4.58e-03s  1.48e-03d  [FindBigVerticalLinearOverlap] #blocks=19 #saved_nz=1'244
  1.33e-04s  5.14e-05d  [FindBigHorizontalLinearOverlap] #linears=898
  7.00e-06s  0.00e+00d  [MergeClauses]
  4.56e-04s  0.00e+00d  [DetectDominanceRelations]
  5.75e-03s  0.00e+00d  [PresolveToFixPoint] #num_loops=2 #num_dual_strengthening=1
  4.72e-04s  0.00e+00d  [DetectDominanceRelations]
  3.63e-03s  0.00e+00d  [PresolveToFixPoint] #num_loops=1 #num_dual_strengthening=1
  2.98e-04s  0.00e+00d  [DetectDuplicateColumns]
  4.63e-05s  0.00e+00d  [DetectDuplicateConstraints]
[Symmetry] Graph for symmetry has 1'203 nodes and 10'635 arcs.
[Symmetry] Symmetry computation done. time: 0.00024816 dtime: 0.0004654
  4.87e-05s  0.00e+00d  [DetectDuplicateConstraintsWithDifferentEnforcements]
  5.15e-03s  8.44e-04d  [Probe] #probed=62
  5.66e-06s  0.00e+00d  [MaxClique]
  4.54e-04s  0.00e+00d  [DetectDominanceRelations]
  3.65e-03s  0.00e+00d  [PresolveToFixPoint] #num_loops=1 #num_dual_strengthening=1
  1.35e-03s  0.00e+00d  [ProcessAtMostOneAndLinear]
  4.53e-05s  0.00e+00d  [DetectDuplicateConstraints]
  4.66e-05s  0.00e+00d  [DetectDuplicateConstraintsWithDifferentEnforcements]
  4.87e-04s  9.75e-05d  [DetectDominatedLinearConstraints] #relevant_constraints=983
  8.51e-05s  0.00e+00d  [DetectDifferentVariables]
  1.40e-04s  0.00e+00d  [ProcessSetPPC] #relevant_constraints=2
  2.84e-05s  0.00e+00d  [TransformClausesToExactlyOne]
  8.76e-06s  0.00e+00d  [DetectEncodedComplexDomains]
  2.97e-05s  1.23e-06d  [FindAlmostIdenticalLinearConstraints] #num_tested_pairs=81
  1.06e-06s  0.00e+00d  [FindBigAtMostOneAndLinearOverlap]
  3.86e-03s  1.24e-03d  [FindBigVerticalLinearOverlap] #blocks=13 #saved_nz=683
  2.23e-04s  4.78e-05d  [FindBigHorizontalLinearOverlap] #linears=898
  1.51e-05s  0.00e+00d  [MergeClauses]
  4.67e-04s  0.00e+00d  [DetectDominanceRelations]
  5.44e-03s  0.00e+00d  [PresolveToFixPoint] #num_loops=2 #num_dual_strengthening=1
  5.44e-06s  0.00e+00d  [MergeNoOverlap]
  5.79e-06s  0.00e+00d  [MergeNoOverlap2D]

Presolve summary:
  - 0 affine relations were detected.
  - rule 'duplicate: merged rhs of linear constraint' was applied 1'024 times.
  - rule 'duplicate: removed constraint' was applied 1'024 times.
  - rule 'linear inclusion: redundant containing constraint' was applied 68 times.
  - rule 'linear inclusion: redundant included constraint' was applied 58 times.
  - rule 'linear matrix: common vertical rectangle' was applied 99 times.
  - rule 'linear1: x in domain' was applied 1 time.
  - rule 'linear: divide by GCD' was applied 2'048 times.
  - rule 'linear: variable substitution 3' was applied 1 time.
  - rule 'presolve: 2 unused variables removed.' was applied 1 time.
  - rule 'presolve: iteration' was applied 3 times.

Presolved satisfaction model '': (model_fingerprint: 0x73c9a734feb53d6b)
#Variables: 129 (77 primary variables)
  - 31 Booleans in [0,1]
  - 1 in [-4,1]
  - 2 in [-4,2]
  - 10 in [-3,1]
  - 1 in [-3,2]
  - 2 in [-2,1]
  - 19 in [-2,2]
  - 3 in [-2,3]
  - 15 in [-1,1]
  - 4 in [-1,2]
  - 19 in [-1,3]
  - 2 in [-1,4]
  - 14 in [0,2]
  - 1 in [0,3]
  - 5 in [0,4]
#kLinear3: 95
#kLinearN: 901 (#terms: 9'566)
[Symmetry] Graph for symmetry has 1'239 nodes and 9'965 arcs.
[Symmetry] Symmetry computation done. time: 0.000254747 dtime: 0.00045098

Preloading model.
#Model   0.81s var:129/129 constraints:996/996

Starting search at 0.81s with 4 workers.
3 full problem subsolvers: [default_lp, max_lp, no_lp]
1 first solution subsolver: [fj]
2 interleaved subsolvers: [feasibility_pump, rins/rens]
2 helper subsolvers: [neighborhood_helper, synchronization_agent]

#Model  82.71s var:128/129 constraints:996/996
#Model  97.70s var:127/129 constraints:996/996
#Model 100.69s var:125/129 constraints:995/996
#Model 102.02s var:120/129 constraints:991/996
#Model 102.55s var:119/129 constraints:991/996
#Model 103.13s var:118/129 constraints:991/996
#Model 103.40s var:116/129 constraints:991/996
#Model 103.50s var:113/129 constraints:989/996
#Model 103.70s var:111/129 constraints:989/996
#Done  103.79s max_lp

Task timing                   n [     min,      max]      avg      dev     time         n [     min,      max]      avg      dev    dtime
        'default_lp':         1 [   1.72m,    1.72m]    1.72m   0.00ns    1.72m         2 [  5.82ms,    1.17m]   35.16s   35.15s    1.17m
  'feasibility_pump':       551 [  1.70ms,  15.95ms]   2.13ms 632.32us    1.18s       550 [491.21us,  21.19ms] 575.54us 879.90us 316.55ms
                'fj':       551 [ 71.60ms, 130.25ms]  83.79ms   6.11ms   46.17s       551 [100.00ms, 100.14ms] 100.04ms  26.21us   55.12s
            'max_lp':         1 [   1.72m,    1.72m]    1.72m   0.00ns    1.72m         2 [  8.75ms,    1.25m]   37.45s   37.44s    1.25m
             'no_lp':         1 [   1.72m,    1.72m]    1.72m   0.00ns    1.72m         2 [804.68us,   18.83s]    9.42s    9.42s   18.83s
         'rins/rens':       121 [  1.01ms, 769.97ms] 459.26ms 273.34ms   55.57s       111 [ 93.20us, 100.07ms]  68.39ms  36.90ms    7.59s

Search stats     Bools  Conflicts  Branches  Restarts  BacktrackToRoot  Backtrack  BoolPropag  IntegerPropag
  'default_lp':     31     25'182   229'673       146           30'440     64'602     108'279      3'893'337
      'max_lp':     31     30'112   233'492       146           29'647     67'563     113'232      4'033'554
       'no_lp':     31    425'514   650'632     1'840           45'890    468'594     710'564     21'975'166

SAT formula      Fixed  Equiv  Total  VarLeft  BinaryClauses  PermanentClauses  TemporaryClauses
  'default_lp':     14      0     31       17              0                 2                 0
      'max_lp':     14      0     31       17              8                10                 1
       'no_lp':      3      0     31       28              8                46             1'666

SAT stats        ClassicMinim  LitRemoved  LitRemovedBinary  LitLearned  LitForgotten  Subsumed
  'default_lp':        18'512      61'575             5'834     254'357        34'770    15'684
      'max_lp':        22'638      82'935             7'725     299'817        39'214    18'505
       'no_lp':       383'043   2'203'013           141'340   6'335'430     1'055'443   346'478

Vivification     Clauses  Decisions  LitTrue  Subsumed  LitRemoved  DecisionReused  Conflicts
  'default_lp':   31'532    192'012        2       702       4'586          19'348         11
      'max_lp':   29'601    189'597        1       573       4'354          17'043          7
       'no_lp':   23'490    147'807       13     1'302       7'123          14'504          1

Clause deletion    at_true  l_and_not(l)  to_binary  sub_conflict  sub_extra  sub_decisions  sub_eager  sub_vivify  sub_probing  sub_inpro  blocked  eliminated  forgotten  promoted  conflicts
    'default_lp':    1'827            26          3        15'013        168          1'068        671         702          335      3'432        0           0      2'828    53'183     25'182
        'max_lp':    1'993           132          3        17'391        248          1'178      1'114         573          180      4'670        0           0      2'993    60'083     30'112
         'no_lp':    2'629             8          0       332'675      1'165          9'729     13'803       1'302           65      4'919        0           0     58'928   848'858    425'514

Lp stats         Component  Iterations  AddedCuts  OPTIMAL  DUAL_F.  DUAL_U.
  'default_lp':          1     709'548      8'977   37'420        0   23'256
      'max_lp':          1     778'890      8'747   28'518   12'742   28'026

Lp dimension       Final dimension of first component
  'default_lp':   503 rows, 129 columns, 8165 entries
      'max_lp':  575 rows, 129 columns, 10552 entries

Lp debug         CutPropag  CutEqPropag  Adjust  Overflow     Bad  BadScaling
  'default_lp':          0           80  23'215         0  38'074           0
      'max_lp':          0          102  27'888         0  37'695           0

Lp pool          Constraints  Updates  Simplif  Merged  Shortened  Split  Strengthened     Cuts/Call
  'default_lp':        9'972    3'481   63'083       1     62'477    606           898  8'977/12'037
      'max_lp':        9'743    3'976   52'582       0     52'601    790           195  8'747/11'703

Lp Cut           max_lp  default_lp
         CG_FF:     739         791
          CG_K:     806         859
          CG_R:   1'941       1'929
         CG_RB:   2'041       2'064
        CG_RBP:   1'922       1'922
        Clique:       6           -
            IB:       4         106
       MIR_1_R:       1           1
      MIR_1_RB:       -           2
      MIR_2_FF:       -           1
       MIR_2_K:       -           2
      MIR_2_RB:       -           5
      MIR_3_RB:       -           3
  ZERO_HALF_FF:     189         208
   ZERO_HALF_R:   1'098       1'084

LNS stats       Improv/Calls  Closed  Difficulty  TimeLimit
  'rins/rens':       120/120     53%    9.43e-01       0.10

LS stats                                    Batches  Restarts/Perturbs  LinMoves  GenMoves  CompoundMoves  Bactracks  WeightUpdates  ScoreComputed
                             'fj_restart':       21                 12    35'082         0              0          0         10'559      1'517'507
                    'fj_restart_compound':       22                 12         0    52'133          6'264     22'895            154      1'519'007
                'fj_restart_compound_obj':       78                 13         0   171'280         13'040     79'061            445      5'520'661
            'fj_restart_compound_perturb':       44                 12         0   102'887          8'717     47'028            303      3'066'031
        'fj_restart_compound_perturb_obj':       25                 12         0    59'434          6'909     26'228            177      1'736'641
                       'fj_restart_decay':       30                  6    68'163         0              0          0          5'168      2'117'287
              'fj_restart_decay_compound':       17                 14         0    41'488          7'341     17'039            100      1'181'580
          'fj_restart_decay_compound_obj':       56                 13         0   118'056         15'375     51'292            189      4'081'669
      'fj_restart_decay_compound_perturb':       21                  9         0    47'841          6'485     20'634            102      1'484'674
  'fj_restart_decay_compound_perturb_obj':       22                 15         0    52'350          8'825     21'695            118      1'538'325
                   'fj_restart_decay_obj':       30                 14    68'520         0              0          0          5'277      2'115'492
               'fj_restart_decay_perturb':       14                  8    32'047         0              0          0          2'481        986'682
           'fj_restart_decay_perturb_obj':       28                 13    63'988         0              0          0          4'864      1'977'743
                         'fj_restart_obj':       15                  9    25'533         0              0          0          7'213      1'080'082
                     'fj_restart_perturb':       71                 16   123'561         0              0          0         46'245      5'213'350
                 'fj_restart_perturb_obj':       57                 13    92'337         0              0          0         38'943      4'209'189

Solution repositories    Added  Queried  Synchro
    'alternative_path':      0        0        0
      'best_solutions':      0        0        0
   'fj solution hints':    183        0      183
        'lp solutions':    343      121      342
                'pump':      0        0

Improving bounds shared    Num  Sym
            'default_lp':  106    0
                'max_lp':   55    0

Clauses shared    #Exported  #Imported  #BinaryRead  #BinaryTotal
   'default_lp':        929      1'579           69            71
       'max_lp':      1'761        824           68            71
        'no_lp':         90      2'246           35            71

LRAT_status: NA
CpSolverResponse summary:
status: INFEASIBLE
objective: NA
best_bound: NA
integers: 129
booleans: 31
conflicts: 30112
branches: 233492
propagations: 113232
integer_propagations: 4033554
restarts: 146
lp_iterations: 778890
walltime: 103.803
usertime: 103.803
deterministic_time: 227.123
gap_integral: 0

status=INFEASIBLE objective=0.0 bound=0.0 branches=233492 wall=103.802953s
wrote computations/results/bridge_grid_4_8_sign1_cap18.json
