
Starting CP-SAT solver v9.15.6755
Parameters: max_time_in_seconds: 600 log_search_progress: true num_search_workers: 4 log_to_stdout: true

Initial satisfaction model '': (model_fingerprint: 0xc40e518c187e224e)
#Variables: 65 (64 primary variables)
  - 64 Booleans in [0,1]
  - 1 constants in {32}
#kLinear1: 1
#kLinearN: 32'768 (#terms: 2'129'920)

Starting presolve at 0.15s
  1.00e-01s  0.00e+00d  [DetectDominanceRelations]
  1.12e+00s  0.00e+00d  [PresolveToFixPoint] #num_loops=2 #num_dual_strengthening=1
  1.17e-03s  0.00e+00d  [ExtractEncodingFromLinear]
  8.48e-02s  0.00e+00d  [DetectDuplicateColumns]
  1.74e-01s  0.00e+00d  [DetectDuplicateConstraints] #duplicates=16'384
[Symmetry] Graph for symmetry has 16'511 nodes and 1'032'254 arcs.
[Symmetry] Symmetry computation done. time: 0.125375 dtime: 0.220882
[Symmetry] #generators: 2, average support size: 32
[Symmetry] 16 orbits on 48 variables with sizes: 3,3,3,3,3,3,3,3,3,3,...
[Symmetry] Found orbitope of size 16 x 2
  4.16e-03s  0.00e+00d  [DetectDuplicateConstraintsWithDifferentEnforcements]
  2.04e-01s  5.16e-02d  [Probe] #probed=126
  3.92e-04s  0.00e+00d  [MaxClique]
  3.85e-02s  0.00e+00d  [DetectDominanceRelations]
  3.03e-01s  0.00e+00d  [PresolveToFixPoint] #num_loops=1 #num_dual_strengthening=1
  1.51e-01s  0.00e+00d  [ProcessAtMostOneAndLinear]
  3.67e-03s  0.00e+00d  [DetectDuplicateConstraints]
  3.94e-03s  0.00e+00d  [DetectDuplicateConstraintsWithDifferentEnforcements]
  1.54e+00s  1.00e-01d  [DetectDominatedLinearConstraints] #relevant_constraints=16'384 #num_inclusions=525'296
  6.06e-03s  0.00e+00d  [DetectDifferentVariables]
  1.51e-02s  0.00e+00d  [ProcessSetPPC] #relevant_constraints=16'384
  5.22e-04s  0.00e+00d  [TransformClausesToExactlyOne]
  5.25e-04s  0.00e+00d  [DetectEncodedComplexDomains]
  7.49e-04s  0.00e+00d  [FindAlmostIdenticalLinearConstraints]
  2.94e-06s  0.00e+00d  [FindBigAtMostOneAndLinearOverlap]
  2.63e+00s  5.53e-01d  [FindBigVerticalLinearOverlap] #blocks=265 #saved_nz=637'852
  6.20e-03s  1.97e-03d  [FindBigHorizontalLinearOverlap] #linears=16'385
  4.20e-04s  0.00e+00d  [MergeClauses]
  1.82e-02s  0.00e+00d  [DetectDominanceRelations]
  2.36e-01s  0.00e+00d  [PresolveToFixPoint] #num_loops=2 #num_dual_strengthening=1
  1.95e-02s  0.00e+00d  [DetectDominanceRelations]
  1.37e-01s  0.00e+00d  [PresolveToFixPoint] #num_loops=1 #num_dual_strengthening=1
  1.37e-02s  0.00e+00d  [DetectDuplicateColumns]
  3.62e-03s  0.00e+00d  [DetectDuplicateConstraints]
[Symmetry] Graph for symmetry has 17'273 nodes and 394'634 arcs.
[Symmetry] Symmetry computation done. time: 0.0101802 dtime: 0.0134502
  3.85e-03s  0.00e+00d  [DetectDuplicateConstraintsWithDifferentEnforcements]
  3.17e-01s  5.49e-02d  [Probe] #probed=126
  4.09e-04s  0.00e+00d  [MaxClique]
  2.32e-02s  0.00e+00d  [DetectDominanceRelations]
  1.36e-01s  0.00e+00d  [PresolveToFixPoint] #num_loops=1 #num_dual_strengthening=1
  5.86e-02s  0.00e+00d  [ProcessAtMostOneAndLinear]
  3.64e-03s  0.00e+00d  [DetectDuplicateConstraints]
  3.48e-03s  0.00e+00d  [DetectDuplicateConstraintsWithDifferentEnforcements]
  3.90e-02s  1.61e-02d  [DetectDominatedLinearConstraints] #relevant_constraints=16'647
  3.96e-03s  0.00e+00d  [DetectDifferentVariables]
  6.72e-03s  0.00e+00d  [ProcessSetPPC] #relevant_constraints=431
  5.06e-04s  0.00e+00d  [TransformClausesToExactlyOne]
  6.14e-04s  0.00e+00d  [DetectEncodedComplexDomains]
  8.64e-04s  5.90e-06d  [FindAlmostIdenticalLinearConstraints] #num_tested_pairs=393
  3.40e-06s  0.00e+00d  [FindBigAtMostOneAndLinearOverlap]
  4.33e-01s  9.79e-02d  [FindBigVerticalLinearOverlap] #blocks=280 #saved_nz=62'455
  6.18e-03s  1.65e-03d  [FindBigHorizontalLinearOverlap] #linears=16'387
  6.43e-04s  0.00e+00d  [MergeClauses]
  2.31e-02s  0.00e+00d  [DetectDominanceRelations]
  2.09e-01s  0.00e+00d  [PresolveToFixPoint] #num_loops=2 #num_dual_strengthening=1
  1.62e-02s  0.00e+00d  [DetectDominanceRelations]
  1.50e-01s  0.00e+00d  [PresolveToFixPoint] #num_loops=1 #num_dual_strengthening=1
  1.26e-02s  0.00e+00d  [DetectDuplicateColumns]
  3.86e-03s  0.00e+00d  [DetectDuplicateConstraints]
[Symmetry] Graph for symmetry has 18'111 nodes and 332'457 arcs.
[Symmetry] Symmetry computation done. time: 0.00942824 dtime: 0.0120202
  3.49e-03s  0.00e+00d  [DetectDuplicateConstraintsWithDifferentEnforcements]
  3.41e-01s  4.72e-02d  [Probe] #probed=126
  4.07e-04s  0.00e+00d  [MaxClique]
  1.67e-02s  0.00e+00d  [DetectDominanceRelations]
  1.21e-01s  0.00e+00d  [PresolveToFixPoint] #num_loops=1 #num_dual_strengthening=1
  4.63e-02s  0.00e+00d  [ProcessAtMostOneAndLinear]
  4.05e-03s  0.00e+00d  [DetectDuplicateConstraints]
  3.75e-03s  0.00e+00d  [DetectDuplicateConstraintsWithDifferentEnforcements]
  2.83e-02s  7.10e-03d  [DetectDominatedLinearConstraints] #relevant_constraints=16'926
  4.26e-03s  0.00e+00d  [DetectDifferentVariables]
  5.86e-03s  0.00e+00d  [ProcessSetPPC] #relevant_constraints=44
  6.14e-04s  0.00e+00d  [TransformClausesToExactlyOne]
  6.28e-04s  0.00e+00d  [DetectEncodedComplexDomains]
  1.02e-03s  2.62e-05d  [FindAlmostIdenticalLinearConstraints] #num_tested_pairs=1'743
  3.78e-06s  0.00e+00d  [FindBigAtMostOneAndLinearOverlap]
  3.05e-01s  6.89e-02d  [FindBigVerticalLinearOverlap] #blocks=244 #saved_nz=33'628
  5.81e-03s  1.48e-03d  [FindBigHorizontalLinearOverlap] #linears=16'388
  4.18e-04s  0.00e+00d  [MergeClauses]
  1.52e-02s  0.00e+00d  [DetectDominanceRelations]
  1.79e-01s  0.00e+00d  [PresolveToFixPoint] #num_loops=2 #num_dual_strengthening=1
  1.73e-04s  0.00e+00d  [MergeNoOverlap]
  1.92e-04s  0.00e+00d  [MergeNoOverlap2D]

Presolve summary:
  - 0 affine relations were detected.
  - rule 'duplicate: merged rhs of linear constraint' was applied 16'384 times.
  - rule 'duplicate: removed constraint' was applied 16'384 times.
  - rule 'linear matrix: common vertical rectangle' was applied 789 times.
  - rule 'linear1: x in domain' was applied 1 time.
  - rule 'linear: divide by GCD' was applied 32'768 times.
  - rule 'linear: variable substitution 2' was applied 3 times.
  - rule 'presolve: 2 unused variables removed.' was applied 1 time.
  - rule 'presolve: iteration' was applied 3 times.

Presolved satisfaction model '': (model_fingerprint: 0x81c851367a01a206)
#Variables: 849 (462 primary variables)
  - 63 Booleans in [0,1]
  - 1 in [-8,6]
  - 1 in [-8,9]
  - 1 in [-7,1]
  - 1 in [-7,2]
  - 1 in [-7,3]
  - 3 in [-6,2]
  - 1 in [-6,3]
  - 4 in [-6,4]
  - 1 in [-6,5]
  - 2 in [-6,6]
  - 1 in [-6,8]
  - 5 in [-5,1]
  - 4 in [-5,2]
  - 19 in [-5,3]
  - 4 in [-5,4]
  - 6 in [-5,5]
  - 2 in [-5,6]
  - 1 in [-5,7]
  - 1 in [-4,1]
  - 33 in [-4,2]
  - 13 in [-4,3]
  - 37 in [-4,4]
  - 8 in [-4,5]
  - 7 in [-4,6]
  - 1 in [-4,7]
  - 1 in [-4,9]
  - 17 in [-3,1]
  - 12 in [-3,2]
  - 71 in [-3,3]
  - 34 in [-3,4]
  - 38 in [-3,5]
  - 9 in [-3,6]
  - 4 in [-3,7]
  - 2 in [-2,1]
  - 55 in [-2,2]
  - 22 in [-2,3]
  - 62 in [-2,4]
  - 29 in [-2,5]
  - 11 in [-2,6]
  - 5 in [-2,7]
  - 4 in [-2,8]
  - 28 in [-1,1]
  - 13 in [-1,2]
  - 53 in [-1,3]
  - 20 in [-1,4]
  - 47 in [-1,5]
  - 11 in [-1,6]
  - 11 in [-1,7]
  - 2 in [-1,8]
  - 30 in [0,2]
  - 5 in [0,3]
  - 20 in [0,4]
  - 5 in [0,5]
  - 5 in [0,6]
  - 2 in [0,7]
#kLinear3: 780
#kLinearN: 16'390 (#terms: 295'914)
[Symmetry] Graph for symmetry has 18'838 nodes and 299'073 arcs.
[Symmetry] Symmetry computation done. time: 0.00957075 dtime: 0.0112827

Preloading model.
#Model  10.08s var:849/849 constraints:17170/17170

Starting search at 10.08s with 4 workers.
3 full problem subsolvers: [default_lp, max_lp, no_lp]
1 first solution subsolver: [fj]
2 interleaved subsolvers: [feasibility_pump, rins/rens]
2 helper subsolvers: [neighborhood_helper, synchronization_agent]

#1     490.92s max_lp

Task timing                   n [     min,      max]      avg      dev     time         n [     min,      max]      avg      dev    dtime
        'default_lp':         1 [   8.01m,    8.01m]    8.01m   0.00ns    8.01m         2 [206.69ms,    1.86m]   55.78s   55.57s    1.86m
  'feasibility_pump':       748 [ 79.66ms,    1.88s] 214.12ms  67.62ms    2.67m       747 [ 11.11ms,    1.37s]  24.15ms  49.16ms   18.04s
                'fj':      1241 [ 76.18ms, 207.31ms] 129.08ms  27.34ms    2.67m      1241 [100.01ms, 104.68ms] 100.72ms 692.65us    2.08m
            'max_lp':         1 [   8.01m,    8.01m]    8.01m   0.00ns    8.01m         2 [475.91ms,    1.91m]   57.68s   57.20s    1.92m
             'no_lp':         1 [   8.02m,    8.02m]    8.02m   0.00ns    8.02m         2 [ 43.06ms,   36.47s]   18.26s   18.21s   36.51s
         'rins/rens':       100 [ 31.97ms,    4.17s]    1.60s    1.11s    2.67m        85 [ 40.30us, 101.57ms]  65.31ms  42.77ms    5.55s

Search stats     Bools  Conflicts  Branches  Restarts  BacktrackToRoot  Backtrack  BoolPropag  IntegerPropag
  'default_lp':     63     21'785    46'985       134           17'270     37'753      27'308      5'500'623
      'max_lp':     63     31'192    59'364        90           11'682     41'463      44'203      7'705'470
       'no_lp':     63     28'366    57'877       188           19'592     45'526     114'533     11'612'373

SAT formula      Fixed  Equiv  Total  VarLeft  BinaryClauses  PermanentClauses  TemporaryClauses
  'default_lp':      0      0     63       63              0                 0             5'160
      'max_lp':      0      0     63       63              0                 0             4'633
       'no_lp':      0      0     63       63              0                 0             3'775

SAT stats        ClassicMinim  LitRemoved  LitRemovedBinary  LitLearned  LitForgotten  Subsumed
  'default_lp':         8'816      29'563                 0     808'107       270'291     8'445
      'max_lp':        17'098      84'334                 0   1'114'727       444'900    13'840
       'no_lp':        21'008      76'089                 0   1'091'926       117'258    19'251

Vivification     Clauses  Decisions  LitTrue  Subsumed  LitRemoved  DecisionReused  Conflicts
  'default_lp':        0          0        0         0           0               0          0
      'max_lp':        0          0        0         0           0               0          0
       'no_lp':        0          0        0         0           0               0          0

Clause deletion    at_true  l_and_not(l)  to_binary  sub_conflict  sub_extra  sub_decisions  sub_eager  sub_vivify  sub_probing  sub_inpro  blocked  eliminated  forgotten  promoted  conflicts
    'default_lp':        0             0          0         8'257        456            876        188           0            0          0        0           0      6'848    42'471     21'785
        'max_lp':        0             0          0        12'166        422          1'055      1'674           0            0          0        0           0     11'242    59'181     31'192
         'no_lp':        0             0          0        17'926        220          2'316      1'325           0            0          0        0           0      2'804    54'041     28'366

Lp stats         Component  Iterations  AddedCuts  OPTIMAL  DUAL_F.  DUAL_U.
  'default_lp':          1     663'093      7'971   33'085        0   20'212
      'max_lp':          1     605'842      5'176    6'817   40'691   29'401

Lp dimension        Final dimension of first component
  'default_lp':   1083 rows, 849 columns, 9974 entries
      'max_lp':  1207 rows, 849 columns, 13616 entries

Lp debug         CutPropag  CutEqPropag  Adjust  Overflow      Bad  BadScaling
  'default_lp':          0          240  19'111         0  187'934           0
      'max_lp':          0          166  29'258         0  114'998           0

Lp pool          Constraints  Updates  Simplif  Merged  Shortened  Split  Strengthened     Cuts/Call
  'default_lp':       25'141    3'951        0       0          0      0             0  7'971/10'220
      'max_lp':       22'346    3'828        0       0          0      0             0   5'176/6'645

Lp Cut          max_lp  default_lp
        CG_FF:     557         847
         CG_K:     637         951
         CG_R:   1'085       1'576
        CG_RB:   1'088       1'588
       CG_RBP:   1'085       1'581
           IB:       -         389
     MIR_1_RB:       -           1
    MIR_1_RBP:       -           1
      MIR_2_R:       -           1
     MIR_2_RB:       -           5
    MIR_2_RBP:       -           5
     MIR_3_RB:       -           1
    MIR_3_RBP:       -           2
      MIR_4_K:       -           1
     MIR_4_RB:       -           2
    MIR_4_RBP:       -           3
     MIR_5_RB:       -           1
      MIR_6_R:       -           2
     MIR_6_RB:       -           4
    MIR_6_RBP:       -           3
  ZERO_HALF_R:     724       1'007

LNS stats       Improv/Calls  Closed  Difficulty  TimeLimit
  'rins/rens':       100/100     52%    9.46e-01       0.10

LS stats                                    Batches  Restarts/Perturbs  LinMoves  GenMoves  CompoundMoves  Bactracks  WeightUpdates  ScoreComputed
                             'fj_restart':       58                 28     9'918         0              0          0            195        502'104
                    'fj_restart_compound':       85                 25         0    16'386         11'099      2'392              0        784'984
                'fj_restart_compound_obj':       79                 28         0    16'081         12'523      1'587              0        759'283
            'fj_restart_compound_perturb':       54                 21         0    12'145          9'820        920              0        526'097
        'fj_restart_compound_perturb_obj':      150                 25         0    26'269         13'378      6'316              3      1'268'565
                       'fj_restart_decay':       65                 26    13'098         0              0          0            190        553'975
              'fj_restart_decay_compound':       18                 12         0     5'201          4'712        147              0        187'955
          'fj_restart_decay_compound_obj':       33                 15         0     7'718          6'144        710              0        323'725
      'fj_restart_decay_compound_perturb':       88                 22         0    16'396         11'352      2'408              0        787'201
  'fj_restart_decay_compound_perturb_obj':       44                 20         0    11'354          9'920        580              0        456'262
                   'fj_restart_decay_obj':      105                 25    24'026         0              0          0            376        880'177
               'fj_restart_decay_perturb':       57                 24    12'318         0              0          0            154        499'756
           'fj_restart_decay_perturb_obj':       98                 22    22'609         0              0          0            374        812'561
                         'fj_restart_obj':      100                 20    15'635         0              0          0            874        776'907
                     'fj_restart_perturb':       76                 27    14'313         0              0          0            606        637'995
                 'fj_restart_perturb_obj':      131                 27    24'472         0              0          0          2'422      1'025'623

Solutions (1)    Num   Rank
      'max_lp':    1  [0,0]

Solution repositories    Added  Queried  Synchro
    'alternative_path':      0        0        0
      'best_solutions':      1        0        1
   'fj solution hints':    359        0      359
        'lp solutions':    477      100      477
                'pump':      0        0

Clauses shared    #Exported  #Imported  #BinaryRead  #BinaryTotal
   'default_lp':          0          0            0             0
       'max_lp':          0          0            0             0
        'no_lp':          0          0            0             0

LRAT_status: NA
CpSolverResponse summary:
status: OPTIMAL
objective: NA
best_bound: NA
integers: 849
booleans: 63
conflicts: 31192
branches: 59364
propagations: 44203
integer_propagations: 7705470
restarts: 90
lp_iterations: 605842
walltime: 490.984
usertime: 490.984
deterministic_time: 413.008
gap_integral: 0
solution_fingerprint: 0x5182b84b145dc64f

status=OPTIMAL objective=0.0 bound=0.0 branches=59364 wall=490.984372s
verified bridge 8+8: parent_M=32 two_thirds_defect=+0.796190731933 hash=e2fca4f1a47e2540fecadb3e48da6aa73512210d57765d585848a4f93310d6fd
wrote computations/results/bridge_8_8_classes01_cap32.json
