
Starting CP-SAT solver v9.15.6755
Parameters: max_time_in_seconds: 300 log_search_progress: true num_search_workers: 4 log_to_stdout: true

Initial satisfaction model '': (model_fingerprint: 0x758349e5171460e1)
#Variables: 22 (21 primary variables)
  - 21 Booleans in [0,1]
  - 1 constants in {13}
#kLinear1: 1
#kLinearN: 512 (#terms: 11'264)

Starting presolve at 0.00s
  5.39e-04s  0.00e+00d  [DetectDominanceRelations]
  6.32e-03s  0.00e+00d  [PresolveToFixPoint] #num_loops=2 #num_dual_strengthening=1
  5.02e-06s  0.00e+00d  [ExtractEncodingFromLinear]
  4.81e-04s  0.00e+00d  [DetectDuplicateColumns]
  1.70e-04s  0.00e+00d  [DetectDuplicateConstraints] #duplicates=256
[Symmetry] Graph for symmetry has 297 nodes and 5'139 arcs.
[Symmetry] Symmetry computation done. time: 0.000487779 dtime: 0.0010143
[Symmetry] #generators: 2, average support size: 13
[Symmetry] 7 orbits on 18 variables with sizes: 4,4,2,2,2,2,2
  1.58e-05s  0.00e+00d  [DetectDuplicateConstraintsWithDifferentEnforcements]
  9.57e-04s  2.59e-04d  [Probe] #probed=40
  3.26e-06s  0.00e+00d  [MaxClique]
  2.01e-04s  0.00e+00d  [DetectDominanceRelations]
  1.57e-03s  0.00e+00d  [PresolveToFixPoint] #num_loops=1 #num_dual_strengthening=1
  7.13e-04s  0.00e+00d  [ProcessAtMostOneAndLinear]
  1.49e-05s  0.00e+00d  [DetectDuplicateConstraints]
  1.39e-05s  0.00e+00d  [DetectDuplicateConstraintsWithDifferentEnforcements]
  2.79e-02s  1.72e-03d  [DetectDominatedLinearConstraints] #relevant_constraints=256 #num_inclusions=27'976 #num_redundant=30
  2.34e-05s  0.00e+00d  [DetectDifferentVariables]
  6.12e-05s  0.00e+00d  [ProcessSetPPC] #relevant_constraints=226
  1.65e-05s  0.00e+00d  [TransformClausesToExactlyOne]
  2.99e-06s  0.00e+00d  [DetectEncodedComplexDomains]
  2.70e-06s  0.00e+00d  [FindAlmostIdenticalLinearConstraints]
  7.95e-07s  0.00e+00d  [FindBigAtMostOneAndLinearOverlap]
  2.98e-03s  8.01e-04d  [FindBigVerticalLinearOverlap] #blocks=22 #saved_nz=2'311
  3.12e-05s  1.07e-05d  [FindBigHorizontalLinearOverlap] #linears=226
  2.66e-06s  0.00e+00d  [MergeClauses]
  1.05e-04s  0.00e+00d  [DetectDominanceRelations]
  1.53e-03s  0.00e+00d  [PresolveToFixPoint] #num_loops=2 #num_dual_strengthening=1
  1.01e-04s  0.00e+00d  [DetectDominanceRelations]
  8.37e-04s  0.00e+00d  [PresolveToFixPoint] #num_loops=1 #num_dual_strengthening=1
  4.98e-05s  0.00e+00d  [DetectDuplicateColumns]
  1.34e-05s  0.00e+00d  [DetectDuplicateConstraints]
[Symmetry] Graph for symmetry has 324 nodes and 2'241 arcs.
[Symmetry] Symmetry computation done. time: 7.1248e-05 dtime: 0.00011482
  1.45e-05s  0.00e+00d  [DetectDuplicateConstraintsWithDifferentEnforcements]
  8.55e-04s  1.23e-04d  [Probe] #probed=40
  2.15e-06s  0.00e+00d  [MaxClique]
  1.08e-04s  0.00e+00d  [DetectDominanceRelations]
  8.52e-04s  0.00e+00d  [PresolveToFixPoint] #num_loops=1 #num_dual_strengthening=1
  1.86e-04s  0.00e+00d  [ProcessAtMostOneAndLinear]
  1.33e-05s  0.00e+00d  [DetectDuplicateConstraints]
  1.25e-05s  0.00e+00d  [DetectDuplicateConstraintsWithDifferentEnforcements]
  1.45e-04s  2.10e-05d  [DetectDominatedLinearConstraints] #relevant_constraints=248 #num_inclusions=46
  2.00e-05s  0.00e+00d  [DetectDifferentVariables]
  2.98e-05s  0.00e+00d  [ProcessSetPPC]
  2.05e-05s  0.00e+00d  [TransformClausesToExactlyOne]
  2.38e-06s  0.00e+00d  [DetectEncodedComplexDomains]
  9.04e-06s  1.20e-07d  [FindAlmostIdenticalLinearConstraints] #num_tested_pairs=8
  6.56e-07s  0.00e+00d  [FindBigAtMostOneAndLinearOverlap]
  6.80e-04s  2.15e-04d  [FindBigVerticalLinearOverlap] #blocks=3 #saved_nz=159
  2.81e-05s  9.86e-06d  [FindBigHorizontalLinearOverlap] #linears=226
  2.12e-06s  0.00e+00d  [MergeClauses]
  1.02e-04s  0.00e+00d  [DetectDominanceRelations]
  1.14e-03s  0.00e+00d  [PresolveToFixPoint] #num_loops=2 #num_dual_strengthening=1
  9.82e-05s  0.00e+00d  [DetectDominanceRelations]
  8.51e-04s  0.00e+00d  [PresolveToFixPoint] #num_loops=1 #num_dual_strengthening=1
  4.41e-05s  0.00e+00d  [DetectDuplicateColumns]
  1.29e-05s  0.00e+00d  [DetectDuplicateConstraints]
[Symmetry] Graph for symmetry has 330 nodes and 2'082 arcs.
[Symmetry] Symmetry computation done. time: 7.06e-05 dtime: 0.00010845
  1.43e-05s  0.00e+00d  [DetectDuplicateConstraintsWithDifferentEnforcements]
  8.15e-04s  1.19e-04d  [Probe] #probed=40
  2.17e-06s  0.00e+00d  [MaxClique]
  1.07e-04s  0.00e+00d  [DetectDominanceRelations]
  8.55e-04s  0.00e+00d  [PresolveToFixPoint] #num_loops=1 #num_dual_strengthening=1
  1.77e-04s  0.00e+00d  [ProcessAtMostOneAndLinear]
  1.29e-05s  0.00e+00d  [DetectDuplicateConstraints]
  1.25e-05s  0.00e+00d  [DetectDuplicateConstraintsWithDifferentEnforcements]
  1.37e-04s  1.96e-05d  [DetectDominatedLinearConstraints] #relevant_constraints=249 #num_inclusions=46
  2.03e-05s  0.00e+00d  [DetectDifferentVariables]
  2.78e-05s  0.00e+00d  [ProcessSetPPC] #relevant_constraints=2
  1.67e-05s  0.00e+00d  [TransformClausesToExactlyOne]
  2.41e-06s  0.00e+00d  [DetectEncodedComplexDomains]
  8.58e-06s  9.50e-08d  [FindAlmostIdenticalLinearConstraints] #num_tested_pairs=6
  5.86e-07s  0.00e+00d  [FindBigAtMostOneAndLinearOverlap]
  6.14e-04s  1.69e-04d  [FindBigVerticalLinearOverlap] #blocks=6 #saved_nz=303
  2.90e-05s  8.28e-06d  [FindBigHorizontalLinearOverlap] #linears=228
  2.09e-06s  0.00e+00d  [MergeClauses]
  8.99e-05s  0.00e+00d  [DetectDominanceRelations]
  1.20e-03s  0.00e+00d  [PresolveToFixPoint] #num_loops=2 #num_dual_strengthening=1
  1.67e-06s  0.00e+00d  [MergeNoOverlap]
  1.58e-06s  0.00e+00d  [MergeNoOverlap2D]

Presolve summary:
  - 0 affine relations were detected.
  - rule 'duplicate: merged rhs of linear constraint' was applied 256 times.
  - rule 'duplicate: removed constraint' was applied 256 times.
  - rule 'linear inclusion: redundant containing constraint' was applied 14 times.
  - rule 'linear inclusion: redundant included constraint' was applied 16 times.
  - rule 'linear matrix: common vertical rectangle' was applied 31 times.
  - rule 'linear1: x in domain' was applied 1 time.
  - rule 'linear: divide by GCD' was applied 512 times.
  - rule 'linear: variable substitution 2' was applied 2 times.
  - rule 'presolve: 2 unused variables removed.' was applied 1 time.
  - rule 'presolve: iteration' was applied 3 times.

Presolved satisfaction model '': (model_fingerprint: 0x19fd812734faff97)
#Variables: 49 (31 primary variables)
  - 20 Booleans in [0,1]
  - 1 in [-4,2]
  - 5 in [-3,3]
  - 3 in [-2,2]
  - 1 in [-2,4]
  - 8 in [-1,1]
  - 10 in [0,2]
  - 1 in [0,6]
#kLinear3: 19
#kLinearN: 236 (#terms: 1'688)
[Symmetry] Graph for symmetry has 344 nodes and 1'785 arcs.
[Symmetry] Symmetry computation done. time: 7.0845e-05 dtime: 0.0001033

Preloading model.
#Model   0.06s var:49/49 constraints:255/255

Starting search at 0.06s with 4 workers.
3 full problem subsolvers: [default_lp, max_lp, no_lp]
1 first solution subsolver: [fj]
2 interleaved subsolvers: [feasibility_pump, rins/rens]
2 helper subsolvers: [neighborhood_helper, synchronization_agent]

#Done    0.23s default_lp

Task timing                   n [     min,      max]      avg      dev     time         n [     min,      max]      avg      dev    dtime
        'default_lp':         1 [167.00ms, 167.00ms] 167.00ms   0.00ns 167.00ms         2 [476.52us,  76.90ms]  38.69ms  38.21ms  77.37ms
  'feasibility_pump':         2 [  2.84ms,   3.10ms]   2.97ms 129.27us   5.94ms         1 [  3.29ms,   3.29ms]   3.29ms   0.00ns   3.29ms
                'fj':         2 [ 65.59ms,  86.85ms]  76.22ms  10.63ms 152.44ms         2 [ 79.18ms, 100.01ms]  89.60ms  10.42ms 179.19ms
            'max_lp':         1 [167.61ms, 167.61ms] 167.61ms   0.00ns 167.61ms         2 [  1.10ms, 108.89ms]  55.00ms  53.89ms 109.99ms
             'no_lp':         1 [167.21ms, 167.21ms] 167.21ms   0.00ns 167.21ms         2 [112.92us,  28.90ms]  14.51ms  14.39ms  29.01ms
         'rins/rens':         2 [605.81us,   7.92ms]   4.26ms   3.66ms   8.53ms         1 [184.70us, 184.70us] 184.70us   0.00ns 184.70us

Search stats     Bools  Conflicts  Branches  Restarts  BacktrackToRoot  Backtrack  BoolPropag  IntegerPropag
  'default_lp':     20        301       576         1              204        489         412          6'424
      'max_lp':     20        265       461         1              134        385         331          5'121
       'no_lp':     20      2'890     4'336        19              805      3'647       4'440         58'152

SAT formula      Fixed  Equiv  Total  VarLeft  BinaryClauses  PermanentClauses  TemporaryClauses
  'default_lp':     12      0     20        8              0                 0                 0
      'max_lp':      1      0     20       19             14                24                22
       'no_lp':      1      0     20       19              2                28               223

SAT stats        ClassicMinim  LitRemoved  LitRemovedBinary  LitLearned  LitForgotten  Subsumed
  'default_lp':           181         359               181       1'644             0       208
      'max_lp':           153         305               171       1'459             0       184
       'no_lp':         2'488       7'936               421      24'603             0     2'461

Vivification     Clauses  Decisions  LitTrue  Subsumed  LitRemoved  DecisionReused  Conflicts
  'default_lp':       15         59        0         1           5              10          0
      'max_lp':       13         54        0         1           5               1          0
       'no_lp':       94        370        0         0           0              41          0

Clause deletion    at_true  l_and_not(l)  to_binary  sub_conflict  sub_extra  sub_decisions  sub_eager  sub_vivify  sub_probing  sub_inpro  blocked  eliminated  forgotten  promoted  conflicts
    'default_lp':       51            10          0           194          0             18         14           1            0          2        0           0          0       304        301
        'max_lp':        0             0          0           168          2             14         16           1            0          5        0           0          0       232        265
         'no_lp':       21             0          0         2'321          7             72        140           0            0         61        0           0          0     5'342      2'890

Lp stats         Component  Iterations  AddedCuts  OPTIMAL  DUAL_F.  DUAL_U.
  'default_lp':          1       3'908        165      312        0      286
      'max_lp':          1       3'473        141      171       77      248

Lp dimension     Final dimension of first component
  'default_lp':  177 rows, 49 columns, 1759 entries
      'max_lp':  165 rows, 49 columns, 1515 entries

Lp debug         CutPropag  CutEqPropag  Adjust  Overflow  Bad  BadScaling
  'default_lp':          0            0     179         0  372           0
      'max_lp':          0            0     238         0  316           0

Lp pool          Constraints  Updates  Simplif  Merged  Shortened  Split  Strengthened  Cuts/Call
  'default_lp':          420       23      209       0        252      7             0    165/228
      'max_lp':          396       14       59       0         59      1             0    141/200

Lp Cut           default_lp  max_lp
         CG_FF:          28      23
          CG_K:          27      21
          CG_R:          29      25
         CG_RB:          32      30
        CG_RBP:          24      27
            IB:           8       -
      MIR_2_RB:           1       -
      MIR_5_RB:           -       1
  ZERO_HALF_FF:           7      10
   ZERO_HALF_R:           9       4

LNS stats       Improv/Calls  Closed  Difficulty  TimeLimit
  'rins/rens':           2/2    100%    8.14e-01       0.10

LS stats                 Batches  Restarts/Perturbs  LinMoves  GenMoves  CompoundMoves  Bactracks  WeightUpdates  ScoreComputed
          'fj_restart':        1                  1     4'333         0              0          0          3'163        120'215
  'fj_restart_perturb':        1                  1     3'714         0              0          0          2'225         93'230

Solution repositories    Added  Queried  Synchro
    'alternative_path':      0        0        0
      'best_solutions':      0        0        0
   'fj solution hints':      0        0        0
        'lp solutions':      2        2        2
                'pump':      0        0

Improving bounds shared    Num  Sym
            'default_lp':   72    0
                'max_lp':    3    0
                 'no_lp':    3    0

Clauses shared    #Exported  #Imported  #BinaryRead  #BinaryTotal
   'default_lp':          8          0           16            16
       'max_lp':          7          0            0            16
        'no_lp':          1          0            2            16

LRAT_status: NA
CpSolverResponse summary:
status: INFEASIBLE
objective: NA
best_bound: NA
integers: 49
booleans: 20
conflicts: 301
branches: 576
propagations: 412
integer_propagations: 6424
restarts: 1
lp_iterations: 3908
walltime: 0.228725
usertime: 0.228726
deterministic_time: 0.402521
gap_integral: 0

status=INFEASIBLE objective=0.0 bound=0.0 branches=576 wall=0.228725s
wrote computations/results/bridge_grid_3_7_sign1_cap13.json
