
Starting CP-SAT solver v9.15.6755
Parameters: max_time_in_seconds: 900 log_search_progress: true num_search_workers: 1 log_to_stdout: true

Initial satisfaction model '': (model_fingerprint: 0x506d4a2ac8b11edc)
#Variables: 43 (42 primary variables)
  - 42 Booleans in [0,1]
  - 1 constants in {20}
#kLinear1: 1
#kLinearN: 4'096 (#terms: 176'128)

Starting presolve at 0.20s
  1.19e-02s  0.00e+00d  [DetectDominanceRelations]
  1.67e-01s  0.00e+00d  [PresolveToFixPoint] #num_loops=2 #num_dual_strengthening=1
  2.44e-04s  0.00e+00d  [ExtractEncodingFromLinear]
  1.12e-02s  0.00e+00d  [DetectDuplicateColumns]
  1.27e-02s  0.00e+00d  [DetectDuplicateConstraints] #duplicates=2'048
[Symmetry] Graph for symmetry has 2'131 nodes and 84'008 arcs.
[Symmetry] Symmetry computation done. time: 0.0265879 dtime: 0.0382008
[Symmetry] #generators: 3, average support size: 26.6667
[Symmetry] 7 orbits on 39 variables with sizes: 10,10,5,5,5,2,2
[Symmetry] Found orbitope of size 14 x 2
  4.69e-04s  0.00e+00d  [DetectDuplicateConstraintsWithDifferentEnforcements]
  2.70e-02s  4.21e-03d  [Probe] #probed=82
  4.96e-05s  0.00e+00d  [MaxClique]
  4.68e-03s  0.00e+00d  [DetectDominanceRelations]
  4.87e-02s  0.00e+00d  [PresolveToFixPoint] #num_loops=1 #num_dual_strengthening=1
  1.90e-02s  0.00e+00d  [ProcessAtMostOneAndLinear]
  5.28e-04s  0.00e+00d  [DetectDuplicateConstraints]
  5.53e-04s  0.00e+00d  [DetectDuplicateConstraintsWithDifferentEnforcements]
  1.05e+01s  1.00e-01d  [DetectDominatedLinearConstraints] #relevant_constraints=2'048 #num_inclusions=805'176 #num_redundant=36
  5.94e-04s  0.00e+00d  [DetectDifferentVariables]
  1.96e-03s  0.00e+00d  [ProcessSetPPC] #relevant_constraints=2'012
  1.40e-04s  0.00e+00d  [TransformClausesToExactlyOne]
  1.09e-04s  0.00e+00d  [DetectEncodedComplexDomains]
  1.48e-04s  0.00e+00d  [FindAlmostIdenticalLinearConstraints]
  4.14e-06s  0.00e+00d  [FindBigAtMostOneAndLinearOverlap]
  2.02e-01s  2.87e-02d  [FindBigVerticalLinearOverlap] #blocks=107 #saved_nz=49'965
  9.32e-04s  1.61e-04d  [FindBigHorizontalLinearOverlap] #linears=2'012
  8.22e-05s  0.00e+00d  [MergeClauses]
  2.39e-03s  0.00e+00d  [DetectDominanceRelations]
  3.76e-02s  0.00e+00d  [PresolveToFixPoint] #num_loops=2 #num_dual_strengthening=1
  2.43e-03s  0.00e+00d  [DetectDominanceRelations]
  2.09e-02s  0.00e+00d  [PresolveToFixPoint] #num_loops=1 #num_dual_strengthening=1
  1.14e-03s  0.00e+00d  [DetectDuplicateColumns]
  4.40e-04s  0.00e+00d  [DetectDuplicateConstraints]
[Symmetry] Graph for symmetry has 2'395 nodes and 32'653 arcs.
[Symmetry] Symmetry computation done. time: 0.00112441 dtime: 0.0012282
  6.29e-04s  0.00e+00d  [DetectDuplicateConstraintsWithDifferentEnforcements]
  3.27e-02s  3.14e-03d  [Probe] #probed=82
  8.83e-05s  0.00e+00d  [MaxClique]
  2.64e-03s  0.00e+00d  [DetectDominanceRelations]
  2.10e-02s  0.00e+00d  [PresolveToFixPoint] #num_loops=1 #num_dual_strengthening=1
  8.27e-03s  0.00e+00d  [ProcessAtMostOneAndLinear]
  4.52e-04s  0.00e+00d  [DetectDuplicateConstraints]
  3.66e-04s  0.00e+00d  [DetectDuplicateConstraintsWithDifferentEnforcements]
  3.17e-03s  4.56e-04d  [DetectDominatedLinearConstraints] #relevant_constraints=2'118
  5.50e-04s  0.00e+00d  [DetectDifferentVariables]
  7.03e-04s  0.00e+00d  [ProcessSetPPC] #relevant_constraints=2
  1.40e-04s  0.00e+00d  [TransformClausesToExactlyOne]
  7.78e-05s  0.00e+00d  [DetectEncodedComplexDomains]
  1.70e-04s  1.42e-06d  [FindAlmostIdenticalLinearConstraints] #num_tested_pairs=95
  2.91e-06s  0.00e+00d  [FindBigAtMostOneAndLinearOverlap]
  2.84e-02s  5.25e-03d  [FindBigVerticalLinearOverlap] #blocks=57 #saved_nz=4'224
  9.08e-04s  1.39e-04d  [FindBigHorizontalLinearOverlap] #linears=2'012
  9.38e-05s  0.00e+00d  [MergeClauses]
  2.17e-03s  0.00e+00d  [DetectDominanceRelations]
  3.16e-02s  0.00e+00d  [PresolveToFixPoint] #num_loops=2 #num_dual_strengthening=1
  2.32e-03s  0.00e+00d  [DetectDominanceRelations]
  1.93e-02s  0.00e+00d  [PresolveToFixPoint] #num_loops=1 #num_dual_strengthening=1
  1.01e-03s  0.00e+00d  [DetectDuplicateColumns]
  4.61e-04s  0.00e+00d  [DetectDuplicateConstraints]
[Symmetry] Graph for symmetry has 2'566 nodes and 28'486 arcs.
[Symmetry] Symmetry computation done. time: 0.00111965 dtime: 0.00115557
  4.55e-04s  0.00e+00d  [DetectDuplicateConstraintsWithDifferentEnforcements]
  2.84e-02s  2.83e-03d  [Probe] #probed=82
  5.61e-05s  0.00e+00d  [MaxClique]
  2.06e-03s  0.00e+00d  [DetectDominanceRelations]
  1.83e-02s  0.00e+00d  [PresolveToFixPoint] #num_loops=1 #num_dual_strengthening=1
  6.32e-03s  0.00e+00d  [ProcessAtMostOneAndLinear]
  4.53e-04s  0.00e+00d  [DetectDuplicateConstraints]
  4.21e-04s  0.00e+00d  [DetectDuplicateConstraintsWithDifferentEnforcements]
  2.44e-03s  2.98e-04d  [DetectDominatedLinearConstraints] #relevant_constraints=2'175
  4.74e-04s  0.00e+00d  [DetectDifferentVariables]
  6.03e-04s  0.00e+00d  [ProcessSetPPC] #relevant_constraints=2
  1.40e-04s  0.00e+00d  [TransformClausesToExactlyOne]
  9.72e-05s  0.00e+00d  [DetectEncodedComplexDomains]
  2.56e-04s  4.07e-06d  [FindAlmostIdenticalLinearConstraints] #num_tested_pairs=271
  3.86e-06s  0.00e+00d  [FindBigAtMostOneAndLinearOverlap]
  2.25e-02s  4.00e-03d  [FindBigVerticalLinearOverlap] #blocks=32 #saved_nz=1'832
  8.14e-04s  1.29e-04d  [FindBigHorizontalLinearOverlap] #linears=2'012
  8.07e-05s  0.00e+00d  [MergeClauses]
  2.09e-03s  0.00e+00d  [DetectDominanceRelations]
  1.44e-01s  0.00e+00d  [PresolveToFixPoint] #num_loops=2 #num_dual_strengthening=1
  1.92e-05s  0.00e+00d  [MergeNoOverlap]
  1.96e-05s  0.00e+00d  [MergeNoOverlap2D]

Presolve summary:
  - 0 affine relations were detected.
  - rule 'duplicate: merged rhs of linear constraint' was applied 2'048 times.
  - rule 'duplicate: removed constraint' was applied 2'048 times.
  - rule 'linear inclusion: redundant containing constraint' was applied 15 times.
  - rule 'linear inclusion: redundant included constraint' was applied 21 times.
  - rule 'linear matrix: common vertical rectangle' was applied 196 times.
  - rule 'linear1: x in domain' was applied 1 time.
  - rule 'linear: divide by GCD' was applied 4'096 times.
  - rule 'linear: variable substitution 2' was applied 1 time.
  - rule 'presolve: 2 unused variables removed.' was applied 1 time.
  - rule 'presolve: iteration' was applied 3 times.

Presolved satisfaction model '': (model_fingerprint: 0xca764f98be42cf98)
#Variables: 236 (138 primary variables)
  - 41 Booleans in [0,1]
  - 1 in [-5,1]
  - 14 in [-4,2]
  - 13 in [-3,1]
  - 3 in [-3,2]
  - 9 in [-3,3]
  - 28 in [-2,2]
  - 4 in [-2,3]
  - 13 in [-2,4]
  - 1 in [-2,6]
  - 20 in [-1,1]
  - 4 in [-1,2]
  - 37 in [-1,3]
  - 1 in [-1,4]
  - 11 in [-1,5]
  - 19 in [0,2]
  - 2 in [0,3]
  - 11 in [0,4]
  - 2 in [0,5]
  - 2 in [0,6]
#kLinear3: 193
#kLinearN: 2'014 (#terms: 25'891)
[Symmetry] Graph for symmetry has 2'659 nodes and 26'686 arcs.
[Symmetry] Symmetry computation done. time: 0.0010369 dtime: 0.00111934

Preloading model.

Starting search at 12.22s with 1 workers.
1 full problem subsolver: [main]

[Precedences] num_relations=0 num_clauses=0
[Probing] deterministic_time: 0.00264198 (limit: 1) wall_time: 0.199281 (41/41)
[LinearRelaxationBeforeCliqueExpansion] #linear:2207 #at_most_ones:0
[FinalLinearRelaxation] #linear:2207 #cut_generators:0
Initial num_bool: 41

Starting subsolver 'main' hint search at 13.32s
Starting subsolver 'main' search at 13.32s
#1     460.41s main

Task timing           n [     min,      max]      avg      dev     time         n [     min,      max]      avg      dev    dtime
      'main':         1 [   7.47m,    7.47m]    7.47m   0.00ns    7.47m         1 [  44.96s,   44.96s]   44.96s   0.00ns   44.96s

Search stats    Bools  Conflicts  Branches  Restarts  BacktrackToRoot  Backtrack  BoolPropag  IntegerPropag
       'main':     41     16'403    30'640       115            9'911     25'517      21'003      1'017'463

SAT formula    Fixed  Equiv  Total  VarLeft  BinaryClauses  PermanentClauses  TemporaryClauses
      'main':      0      0     41       41              0                 3             3'398

SAT stats    ClassicMinim  LitRemoved  LitRemovedBinary  LitLearned  LitForgotten  Subsumed
    'main':        10'987      37'840                 0     254'627        26'794    10'056

Vivification    Clauses  Decisions  LitTrue  Subsumed  LitRemoved  DecisionReused  Conflicts
       'main':      301      1'769        0         0           0             198          0

Clause deletion    at_true  l_and_not(l)  to_binary  sub_conflict  sub_extra  sub_decisions  sub_eager  sub_vivify  sub_probing  sub_inpro  blocked  eliminated  forgotten  promoted  conflicts
          'main':        0             0          0         9'626        168            755        430           0            0        551        0           0      1'472    32'429     16'403

Lp stats    Component  Iterations  AddedCuts  OPTIMAL  DUAL_F.  DUAL_U.
   'main':          1     517'287      6'414   24'213        0   15'448

Lp dimension     Final dimension of first component
       'main':  433 rows, 236 columns, 3767 entries

Lp debug    CutPropag  CutEqPropag  Adjust  Overflow     Bad  BadScaling
   'main':          0          128  15'345         0  45'822           0

Lp pool    Constraints  Updates  Simplif  Merged  Shortened  Split  Strengthened    Cuts/Call
  'main':        8'621    2'762        0       0          0      0             0  6'414/6'623

Lp Cut      main
   CG_FF:  1'109
    CG_K:  1'179
    CG_R:  1'345
   CG_RB:  1'378
  CG_RBP:  1'276
      IB:    127

Solutions (1)    Num   Rank
        'main':    1  [0,0]

Solution repositories    Added  Queried  Synchro
    'alternative_path':      0        0        0
      'best_solutions':      1        0        1
   'fj solution hints':      0        0        0

LRAT_status: NA
CpSolverResponse summary:
status: OPTIMAL
objective: NA
best_bound: NA
integers: 236
booleans: 41
conflicts: 16403
branches: 30640
propagations: 21003
integer_propagations: 1017463
restarts: 115
lp_iterations: 517287
walltime: 460.453
usertime: 460.453
deterministic_time: 45.1136
gap_integral: 0
solution_fingerprint: 0x4a33c763220a806a

status=OPTIMAL objective=0.0 bound=0.0 branches=30640 wall=460.453255s
verified bridge 6+7: parent_M=20 two_thirds_defect=+0.117296548146 hash=7161aa7c14c379fca74e95b91331421143efc3d5da0dea61a5a5d13abcd5114e
wrote computations/results/bridge_6_7_sign1_cap20.json
