
Starting CP-SAT solver v9.15.6755
Parameters: max_time_in_seconds: 900 log_search_progress: true num_search_workers: 1 log_to_stdout: true

Initial satisfaction model '': (model_fingerprint: 0x5ed389d54bc9a995)
#Variables: 406 (405 primary variables)
  - 406 Booleans in [0,1]
#kLinear1: 1
#kLinear3: 1'512
#kLinearN: 1 (#terms: 378)

Starting presolve at 0.02s
  4.37e-04s  0.00e+00d  [DetectDominanceRelations]
  3.05e-02s  0.00e+00d  [PresolveToFixPoint] #num_loops=3 #num_dual_strengthening=2
  1.23e-05s  0.00e+00d  [ExtractEncodingFromLinear]
  1.66e-04s  0.00e+00d  [DetectDuplicateColumns]
  7.20e-05s  0.00e+00d  [DetectDuplicateConstraints]
[Symmetry] Graph for symmetry has 2'189 nodes and 4'968 arcs.
[Symmetry] Symmetry computation done. time: 0.0496934 dtime: 0.00482614
[Symmetry] #generators: 2, average support size: 366
[Symmetry] 11 orbits on 377 variables with sizes: 78,78,39,39,39,39,13,13,13,13,...
[SAT presolve] num removable Booleans: 0 / 378
[SAT presolve] num trivial clauses: 0
[SAT presolve] [0s] clauses:1'404 literals:4'212 vars:378 one_side_vars:0 simple_definition:0 singleton_clauses:0
[SAT presolve] [0.000226098s] clauses:1'404 literals:4'212 vars:378 one_side_vars:0 simple_definition:0 singleton_clauses:0
[SAT presolve] [0.000276237s] clauses:1'404 literals:4'212 vars:378 one_side_vars:0 simple_definition:0 singleton_clauses:0
  1.29e-04s  0.00e+00d  [DetectDuplicateConstraintsWithDifferentEnforcements]
  5.56e-02s  5.40e-04d  [Probe] #probed=810
  4.86e-05s  0.00e+00d  [MaxClique]
  4.02e-04s  0.00e+00d  [DetectDominanceRelations]
  2.02e-02s  0.00e+00d  [PresolveToFixPoint] #num_loops=1 #num_dual_strengthening=1
  1.23e-04s  0.00e+00d  [ProcessAtMostOneAndLinear]
  7.68e-05s  0.00e+00d  [DetectDuplicateConstraints]
  5.68e-05s  0.00e+00d  [DetectDuplicateConstraintsWithDifferentEnforcements]
  2.54e-05s  0.00e+00d  [DetectDominatedLinearConstraints] #relevant_constraints=1
  1.74e-05s  0.00e+00d  [DetectDifferentVariables]
  8.10e-04s  1.95e-05d  [ProcessSetPPC] #relevant_constraints=1'405
  3.85e-04s  2.19e-05d  [TransformClausesToExactlyOne] #num_clauses=1'404 #num_checked=1'404
  1.06e-04s  0.00e+00d  [DetectEncodedComplexDomains]
  4.04e-05s  0.00e+00d  [FindAlmostIdenticalLinearConstraints]
  4.02e-06s  0.00e+00d  [FindBigAtMostOneAndLinearOverlap]
  1.73e-04s  7.37e-04d  [FindBigVerticalLinearOverlap]
  2.98e-05s  1.89e-06d  [FindBigHorizontalLinearOverlap] #linears=1
  6.49e-04s  2.11e-05d  [MergeClauses]
  4.08e-04s  0.00e+00d  [DetectDominanceRelations]
  2.13e-02s  0.00e+00d  [PresolveToFixPoint] #num_loops=1 #num_dual_strengthening=1
  4.00e-04s  0.00e+00d  [DetectDominanceRelations]
  2.09e-02s  0.00e+00d  [PresolveToFixPoint] #num_loops=1 #num_dual_strengthening=1
  3.89e-04s  0.00e+00d  [DetectDuplicateColumns]
  2.92e-04s  0.00e+00d  [DetectDuplicateConstraints]
[Symmetry] Graph for symmetry has 2'189 nodes and 4'968 arcs.
[Symmetry] Symmetry computation done. time: 0.0289384 dtime: 0.00495767
[Symmetry] #generators: 2, average support size: 366
[Symmetry] 11 orbits on 377 variables with sizes: 78,78,39,39,39,39,13,13,13,13,...
[SAT presolve] num removable Booleans: 0 / 378
[SAT presolve] num trivial clauses: 0
[SAT presolve] [0s] clauses:1'404 literals:4'212 vars:378 one_side_vars:0 simple_definition:0 singleton_clauses:0
[SAT presolve] [0.0546311s] clauses:1'404 literals:4'212 vars:378 one_side_vars:0 simple_definition:0 singleton_clauses:0
[SAT presolve] [0.064724s] clauses:1'404 literals:4'212 vars:378 one_side_vars:0 simple_definition:0 singleton_clauses:0
  1.57e-04s  0.00e+00d  [DetectDuplicateConstraintsWithDifferentEnforcements]
  5.91e-02s  5.40e-04d  [Probe] #probed=810
  6.22e-05s  0.00e+00d  [MaxClique]
  4.06e-04s  0.00e+00d  [DetectDominanceRelations]
  3.17e-02s  0.00e+00d  [PresolveToFixPoint] #num_loops=1 #num_dual_strengthening=1
  1.26e-04s  0.00e+00d  [ProcessAtMostOneAndLinear]
  9.25e-05s  0.00e+00d  [DetectDuplicateConstraints]
  6.48e-05s  0.00e+00d  [DetectDuplicateConstraintsWithDifferentEnforcements]
  2.87e-05s  0.00e+00d  [DetectDominatedLinearConstraints] #relevant_constraints=1
  2.62e-05s  0.00e+00d  [DetectDifferentVariables]
  7.91e-04s  1.95e-05d  [ProcessSetPPC] #relevant_constraints=1'405
  4.45e-04s  2.19e-05d  [TransformClausesToExactlyOne] #num_clauses=1'404 #num_checked=1'404
  1.40e-04s  0.00e+00d  [DetectEncodedComplexDomains]
  5.62e-05s  0.00e+00d  [FindAlmostIdenticalLinearConstraints]
  3.78e-06s  0.00e+00d  [FindBigAtMostOneAndLinearOverlap]
  1.69e-04s  7.37e-04d  [FindBigVerticalLinearOverlap]
  7.20e-05s  1.89e-06d  [FindBigHorizontalLinearOverlap] #linears=1
  6.51e-04s  2.11e-05d  [MergeClauses]
  4.11e-04s  0.00e+00d  [DetectDominanceRelations]
  1.77e-02s  0.00e+00d  [PresolveToFixPoint] #num_loops=1 #num_dual_strengthening=1
  3.20e-05s  0.00e+00d  [MergeNoOverlap]
  2.43e-05s  0.00e+00d  [MergeNoOverlap2D]

Presolve summary:
  - 27 affine relations were detected.
  - rule 'affine: new relation' was applied 27 times.
  - rule 'bool_and: x => x' was applied 54 times.
  - rule 'bool_or: implications' was applied 54 times.
  - rule 'dual: enforced equivalence' was applied 27 times.
  - rule 'linear1: x in domain' was applied 1 time.
  - rule 'linear2: convert ax + by != cte to clauses' was applied 54 times.
  - rule 'linear: always true' was applied 54 times.
  - rule 'linear: divide by GCD' was applied 1 time.
  - rule 'linear: negative clause' was applied 702 times.
  - rule 'linear: positive clause' was applied 702 times.
  - rule 'linear: remapped using affine relations' was applied 1 time.
  - rule 'presolve: 1 unused variables removed.' was applied 1 time.
  - rule 'presolve: iteration' was applied 2 times.

Presolved satisfaction model '': (model_fingerprint: 0xf9cb4485ba1e1598)
#Variables: 378 (378 primary variables)
  - 378 Booleans in [0,1]
#kBoolOr: 1'404 (#literals: 4'212)
#kLinearN: 1 (#terms: 378)
[Symmetry] Graph for symmetry has 2'161 nodes and 4'968 arcs.
[Symmetry] Symmetry computation done. time: 0.0336818 dtime: 0.00495599
[Symmetry] #generators: 2, average support size: 366
[Symmetry] 11 orbits on 377 variables with sizes: 78,78,39,39,39,39,13,13,13,13,...

Preloading model.

Starting search at 0.74s with 1 workers.
1 full problem subsolver: [main]

[Precedences] num_relations=0 num_clauses=1404
[Probing] deterministic_time: 0.00036288 (limit: 1) wall_time: 0.00200572 (378/378)
[LinearRelaxationBeforeCliqueExpansion] #linear:1 #at_most_ones:0
[FinalLinearRelaxation] #linear:1 #cut_generators:0
Initial num_bool: 378

Starting subsolver 'main' hint search at 0.79s
Starting subsolver 'main' search at 0.79s

Task timing           n [     min,      max]      avg      dev     time         n [     min,      max]      avg      dev    dtime
      'main':         1 [  14.99m,   14.99m]   14.99m   0.00ns   14.99m         1 [   3.19m,    3.19m]    3.19m   0.00ns    3.19m

Search stats    Bools  Conflicts   Branches  Restarts  BacktrackToRoot  Backtrack   BoolPropag  IntegerPropag
       'main':    378  4'146'213  9'362'229    23'778        1'776'617  6'480'552  275'953'897    114'555'586

SAT formula    Fixed  Equiv  Total  VarLeft  BinaryClauses  PermanentClauses  TemporaryClauses
      'main':      0      0    378      378              0             5'897             7'292

SAT stats    ClassicMinim   LitRemoved  LitRemovedBinary   LitLearned  LitForgotten   Subsumed
    'main':     4'127'657  414'314'924                 0  169'629'848   123'074'986  1'959'125

Vivification      Clauses  Decisions  LitTrue  Subsumed  LitRemoved  DecisionReused  Conflicts
       'main':  2'060'969  4'487'370        0     2'142      56'532         592'894         71

Clause deletion    at_true  l_and_not(l)  to_binary  sub_conflict  sub_extra  sub_decisions  sub_eager  sub_vivify  sub_probing  sub_inpro  blocked  eliminated  forgotten   promoted  conflicts
          'main':        0             0          0     1'770'800      1'550          4'705    188'325       2'142            0     36'142        0           0  2'130'664  8'296'456  4'146'213

Solution repositories    Added  Queried  Synchro
    'alternative_path':      0        0        0
      'best_solutions':      0        0        0
   'fj solution hints':      0        0        0

LRAT_status: NA
CpSolverResponse summary:
status: UNKNOWN
objective: NA
best_bound: NA
integers: 378
booleans: 378
conflicts: 4146213
branches: 9362229
propagations: 275953897
integer_propagations: 114555586
restarts: 23778
lp_iterations: 0
walltime: 900.025
usertime: 900.025
deterministic_time: 191.685
gap_integral: 0

side=+1 status=UNKNOWN objective=0.0 bound=0.0 wall=900.025217s
n=28 certified=False decision=72
wrote computations/results/conference_double_p13_threshold72.json
