
Starting CP-SAT solver v9.15.6755
Parameters: max_time_in_seconds: 7200 log_search_progress: true num_search_workers: 1 log_to_stdout: true

Initial satisfaction model '': (model_fingerprint: 0x8825485f528ddb03)
#Variables: 66 (64 primary variables)
  - 66 Booleans in [0,1]
#kLinear1: 1
#kLinear2: 10
#kLinearN: 8'225 (#enforced: 20 #multi: 20) (#terms: 541'314)

Starting presolve at 0.06s
  4.00e-02s  0.00e+00d  [DetectDominanceRelations]
  4.67e-01s  0.00e+00d  [PresolveToFixPoint] #num_loops=2 #num_dual_strengthening=1
  2.95e-04s  0.00e+00d  [ExtractEncodingFromLinear]
  2.57e-02s  0.00e+00d  [DetectDuplicateColumns]
  4.61e-02s  0.00e+00d  [DetectDuplicateConstraints] #duplicates=6'145
[Symmetry] Graph for symmetry has 2'220 nodes and 133'812 arcs.
[Symmetry] Symmetry computation done. time: 0.00382465 dtime: 0.00725614
[SAT presolve] num removable Booleans: 0 / 65
[SAT presolve] num trivial clauses: 0
[SAT presolve] [0s] clauses:9 literals:18 vars:10 one_side_vars:2 simple_definition:8 singleton_clauses:0
[SAT presolve] [2.0999e-05s] clauses:9 literals:18 vars:10 one_side_vars:2 simple_definition:8 singleton_clauses:0
[SAT presolve] [3.2119e-05s] clauses:9 literals:18 vars:10 one_side_vars:2 simple_definition:8 singleton_clauses:0
  9.11e-04s  0.00e+00d  [DetectDuplicateConstraintsWithDifferentEnforcements] #without_enforcements=9
  4.10e-02s  7.06e-03d  [Probe] #probed=116 #fixed_bools=10
  1.52e-04s  2.61e-07d  [MaxClique]
  6.94e-03s  0.00e+00d  [DetectDominanceRelations]
  5.73e-02s  0.00e+00d  [PresolveToFixPoint] #num_loops=1 #num_dual_strengthening=1
  2.40e-02s  0.00e+00d  [ProcessAtMostOneAndLinear]
  8.33e-03s  0.00e+00d  [DetectDuplicateConstraints] #duplicates=1'024
  4.99e-04s  0.00e+00d  [DetectDuplicateConstraintsWithDifferentEnforcements]
  1.37e+00s  8.88e-02d  [DetectDominatedLinearConstraints] #relevant_constraints=1'044 #num_inclusions=544'256
  3.09e-04s  0.00e+00d  [DetectDifferentVariables]
  7.58e-04s  0.00e+00d  [ProcessSetPPC] #relevant_constraints=1'044
  6.80e-05s  0.00e+00d  [TransformClausesToExactlyOne]
  2.74e-05s  0.00e+00d  [DetectEncodedComplexDomains]
  3.19e-05s  0.00e+00d  [FindAlmostIdenticalLinearConstraints]
  1.32e-06s  0.00e+00d  [FindBigAtMostOneAndLinearOverlap]
  8.42e-02s  2.63e-02d  [FindBigVerticalLinearOverlap] #blocks=116 #saved_nz=33'083
  2.75e-04s  1.16e-04d  [FindBigHorizontalLinearOverlap] #linears=1'044
  3.62e-05s  0.00e+00d  [MergeClauses]
  1.11e-03s  0.00e+00d  [DetectDominanceRelations]
  1.39e-02s  0.00e+00d  [PresolveToFixPoint] #num_loops=2 #num_dual_strengthening=1
  1.11e-03s  0.00e+00d  [DetectDominanceRelations]
  7.82e-03s  0.00e+00d  [PresolveToFixPoint] #num_loops=1 #num_dual_strengthening=1
  6.26e-04s  0.00e+00d  [DetectDuplicateColumns]
  1.48e-04s  0.00e+00d  [DetectDuplicateConstraints]
[Symmetry] Graph for symmetry has 1'500 nodes and 23'667 arcs.
[Symmetry] Symmetry computation done. time: 0.000460366 dtime: 0.00085328
  3.13e-04s  0.00e+00d  [DetectDuplicateConstraintsWithDifferentEnforcements]
  1.48e-02s  2.91e-03d  [Probe] #probed=110
  3.07e-05s  0.00e+00d  [MaxClique]
  1.11e-03s  0.00e+00d  [DetectDominanceRelations]
  8.01e-03s  0.00e+00d  [PresolveToFixPoint] #num_loops=1 #num_dual_strengthening=1
  4.06e-03s  0.00e+00d  [ProcessAtMostOneAndLinear]
  1.70e-04s  0.00e+00d  [DetectDuplicateConstraints]
  1.22e-04s  0.00e+00d  [DetectDuplicateConstraintsWithDifferentEnforcements]
  1.00e-03s  1.95e-04d  [DetectDominatedLinearConstraints] #relevant_constraints=1'159
  1.72e-04s  0.00e+00d  [DetectDifferentVariables]
  3.54e-04s  0.00e+00d  [ProcessSetPPC] #relevant_constraints=310
  7.15e-05s  0.00e+00d  [TransformClausesToExactlyOne]
  2.68e-05s  0.00e+00d  [DetectEncodedComplexDomains]
  5.59e-05s  1.21e-06d  [FindAlmostIdenticalLinearConstraints] #num_tested_pairs=80
  1.56e-06s  0.00e+00d  [FindBigAtMostOneAndLinearOverlap]
  1.52e-02s  5.19e-03d  [FindBigVerticalLinearOverlap] #blocks=43 #saved_nz=2'203
  2.68e-04s  1.04e-04d  [FindBigHorizontalLinearOverlap] #linears=1'044
  3.45e-05s  0.00e+00d  [MergeClauses]
  1.03e-03s  0.00e+00d  [DetectDominanceRelations]
  1.18e-02s  0.00e+00d  [PresolveToFixPoint] #num_loops=2 #num_dual_strengthening=1
  1.01e-03s  0.00e+00d  [DetectDominanceRelations]
  7.36e-03s  0.00e+00d  [PresolveToFixPoint] #num_loops=1 #num_dual_strengthening=1
  5.55e-04s  0.00e+00d  [DetectDuplicateColumns]
  1.12e-04s  0.00e+00d  [DetectDuplicateConstraints]
[Symmetry] Graph for symmetry has 1'627 nodes and 21'506 arcs.
[Symmetry] Symmetry computation done. time: 0.000445835 dtime: 0.00081882
  3.02e-04s  0.00e+00d  [DetectDuplicateConstraintsWithDifferentEnforcements]
  1.48e-02s  2.68e-03d  [Probe] #probed=110
  2.80e-05s  0.00e+00d  [MaxClique]
  1.11e-03s  0.00e+00d  [DetectDominanceRelations]
  7.52e-03s  0.00e+00d  [PresolveToFixPoint] #num_loops=1 #num_dual_strengthening=1
  3.49e-03s  0.00e+00d  [ProcessAtMostOneAndLinear]
  1.85e-04s  0.00e+00d  [DetectDuplicateConstraints]
  1.36e-04s  0.00e+00d  [DetectDuplicateConstraintsWithDifferentEnforcements]
  8.99e-04s  1.53e-04d  [DetectDominatedLinearConstraints] #relevant_constraints=1'201
  1.66e-04s  0.00e+00d  [DetectDifferentVariables]
  3.15e-04s  0.00e+00d  [ProcessSetPPC] #relevant_constraints=119
  7.35e-05s  0.00e+00d  [TransformClausesToExactlyOne]
  2.68e-05s  0.00e+00d  [DetectEncodedComplexDomains]
  6.92e-05s  2.80e-06d  [FindAlmostIdenticalLinearConstraints] #num_tested_pairs=186
  1.58e-06s  0.00e+00d  [FindBigAtMostOneAndLinearOverlap]
  1.14e-02s  4.23e-03d  [FindBigVerticalLinearOverlap] #blocks=25 #saved_nz=1'026
  2.62e-04s  9.86e-05d  [FindBigHorizontalLinearOverlap] #linears=1'044
  3.33e-05s  0.00e+00d  [MergeClauses]
  9.60e-04s  0.00e+00d  [DetectDominanceRelations]
  1.01e-02s  0.00e+00d  [PresolveToFixPoint] #num_loops=2 #num_dual_strengthening=1
  2.23e-05s  0.00e+00d  [MergeNoOverlap]
  2.44e-05s  0.00e+00d  [MergeNoOverlap2D]

Presolve summary:
  - 0 affine relations were detected.
  - rule 'at_most_one: empty or all false' was applied 1 time.
  - rule 'at_most_one: removed literals' was applied 1 time.
  - rule 'at_most_one: satisfied' was applied 8 times.
  - rule 'bool_or: implications' was applied 9 times.
  - rule 'duplicate: merged rhs of linear constraint' was applied 7'169 times.
  - rule 'duplicate: removed constraint' was applied 7'169 times.
  - rule 'enforcement: always false' was applied 1 time.
  - rule 'enforcement: false literal' was applied 10 times.
  - rule 'enforcement: true literal' was applied 18 times.
  - rule 'linear matrix: common vertical rectangle' was applied 184 times.
  - rule 'linear1: x in domain' was applied 1 time.
  - rule 'linear2: convert ax + by != cte to clauses' was applied 9 times.
  - rule 'linear: always true' was applied 1 time.
  - rule 'linear: divide by GCD' was applied 8'192 times.
  - rule 'linear: empty' was applied 1 time.
  - rule 'linear: enforcement literal in expression' was applied 37 times.
  - rule 'linear: fixed or dup variables' was applied 2'079 times.
  - rule 'linear: variable substitution 2' was applied 1 time.
  - rule 'linear: variable substitution 3' was applied 2 times.
  - rule 'presolve: 11 unused variables removed.' was applied 1 time.
  - rule 'presolve: iteration' was applied 3 times.

Presolved satisfaction model '': (model_fingerprint: 0xf295ded0afc8bb87)
#Variables: 236 (139 primary variables)
  - 55 Booleans in [0,1]
  - 1 in [-4,1]
  - 1 in [-4,2]
  - 11 in [-3,1]
  - 3 in [-3,2]
  - 5 in [-3,3]
  - 6 in [-2,1]
  - 27 in [-2,2]
  - 6 in [-2,3]
  - 1 in [-2,4]
  - 24 in [-1,1]
  - 13 in [-1,2]
  - 34 in [-1,3]
  - 4 in [-1,4]
  - 24 in [0,2]
  - 9 in [0,3]
  - 10 in [0,4]
  - 1 in [0,5]
  - 1 in [0,6]
#kLinear3: 173
#kLinearN: 1'052 (#terms: 19'760)
[Symmetry] Graph for symmetry has 1'686 nodes and 20'504 arcs.
[Symmetry] Symmetry computation done. time: 0.000433561 dtime: 0.00080015

Preloading model.

Starting search at 2.44s with 1 workers.
1 full problem subsolver: [main]

[Precedences] num_relations=0 num_clauses=0
[Probing] deterministic_time: 0.00252469 (limit: 1) wall_time: 0.0108813 (55/55)
[LinearRelaxationBeforeCliqueExpansion] #linear:1225 #at_most_ones:0
[FinalLinearRelaxation] #linear:1225 #cut_generators:0
Initial num_bool: 55

Starting subsolver 'main' hint search at 2.49s
Starting subsolver 'main' search at 2.49s
#Done   97.54s main

Task timing           n [     min,      max]      avg      dev     time         n [     min,      max]      avg      dev    dtime
      'main':         1 [   1.58m,    1.58m]    1.58m   0.00ns    1.58m         1 [   1.54m,    1.54m]    1.54m   0.00ns    1.54m

Search stats    Bools  Conflicts  Branches  Restarts  BacktrackToRoot  Backtrack  BoolPropag  IntegerPropag
       'main':     55     10'253    89'196        53           15'518     29'799      63'917      1'822'502

SAT formula    Fixed  Equiv  Total  VarLeft  BinaryClauses  PermanentClauses  TemporaryClauses
      'main':     10      0     55       45             12                88                37

SAT stats    ClassicMinim  LitRemoved  LitRemovedBinary  LitLearned  LitForgotten  Subsumed
    'main':         6'698      24'338             5'315     100'132             0     4'488

Vivification    Clauses  Decisions  LitTrue  Subsumed  LitRemoved  DecisionReused  Conflicts
       'main':   13'925     69'562        0       304       2'279           9'259         12

Clause deletion    at_true  l_and_not(l)  to_binary  sub_conflict  sub_extra  sub_decisions  sub_eager  sub_vivify  sub_probing  sub_inpro  blocked  eliminated  forgotten  promoted  conflicts
          'main':    1'697            76          2         4'190         58            601        298         304          178      2'677        0           0          0    21'388     10'253

Lp stats    Component  Iterations  AddedCuts  OPTIMAL  DUAL_F.  DUAL_U.
   'main':          1     652'371      2'662   17'981        0    8'956

Lp dimension     Final dimension of first component
       'main':  611 rows, 236 columns, 8844 entries

Lp debug    CutPropag  CutEqPropag  Adjust  Overflow     Bad  BadScaling
   'main':          0            9   8'921         0  26'473           0

Lp pool    Constraints  Updates  Simplif  Merged  Shortened  Split  Strengthened    Cuts/Call
  'main':        3'887      655   10'732       0     10'579    112             0  2'662/2'738

Lp Cut     main
   CG_FF:   319
    CG_K:   381
    CG_R:   570
   CG_RB:   639
  CG_RBP:   588
      IB:   165

Solution repositories    Added  Queried  Synchro
    'alternative_path':      0        0        0
      'best_solutions':      0        0        0
   'fj solution hints':      0        0        0

LRAT_status: NA
CpSolverResponse summary:
status: INFEASIBLE
objective: NA
best_bound: NA
integers: 236
booleans: 55
conflicts: 10253
branches: 89196
propagations: 63917
integer_propagations: 1822502
restarts: 53
lp_iterations: 652371
walltime: 97.5377
usertime: 97.5377
deterministic_time: 92.3946
gap_integral: 0

status=INFEASIBLE objective=0.0 best_bound=0.0 conflicts=10253 branches=89196 wall=97.537675s elapsed=97.538169s
wrote computations/results/cpsat_m13_cap18_degree4.json
