
Starting CP-SAT solver v9.15.6755
Parameters: max_time_in_seconds: 600 log_search_progress: true num_search_workers: 2 log_to_stdout: true

Initial satisfaction model '': (model_fingerprint: 0x8a84a19671a59ce5)
#Variables: 91 (89 primary variables)
  - 91 Booleans in [0,1]
#kLinear1: 1
#kLinear2: 12
#kLinearN: 32'808 (#enforced: 24 #multi: 24) (#terms: 2'982'893)

Starting presolve at 0.18s
  1.42e-01s  0.00e+00d  [DetectDominanceRelations]
  1.52e+00s  0.00e+00d  [PresolveToFixPoint] #num_loops=2 #num_dual_strengthening=1
  1.79e-03s  0.00e+00d  [ExtractEncodingFromLinear]
  1.11e-01s  0.00e+00d  [DetectDuplicateColumns]
  3.87e-01s  0.00e+00d  [DetectDuplicateConstraints] #duplicates=24'578
[Symmetry] Graph for symmetry has 8'422 nodes and 738'267 arcs.
[Symmetry] Symmetry computation done. time: 0.017721 dtime: 0.0405964
[SAT presolve] num removable Booleans: 0 / 90
[SAT presolve] num trivial clauses: 0
[SAT presolve] [0s] clauses:11 literals:22 vars:12 one_side_vars:2 simple_definition:10 singleton_clauses:0
[SAT presolve] [1.9244e-05s] clauses:11 literals:22 vars:12 one_side_vars:2 simple_definition:10 singleton_clauses:0
[SAT presolve] [2.7842e-05s] clauses:11 literals:22 vars:12 one_side_vars:2 simple_definition:10 singleton_clauses:0
  2.37e-03s  0.00e+00d  [DetectDuplicateConstraintsWithDifferentEnforcements] #without_enforcements=11
  1.43e-01s  3.84e-02d  [Probe] #probed=165 #fixed_bools=12
  2.26e-04s  3.19e-07d  [MaxClique]
  2.28e-02s  0.00e+00d  [DetectDominanceRelations]
  1.97e-01s  0.00e+00d  [PresolveToFixPoint] #num_loops=1 #num_dual_strengthening=1
  8.85e-02s  0.00e+00d  [ProcessAtMostOneAndLinear]
  4.27e-02s  0.00e+00d  [DetectDuplicateConstraints] #duplicates=4'096
  1.90e-03s  0.00e+00d  [DetectDuplicateConstraintsWithDifferentEnforcements]
  1.41e+00s  1.00e-01d  [DetectDominatedLinearConstraints] #relevant_constraints=4'120 #num_inclusions=436'048
  1.80e-03s  0.00e+00d  [DetectDifferentVariables]
  4.85e-03s  0.00e+00d  [ProcessSetPPC] #relevant_constraints=4'120
  3.99e-04s  0.00e+00d  [TransformClausesToExactlyOne]
  3.69e-04s  0.00e+00d  [DetectEncodedComplexDomains]
  3.86e-04s  0.00e+00d  [FindAlmostIdenticalLinearConstraints]
  2.17e-06s  0.00e+00d  [FindBigAtMostOneAndLinearOverlap]
  8.12e-01s  2.13e-01d  [FindBigVerticalLinearOverlap] #blocks=247 #saved_nz=193'450
  1.81e-03s  6.28e-04d  [FindBigHorizontalLinearOverlap] #linears=4'120
  4.01e-04s  0.00e+00d  [MergeClauses]
  6.27e-03s  0.00e+00d  [DetectDominanceRelations]
  7.19e-02s  0.00e+00d  [PresolveToFixPoint] #num_loops=2 #num_dual_strengthening=1
  6.22e-03s  0.00e+00d  [DetectDominanceRelations]
  4.15e-02s  0.00e+00d  [PresolveToFixPoint] #num_loops=1 #num_dual_strengthening=1
  3.89e-03s  0.00e+00d  [DetectDuplicateColumns]
  1.32e-03s  0.00e+00d  [DetectDuplicateConstraints]
[Symmetry] Graph for symmetry has 5'014 nodes and 126'745 arcs.
[Symmetry] Symmetry computation done. time: 0.00245428 dtime: 0.00413231
  1.55e-03s  0.00e+00d  [DetectDuplicateConstraintsWithDifferentEnforcements]
  9.75e-02s  2.14e-02d  [Probe] #probed=156
  1.74e-04s  0.00e+00d  [MaxClique]
  6.45e-03s  0.00e+00d  [DetectDominanceRelations]
  4.20e-02s  0.00e+00d  [PresolveToFixPoint] #num_loops=1 #num_dual_strengthening=1
  2.18e-02s  0.00e+00d  [ProcessAtMostOneAndLinear]
  1.26e-03s  0.00e+00d  [DetectDuplicateConstraints]
  1.50e-03s  0.00e+00d  [DetectDuplicateConstraintsWithDifferentEnforcements]
  7.80e-03s  1.64e-03d  [DetectDominatedLinearConstraints] #relevant_constraints=4'365
  1.40e-03s  0.00e+00d  [DetectDifferentVariables]
  2.42e-03s  0.00e+00d  [ProcessSetPPC] #relevant_constraints=974
  4.33e-04s  0.00e+00d  [TransformClausesToExactlyOne]
  1.94e-04s  0.00e+00d  [DetectEncodedComplexDomains]
  2.95e-04s  4.37e-06d  [FindAlmostIdenticalLinearConstraints] #num_tested_pairs=290
  1.88e-06s  0.00e+00d  [FindBigAtMostOneAndLinearOverlap]
  1.23e-01s  3.86e-02d  [FindBigVerticalLinearOverlap] #blocks=170 #saved_nz=18'027
  1.69e-03s  5.36e-04d  [FindBigHorizontalLinearOverlap] #linears=4'120
  3.79e-04s  0.00e+00d  [MergeClauses]
  5.51e-03s  0.00e+00d  [DetectDominanceRelations]
  6.13e-02s  0.00e+00d  [PresolveToFixPoint] #num_loops=2 #num_dual_strengthening=1
  5.94e-03s  0.00e+00d  [DetectDominanceRelations]
  3.73e-02s  0.00e+00d  [PresolveToFixPoint] #num_loops=1 #num_dual_strengthening=1
  4.33e-03s  0.00e+00d  [DetectDuplicateColumns]
  1.39e-03s  0.00e+00d  [DetectDuplicateConstraints]
[Symmetry] Graph for symmetry has 5'524 nodes and 108'888 arcs.
[Symmetry] Symmetry computation done. time: 0.00222367 dtime: 0.0037678
  1.51e-03s  0.00e+00d  [DetectDuplicateConstraintsWithDifferentEnforcements]
  9.53e-02s  1.86e-02d  [Probe] #probed=156
  1.70e-04s  0.00e+00d  [MaxClique]
  5.58e-03s  0.00e+00d  [DetectDominanceRelations]
  3.70e-02s  0.00e+00d  [PresolveToFixPoint] #num_loops=1 #num_dual_strengthening=1
  1.75e-02s  0.00e+00d  [ProcessAtMostOneAndLinear]
  1.35e-03s  0.00e+00d  [DetectDuplicateConstraints]
  1.58e-03s  0.00e+00d  [DetectDuplicateConstraintsWithDifferentEnforcements]
  6.53e-03s  1.03e-03d  [DetectDominatedLinearConstraints] #relevant_constraints=4'535
  1.35e-03s  0.00e+00d  [DetectDifferentVariables]
  1.97e-03s  0.00e+00d  [ProcessSetPPC] #relevant_constraints=283
  2.98e-04s  0.00e+00d  [TransformClausesToExactlyOne]
  1.58e-04s  0.00e+00d  [DetectEncodedComplexDomains]
  3.44e-04s  1.35e-05d  [FindAlmostIdenticalLinearConstraints] #num_tested_pairs=899
  2.20e-06s  0.00e+00d  [FindBigAtMostOneAndLinearOverlap]
  9.11e-02s  2.83e-02d  [FindBigVerticalLinearOverlap] #blocks=111 #saved_nz=7'857
  1.62e-03s  4.95e-04d  [FindBigHorizontalLinearOverlap] #linears=4'120
  4.11e-04s  0.00e+00d  [MergeClauses]
  5.55e-03s  0.00e+00d  [DetectDominanceRelations]
  5.70e-02s  0.00e+00d  [PresolveToFixPoint] #num_loops=2 #num_dual_strengthening=1
  1.10e-04s  0.00e+00d  [MergeNoOverlap]
  1.12e-04s  0.00e+00d  [MergeNoOverlap2D]

Presolve summary:
  - 0 affine relations were detected.
  - rule 'at_most_one: empty or all false' was applied 1 time.
  - rule 'at_most_one: removed literals' was applied 1 time.
  - rule 'at_most_one: satisfied' was applied 10 times.
  - rule 'bool_or: implications' was applied 11 times.
  - rule 'duplicate: merged rhs of linear constraint' was applied 28'674 times.
  - rule 'duplicate: removed constraint' was applied 28'674 times.
  - rule 'enforcement: always false' was applied 1 time.
  - rule 'enforcement: false literal' was applied 12 times.
  - rule 'enforcement: true literal' was applied 22 times.
  - rule 'linear matrix: common vertical rectangle' was applied 528 times.
  - rule 'linear1: x in domain' was applied 1 time.
  - rule 'linear2: convert ax + by != cte to clauses' was applied 11 times.
  - rule 'linear: always true' was applied 1 time.
  - rule 'linear: divide by GCD' was applied 32'768 times.
  - rule 'linear: empty' was applied 1 time.
  - rule 'linear: enforcement literal in expression' was applied 45 times.
  - rule 'linear: fixed or dup variables' was applied 8'230 times.
  - rule 'linear: variable substitution 2' was applied 2 times.
  - rule 'presolve: 13 unused variables removed.' was applied 1 time.
  - rule 'presolve: iteration' was applied 3 times.

Presolved satisfaction model '': (model_fingerprint: 0xb02ba2a0a871299f)
#Variables: 604 (354 primary variables)
  - 78 Booleans in [0,1]
  - 1 in [-6,3]
  - 1 in [-6,5]
  - 3 in [-5,1]
  - 3 in [-5,2]
  - 4 in [-5,3]
  - 7 in [-4,1]
  - 19 in [-4,2]
  - 8 in [-4,3]
  - 2 in [-4,4]
  - 1 in [-4,5]
  - 1 in [-4,6]
  - 20 in [-3,1]
  - 22 in [-3,2]
  - 37 in [-3,3]
  - 8 in [-3,4]
  - 3 in [-3,5]
  - 1 in [-3,6]
  - 12 in [-2,1]
  - 64 in [-2,2]
  - 35 in [-2,3]
  - 31 in [-2,4]
  - 10 in [-2,5]
  - 2 in [-2,6]
  - 34 in [-1,1]
  - 12 in [-1,2]
  - 60 in [-1,3]
  - 18 in [-1,4]
  - 14 in [-1,5]
  - 5 in [-1,6]
  - 1 in [-1,7]
  - 36 in [0,2]
  - 13 in [0,3]
  - 25 in [0,4]
  - 7 in [0,5]
  - 6 in [0,6]
#kLinear3: 521
#kLinearN: 4'125 (#terms: 98'987)
[Symmetry] Graph for symmetry has 5'842 nodes and 101'142 arcs.
[Symmetry] Symmetry computation done. time: 0.00225597 dtime: 0.00362361

Preloading model.
#Model   6.33s var:604/604 constraints:4646/4646

Starting search at 6.33s with 2 workers.
1 full problem subsolver: [default_lp]
1 first solution subsolver: [fj]
2 interleaved subsolvers: [feasibility_pump, rins/rens]
2 helper subsolvers: [neighborhood_helper, synchronization_agent]


Task timing                   n [     min,      max]      avg      dev     time         n [     min,      max]      avg      dev    dtime
        'default_lp':         1 [   9.89m,    9.89m]    9.89m   0.00ns    9.89m         2 [341.53ms,    5.40m]    2.70m    2.70m    5.40m
  'feasibility_pump':      4158 [ 43.33us, 788.87ms]  43.93ms  15.39ms    3.04m      4103 [  8.05ms, 942.32ms]   8.93ms  14.57ms   36.66s
                'fj':      3796 [ 71.08ms, 166.85ms] 108.15ms  27.49ms    6.84m      3796 [ 84.20ms, 101.60ms] 100.30ms 349.42us    6.35m
         'rins/rens':         0 [  0.00ns,   0.00ns]   0.00ns   0.00ns   0.00ns         0 [  0.00ns,   0.00ns]   0.00ns   0.00ns   0.00ns

Search stats     Bools  Conflicts  Branches  Restarts  BacktrackToRoot  Backtrack  BoolPropag  IntegerPropag
  'default_lp':     78     19'792    77'569       121           23'202     43'771      54'766      4'032'384

SAT formula      Fixed  Equiv  Total  VarLeft  BinaryClauses  PermanentClauses  TemporaryClauses
  'default_lp':      0      0     78       78              0                38             9'873

SAT stats        ClassicMinim  LitRemoved  LitRemovedBinary  LitLearned  LitForgotten  Subsumed
  'default_lp':         9'683      42'117                 0     432'025        74'137     5'422

Vivification     Clauses  Decisions  LitTrue  Subsumed  LitRemoved  DecisionReused  Conflicts
  'default_lp':    5'994     27'769        0         3          20           5'541          0

Clause deletion    at_true  l_and_not(l)  to_binary  sub_conflict  sub_extra  sub_decisions  sub_eager  sub_vivify  sub_probing  sub_inpro  blocked  eliminated  forgotten  promoted  conflicts
    'default_lp':        0             0          0         5'193        244            924        229           3            0         51        0           0      3'237    42'690     19'792

Lp stats         Component  Iterations  AddedCuts  OPTIMAL  DUAL_F.  DUAL_U.
  'default_lp':          1   1'563'106      6'082   44'278       12   17'496

Lp dimension       Final dimension of first component
  'default_lp':  995 rows, 604 columns, 16089 entries

Lp debug         CutPropag  CutEqPropag  Adjust  Overflow      Bad  BadScaling
  'default_lp':          0           35  16'361         0  119'217           0

Lp pool          Constraints  Updates  Simplif  Merged  Shortened  Split  Strengthened    Cuts/Call
  'default_lp':       10'728    2'583        0       0          0      0             0  6'082/9'326

Lp Cut           default_lp
         CG_FF:         326
          CG_K:         408
          CG_R:       1'003
         CG_RB:       1'249
        CG_RBP:       1'149
            IB:         347
       MIR_2_R:           1
     MIR_2_RBP:          13
      MIR_3_RB:           2
     MIR_3_RBP:           6
      MIR_4_RB:           1
     MIR_4_RBP:           1
      MIR_5_RB:           2
     MIR_5_RBP:           1
     MIR_6_RBP:           2
  ZERO_HALF_FF:           2
   ZERO_HALF_R:       1'569

LNS stats       Improv/Calls  Closed  Difficulty  TimeLimit
  'rins/rens':           0/0      0%    5.00e-01       0.10

LS stats                                    Batches  Restarts/Perturbs  LinMoves  GenMoves  CompoundMoves  Bactracks  WeightUpdates  ScoreComputed
                             'fj_restart':      257                 62    76'315         0              0          0          4'792      6'784'650
                    'fj_restart_compound':      159                 56         0    78'488         42'024     17'790             18      3'938'921
                'fj_restart_compound_obj':      145                 43         0    68'182         33'442     17'073             16      3'591'819
            'fj_restart_compound_perturb':      222                 62         0   105'264         48'272     28'108             34      5'482'294
        'fj_restart_compound_perturb_obj':      231                 51         0   103'562         40'994     30'993             32      5'705'129
                       'fj_restart_decay':      330                 65   134'938         0              0          0          2'255      9'104'071
              'fj_restart_decay_compound':      345                 64         0   150'237         55'307     47'049             43      8'568'176
          'fj_restart_decay_compound_obj':      294                 48         0   121'427         41'793     39'512             32      7'396'254
      'fj_restart_decay_compound_perturb':      365                 51         0   137'211         43'550     46'398             33      9'715'818
  'fj_restart_decay_compound_perturb_obj':      259                 68         0   120'565         55'244     32'271             32      6'502'116
                   'fj_restart_decay_obj':      221                 62    94'261         0              0          0          1'535      5'993'706
               'fj_restart_decay_perturb':      321                 68   133'907         0              0          0          2'252      8'753'626
           'fj_restart_decay_perturb_obj':      167                 62    74'309         0              0          0          1'110      4'522'476
                         'fj_restart_obj':      167                 51    55'886         0              0          0          1'952      4'442'488
                     'fj_restart_perturb':      188                 66    68'541         0              0          0          2'168      4'948'994
                 'fj_restart_perturb_obj':      125                 56    48'874         0              0          0          1'218      3'309'686

Solution repositories    Added  Queried  Synchro
    'alternative_path':      0        0        0
      'best_solutions':      0        0        0
   'fj solution hints':    927        0      927
        'lp solutions':      0        0        0
                'pump':      0        0

Clauses shared    #Exported  #Imported  #BinaryRead  #BinaryTotal
   'default_lp':          9          0            0             0

LRAT_status: NA
CpSolverResponse summary:
status: UNKNOWN
objective: NA
best_bound: NA
integers: 604
booleans: 78
conflicts: 19792
branches: 77569
propagations: 54766
integer_propagations: 4032384
restarts: 121
lp_iterations: 1563106
walltime: 600.007
usertime: 600.007
deterministic_time: 742.026
gap_integral: 0

status=UNKNOWN objective=0.0 best_bound=0.0 conflicts=19792 branches=77569 wall=600.006826s elapsed=600.007557s
wrote computations/results/cpsat_m15_cap25_degree3.json
