
Starting CP-SAT solver v9.15.6755
Parameters: max_time_in_seconds: 120 log_search_progress: true num_search_workers: 4 log_to_stdout: true

Initial satisfaction model '': (model_fingerprint: 0xade42e54c8427db8)
#Variables: 36 (35 primary variables)
  - 36 Booleans in [0,1]
#kLinear1: 1
#kLinear2: 7
#kLinearN: 1'032 (#terms: 36'976)

Starting presolve at 0.00s
  1.70e-03s  0.00e+00d  [DetectDominanceRelations]
  1.96e-02s  0.00e+00d  [PresolveToFixPoint] #num_loops=2 #num_dual_strengthening=1
  1.01e-05s  0.00e+00d  [ExtractEncodingFromLinear]
  1.52e-03s  0.00e+00d  [DetectDuplicateColumns]
  1.01e-03s  0.00e+00d  [DetectDuplicateConstraints] #duplicates=768
[Symmetry] Graph for symmetry has 342 nodes and 9'119 arcs.
[Symmetry] Symmetry computation done. time: 0.00031982 dtime: 0.00067203
[SAT presolve] num removable Booleans: 0 / 35
[SAT presolve] num trivial clauses: 0
[SAT presolve] [0s] clauses:6 literals:12 vars:7 one_side_vars:2 simple_definition:5 singleton_clauses:0
[SAT presolve] [2.2048e-05s] clauses:6 literals:12 vars:7 one_side_vars:2 simple_definition:5 singleton_clauses:0
[SAT presolve] [2.7337e-05s] clauses:6 literals:12 vars:7 one_side_vars:2 simple_definition:5 singleton_clauses:0
  3.37e-05s  0.00e+00d  [DetectDuplicateConstraintsWithDifferentEnforcements]
  1.85e-03s  7.52e-04d  [Probe] #probed=70 #new_binary_clauses=7
  2.91e-05s  1.15e-06d  [MaxClique]
  3.68e-04s  0.00e+00d  [DetectDominanceRelations]
  2.73e-03s  0.00e+00d  [PresolveToFixPoint] #num_loops=1 #num_dual_strengthening=1
  1.37e-03s  0.00e+00d  [ProcessAtMostOneAndLinear]
  3.60e-05s  0.00e+00d  [DetectDuplicateConstraints]
  2.07e-05s  0.00e+00d  [DetectDuplicateConstraintsWithDifferentEnforcements]
  5.57e-02s  3.61e-03d  [DetectDominatedLinearConstraints] #relevant_constraints=264 #num_inclusions=34'688
  5.61e-05s  0.00e+00d  [DetectDifferentVariables]
  2.09e-04s  1.82e-05d  [ProcessSetPPC] #relevant_constraints=270
  5.52e-05s  0.00e+00d  [TransformClausesToExactlyOne] #num_amos=6
  4.43e-06s  0.00e+00d  [DetectEncodedComplexDomains]
  4.39e-06s  0.00e+00d  [FindAlmostIdenticalLinearConstraints]
  6.74e-04s  5.51e-04d  [FindBigAtMostOneAndLinearOverlap] #blocks=3 #saved_nz=378
  7.96e-03s  2.43e-03d  [FindBigVerticalLinearOverlap] #blocks=35 #saved_nz=3'907
  6.98e-05s  2.33e-05d  [FindBigHorizontalLinearOverlap] #linears=264
  1.53e-05s  0.00e+00d  [MergeClauses]
  2.27e-04s  0.00e+00d  [DetectDominanceRelations]
  3.14e-03s  0.00e+00d  [PresolveToFixPoint] #num_loops=2 #num_dual_strengthening=1
  2.22e-04s  0.00e+00d  [DetectDominanceRelations]
  1.70e-03s  0.00e+00d  [PresolveToFixPoint] #num_loops=1 #num_dual_strengthening=1
  1.41e-04s  0.00e+00d  [DetectDuplicateColumns]
  3.33e-05s  0.00e+00d  [DetectDuplicateConstraints]
[Symmetry] Graph for symmetry has 451 nodes and 4'864 arcs.
[Symmetry] Symmetry computation done. time: 0.000215555 dtime: 0.00019493
[SAT presolve] num removable Booleans: 0 / 38
[SAT presolve] num trivial clauses: 0
[SAT presolve] [0s] clauses:3 literals:6 vars:5 one_side_vars:4 simple_definition:1 singleton_clauses:0
[SAT presolve] [1.5257e-05s] clauses:3 literals:6 vars:5 one_side_vars:4 simple_definition:1 singleton_clauses:0
[SAT presolve] [3.0849e-05s] clauses:3 literals:6 vars:5 one_side_vars:4 simple_definition:1 singleton_clauses:0
  2.73e-05s  0.00e+00d  [DetectDuplicateConstraintsWithDifferentEnforcements]
  3.18e-03s  6.45e-04d  [Probe] #probed=76 #new_binary_clauses=7
  1.93e-05s  6.87e-07d  [MaxClique]
  2.47e-04s  0.00e+00d  [DetectDominanceRelations]
  1.70e-03s  0.00e+00d  [PresolveToFixPoint] #num_loops=1 #num_dual_strengthening=1
  9.06e-04s  0.00e+00d  [ProcessAtMostOneAndLinear]
  2.32e-05s  0.00e+00d  [DetectDuplicateConstraints]
  1.82e-05s  0.00e+00d  [DetectDuplicateConstraintsWithDifferentEnforcements]
  2.26e-04s  3.05e-05d  [DetectDominatedLinearConstraints] #relevant_constraints=299
  5.18e-05s  0.00e+00d  [DetectDifferentVariables]
  1.07e-04s  1.62e-06d  [ProcessSetPPC] #relevant_constraints=194
  4.55e-05s  0.00e+00d  [TransformClausesToExactlyOne] #num_amos=3
  7.60e-06s  0.00e+00d  [DetectEncodedComplexDomains]
  2.25e-05s  1.20e-07d  [FindAlmostIdenticalLinearConstraints] #num_tested_pairs=8
  7.26e-05s  5.11e-05d  [FindBigAtMostOneAndLinearOverlap]
  2.24e-03s  8.18e-04d  [FindBigVerticalLinearOverlap] #blocks=2 #saved_nz=218
  4.77e-05s  2.22e-05d  [FindBigHorizontalLinearOverlap] #linears=264
  9.89e-06s  0.00e+00d  [MergeClauses]
  2.38e-04s  0.00e+00d  [DetectDominanceRelations]
  2.48e-03s  0.00e+00d  [PresolveToFixPoint] #num_loops=2 #num_dual_strengthening=1
  2.18e-04s  0.00e+00d  [DetectDominanceRelations]
  1.63e-03s  0.00e+00d  [PresolveToFixPoint] #num_loops=1 #num_dual_strengthening=1
  1.42e-04s  0.00e+00d  [DetectDuplicateColumns]
  3.51e-05s  0.00e+00d  [DetectDuplicateConstraints]
[Symmetry] Graph for symmetry has 457 nodes and 4'648 arcs.
[Symmetry] Symmetry computation done. time: 0.000218063 dtime: 0.0001951
[SAT presolve] num removable Booleans: 0 / 38
[SAT presolve] num trivial clauses: 0
[SAT presolve] [0s] clauses:3 literals:6 vars:5 one_side_vars:4 simple_definition:1 singleton_clauses:0
[SAT presolve] [1.7331e-05s] clauses:3 literals:6 vars:5 one_side_vars:4 simple_definition:1 singleton_clauses:0
[SAT presolve] [2.3933e-05s] clauses:3 literals:6 vars:5 one_side_vars:4 simple_definition:1 singleton_clauses:0
  3.52e-05s  0.00e+00d  [DetectDuplicateConstraintsWithDifferentEnforcements]
  3.09e-03s  6.16e-04d  [Probe] #probed=76 #new_binary_clauses=7
  3.05e-05s  6.87e-07d  [MaxClique]
  2.09e-04s  0.00e+00d  [DetectDominanceRelations]
  1.65e-03s  0.00e+00d  [PresolveToFixPoint] #num_loops=1 #num_dual_strengthening=1
  8.49e-04s  0.00e+00d  [ProcessAtMostOneAndLinear]
  3.23e-05s  0.00e+00d  [DetectDuplicateConstraints]
  1.94e-05s  0.00e+00d  [DetectDuplicateConstraintsWithDifferentEnforcements]
  1.98e-04s  2.99e-05d  [DetectDominatedLinearConstraints] #relevant_constraints=301
  5.25e-05s  0.00e+00d  [DetectDifferentVariables]
  1.18e-04s  4.17e-07d  [ProcessSetPPC] #relevant_constraints=58
  4.77e-05s  0.00e+00d  [TransformClausesToExactlyOne] #num_amos=3
  7.67e-06s  0.00e+00d  [DetectEncodedComplexDomains]
  1.59e-05s  2.70e-07d  [FindAlmostIdenticalLinearConstraints] #num_tested_pairs=18
  7.98e-05s  4.89e-05d  [FindBigAtMostOneAndLinearOverlap]
  2.03e-03s  7.84e-04d  [FindBigVerticalLinearOverlap] #blocks=1 #saved_nz=45
  7.56e-05s  2.20e-05d  [FindBigHorizontalLinearOverlap] #linears=264
  1.02e-05s  0.00e+00d  [MergeClauses]
  2.20e-04s  0.00e+00d  [DetectDominanceRelations]
  2.01e-03s  0.00e+00d  [PresolveToFixPoint] #num_loops=2 #num_dual_strengthening=1
  2.61e-06s  0.00e+00d  [MergeNoOverlap]
  2.60e-06s  0.00e+00d  [MergeNoOverlap2D]

Presolve summary:
  - 0 affine relations were detected.
  - rule 'TODO linear matrix: reuse defining constraint' was applied 3 times.
  - rule 'at_most_one: size one' was applied 3 times.
  - rule 'bool_or: implications' was applied 6 times.
  - rule 'duplicate: merged rhs of linear constraint' was applied 768 times.
  - rule 'duplicate: removed constraint' was applied 768 times.
  - rule 'linear matrix: common amo rectangle' was applied 3 times.
  - rule 'linear matrix: common vertical rectangle' was applied 38 times.
  - rule 'linear1: x in domain' was applied 1 time.
  - rule 'linear2: convert ax + by != cte to clauses' was applied 6 times.
  - rule 'linear: always true' was applied 1 time.
  - rule 'linear: divide by GCD' was applied 1'024 times.
  - rule 'linear: variable substitution 3' was applied 1 time.
  - rule 'new_bool: with clause' was applied 3 times.
  - rule 'presolve: 1 unused variables removed.' was applied 1 time.
  - rule 'presolve: iteration' was applied 3 times.

Presolved satisfaction model '': (model_fingerprint: 0x13e3784d3079387e)
#Variables: 75 (51 primary variables)
  - 38 Booleans in [0,1]
  - 2 in [-2,2]
  - 15 in [-1,1]
  - 2 in [-1,2]
  - 17 in [0,2]
  - 1 in [0,4]
#kBoolAnd: 3 (#enforced: 3) (#literals: 6)
#kExactlyOne: 3 (#literals: 9)
#kLinear3: 34
#kLinearN: 267 (#terms: 4'409)
[Symmetry] Graph for symmetry has 456 nodes and 4'603 arcs.
[Symmetry] Symmetry computation done. time: 0.000150031 dtime: 0.00019318

Preloading model.
#Model   0.13s var:75/75 constraints:307/307

Starting search at 0.13s with 4 workers.
3 full problem subsolvers: [default_lp, max_lp, no_lp]
1 first solution subsolver: [fj]
2 interleaved subsolvers: [feasibility_pump, rins/rens]
2 helper subsolvers: [neighborhood_helper, synchronization_agent]

#Done    0.22s default_lp

Task timing                   n [     min,      max]      avg      dev     time         n [     min,      max]      avg      dev    dtime
        'default_lp':         1 [ 83.44ms,  83.44ms]  83.44ms   0.00ns  83.44ms         1 [ 34.21ms,  34.21ms]  34.21ms   0.00ns  34.21ms
  'feasibility_pump':         1 [  2.06ms,   2.06ms]   2.06ms   0.00ns   2.06ms         0 [  0.00ns,   0.00ns]   0.00ns   0.00ns   0.00ns
                'fj':         1 [ 78.62ms,  78.62ms]  78.62ms   0.00ns  78.62ms         1 [ 65.16ms,  65.16ms]  65.16ms   0.00ns  65.16ms
            'max_lp':         1 [ 83.82ms,  83.82ms]  83.82ms   0.00ns  83.82ms         2 [  6.10ms,  37.47ms]  21.78ms  15.69ms  43.57ms
             'no_lp':         1 [ 83.85ms,  83.85ms]  83.85ms   0.00ns  83.85ms         2 [608.83us,  10.62ms]   5.62ms   5.01ms  11.23ms
         'rins/rens':         0 [  0.00ns,   0.00ns]   0.00ns   0.00ns   0.00ns         0 [  0.00ns,   0.00ns]   0.00ns   0.00ns   0.00ns

Search stats     Bools  Conflicts  Branches  Restarts  BacktrackToRoot  Backtrack  BoolPropag  IntegerPropag
  'default_lp':     38         21       448         0              322        398         408          2'508
      'max_lp':     38         13       389         0              269        329         378          2'271
       'no_lp':     38        615     1'295         7              263        928       1'363         10'636

SAT formula      Fixed  Equiv  Total  VarLeft  BinaryClauses  PermanentClauses  TemporaryClauses
  'default_lp':      8      0     38       30              8                 1                 0
      'max_lp':      6      1     38       31             10                 2                 0
       'no_lp':      8      1     38       29             36                -8               249

SAT stats        ClassicMinim  LitRemoved  LitRemovedBinary  LitLearned  LitForgotten  Subsumed
  'default_lp':            10          23                44          77             0        11
      'max_lp':            11          32                 2          56             0         7
       'no_lp':           495       1'657             2'558       9'579             0       338

Vivification     Clauses  Decisions  LitTrue  Subsumed  LitRemoved  DecisionReused  Conflicts
  'default_lp':       36         70        0         0           6              25          0
      'max_lp':       28         79        0         0           0               2          0
       'no_lp':       20         40        0         0           0               0          0

Clause deletion    at_true  l_and_not(l)  to_binary  sub_conflict  sub_extra  sub_decisions  sub_eager  sub_vivify  sub_probing  sub_inpro  blocked  eliminated  forgotten  promoted  conflicts
    'default_lp':        4             1          2             8          0              0          3           0            0          0        0           0          0         0         21
        'max_lp':        0             4          0             3          0              0          4           0            0          0        0           0          0         0         13
         'no_lp':        0             1          0           298          0             14         40           0            0         12        0           0          0     1'189        615

Lp stats         Component  Iterations  AddedCuts  OPTIMAL  DUAL_F.  DUAL_U.
  'default_lp':          1         928        158       48        0       21
      'max_lp':          1         563        130       10       12       13

Lp dimension     Final dimension of first component
  'default_lp':  261 rows, 75 columns, 3930 entries
      'max_lp':  385 rows, 75 columns, 7274 entries

Lp debug         CutPropag  CutEqPropag  Adjust  Overflow  Bad  BadScaling
  'default_lp':          0            0      21         0  271           0
      'max_lp':          0            0      13         0  411           0

Lp pool          Constraints  Updates  Simplif  Merged  Shortened  Split  Strengthened  Cuts/Call
  'default_lp':          462       19      331       0        415      3             0    158/198
      'max_lp':          440        8        0       0         44      0             0    130/222

Lp Cut           default_lp  max_lp
         CG_FF:          19      17
          CG_K:          15      21
          CG_R:          24      23
         CG_RB:          24      24
        CG_RBP:          24      16
            IB:          36       -
       MIR_1_K:           1       -
      MIR_2_RB:           1       -
  ZERO_HALF_FF:           6      25
   ZERO_HALF_R:           8       4

LNS stats       Improv/Calls  Closed  Difficulty  TimeLimit
  'rins/rens':           0/0      0%    5.00e-01       0.10

LS stats         Batches  Restarts/Perturbs  LinMoves  GenMoves  CompoundMoves  Bactracks  WeightUpdates  ScoreComputed
  'fj_restart':        1                  1     1'477         0              0          0            389         49'351

Solution repositories    Added  Queried  Synchro
    'alternative_path':      0        0        0
      'best_solutions':      0        0        0
   'fj solution hints':      0        0        0
        'lp solutions':      0        0        0
                'pump':      0        0

Improving bounds shared    Num  Sym
            'default_lp':   10    0
                'max_lp':    9    0

Clauses shared    #Exported  #Imported  #BinaryRead  #BinaryTotal
   'default_lp':          4          0            4             5
       'max_lp':          1          0            3             5
        'no_lp':          0          0            4             5

LRAT_status: NA
CpSolverResponse summary:
status: INFEASIBLE
objective: NA
best_bound: NA
integers: 75
booleans: 38
conflicts: 21
branches: 448
propagations: 408
integer_propagations: 2508
restarts: 0
lp_iterations: 928
walltime: 0.219956
usertime: 0.219957
deterministic_time: 0.164642
gap_integral: 0

status=INFEASIBLE objective=0.0 best_bound=0.0 conflicts=21 branches=448 wall=0.219956s elapsed=0.220480s
wrote computations/results/cpsat_m10_cap11.json
