
Starting CP-SAT solver v9.15.6755
Parameters: max_time_in_seconds: 600 log_search_progress: true num_search_workers: 2 log_to_stdout: true

Initial satisfaction model '': (model_fingerprint: 0x101cdb038a477e78)
#Variables: 91 (89 primary variables)
  - 91 Booleans in [0,1]
#kLinear1: 1
#kLinear2: 12
#kLinearN: 32'808 (#enforced: 24 #multi: 24) (#terms: 2'982'893)

Starting presolve at 0.18s
  1.41e-01s  0.00e+00d  [DetectDominanceRelations]
  1.52e+00s  0.00e+00d  [PresolveToFixPoint] #num_loops=2 #num_dual_strengthening=1
  1.56e-03s  0.00e+00d  [ExtractEncodingFromLinear] #potential_supersets=1
  1.12e-01s  0.00e+00d  [DetectDuplicateColumns]
  3.97e-01s  0.00e+00d  [DetectDuplicateConstraints] #duplicates=24'577
[Symmetry] Graph for symmetry has 8'423 nodes and 738'279 arcs.
[Symmetry] Symmetry computation done. time: 0.0179803 dtime: 0.0405973
[SAT presolve] num removable Booleans: 0 / 90
[SAT presolve] num trivial clauses: 0
[SAT presolve] [0s] clauses:11 literals:22 vars:12 one_side_vars:2 simple_definition:10 singleton_clauses:0
[SAT presolve] [1.8029e-05s] clauses:11 literals:22 vars:12 one_side_vars:2 simple_definition:10 singleton_clauses:0
[SAT presolve] [2.6749e-05s] clauses:11 literals:22 vars:12 one_side_vars:2 simple_definition:10 singleton_clauses:0
  2.42e-03s  0.00e+00d  [DetectDuplicateConstraintsWithDifferentEnforcements] #without_enforcements=11
  1.43e-01s  3.40e-02d  [Probe] #probed=167 #fixed_bools=12
  2.30e-04s  3.19e-07d  [MaxClique]
  2.39e-02s  0.00e+00d  [DetectDominanceRelations]
  2.02e-01s  0.00e+00d  [PresolveToFixPoint] #num_loops=1 #num_dual_strengthening=1
  8.86e-02s  0.00e+00d  [ProcessAtMostOneAndLinear]
  4.17e-02s  0.00e+00d  [DetectDuplicateConstraints] #duplicates=4'096
  1.98e-03s  0.00e+00d  [DetectDuplicateConstraintsWithDifferentEnforcements]
  1.41e+00s  1.00e-01d  [DetectDominatedLinearConstraints] #relevant_constraints=4'107 #num_inclusions=429'424
  1.68e-03s  0.00e+00d  [DetectDifferentVariables]
  8.45e-03s  5.70e-03d  [ProcessSetPPC] #relevant_constraints=4'119 #num_inclusions=49'152
  4.10e-04s  1.39e-06d  [TransformClausesToExactlyOne] #num_clauses=12 #num_checked=12
  3.67e-04s  0.00e+00d  [DetectEncodedComplexDomains]
  3.94e-04s  0.00e+00d  [FindAlmostIdenticalLinearConstraints]
  1.89e-06s  0.00e+00d  [FindBigAtMostOneAndLinearOverlap]
  8.07e-01s  2.11e-01d  [FindBigVerticalLinearOverlap] #blocks=241 #saved_nz=191'514
  1.74e-03s  6.37e-04d  [FindBigHorizontalLinearOverlap] #linears=4'107
  3.87e-04s  7.20e-07d  [MergeClauses]
  6.25e-03s  0.00e+00d  [DetectDominanceRelations]
  7.23e-02s  0.00e+00d  [PresolveToFixPoint] #num_loops=2 #num_dual_strengthening=1
  6.23e-03s  0.00e+00d  [DetectDominanceRelations]
  4.08e-02s  0.00e+00d  [PresolveToFixPoint] #num_loops=1 #num_dual_strengthening=1
  3.79e-03s  0.00e+00d  [DetectDuplicateColumns]
  1.32e-03s  0.00e+00d  [DetectDuplicateConstraints]
[Symmetry] Graph for symmetry has 5'002 nodes and 128'670 arcs.
[Symmetry] Symmetry computation done. time: 0.00233232 dtime: 0.004222
[SAT presolve] num removable Booleans: 0 / 78
[SAT presolve] num trivial clauses: 0
[SAT presolve] [0s] clauses:12 literals:144 vars:78 one_side_vars:78 simple_definition:0 singleton_clauses:0
[SAT presolve] [2.0105e-05s] clauses:12 literals:144 vars:78 one_side_vars:78 simple_definition:0 singleton_clauses:0
[SAT presolve] [2.7263e-05s] clauses:12 literals:144 vars:78 one_side_vars:78 simple_definition:0 singleton_clauses:0
  1.56e-03s  0.00e+00d  [DetectDuplicateConstraintsWithDifferentEnforcements]
  1.17e-01s  2.17e-02d  [Probe] #probed=156
  2.00e-04s  0.00e+00d  [MaxClique]
  6.39e-03s  0.00e+00d  [DetectDominanceRelations]
  4.17e-02s  0.00e+00d  [PresolveToFixPoint] #num_loops=1 #num_dual_strengthening=1
  2.26e-02s  0.00e+00d  [ProcessAtMostOneAndLinear]
  1.26e-03s  0.00e+00d  [DetectDuplicateConstraints]
  1.41e-03s  0.00e+00d  [DetectDuplicateConstraintsWithDifferentEnforcements]
  7.81e-03s  1.68e-03d  [DetectDominatedLinearConstraints] #relevant_constraints=4'348
  1.37e-03s  0.00e+00d  [DetectDifferentVariables]
  2.39e-03s  1.04e-05d  [ProcessSetPPC] #relevant_constraints=1'385
  2.86e-04s  1.39e-06d  [TransformClausesToExactlyOne] #num_clauses=12 #num_checked=12
  1.62e-04s  0.00e+00d  [DetectEncodedComplexDomains]
  2.85e-04s  3.72e-06d  [FindAlmostIdenticalLinearConstraints] #num_tested_pairs=248
  1.69e-06s  0.00e+00d  [FindBigAtMostOneAndLinearOverlap]
  1.26e-01s  4.00e-02d  [FindBigVerticalLinearOverlap] #blocks=160 #saved_nz=17'606
  1.76e-03s  5.47e-04d  [FindBigHorizontalLinearOverlap] #linears=4'107
  5.15e-04s  7.20e-07d  [MergeClauses]
  5.61e-03s  0.00e+00d  [DetectDominanceRelations]
  6.23e-02s  0.00e+00d  [PresolveToFixPoint] #num_loops=2 #num_dual_strengthening=1
  5.65e-03s  0.00e+00d  [DetectDominanceRelations]
  3.67e-02s  0.00e+00d  [PresolveToFixPoint] #num_loops=1 #num_dual_strengthening=1
  3.43e-03s  0.00e+00d  [DetectDuplicateColumns]
  1.38e-03s  0.00e+00d  [DetectDuplicateConstraints]
[Symmetry] Graph for symmetry has 5'479 nodes and 111'221 arcs.
[Symmetry] Symmetry computation done. time: 0.00232966 dtime: 0.00384814
[SAT presolve] num removable Booleans: 0 / 78
[SAT presolve] num trivial clauses: 0
[SAT presolve] [0s] clauses:12 literals:144 vars:78 one_side_vars:78 simple_definition:0 singleton_clauses:0
[SAT presolve] [2.9525e-05s] clauses:12 literals:144 vars:78 one_side_vars:78 simple_definition:0 singleton_clauses:0
[SAT presolve] [3.7458e-05s] clauses:12 literals:144 vars:78 one_side_vars:78 simple_definition:0 singleton_clauses:0
  1.52e-03s  0.00e+00d  [DetectDuplicateConstraintsWithDifferentEnforcements]
  9.39e-02s  1.90e-02d  [Probe] #probed=156
  1.94e-04s  0.00e+00d  [MaxClique]
  5.86e-03s  0.00e+00d  [DetectDominanceRelations]
  3.71e-02s  0.00e+00d  [PresolveToFixPoint] #num_loops=1 #num_dual_strengthening=1
  1.73e-02s  0.00e+00d  [ProcessAtMostOneAndLinear]
  1.30e-03s  0.00e+00d  [DetectDuplicateConstraints]
  1.35e-03s  0.00e+00d  [DetectDuplicateConstraintsWithDifferentEnforcements]
  6.70e-03s  1.07e-03d  [DetectDominatedLinearConstraints] #relevant_constraints=4'507
  1.37e-03s  0.00e+00d  [DetectDifferentVariables]
  2.15e-03s  3.84e-06d  [ProcessSetPPC] #relevant_constraints=488
  2.93e-04s  1.39e-06d  [TransformClausesToExactlyOne] #num_clauses=12 #num_checked=12
  1.72e-04s  0.00e+00d  [DetectEncodedComplexDomains]
  3.45e-04s  1.21e-05d  [FindAlmostIdenticalLinearConstraints] #num_tested_pairs=809
  2.24e-06s  0.00e+00d  [FindBigAtMostOneAndLinearOverlap]
  9.42e-02s  2.95e-02d  [FindBigVerticalLinearOverlap] #blocks=116 #saved_nz=7'959
  1.79e-03s  5.05e-04d  [FindBigHorizontalLinearOverlap] #linears=4'107
  4.83e-04s  7.20e-07d  [MergeClauses]
  5.55e-03s  0.00e+00d  [DetectDominanceRelations]
  5.75e-02s  0.00e+00d  [PresolveToFixPoint] #num_loops=2 #num_dual_strengthening=1
  1.11e-04s  0.00e+00d  [MergeNoOverlap]
  1.13e-04s  0.00e+00d  [MergeNoOverlap2D]

Presolve summary:
  - 0 affine relations were detected.
  - rule 'TODO duplicate: duplicate columns in Boolean constraints' was applied 156 times.
  - rule 'at_most_one: empty or all false' was applied 1 time.
  - rule 'at_most_one: removed literals' was applied 1 time.
  - rule 'at_most_one: satisfied' was applied 10 times.
  - rule 'bool_or: implications' was applied 11 times.
  - rule 'duplicate: merged rhs of linear constraint' was applied 28'673 times.
  - rule 'duplicate: removed constraint' was applied 28'673 times.
  - rule 'enforcement: always false' was applied 1 time.
  - rule 'enforcement: false literal' was applied 12 times.
  - rule 'enforcement: true literal' was applied 22 times.
  - rule 'exactly_one: satisfied' was applied 1 time.
  - rule 'linear matrix: common vertical rectangle' was applied 517 times.
  - rule 'linear1: x in domain' was applied 1 time.
  - rule 'linear2: convert ax + by != cte to clauses' was applied 11 times.
  - rule 'linear: always true' was applied 2 times.
  - rule 'linear: divide by GCD' was applied 32'768 times.
  - rule 'linear: empty' was applied 1 time.
  - rule 'linear: enforcement literal in expression' was applied 45 times.
  - rule 'linear: fixed or dup variables' was applied 8'230 times.
  - rule 'linear: positive clause' was applied 12 times.
  - rule 'linear: positive equal one' was applied 1 time.
  - rule 'linear: variable substitution 2' was applied 1 time.
  - rule 'presolve: 13 unused variables removed.' was applied 1 time.
  - rule 'presolve: iteration' was applied 3 times.

Presolved satisfaction model '': (model_fingerprint: 0xabbfeb863e2d8def)
#Variables: 594 (351 primary variables)
  - 78 Booleans in [0,1]
  - 1 in [-6,1]
  - 4 in [-5,1]
  - 1 in [-5,3]
  - 5 in [-4,1]
  - 20 in [-4,2]
  - 6 in [-4,3]
  - 4 in [-4,4]
  - 25 in [-3,1]
  - 18 in [-3,2]
  - 47 in [-3,3]
  - 4 in [-3,4]
  - 2 in [-3,5]
  - 7 in [-2,1]
  - 83 in [-2,2]
  - 18 in [-2,3]
  - 40 in [-2,4]
  - 4 in [-2,5]
  - 40 in [-1,1]
  - 13 in [-1,2]
  - 58 in [-1,3]
  - 17 in [-1,4]
  - 18 in [-1,5]
  - 1 in [-1,6]
  - 36 in [0,2]
  - 9 in [0,3]
  - 27 in [0,4]
  - 3 in [0,5]
  - 4 in [0,6]
  - 1 in [0,7]
#kBoolOr: 12 (#literals: 144)
#kLinear3: 514
#kLinearN: 4'109 (#terms: 101'108)
[Symmetry] Graph for symmetry has 5'813 nodes and 103'378 arcs.
[Symmetry] Symmetry computation done. time: 0.00405737 dtime: 0.00370951

Preloading model.
#Model   6.39s var:594/594 constraints:4635/4635

Starting search at 6.39s with 2 workers.
1 full problem subsolver: [default_lp]
1 first solution subsolver: [fj]
2 interleaved subsolvers: [feasibility_pump, rins/rens]
2 helper subsolvers: [neighborhood_helper, synchronization_agent]


Task timing                   n [     min,      max]      avg      dev     time         n [     min,      max]      avg      dev    dtime
        'default_lp':         1 [   9.89m,    9.89m]    9.89m   0.00ns    9.89m         2 [341.25ms,    5.67m]    2.84m    2.83m    5.68m
  'feasibility_pump':      4031 [ 68.48us, 509.21ms]  47.14ms  11.62ms    3.17m      4029 [  8.33ms, 917.72ms]   9.22ms  14.32ms   37.16s
                'fj':      3582 [ 72.15ms, 165.99ms] 112.55ms  26.83ms    6.72m      3582 [ 74.26ms, 101.57ms] 100.34ms 507.21us    5.99m
         'rins/rens':         0 [  0.00ns,   0.00ns]   0.00ns   0.00ns   0.00ns         0 [  0.00ns,   0.00ns]   0.00ns   0.00ns   0.00ns

Search stats     Bools  Conflicts  Branches  Restarts  BacktrackToRoot  Backtrack  BoolPropag  IntegerPropag
  'default_lp':     78     15'265   169'995        65           25'999     49'143      98'250      8'120'711

SAT formula      Fixed  Equiv  Total  VarLeft  BinaryClauses  PermanentClauses  TemporaryClauses
  'default_lp':      0      0     78       78              0               431             5'528

SAT stats        ClassicMinim  LitRemoved  LitRemovedBinary  LitLearned  LitForgotten  Subsumed
  'default_lp':         8'331      31'709                 0     247'850        65'529     3'961

Vivification     Clauses  Decisions  LitTrue  Subsumed  LitRemoved  DecisionReused  Conflicts
  'default_lp':   24'899    136'758        0       107         886          25'627          3

Clause deletion    at_true  l_and_not(l)  to_binary  sub_conflict  sub_extra  sub_decisions  sub_eager  sub_vivify  sub_probing  sub_inpro  blocked  eliminated  forgotten  promoted  conflicts
    'default_lp':        0             0          0         3'744        239            533        217         107            0      1'120        0           0      3'358    33'344     15'265

Lp stats         Component  Iterations  AddedCuts  OPTIMAL  DUAL_F.  DUAL_U.
  'default_lp':          1   1'454'847      3'250   32'669       14   13'645

Lp dimension        Final dimension of first component
  'default_lp':  1211 rows, 594 columns, 25958 entries

Lp debug         CutPropag  CutEqPropag  Adjust  Overflow     Bad  BadScaling
  'default_lp':          0           41  13'259         0  63'086           0

Lp pool          Constraints  Updates  Simplif  Merged  Shortened  Split  Strengthened    Cuts/Call
  'default_lp':        7'873    1'220        0       0          0      0             0  3'250/4'937

Lp Cut          default_lp
        CG_FF:         137
         CG_K:         156
         CG_R:         529
        CG_RB:         681
       CG_RBP:         580
           IB:         318
      MIR_1_R:           2
     MIR_1_RB:           1
    MIR_1_RBP:           1
      MIR_2_R:           5
     MIR_2_RB:           3
    MIR_2_RBP:           3
      MIR_3_R:           1
     MIR_3_RB:           1
    MIR_3_RBP:           1
      MIR_4_R:           3
     MIR_4_RB:           3
    MIR_4_RBP:           2
      MIR_5_R:           2
     MIR_5_RB:           2
    MIR_5_RBP:           2
      MIR_6_R:           1
     MIR_6_RB:           2
    MIR_6_RBP:           1
  ZERO_HALF_R:         813

LNS stats       Improv/Calls  Closed  Difficulty  TimeLimit
  'rins/rens':           0/0      0%    5.00e-01       0.10

LS stats                                    Batches  Restarts/Perturbs  LinMoves  GenMoves  CompoundMoves  Bactracks  WeightUpdates  ScoreComputed
                             'fj_restart':      329                 58    87'161         0              0          0          4'133      8'380'485
                    'fj_restart_compound':      141                 39         0    62'017         29'367     16'087             19      3'369'619
                'fj_restart_compound_obj':      194                 60         0    87'529         45'924     20'416             24      4'679'227
            'fj_restart_compound_perturb':      196                 64         0    90'090         47'117     21'070             21      4'657'132
        'fj_restart_compound_perturb_obj':      360                 60         0   130'817         46'385     41'831             38      9'017'716
                       'fj_restart_decay':       68                 32    29'248         0              0          0            420      1'757'787
              'fj_restart_decay_compound':      252                 66         0   108'997         51'093     28'541             25      6'056'321
          'fj_restart_decay_compound_obj':      431                 58         0   155'945         50'552     52'380             39     10'609'039
      'fj_restart_decay_compound_perturb':      166                 56         0    77'697         42'080     17'496             13      3'977'869
  'fj_restart_decay_compound_perturb_obj':      205                 53         0    85'002         40'418     22'057             18      5'023'920
                   'fj_restart_decay_obj':      159                 43    62'100         0              0          0            970      4'171'114
               'fj_restart_decay_perturb':      171                 56    68'996         0              0          0          1'019      4'474'494
           'fj_restart_decay_perturb_obj':      222                 55    85'338         0              0          0          1'324      5'870'466
                         'fj_restart_obj':      184                 64    60'354         0              0          0          1'768      4'692'215
                     'fj_restart_perturb':      319                 73    91'880         0              0          0          3'976      8'101'890
                 'fj_restart_perturb_obj':      185                 58    57'899         0              0          0          2'213      4'661'145

Solution repositories    Added  Queried  Synchro
    'alternative_path':      0        0        0
      'best_solutions':      0        0        0
   'fj solution hints':    887        0      887
        'lp solutions':      0        0        0
                'pump':      0        0

Clauses shared    #Exported  #Imported  #BinaryRead  #BinaryTotal
   'default_lp':        222          0            0             0

LRAT_status: NA
CpSolverResponse summary:
status: UNKNOWN
objective: NA
best_bound: NA
integers: 594
booleans: 78
conflicts: 15265
branches: 169995
propagations: 98250
integer_propagations: 8120711
restarts: 65
lp_iterations: 1454847
walltime: 600.004
usertime: 600.004
deterministic_time: 737.634
gap_integral: 0

status=UNKNOWN objective=0.0 best_bound=0.0 conflicts=15265 branches=169995 wall=600.004211s elapsed=600.005027s
wrote computations/results/cpsat_m15_cap25_degree1.json
