
Starting CP-SAT solver v9.15.6755
Parameters: max_time_in_seconds: 7200 log_search_progress: true num_search_workers: 1 log_to_stdout: true

Initial satisfaction model '': (model_fingerprint: 0xf83ca245d4dd661)
#Variables: 66 (64 primary variables)
  - 66 Booleans in [0,1]
#kLinear1: 1
#kLinear2: 10
#kLinearN: 8'225 (#enforced: 20 #multi: 20) (#terms: 541'314)

Starting presolve at 0.06s
  3.81e-02s  0.00e+00d  [DetectDominanceRelations]
  4.55e-01s  0.00e+00d  [PresolveToFixPoint] #num_loops=2 #num_dual_strengthening=1
  3.37e-04s  0.00e+00d  [ExtractEncodingFromLinear] #potential_supersets=1
  2.86e-02s  0.00e+00d  [DetectDuplicateColumns]
  4.78e-02s  0.00e+00d  [DetectDuplicateConstraints] #duplicates=6'144
[Symmetry] Graph for symmetry has 2'221 nodes and 133'822 arcs.
[Symmetry] Symmetry computation done. time: 0.00264741 dtime: 0.0072569
[SAT presolve] num removable Booleans: 0 / 65
[SAT presolve] num trivial clauses: 0
[SAT presolve] [0s] clauses:9 literals:18 vars:10 one_side_vars:2 simple_definition:8 singleton_clauses:0
[SAT presolve] [1.7609e-05s] clauses:9 literals:18 vars:10 one_side_vars:2 simple_definition:8 singleton_clauses:0
[SAT presolve] [2.5688e-05s] clauses:9 literals:18 vars:10 one_side_vars:2 simple_definition:8 singleton_clauses:0
  5.86e-04s  0.00e+00d  [DetectDuplicateConstraintsWithDifferentEnforcements] #without_enforcements=9
  2.59e-02s  6.07e-03d  [Probe] #probed=119 #fixed_bools=10
  7.02e-05s  2.61e-07d  [MaxClique]
  4.30e-03s  0.00e+00d  [DetectDominanceRelations]
  3.72e-02s  0.00e+00d  [PresolveToFixPoint] #num_loops=1 #num_dual_strengthening=1
  1.59e-02s  0.00e+00d  [ProcessAtMostOneAndLinear]
INFEASIBLE: 'duplicate: false after merging'
  5.05e-04s  0.00e+00d  [DetectDuplicateConstraints] #duplicates=1'024
  4.27e-07s  0.00e+00d  [DetectEncodedComplexDomains]

Presolve summary:
  - 0 affine relations were detected.
  - rule 'at_most_one: empty or all false' was applied 1 time.
  - rule 'at_most_one: removed literals' was applied 1 time.
  - rule 'at_most_one: satisfied' was applied 8 times.
  - rule 'bool_or: implications' was applied 9 times.
  - rule 'duplicate: merged rhs of linear constraint' was applied 6'145 times.
  - rule 'duplicate: removed constraint' was applied 6'144 times.
  - rule 'enforcement: always false' was applied 1 time.
  - rule 'enforcement: false literal' was applied 10 times.
  - rule 'enforcement: true literal' was applied 18 times.
  - rule 'exactly_one: satisfied' was applied 1 time.
  - rule 'linear1: x in domain' was applied 1 time.
  - rule 'linear2: convert ax + by != cte to clauses' was applied 9 times.
  - rule 'linear: always true' was applied 2 times.
  - rule 'linear: divide by GCD' was applied 8'192 times.
  - rule 'linear: empty' was applied 1 time.
  - rule 'linear: enforcement literal in expression' was applied 37 times.
  - rule 'linear: fixed or dup variables' was applied 2'079 times.
  - rule 'linear: positive clause' was applied 10 times.
  - rule 'linear: positive equal one' was applied 1 time.
  - rule 'presolve: iteration' was applied 1 time.
Problem closed by presolve.
CpSolverResponse summary:
status: INFEASIBLE
objective: NA
best_bound: NA
integers: 0
booleans: 0
conflicts: 0
branches: 0
propagations: 0
integer_propagations: 0
restarts: 0
lp_iterations: 0
walltime: 0.771589
usertime: 0.771589
deterministic_time: 0.00606835
gap_integral: 0

status=INFEASIBLE objective=0.0 best_bound=0.0 conflicts=0 branches=0 wall=0.771589s elapsed=0.772084s
wrote computations/results/cpsat_m13_cap18_degree1.json
