
Starting CP-SAT solver v9.15.6755
Parameters: max_time_in_seconds: 600 log_search_progress: true num_search_workers: 2 log_to_stdout: true

Initial satisfaction model '': (model_fingerprint: 0x762ca19f46860501)
#Variables: 91 (89 primary variables)
  - 91 Booleans in [0,1]
#kLinear1: 1
#kLinear2: 12
#kLinearN: 32'808 (#enforced: 24 #multi: 24) (#terms: 2'982'893)

Starting presolve at 0.18s
  1.40e-01s  0.00e+00d  [DetectDominanceRelations]
  1.52e+00s  0.00e+00d  [PresolveToFixPoint] #num_loops=2 #num_dual_strengthening=1
  9.36e-04s  0.00e+00d  [ExtractEncodingFromLinear]
  1.07e-01s  0.00e+00d  [DetectDuplicateColumns]
  3.91e-01s  0.00e+00d  [DetectDuplicateConstraints] #duplicates=24'578
[Symmetry] Graph for symmetry has 8'422 nodes and 738'267 arcs.
[Symmetry] Symmetry computation done. time: 0.0187986 dtime: 0.0405964
[SAT presolve] num removable Booleans: 0 / 90
[SAT presolve] num trivial clauses: 0
[SAT presolve] [0s] clauses:11 literals:22 vars:12 one_side_vars:2 simple_definition:10 singleton_clauses:0
[SAT presolve] [2.2244e-05s] clauses:11 literals:22 vars:12 one_side_vars:2 simple_definition:10 singleton_clauses:0
[SAT presolve] [3.1195e-05s] clauses:11 literals:22 vars:12 one_side_vars:2 simple_definition:10 singleton_clauses:0
  2.50e-03s  0.00e+00d  [DetectDuplicateConstraintsWithDifferentEnforcements] #without_enforcements=11
  1.45e-01s  3.72e-02d  [Probe] #probed=166 #fixed_bools=12
  2.99e-04s  3.19e-07d  [MaxClique]
  2.29e-02s  0.00e+00d  [DetectDominanceRelations]
  2.01e-01s  0.00e+00d  [PresolveToFixPoint] #num_loops=1 #num_dual_strengthening=1
  8.96e-02s  0.00e+00d  [ProcessAtMostOneAndLinear]
  4.07e-02s  0.00e+00d  [DetectDuplicateConstraints] #duplicates=4'096
  1.94e-03s  0.00e+00d  [DetectDuplicateConstraintsWithDifferentEnforcements]
  1.39e+00s  1.00e-01d  [DetectDominatedLinearConstraints] #relevant_constraints=4'118 #num_inclusions=435'035
  1.67e-03s  0.00e+00d  [DetectDifferentVariables]
  7.00e-03s  1.48e-03d  [ProcessSetPPC] #relevant_constraints=4'120 #num_inclusions=8'192
  3.98e-04s  2.42e-07d  [TransformClausesToExactlyOne] #num_clauses=2 #num_checked=2
  3.19e-04s  0.00e+00d  [DetectEncodedComplexDomains]
  3.66e-04s  0.00e+00d  [FindAlmostIdenticalLinearConstraints]
  2.11e-06s  0.00e+00d  [FindBigAtMostOneAndLinearOverlap]
  8.14e-01s  2.12e-01d  [FindBigVerticalLinearOverlap] #blocks=241 #saved_nz=192'309
  1.81e-03s  6.34e-04d  [FindBigHorizontalLinearOverlap] #linears=4'118
  4.54e-04s  1.20e-07d  [MergeClauses]
  6.35e-03s  0.00e+00d  [DetectDominanceRelations]
  7.22e-02s  0.00e+00d  [PresolveToFixPoint] #num_loops=2 #num_dual_strengthening=1
  6.33e-03s  0.00e+00d  [DetectDominanceRelations]
  4.14e-02s  0.00e+00d  [PresolveToFixPoint] #num_loops=1 #num_dual_strengthening=1
  3.85e-03s  0.00e+00d  [DetectDuplicateColumns]
  1.29e-03s  0.00e+00d  [DetectDuplicateConstraints]
[Symmetry] Graph for symmetry has 4'999 nodes and 127'883 arcs.
[Symmetry] Symmetry computation done. time: 0.00236216 dtime: 0.00419395
[SAT presolve] num removable Booleans: 0 / 78
[SAT presolve] num trivial clauses: 0
[SAT presolve] [0s] clauses:2 literals:24 vars:23 one_side_vars:23 simple_definition:0 singleton_clauses:0
[SAT presolve] [2.0384e-05s] clauses:2 literals:24 vars:23 one_side_vars:23 simple_definition:0 singleton_clauses:0
[SAT presolve] [2.8654e-05s] clauses:2 literals:24 vars:23 one_side_vars:23 simple_definition:0 singleton_clauses:0
  1.66e-03s  0.00e+00d  [DetectDuplicateConstraintsWithDifferentEnforcements]
  1.00e-01s  2.16e-02d  [Probe] #probed=156
  2.13e-04s  0.00e+00d  [MaxClique]
  6.67e-03s  0.00e+00d  [DetectDominanceRelations]
  4.32e-02s  0.00e+00d  [PresolveToFixPoint] #num_loops=1 #num_dual_strengthening=1
  2.49e-02s  0.00e+00d  [ProcessAtMostOneAndLinear]
  1.38e-03s  0.00e+00d  [DetectDuplicateConstraints]
  1.59e-03s  0.00e+00d  [DetectDuplicateConstraintsWithDifferentEnforcements]
  8.38e-03s  1.68e-03d  [DetectDominatedLinearConstraints] #relevant_constraints=4'358
  1.48e-03s  0.00e+00d  [DetectDifferentVariables]
  2.44e-03s  8.04e-06d  [ProcessSetPPC] #relevant_constraints=1'155
  4.53e-04s  2.42e-07d  [TransformClausesToExactlyOne] #num_clauses=2 #num_checked=2
  3.41e-04s  0.00e+00d  [DetectEncodedComplexDomains]
  4.41e-04s  3.28e-06d  [FindAlmostIdenticalLinearConstraints] #num_tested_pairs=218
  2.26e-06s  0.00e+00d  [FindBigAtMostOneAndLinearOverlap]
  1.24e-01s  3.95e-02d  [FindBigVerticalLinearOverlap] #blocks=155 #saved_nz=15'179
  1.78e-03s  5.56e-04d  [FindBigHorizontalLinearOverlap] #linears=4'118
  4.53e-04s  1.20e-07d  [MergeClauses]
  5.81e-03s  0.00e+00d  [DetectDominanceRelations]
  6.37e-02s  0.00e+00d  [PresolveToFixPoint] #num_loops=2 #num_dual_strengthening=1
  5.89e-03s  0.00e+00d  [DetectDominanceRelations]
  3.76e-02s  0.00e+00d  [PresolveToFixPoint] #num_loops=1 #num_dual_strengthening=1
  4.35e-03s  0.00e+00d  [DetectDuplicateColumns]
  1.31e-03s  0.00e+00d  [DetectDuplicateConstraints]
[Symmetry] Graph for symmetry has 5'464 nodes and 112'859 arcs.
[Symmetry] Symmetry computation done. time: 0.00226332 dtime: 0.00389113
[SAT presolve] num removable Booleans: 0 / 78
[SAT presolve] num trivial clauses: 0
[SAT presolve] [0s] clauses:2 literals:24 vars:23 one_side_vars:23 simple_definition:0 singleton_clauses:0
[SAT presolve] [1.8717e-05s] clauses:2 literals:24 vars:23 one_side_vars:23 simple_definition:0 singleton_clauses:0
[SAT presolve] [2.7348e-05s] clauses:2 literals:24 vars:23 one_side_vars:23 simple_definition:0 singleton_clauses:0
  1.73e-03s  0.00e+00d  [DetectDuplicateConstraintsWithDifferentEnforcements]
  9.97e-02s  1.93e-02d  [Probe] #probed=156
  2.75e-04s  0.00e+00d  [MaxClique]
  5.70e-03s  0.00e+00d  [DetectDominanceRelations]
  3.92e-02s  0.00e+00d  [PresolveToFixPoint] #num_loops=1 #num_dual_strengthening=1
  1.87e-02s  0.00e+00d  [ProcessAtMostOneAndLinear]
  1.20e-03s  0.00e+00d  [DetectDuplicateConstraints]
  1.37e-03s  0.00e+00d  [DetectDuplicateConstraintsWithDifferentEnforcements]
  6.34e-03s  1.09e-03d  [DetectDominatedLinearConstraints] #relevant_constraints=4'513
  1.31e-03s  0.00e+00d  [DetectDifferentVariables]
  2.06e-03s  4.04e-06d  [ProcessSetPPC] #relevant_constraints=556
  3.01e-04s  2.42e-07d  [TransformClausesToExactlyOne] #num_clauses=2 #num_checked=2
  1.93e-04s  0.00e+00d  [DetectEncodedComplexDomains]
  3.57e-04s  1.19e-05d  [FindAlmostIdenticalLinearConstraints] #num_tested_pairs=796
  2.20e-06s  0.00e+00d  [FindBigAtMostOneAndLinearOverlap]
  9.34e-02s  3.04e-02d  [FindBigVerticalLinearOverlap] #blocks=117 #saved_nz=8'550
  2.20e-03s  5.11e-04d  [FindBigHorizontalLinearOverlap] #linears=4'118
  7.59e-04s  1.20e-07d  [MergeClauses]
  5.58e-03s  0.00e+00d  [DetectDominanceRelations]
  5.76e-02s  0.00e+00d  [PresolveToFixPoint] #num_loops=2 #num_dual_strengthening=1
  1.09e-04s  0.00e+00d  [MergeNoOverlap]
  1.10e-04s  0.00e+00d  [MergeNoOverlap2D]

Presolve summary:
  - 0 affine relations were detected.
  - rule 'TODO duplicate: duplicate columns in Boolean constraints' was applied 46 times.
  - rule 'at_most_one: empty or all false' was applied 1 time.
  - rule 'at_most_one: removed literals' was applied 1 time.
  - rule 'at_most_one: satisfied' was applied 10 times.
  - rule 'bool_or: implications' was applied 11 times.
  - rule 'duplicate: merged rhs of linear constraint' was applied 28'674 times.
  - rule 'duplicate: removed constraint' was applied 28'674 times.
  - rule 'enforcement: always false' was applied 1 time.
  - rule 'enforcement: false literal' was applied 12 times.
  - rule 'enforcement: true literal' was applied 22 times.
  - rule 'linear matrix: common vertical rectangle' was applied 513 times.
  - rule 'linear1: x in domain' was applied 1 time.
  - rule 'linear2: convert ax + by != cte to clauses' was applied 11 times.
  - rule 'linear: always true' was applied 1 time.
  - rule 'linear: divide by GCD' was applied 32'768 times.
  - rule 'linear: empty' was applied 1 time.
  - rule 'linear: enforcement literal in expression' was applied 45 times.
  - rule 'linear: fixed or dup variables' was applied 8'230 times.
  - rule 'linear: positive clause' was applied 2 times.
  - rule 'linear: variable substitution 2' was applied 1 time.
  - rule 'presolve: 13 unused variables removed.' was applied 1 time.
  - rule 'presolve: iteration' was applied 3 times.

Presolved satisfaction model '': (model_fingerprint: 0xdc81c7bf3ead01cd)
#Variables: 590 (361 primary variables)
  - 78 Booleans in [0,1]
  - 1 in [-6,1]
  - 4 in [-5,1]
  - 4 in [-5,2]
  - 3 in [-5,3]
  - 9 in [-4,1]
  - 24 in [-4,2]
  - 7 in [-4,3]
  - 1 in [-4,4]
  - 25 in [-3,1]
  - 17 in [-3,2]
  - 37 in [-3,3]
  - 7 in [-3,4]
  - 3 in [-3,5]
  - 1 in [-3,8]
  - 12 in [-2,1]
  - 65 in [-2,2]
  - 24 in [-2,3]
  - 27 in [-2,4]
  - 8 in [-2,5]
  - 1 in [-2,6]
  - 35 in [-1,1]
  - 16 in [-1,2]
  - 72 in [-1,3]
  - 17 in [-1,4]
  - 17 in [-1,5]
  - 2 in [-1,6]
  - 1 in [-1,7]
  - 36 in [0,2]
  - 11 in [0,3]
  - 19 in [0,4]
  - 2 in [0,5]
  - 4 in [0,6]
#kBoolOr: 2 (#literals: 24)
#kLinear3: 510
#kLinearN: 4'120 (#terms: 102'293)
[Symmetry] Graph for symmetry has 5'801 nodes and 104'426 arcs.
[Symmetry] Symmetry computation done. time: 0.00226238 dtime: 0.00372611

Preloading model.
#Model   6.37s var:590/590 constraints:4632/4632

Starting search at 6.37s with 2 workers.
1 full problem subsolver: [default_lp]
1 first solution subsolver: [fj]
2 interleaved subsolvers: [feasibility_pump, rins/rens]
2 helper subsolvers: [neighborhood_helper, synchronization_agent]


Task timing                   n [     min,      max]      avg      dev     time         n [     min,      max]      avg      dev    dtime
        'default_lp':         1 [   9.89m,    9.89m]    9.89m   0.00ns    9.89m         2 [319.15ms,    5.35m]    2.68m    2.67m    5.36m
  'feasibility_pump':      4072 [ 66.03us, 808.64ms]  45.66ms  15.14ms    3.10m      4070 [  8.29ms, 924.94ms]   9.10ms  14.36ms   37.05s
                'fj':      3689 [ 22.87ms, 177.01ms] 110.38ms  26.46ms    6.79m      3689 [ 10.73ms, 101.63ms] 100.32ms   1.50ms    6.17m
         'rins/rens':         0 [  0.00ns,   0.00ns]   0.00ns   0.00ns   0.00ns         0 [  0.00ns,   0.00ns]   0.00ns   0.00ns   0.00ns

Search stats     Bools  Conflicts  Branches  Restarts  BacktrackToRoot  Backtrack  BoolPropag  IntegerPropag
  'default_lp':     78     16'682   142'616       139           39'512     59'644      59'289      5'975'699

SAT formula      Fixed  Equiv  Total  VarLeft  BinaryClauses  PermanentClauses  TemporaryClauses
  'default_lp':      0      0     78       78              0               123             8'750

SAT stats        ClassicMinim  LitRemoved  LitRemovedBinary  LitLearned  LitForgotten  Subsumed
  'default_lp':         8'956      32'748                 0     359'501        74'699     3'217

Vivification     Clauses  Decisions  LitTrue  Subsumed  LitRemoved  DecisionReused  Conflicts
  'default_lp':   21'583     90'858        0        10          64           6'161          0

Clause deletion    at_true  l_and_not(l)  to_binary  sub_conflict  sub_extra  sub_decisions  sub_eager  sub_vivify  sub_probing  sub_inpro  blocked  eliminated  forgotten  promoted  conflicts
    'default_lp':        0             0          0         2'967        170            577        250          10            0         62        0           0      3'775    36'390     16'682

Lp stats         Component  Iterations  AddedCuts  OPTIMAL  DUAL_F.  DUAL_U.
  'default_lp':          1   1'393'522      6'961   40'741        1   15'336

Lp dimension        Final dimension of first component
  'default_lp':  1164 rows, 590 columns, 18948 entries

Lp debug         CutPropag  CutEqPropag  Adjust  Overflow      Bad  BadScaling
  'default_lp':          0           68  15'090         0  132'429           0

Lp pool          Constraints  Updates  Simplif  Merged  Shortened  Split  Strengthened     Cuts/Call
  'default_lp':       11'591    2'546        0       0          0      0             0  6'961/10'619

Lp Cut           default_lp
         CG_FF:         393
          CG_K:         466
          CG_R:       1'182
         CG_RB:       1'446
        CG_RBP:       1'324
            IB:         311
       MIR_1_R:           4
      MIR_1_RB:           2
       MIR_2_R:          18
      MIR_2_RB:          11
     MIR_2_RBP:           5
       MIR_3_R:           8
      MIR_3_RB:           2
     MIR_3_RBP:           3
       MIR_4_R:          16
      MIR_4_RB:          10
     MIR_4_RBP:           2
       MIR_5_R:          13
      MIR_5_RB:           5
     MIR_5_RBP:           3
       MIR_6_R:           4
      MIR_6_RB:           2
  ZERO_HALF_FF:           9
   ZERO_HALF_R:       1'722

LNS stats       Improv/Calls  Closed  Difficulty  TimeLimit
  'rins/rens':           0/0      0%    5.00e-01       0.10

LS stats                                    Batches  Restarts/Perturbs  LinMoves  GenMoves  CompoundMoves  Bactracks  WeightUpdates  ScoreComputed
                             'fj_restart':      229                 63    70'316         0              0          0          2'879      5'790'473
                    'fj_restart_compound':      465                 68         0   169'008         56'995     55'498             54     11'267'437
                'fj_restart_compound_obj':      290                 66         0   118'184         52'046     32'702             30      6'956'807
            'fj_restart_compound_perturb':      185                 49         0    79'365         38'643     20'079             24      4'405'514
        'fj_restart_compound_perturb_obj':      108                 44         0    52'638         31'637     10'223              8      2'567'873
                       'fj_restart_decay':      195                 70    78'119         0              0          0          1'153      5'129'362
              'fj_restart_decay_compound':      133                 53         0    64'589         38'460     12'731              9      3'165'197
          'fj_restart_decay_compound_obj':      166                 52         0    74'033         39'505     16'932             13      3'990'595
      'fj_restart_decay_compound_perturb':      203                 62         0    93'303         47'510     22'450             22      4'785'966
  'fj_restart_decay_compound_perturb_obj':      133                 40         0    62'213         31'013     15'285             15      3'125'381
                   'fj_restart_decay_obj':      206                 55    79'602         0              0          0          1'224      5'457'782
               'fj_restart_decay_perturb':      320                 66   122'743         0              0          0          2'024      8'407'164
           'fj_restart_decay_perturb_obj':      295                 46   110'068         0              0          0          1'903      7'749'710
                         'fj_restart_obj':      210                 60    65'413         0              0          0          2'199      5'359'739
                     'fj_restart_perturb':      220                 52    66'177         0              0          0          2'590      5'568'447
                 'fj_restart_perturb_obj':      331                 68    93'029         0              0          0          4'689      8'355'247

Solution repositories    Added  Queried  Synchro
    'alternative_path':      0        0        0
      'best_solutions':      0        0        0
   'fj solution hints':    906        0      906
        'lp solutions':      0        0        0
                'pump':      0        0

Clauses shared    #Exported  #Imported  #BinaryRead  #BinaryTotal
   'default_lp':         72          0            0             0

LRAT_status: NA
CpSolverResponse summary:
status: UNKNOWN
objective: NA
best_bound: NA
integers: 590
booleans: 78
conflicts: 16682
branches: 142616
propagations: 59289
integer_propagations: 5975699
restarts: 139
lp_iterations: 1393522
walltime: 600.007
usertime: 600.007
deterministic_time: 728.965
gap_integral: 0

status=UNKNOWN objective=0.0 best_bound=0.0 conflicts=16682 branches=142616 wall=600.006652s elapsed=600.007546s
wrote computations/results/cpsat_m15_cap25_degree2.json
