
Starting CP-SAT solver v9.15.6755
Parameters: max_time_in_seconds: 7200 log_search_progress: true num_search_workers: 1 log_to_stdout: true

Initial satisfaction model '': (model_fingerprint: 0xe2531be010c98d81)
#Variables: 66 (64 primary variables)
  - 66 Booleans in [0,1]
#kLinear1: 1
#kLinear2: 10
#kLinearN: 8'225 (#enforced: 20 #multi: 20) (#terms: 541'314)

Starting presolve at 0.04s
  2.53e-02s  0.00e+00d  [DetectDominanceRelations]
  2.81e-01s  0.00e+00d  [PresolveToFixPoint] #num_loops=2 #num_dual_strengthening=1
  1.59e-04s  0.00e+00d  [ExtractEncodingFromLinear]
  2.21e-02s  0.00e+00d  [DetectDuplicateColumns]
  3.03e-02s  0.00e+00d  [DetectDuplicateConstraints] #duplicates=6'145
[Symmetry] Graph for symmetry has 2'220 nodes and 133'812 arcs.
[Symmetry] Symmetry computation done. time: 0.00267231 dtime: 0.00725614
[SAT presolve] num removable Booleans: 0 / 65
[SAT presolve] num trivial clauses: 0
[SAT presolve] [0s] clauses:9 literals:18 vars:10 one_side_vars:2 simple_definition:8 singleton_clauses:0
[SAT presolve] [1.7414e-05s] clauses:9 literals:18 vars:10 one_side_vars:2 simple_definition:8 singleton_clauses:0
[SAT presolve] [2.5906e-05s] clauses:9 literals:18 vars:10 one_side_vars:2 simple_definition:8 singleton_clauses:0
  5.07e-04s  0.00e+00d  [DetectDuplicateConstraintsWithDifferentEnforcements] #without_enforcements=9
  2.52e-02s  6.73e-03d  [Probe] #probed=118 #fixed_bools=10
  6.24e-05s  2.61e-07d  [MaxClique]
  4.16e-03s  0.00e+00d  [DetectDominanceRelations]
  3.68e-02s  0.00e+00d  [PresolveToFixPoint] #num_loops=1 #num_dual_strengthening=1
  1.61e-02s  0.00e+00d  [ProcessAtMostOneAndLinear]
  4.27e-03s  0.00e+00d  [DetectDuplicateConstraints] #duplicates=1'024
  3.98e-04s  0.00e+00d  [DetectDuplicateConstraintsWithDifferentEnforcements]
  3.98e-01s  2.60e-02d  [DetectDominatedLinearConstraints] #relevant_constraints=1'042 #num_inclusions=164'812 #num_redundant=559
  3.51e-04s  0.00e+00d  [DetectDifferentVariables]
  1.02e-03s  1.51e-04d  [ProcessSetPPC] #relevant_constraints=1'044 #num_inclusions=932
  7.19e-05s  2.02e-07d  [TransformClausesToExactlyOne] #num_clauses=2 #num_checked=2
  2.98e-05s  0.00e+00d  [DetectEncodedComplexDomains]
  5.07e-05s  0.00e+00d  [FindAlmostIdenticalLinearConstraints]
  1.31e-06s  0.00e+00d  [FindBigAtMostOneAndLinearOverlap]
  4.78e-02s  1.53e-02d  [FindBigVerticalLinearOverlap] #blocks=98 #saved_nz=15'349
  2.87e-04s  1.20e-04d  [FindBigHorizontalLinearOverlap] #linears=1'042
  4.09e-05s  1.00e-07d  [MergeClauses]
  1.06e-03s  0.00e+00d  [DetectDominanceRelations]
  1.39e-02s  0.00e+00d  [PresolveToFixPoint] #num_loops=2 #num_dual_strengthening=1
  1.04e-03s  0.00e+00d  [DetectDominanceRelations]
  7.72e-03s  0.00e+00d  [PresolveToFixPoint] #num_loops=1 #num_dual_strengthening=1
  5.96e-04s  0.00e+00d  [DetectDuplicateColumns]
  1.26e-04s  0.00e+00d  [DetectDuplicateConstraints] #duplicates=7
[Symmetry] Graph for symmetry has 1'448 nodes and 24'412 arcs.
[Symmetry] Symmetry computation done. time: 0.000470429 dtime: 0.00096145
[SAT presolve] num removable Booleans: 0 / 55
[SAT presolve] num trivial clauses: 0
[SAT presolve] [0s] clauses:2 literals:20 vars:19 one_side_vars:19 simple_definition:0 singleton_clauses:0
[SAT presolve] [1.5077e-05s] clauses:2 literals:20 vars:19 one_side_vars:19 simple_definition:0 singleton_clauses:0
[SAT presolve] [2.2117e-05s] clauses:2 literals:20 vars:19 one_side_vars:19 simple_definition:0 singleton_clauses:0
  2.87e-04s  0.00e+00d  [DetectDuplicateConstraintsWithDifferentEnforcements]
  1.23e-02s  2.43e-03d  [Probe] #probed=110
  2.79e-05s  0.00e+00d  [MaxClique]
  1.05e-03s  0.00e+00d  [DetectDominanceRelations]
  7.72e-03s  0.00e+00d  [PresolveToFixPoint] #num_loops=1 #num_dual_strengthening=1
  3.84e-03s  0.00e+00d  [ProcessAtMostOneAndLinear]
  1.16e-04s  0.00e+00d  [DetectDuplicateConstraints]
  1.11e-04s  0.00e+00d  [DetectDuplicateConstraintsWithDifferentEnforcements]
  1.01e-03s  1.98e-04d  [DetectDominatedLinearConstraints] #relevant_constraints=1'133
  1.68e-04s  0.00e+00d  [DetectDifferentVariables]
  4.87e-04s  2.59e-05d  [ProcessSetPPC] #relevant_constraints=1'037
  7.27e-05s  2.02e-07d  [TransformClausesToExactlyOne] #num_clauses=2 #num_checked=2
  2.69e-05s  0.00e+00d  [DetectEncodedComplexDomains]
  5.64e-05s  1.20e-06d  [FindAlmostIdenticalLinearConstraints] #num_tested_pairs=80
  1.55e-06s  0.00e+00d  [FindBigAtMostOneAndLinearOverlap]
  1.72e-02s  6.10e-03d  [FindBigVerticalLinearOverlap] #blocks=54 #saved_nz=2'519
  2.81e-04s  1.06e-04d  [FindBigHorizontalLinearOverlap] #linears=1'035
  5.17e-05s  1.00e-07d  [MergeClauses]
  9.87e-04s  0.00e+00d  [DetectDominanceRelations]
  1.19e-02s  0.00e+00d  [PresolveToFixPoint] #num_loops=2 #num_dual_strengthening=1
  9.88e-04s  0.00e+00d  [DetectDominanceRelations]
  7.09e-03s  0.00e+00d  [PresolveToFixPoint] #num_loops=1 #num_dual_strengthening=1
  5.52e-04s  0.00e+00d  [DetectDuplicateColumns]
  1.10e-04s  0.00e+00d  [DetectDuplicateConstraints]
[Symmetry] Graph for symmetry has 1'609 nodes and 21'946 arcs.
[Symmetry] Symmetry computation done. time: 0.000478197 dtime: 0.00091731
[SAT presolve] num removable Booleans: 0 / 55
[SAT presolve] num trivial clauses: 0
[SAT presolve] [0s] clauses:2 literals:20 vars:19 one_side_vars:19 simple_definition:0 singleton_clauses:0
[SAT presolve] [1.573e-05s] clauses:2 literals:20 vars:19 one_side_vars:19 simple_definition:0 singleton_clauses:0
[SAT presolve] [2.2689e-05s] clauses:2 literals:20 vars:19 one_side_vars:19 simple_definition:0 singleton_clauses:0
  2.92e-04s  0.00e+00d  [DetectDuplicateConstraintsWithDifferentEnforcements]
  1.23e-02s  2.19e-03d  [Probe] #probed=110
  2.85e-05s  0.00e+00d  [MaxClique]
  1.09e-03s  0.00e+00d  [DetectDominanceRelations]
  7.66e-03s  0.00e+00d  [PresolveToFixPoint] #num_loops=1 #num_dual_strengthening=1
  3.93e-03s  0.00e+00d  [ProcessAtMostOneAndLinear]
  3.18e-04s  0.00e+00d  [DetectDuplicateConstraints]
  1.73e-04s  0.00e+00d  [DetectDuplicateConstraintsWithDifferentEnforcements]
  1.03e-03s  1.54e-04d  [DetectDominatedLinearConstraints] #relevant_constraints=1'187
  3.04e-04s  0.00e+00d  [DetectDifferentVariables]
  4.53e-04s  1.80e-05d  [ProcessSetPPC] #relevant_constraints=1'035
  8.61e-05s  2.02e-07d  [TransformClausesToExactlyOne] #num_clauses=2 #num_checked=2
  3.00e-05s  0.00e+00d  [DetectEncodedComplexDomains]
  9.55e-05s  3.27e-06d  [FindAlmostIdenticalLinearConstraints] #num_tested_pairs=218
  1.75e-06s  0.00e+00d  [FindBigAtMostOneAndLinearOverlap]
  1.53e-02s  4.79e-03d  [FindBigVerticalLinearOverlap] #blocks=25 #saved_nz=1'047
  3.00e-04s  1.01e-04d  [FindBigHorizontalLinearOverlap] #linears=1'035
  5.59e-05s  1.00e-07d  [MergeClauses]
  9.92e-04s  0.00e+00d  [DetectDominanceRelations]
  1.06e-02s  0.00e+00d  [PresolveToFixPoint] #num_loops=2 #num_dual_strengthening=1
  2.37e-05s  0.00e+00d  [MergeNoOverlap]
  2.60e-05s  0.00e+00d  [MergeNoOverlap2D]

Presolve summary:
  - 0 affine relations were detected.
  - rule 'TODO duplicate: duplicate columns in Boolean constraints' was applied 38 times.
  - rule 'TODO linear inclusion: superset is equality' was applied 11 times.
  - rule 'at_most_one: empty or all false' was applied 1 time.
  - rule 'at_most_one: removed literals' was applied 1 time.
  - rule 'at_most_one: satisfied' was applied 8 times.
  - rule 'bool_or: implications' was applied 9 times.
  - rule 'duplicate: merged rhs of linear constraint' was applied 7'176 times.
  - rule 'duplicate: removed constraint' was applied 7'176 times.
  - rule 'enforcement: always false' was applied 1 time.
  - rule 'enforcement: false literal' was applied 10 times.
  - rule 'enforcement: true literal' was applied 18 times.
  - rule 'linear inclusion: sparsify superset' was applied 559 times.
  - rule 'linear matrix: common vertical rectangle' was applied 177 times.
  - rule 'linear1: x in domain' was applied 1 time.
  - rule 'linear2: convert ax + by != cte to clauses' was applied 9 times.
  - rule 'linear: always true' was applied 1 time.
  - rule 'linear: divide by GCD' was applied 8'751 times.
  - rule 'linear: empty' was applied 1 time.
  - rule 'linear: enforcement literal in expression' was applied 37 times.
  - rule 'linear: fixed or dup variables' was applied 2'079 times.
  - rule 'linear: positive clause' was applied 2 times.
  - rule 'presolve: 11 unused variables removed.' was applied 1 time.
  - rule 'presolve: iteration' was applied 3 times.

Presolved satisfaction model '': (model_fingerprint: 0x7dd1e64532d85af4)
#Variables: 232 (112 primary variables)
  - 55 Booleans in [0,1]
  - 3 in [-3,2]
  - 1 in [-3,3]
  - 2 in [-2,1]
  - 5 in [-2,2]
  - 1 in [-2,4]
  - 15 in [-1,1]
  - 17 in [-1,2]
  - 3 in [-1,3]
  - 1 in [-1,4]
  - 74 in [0,2]
  - 43 in [0,3]
  - 11 in [0,4]
  - 1 in [0,5]
#kBoolOr: 2 (#literals: 20)
#kLinear3: 175
#kLinearN: 1'037 (#terms: 20'152)
[Symmetry] Graph for symmetry has 1'673 nodes and 20'924 arcs.
[Symmetry] Symmetry computation done. time: 0.000478125 dtime: 0.00090257

Preloading model.

Starting search at 1.14s with 1 workers.
1 full problem subsolver: [main]

[Precedences] num_relations=0 num_clauses=2
[Probing] deterministic_time: 0.00197447 (limit: 1) wall_time: 0.00784195 (55/55)
[LinearRelaxationBeforeCliqueExpansion] #linear:1212 #at_most_ones:0
[FinalLinearRelaxation] #linear:1212 #cut_generators:0
Initial num_bool: 55

Starting subsolver 'main' hint search at 1.21s
Starting subsolver 'main' search at 1.21s
#Done    1.35s main

Task timing           n [     min,      max]      avg      dev     time         n [     min,      max]      avg      dev    dtime
      'main':         1 [206.47ms, 206.47ms] 206.47ms   0.00ns 206.47ms         1 [212.91ms, 212.91ms] 212.91ms   0.00ns 212.91ms

Search stats    Bools  Conflicts  Branches  Restarts  BacktrackToRoot  Backtrack  BoolPropag  IntegerPropag
       'main':     55          1       251         0              226        226          26          2'730

SAT formula    Fixed  Equiv  Total  VarLeft  BinaryClauses  PermanentClauses  TemporaryClauses
      'main':      1      0     55       54              0                 2                 0

SAT stats    ClassicMinim  LitRemoved  LitRemovedBinary  LitLearned  LitForgotten  Subsumed
    'main':             0           0                 0           1             0         0

Vivification    Clauses  Decisions  LitTrue  Subsumed  LitRemoved  DecisionReused  Conflicts
       'main':        5         25        0         0           8               0          0

Clause deletion    at_true  l_and_not(l)  to_binary  sub_conflict  sub_extra  sub_decisions  sub_eager  sub_vivify  sub_probing  sub_inpro  blocked  eliminated  forgotten  promoted  conflicts
          'main':        0             0          0             0          0              0          0           0            0          0        0           0          0         0          1

Lp stats    Component  Iterations  AddedCuts  OPTIMAL  DUAL_F.  DUAL_U.
   'main':          1       1'213        175       11        0        2

Lp dimension      Final dimension of first component
       'main':  880 rows, 232 columns, 11202 entries

Lp debug    CutPropag  CutEqPropag  Adjust  Overflow  Bad  BadScaling
   'main':          0            0       0         0    0           0

Lp pool    Constraints  Updates  Simplif  Merged  Shortened  Split  Strengthened  Cuts/Call
  'main':        1'387        0        0       0          0      0             0    175/191

Lp Cut    main
     IB:   175

Solution repositories    Added  Queried  Synchro
    'alternative_path':      0        0        0
      'best_solutions':      0        0        0
   'fj solution hints':      0        0        0

LRAT_status: NA
CpSolverResponse summary:
status: INFEASIBLE
objective: NA
best_bound: NA
integers: 232
booleans: 55
conflicts: 1
branches: 251
propagations: 26
integer_propagations: 2730
restarts: 0
lp_iterations: 1213
walltime: 1.34676
usertime: 1.34676
deterministic_time: 0.277364
gap_integral: 0

status=INFEASIBLE objective=0.0 best_bound=0.0 conflicts=1 branches=251 wall=1.346762s elapsed=1.347247s
wrote computations/results/cpsat_m13_cap18_degree2.json
