
Starting CP-SAT solver v9.15.6755
Parameters: max_time_in_seconds: 7200 log_search_progress: true num_search_workers: 1 log_to_stdout: true

Initial satisfaction model '': (model_fingerprint: 0x7e9d56557666b756)
#Variables: 66 (64 primary variables)
  - 66 Booleans in [0,1]
#kLinear1: 1
#kLinear2: 10
#kLinearN: 8'225 (#enforced: 20 #multi: 20) (#terms: 541'314)

Starting presolve at 0.06s
  3.84e-02s  0.00e+00d  [DetectDominanceRelations]
  4.57e-01s  0.00e+00d  [PresolveToFixPoint] #num_loops=2 #num_dual_strengthening=1
  3.65e-04s  0.00e+00d  [ExtractEncodingFromLinear]
  2.69e-02s  0.00e+00d  [DetectDuplicateColumns]
  5.60e-02s  0.00e+00d  [DetectDuplicateConstraints] #duplicates=6'145
[Symmetry] Graph for symmetry has 2'220 nodes and 133'812 arcs.
[Symmetry] Symmetry computation done. time: 0.00405646 dtime: 0.00725614
[SAT presolve] num removable Booleans: 0 / 65
[SAT presolve] num trivial clauses: 0
[SAT presolve] [0s] clauses:9 literals:18 vars:10 one_side_vars:2 simple_definition:8 singleton_clauses:0
[SAT presolve] [2.2697e-05s] clauses:9 literals:18 vars:10 one_side_vars:2 simple_definition:8 singleton_clauses:0
[SAT presolve] [3.427e-05s] clauses:9 literals:18 vars:10 one_side_vars:2 simple_definition:8 singleton_clauses:0
  7.11e-04s  0.00e+00d  [DetectDuplicateConstraintsWithDifferentEnforcements] #without_enforcements=9
  4.18e-02s  6.94e-03d  [Probe] #probed=117 #fixed_bools=10
  8.92e-05s  2.61e-07d  [MaxClique]
  6.66e-03s  0.00e+00d  [DetectDominanceRelations]
  6.24e-02s  0.00e+00d  [PresolveToFixPoint] #num_loops=1 #num_dual_strengthening=1
  2.72e-02s  0.00e+00d  [ProcessAtMostOneAndLinear]
  8.77e-03s  0.00e+00d  [DetectDuplicateConstraints] #duplicates=1'024
  5.28e-04s  0.00e+00d  [DetectDuplicateConstraintsWithDifferentEnforcements]
  1.31e+00s  8.88e-02d  [DetectDominatedLinearConstraints] #relevant_constraints=1'044 #num_inclusions=544'256
  3.27e-04s  0.00e+00d  [DetectDifferentVariables]
  7.59e-04s  0.00e+00d  [ProcessSetPPC] #relevant_constraints=1'044
  6.72e-05s  0.00e+00d  [TransformClausesToExactlyOne]
  2.78e-05s  0.00e+00d  [DetectEncodedComplexDomains]
  3.43e-05s  0.00e+00d  [FindAlmostIdenticalLinearConstraints]
  1.38e-06s  0.00e+00d  [FindBigAtMostOneAndLinearOverlap]
  8.48e-02s  2.68e-02d  [FindBigVerticalLinearOverlap] #blocks=123 #saved_nz=31'611
  2.92e-04s  1.23e-04d  [FindBigHorizontalLinearOverlap] #linears=1'044
  3.32e-05s  0.00e+00d  [MergeClauses]
  1.15e-03s  0.00e+00d  [DetectDominanceRelations]
  1.46e-02s  0.00e+00d  [PresolveToFixPoint] #num_loops=2 #num_dual_strengthening=1
  1.14e-03s  0.00e+00d  [DetectDominanceRelations]
  8.22e-03s  0.00e+00d  [PresolveToFixPoint] #num_loops=1 #num_dual_strengthening=1
  6.51e-04s  0.00e+00d  [DetectDuplicateColumns]
  1.62e-04s  0.00e+00d  [DetectDuplicateConstraints]
[Symmetry] Graph for symmetry has 1'520 nodes and 25'146 arcs.
[Symmetry] Symmetry computation done. time: 0.000458058 dtime: 0.00089504
  2.96e-04s  0.00e+00d  [DetectDuplicateConstraintsWithDifferentEnforcements]
  1.42e-02s  3.09e-03d  [Probe] #probed=110
  2.91e-05s  0.00e+00d  [MaxClique]
  1.12e-03s  0.00e+00d  [DetectDominanceRelations]
  8.23e-03s  0.00e+00d  [PresolveToFixPoint] #num_loops=1 #num_dual_strengthening=1
  4.31e-03s  0.00e+00d  [ProcessAtMostOneAndLinear]
  1.81e-04s  0.00e+00d  [DetectDuplicateConstraints]
  1.32e-04s  0.00e+00d  [DetectDuplicateConstraintsWithDifferentEnforcements]
  1.08e-03s  1.99e-04d  [DetectDominatedLinearConstraints] #relevant_constraints=1'165
  2.22e-04s  0.00e+00d  [DetectDifferentVariables]
  3.74e-04s  0.00e+00d  [ProcessSetPPC] #relevant_constraints=756
  7.23e-05s  0.00e+00d  [TransformClausesToExactlyOne]
  2.64e-05s  0.00e+00d  [DetectEncodedComplexDomains]
  6.31e-05s  1.54e-06d  [FindAlmostIdenticalLinearConstraints] #num_tested_pairs=102
  1.08e-05s  0.00e+00d  [FindBigAtMostOneAndLinearOverlap]
  1.63e-02s  5.70e-03d  [FindBigVerticalLinearOverlap] #blocks=47 #saved_nz=3'208
  2.69e-04s  1.06e-04d  [FindBigHorizontalLinearOverlap] #linears=1'044
  3.45e-05s  0.00e+00d  [MergeClauses]
  1.07e-03s  0.00e+00d  [DetectDominanceRelations]
  1.22e-02s  0.00e+00d  [PresolveToFixPoint] #num_loops=2 #num_dual_strengthening=1
  1.01e-03s  0.00e+00d  [DetectDominanceRelations]
  7.39e-03s  0.00e+00d  [PresolveToFixPoint] #num_loops=1 #num_dual_strengthening=1
  5.62e-04s  0.00e+00d  [DetectDuplicateColumns]
  1.16e-04s  0.00e+00d  [DetectDuplicateConstraints]
[Symmetry] Graph for symmetry has 1'660 nodes and 21'984 arcs.
[Symmetry] Symmetry computation done. time: 0.000502263 dtime: 0.00083832
  3.15e-04s  0.00e+00d  [DetectDuplicateConstraintsWithDifferentEnforcements]
  1.49e-02s  2.74e-03d  [Probe] #probed=110
  2.93e-05s  0.00e+00d  [MaxClique]
  1.04e-03s  0.00e+00d  [DetectDominanceRelations]
  7.42e-03s  0.00e+00d  [PresolveToFixPoint] #num_loops=1 #num_dual_strengthening=1
  3.66e-03s  0.00e+00d  [ProcessAtMostOneAndLinear]
  1.34e-04s  0.00e+00d  [DetectDuplicateConstraints]
  1.12e-04s  0.00e+00d  [DetectDuplicateConstraintsWithDifferentEnforcements]
  8.99e-04s  1.51e-04d  [DetectDominatedLinearConstraints] #relevant_constraints=1'212
  1.66e-04s  0.00e+00d  [DetectDifferentVariables]
  3.23e-04s  0.00e+00d  [ProcessSetPPC] #relevant_constraints=166
  7.62e-05s  0.00e+00d  [TransformClausesToExactlyOne]
  2.58e-05s  0.00e+00d  [DetectEncodedComplexDomains]
  6.73e-05s  3.09e-06d  [FindAlmostIdenticalLinearConstraints] #num_tested_pairs=206
  1.57e-06s  0.00e+00d  [FindBigAtMostOneAndLinearOverlap]
  1.18e-02s  4.41e-03d  [FindBigVerticalLinearOverlap] #blocks=21 #saved_nz=972
  2.61e-04s  1.01e-04d  [FindBigHorizontalLinearOverlap] #linears=1'044
  3.18e-05s  0.00e+00d  [MergeClauses]
  1.02e-03s  0.00e+00d  [DetectDominanceRelations]
  1.04e-02s  0.00e+00d  [PresolveToFixPoint] #num_loops=2 #num_dual_strengthening=1
  2.14e-05s  0.00e+00d  [MergeNoOverlap]
  2.32e-05s  0.00e+00d  [MergeNoOverlap2D]

Presolve summary:
  - 0 affine relations were detected.
  - rule 'at_most_one: empty or all false' was applied 1 time.
  - rule 'at_most_one: removed literals' was applied 1 time.
  - rule 'at_most_one: satisfied' was applied 8 times.
  - rule 'bool_or: implications' was applied 9 times.
  - rule 'duplicate: merged rhs of linear constraint' was applied 7'169 times.
  - rule 'duplicate: removed constraint' was applied 7'169 times.
  - rule 'enforcement: always false' was applied 1 time.
  - rule 'enforcement: false literal' was applied 10 times.
  - rule 'enforcement: true literal' was applied 18 times.
  - rule 'linear matrix: common vertical rectangle' was applied 191 times.
  - rule 'linear1: x in domain' was applied 1 time.
  - rule 'linear2: convert ax + by != cte to clauses' was applied 9 times.
  - rule 'linear: always true' was applied 1 time.
  - rule 'linear: divide by GCD' was applied 8'192 times.
  - rule 'linear: empty' was applied 1 time.
  - rule 'linear: enforcement literal in expression' was applied 37 times.
  - rule 'linear: fixed or dup variables' was applied 2'079 times.
  - rule 'linear: variable substitution 2' was applied 2 times.
  - rule 'linear: variable substitution 3' was applied 1 time.
  - rule 'presolve: 11 unused variables removed.' was applied 1 time.
  - rule 'presolve: iteration' was applied 3 times.

Presolved satisfaction model '': (model_fingerprint: 0xaca98a9d7276e2e0)
#Variables: 243 (136 primary variables)
  - 55 Booleans in [0,1]
  - 1 in [-5,1]
  - 1 in [-4,1]
  - 2 in [-4,2]
  - 16 in [-3,1]
  - 3 in [-3,3]
  - 9 in [-2,1]
  - 32 in [-2,2]
  - 5 in [-2,3]
  - 4 in [-2,4]
  - 26 in [-1,1]
  - 10 in [-1,2]
  - 22 in [-1,3]
  - 4 in [-1,4]
  - 2 in [-1,5]
  - 27 in [0,2]
  - 9 in [0,3]
  - 14 in [0,4]
  - 1 in [0,5]
#kLinear3: 184
#kLinearN: 1'048 (#terms: 20'247)
[Symmetry] Graph for symmetry has 1'707 nodes and 21'031 arcs.
[Symmetry] Symmetry computation done. time: 0.000455673 dtime: 0.00081832

Preloading model.

Starting search at 2.40s with 1 workers.
1 full problem subsolver: [main]

[Precedences] num_relations=0 num_clauses=0
[Probing] deterministic_time: 0.00258409 (limit: 1) wall_time: 0.0107595 (55/55)
[LinearRelaxationBeforeCliqueExpansion] #linear:1232 #at_most_ones:0
[FinalLinearRelaxation] #linear:1232 #cut_generators:0
Initial num_bool: 55

Starting subsolver 'main' hint search at 2.44s
Starting subsolver 'main' search at 2.44s
#Done   20.09s main

Task timing           n [     min,      max]      avg      dev     time         n [     min,      max]      avg      dev    dtime
      'main':         1 [  17.70s,   17.70s]   17.70s   0.00ns   17.70s         1 [  15.57s,   15.57s]   15.57s   0.00ns   15.57s

Search stats    Bools  Conflicts  Branches  Restarts  BacktrackToRoot  Backtrack  BoolPropag  IntegerPropag
       'main':     55      1'774    10'379         7            2'988      4'957       6'479        211'056

SAT formula    Fixed  Equiv  Total  VarLeft  BinaryClauses  PermanentClauses  TemporaryClauses
      'main':     12      0     55       43              8                 7                 0

SAT stats    ClassicMinim  LitRemoved  LitRemovedBinary  LitLearned  LitForgotten  Subsumed
    'main':           901       3'035             1'778      14'162             0       726

Vivification    Clauses  Decisions  LitTrue  Subsumed  LitRemoved  DecisionReused  Conflicts
       'main':    1'225      5'743        0        23         174             513          0

Clause deletion    at_true  l_and_not(l)  to_binary  sub_conflict  sub_extra  sub_decisions  sub_eager  sub_vivify  sub_probing  sub_inpro  blocked  eliminated  forgotten  promoted  conflicts
          'main':      531             1          4           656         14            104         70          23            4        310        0           0          0     2'739      1'774

Lp stats    Component  Iterations  AddedCuts  OPTIMAL  DUAL_F.  DUAL_U.
   'main':          1     108'465        846    3'544        0    1'571

Lp dimension      Final dimension of first component
       'main':  794 rows, 243 columns, 22682 entries

Lp debug    CutPropag  CutEqPropag  Adjust  Overflow    Bad  BadScaling
   'main':          0           37   1'566         0  7'683           0

Lp pool    Constraints  Updates  Simplif  Merged  Shortened  Split  Strengthened  Cuts/Call
  'main':        2'078      392    3'265       0      2'980    158             0    846/883

Lp Cut     main
   CG_FF:   100
    CG_K:   111
    CG_R:   159
   CG_RB:   173
  CG_RBP:   165
      IB:   138

Solution repositories    Added  Queried  Synchro
    'alternative_path':      0        0        0
      'best_solutions':      0        0        0
   'fj solution hints':      0        0        0

LRAT_status: NA
CpSolverResponse summary:
status: INFEASIBLE
objective: NA
best_bound: NA
integers: 243
booleans: 55
conflicts: 1774
branches: 10379
propagations: 6479
integer_propagations: 211056
restarts: 7
lp_iterations: 108465
walltime: 20.0948
usertime: 20.0948
deterministic_time: 15.7053
gap_integral: 0

status=INFEASIBLE objective=0.0 best_bound=0.0 conflicts=1774 branches=10379 wall=20.094792s elapsed=20.095286s
wrote computations/results/cpsat_m13_cap18_degree3.json
