
Starting CP-SAT solver v9.15.6755
Parameters: max_time_in_seconds: 1800 log_search_progress: true num_search_workers: 8 log_to_stdout: true

Initial satisfaction model '': (model_fingerprint: 0x7bcc84fdbe5ea6d)
#Variables: 45 (44 primary variables)
  - 45 Booleans in [0,1]
#kLinear1: 1
#kLinear2: 8
#kLinearN: 2'057 (#terms: 92'304)

Starting presolve at 0.01s
  4.28e-03s  0.00e+00d  [DetectDominanceRelations]
  4.81e-02s  0.00e+00d  [PresolveToFixPoint] #num_loops=2 #num_dual_strengthening=1
  2.17e-05s  0.00e+00d  [ExtractEncodingFromLinear]
  4.04e-03s  0.00e+00d  [DetectDuplicateColumns]
  2.76e-03s  0.00e+00d  [DetectDuplicateConstraints] #duplicates=1'536
[Symmetry] Graph for symmetry has 618 nodes and 22'730 arcs.
[Symmetry] Symmetry computation done. time: 0.00064792 dtime: 0.00175707
[SAT presolve] num removable Booleans: 0 / 44
[SAT presolve] num trivial clauses: 0
[SAT presolve] [0s] clauses:7 literals:14 vars:8 one_side_vars:2 simple_definition:6 singleton_clauses:0
[SAT presolve] [2.1927e-05s] clauses:7 literals:14 vars:8 one_side_vars:2 simple_definition:6 singleton_clauses:0
[SAT presolve] [2.7469e-05s] clauses:7 literals:14 vars:8 one_side_vars:2 simple_definition:6 singleton_clauses:0
  1.09e-04s  0.00e+00d  [DetectDuplicateConstraintsWithDifferentEnforcements]
  4.45e-03s  1.89e-03d  [Probe] #probed=88 #new_binary_clauses=8
  4.31e-05s  1.48e-06d  [MaxClique]
  9.44e-04s  0.00e+00d  [DetectDominanceRelations]
  7.75e-03s  0.00e+00d  [PresolveToFixPoint] #num_loops=1 #num_dual_strengthening=1
  3.31e-03s  0.00e+00d  [ProcessAtMostOneAndLinear]
  5.55e-05s  0.00e+00d  [DetectDuplicateConstraints]
  4.04e-05s  0.00e+00d  [DetectDuplicateConstraintsWithDifferentEnforcements]
  2.68e-01s  1.78e-02d  [DetectDominatedLinearConstraints] #relevant_constraints=521 #num_inclusions=135'424
  1.20e-04s  0.00e+00d  [DetectDifferentVariables]
  4.80e-04s  4.54e-05d  [ProcessSetPPC] #relevant_constraints=528
  5.12e-05s  0.00e+00d  [TransformClausesToExactlyOne] #num_amos=7
  9.66e-06s  0.00e+00d  [DetectEncodedComplexDomains]
  1.14e-05s  0.00e+00d  [FindAlmostIdenticalLinearConstraints]
  2.28e-03s  1.41e-03d  [FindBigAtMostOneAndLinearOverlap] #blocks=7 #saved_nz=1'238
  2.47e-02s  7.86e-03d  [FindBigVerticalLinearOverlap] #blocks=80 #saved_nz=9'390
  1.50e-04s  5.89e-05d  [FindBigHorizontalLinearOverlap] #linears=522
  2.60e-05s  0.00e+00d  [MergeClauses]
  5.51e-04s  0.00e+00d  [DetectDominanceRelations]
  7.12e-03s  0.00e+00d  [PresolveToFixPoint] #num_loops=2 #num_dual_strengthening=1
  5.33e-04s  0.00e+00d  [DetectDominanceRelations]
  3.98e-03s  0.00e+00d  [PresolveToFixPoint] #num_loops=1 #num_dual_strengthening=1
  3.80e-04s  0.00e+00d  [DetectDuplicateColumns]
  5.76e-05s  0.00e+00d  [DetectDuplicateConstraints]
[Symmetry] Graph for symmetry has 870 nodes and 12'173 arcs.
[Symmetry] Symmetry computation done. time: 0.000289019 dtime: 0.00043896
  9.61e-05s  0.00e+00d  [DetectDuplicateConstraintsWithDifferentEnforcements]
  8.97e-03s  2.03e-03d  [Probe] #probed=102 #new_bounds=1 #new_binary_clauses=8
  1.04e-05s  0.00e+00d  [MaxClique]
  5.46e-04s  0.00e+00d  [DetectDominanceRelations]
  4.29e-03s  0.00e+00d  [PresolveToFixPoint] #num_loops=2 #num_dual_strengthening=1
  2.04e-03s  0.00e+00d  [ProcessAtMostOneAndLinear]
  5.22e-05s  0.00e+00d  [DetectDuplicateConstraints]
  5.20e-05s  0.00e+00d  [DetectDuplicateConstraintsWithDifferentEnforcements]
  5.66e-04s  7.38e-05d  [DetectDominatedLinearConstraints] #relevant_constraints=601 #num_inclusions=2
  8.72e-05s  0.00e+00d  [DetectDifferentVariables]
  2.60e-04s  9.70e-06d  [ProcessSetPPC] #relevant_constraints=529
  4.81e-05s  0.00e+00d  [TransformClausesToExactlyOne]
  8.28e-06s  0.00e+00d  [DetectEncodedComplexDomains]
  3.10e-05s  9.60e-07d  [FindAlmostIdenticalLinearConstraints] #num_tested_pairs=64
  3.06e-04s  3.62e-04d  [FindBigAtMostOneAndLinearOverlap]
  7.69e-03s  2.64e-03d  [FindBigVerticalLinearOverlap] #blocks=23 #saved_nz=1'226
  1.38e-04s  5.24e-05d  [FindBigHorizontalLinearOverlap] #linears=522
  2.30e-05s  0.00e+00d  [MergeClauses]
  5.08e-04s  0.00e+00d  [DetectDominanceRelations]
  6.04e-03s  0.00e+00d  [PresolveToFixPoint] #num_loops=2 #num_dual_strengthening=1
  4.82e-04s  0.00e+00d  [DetectDominanceRelations]
  3.69e-03s  0.00e+00d  [PresolveToFixPoint] #num_loops=1 #num_dual_strengthening=1
  3.35e-04s  0.00e+00d  [DetectDuplicateColumns]
  1.01e-04s  0.00e+00d  [DetectDuplicateConstraints]
[Symmetry] Graph for symmetry has 939 nodes and 10'970 arcs.
[Symmetry] Symmetry computation done. time: 0.000237165 dtime: 0.00042216
  6.85e-05s  0.00e+00d  [DetectDuplicateConstraintsWithDifferentEnforcements]
  8.40e-03s  1.89e-03d  [Probe] #probed=102 #new_binary_clauses=8
  9.44e-06s  0.00e+00d  [MaxClique]
  4.90e-04s  0.00e+00d  [DetectDominanceRelations]
  3.72e-03s  0.00e+00d  [PresolveToFixPoint] #num_loops=1 #num_dual_strengthening=1
  1.96e-03s  0.00e+00d  [ProcessAtMostOneAndLinear]
  5.72e-05s  0.00e+00d  [DetectDuplicateConstraints]
  6.73e-05s  0.00e+00d  [DetectDuplicateConstraintsWithDifferentEnforcements]
  5.66e-04s  6.25e-05d  [DetectDominatedLinearConstraints] #relevant_constraints=624 #num_inclusions=1
  1.23e-04s  0.00e+00d  [DetectDifferentVariables]
  2.60e-04s  6.13e-06d  [ProcessSetPPC] #relevant_constraints=509
  8.37e-05s  0.00e+00d  [TransformClausesToExactlyOne]
  8.23e-06s  0.00e+00d  [DetectEncodedComplexDomains]
  6.16e-05s  1.70e-06d  [FindAlmostIdenticalLinearConstraints] #num_tested_pairs=113
  2.86e-04s  2.72e-04d  [FindBigAtMostOneAndLinearOverlap]
  5.58e-03s  2.18e-03d  [FindBigVerticalLinearOverlap] #blocks=7 #saved_nz=330
  1.33e-04s  5.07e-05d  [FindBigHorizontalLinearOverlap] #linears=522
  1.44e-05s  0.00e+00d  [MergeClauses]
  4.86e-04s  0.00e+00d  [DetectDominanceRelations]
  4.80e-03s  0.00e+00d  [PresolveToFixPoint] #num_loops=2 #num_dual_strengthening=1
  5.88e-06s  0.00e+00d  [MergeNoOverlap]
  1.51e-05s  0.00e+00d  [MergeNoOverlap2D]

Presolve summary:
  - 0 affine relations were detected.
  - rule 'TODO linear matrix: reuse defining constraint' was applied 7 times.
  - rule 'at_most_one: size one' was applied 7 times.
  - rule 'bool_or: implications' was applied 7 times.
  - rule 'duplicate: merged rhs of linear constraint' was applied 1'536 times.
  - rule 'duplicate: removed constraint' was applied 1'536 times.
  - rule 'linear matrix: common amo rectangle' was applied 7 times.
  - rule 'linear matrix: common vertical rectangle' was applied 110 times.
  - rule 'linear1: x in domain' was applied 1 time.
  - rule 'linear2: convert ax + by != cte to clauses' was applied 7 times.
  - rule 'linear: always true' was applied 1 time.
  - rule 'linear: divide by GCD' was applied 2'048 times.
  - rule 'new_bool: with clause' was applied 7 times.
  - rule 'presolve: 1 unused variables removed.' was applied 1 time.
  - rule 'presolve: iteration' was applied 3 times.

Presolved satisfaction model '': (model_fingerprint: 0x11d63f655bb74ffb)
#Variables: 161 (80 primary variables)
  - 51 Booleans in [0,1]
  - 2 in [-3,1]
  - 8 in [-2,1]
  - 6 in [-2,2]
  - 24 in [-1,1]
  - 19 in [-1,2]
  - 9 in [-1,3]
  - 27 in [0,2]
  - 10 in [0,3]
  - 5 in [0,4]
#kExactlyOne: 7 (#literals: 21)
#kLinear3: 108
#kLinearN: 523 (#terms: 10'142)
[Symmetry] Graph for symmetry has 959 nodes and 10'647 arcs.
[Symmetry] Symmetry computation done. time: 0.000267493 dtime: 0.00041613

Preloading model.
#Model   0.47s var:161/161 constraints:638/638

Starting search at 0.47s with 8 workers.
6 full problem subsolvers: [default_lp, max_lp, no_lp, probing, quick_restart, quick_restart_no_lp]
2 first solution subsolvers: [fj, fs_random_no_lp]
2 interleaved subsolvers: [feasibility_pump, rins/rens]
2 helper subsolvers: [neighborhood_helper, synchronization_agent]

#Model   0.59s var:160/161 constraints:638/638
#Model   0.75s var:155/161 constraints:635/638
#Model   1.05s var:151/161 constraints:633/638
#Model   1.23s var:149/161 constraints:632/638
#Model  74.03s var:147/161 constraints:631/638
#Model 1004.29s var:145/161 constraints:630/638
#Model 1097.59s var:144/161 constraints:630/638
#Model 1213.80s var:143/161 constraints:630/638
#Model 1244.30s var:133/161 constraints:622/638
#Model 1246.01s var:132/161 constraints:622/638
#Model 1246.89s var:131/161 constraints:622/638
#Model 1249.16s var:130/161 constraints:621/638
#Model 1249.90s var:123/161 constraints:616/638
#Model 1250.00s var:117/161 constraints:613/638
#Model 1250.21s var:114/161 constraints:609/638
#Model 1250.32s var:113/161 constraints:609/638
#Done  1250.35s default_lp
#Done  1250.35s quick_restart_no_lp

Task timing                      n [     min,      max]      avg      dev     time         n [     min,      max]      avg      dev    dtime
           'default_lp':         1 [  20.83m,   20.83m]   20.83m   0.00ns   20.83m         2 [  6.55ms,    7.61m]    3.81m    3.81m    7.62m
     'feasibility_pump':      6114 [  2.46ms,  29.80ms]   3.14ms 889.13us   19.20s      6113 [511.47us,  20.57ms] 555.71us 256.40us    3.40s
                   'fj':      4081 [ 32.53ms, 385.87ms] 149.80ms  34.48ms   10.19m      4081 [ 14.85ms, 100.18ms] 100.02ms   1.33ms    6.80m
      'fs_random_no_lp':         1 [  20.83m,   20.83m]   20.83m   0.00ns   20.83m         2 [  1.83ms,    2.65m]    1.32m    1.32m    2.65m
               'max_lp':         1 [  20.83m,   20.83m]   20.83m   0.00ns   20.83m         2 [ 18.25ms,    7.90m]    3.95m    3.95m    7.90m
                'no_lp':         1 [  20.83m,   20.83m]   20.83m   0.00ns   20.83m         2 [  1.83ms,    2.57m]    1.29m    1.29m    2.57m
              'probing':         1 [  20.83m,   20.83m]   20.83m   0.00ns   20.83m         2 [  7.72ms,    4.91m]    2.45m    2.45m    4.91m
        'quick_restart':         1 [  20.83m,   20.83m]   20.83m   0.00ns   20.83m         2 [  7.32ms,    6.86m]    3.43m    3.43m    6.86m
  'quick_restart_no_lp':         1 [  20.83m,   20.83m]   20.83m   0.00ns   20.83m         2 [  1.83ms,    4.56m]    2.28m    2.28m    4.56m
            'rins/rens':       784 [ 73.52us,    1.77s] 779.79ms 453.05ms   10.19m       745 [ 12.68us, 100.09ms]  69.14ms  37.34ms   51.51s

Search stats              Bools  Conflicts   Branches  Restarts  BacktrackToRoot  Backtrack  BoolPropag  IntegerPropag
           'default_lp':     51    108'164  2'626'714       581          320'078    516'936   1'654'751     32'648'988
      'fs_random_no_lp':     51  4'147'871  5'664'839    12'817          170'780  4'305'772  13'319'338    149'848'649
               'max_lp':     51    142'093  2'615'249       674          311'109    540'333   1'864'286     33'291'746
                'no_lp':     51  3'991'313  5'684'135    16'789          176'043  4'141'134  15'531'087    157'005'564
              'probing':    264          7     16'109         0            6'824      6'826     118'764        144'467
        'quick_restart':     51     21'251  3'435'466     1'899          466'613    612'955   1'903'724     40'448'275
  'quick_restart_no_lp':     51  2'021'629  7'171'105   188'830          413'576  2'468'691   9'867'292    129'097'608

SAT formula               Fixed  Equiv  Total  VarLeft  BinaryClauses  PermanentClauses  TemporaryClauses
           'default_lp':     29      2     51       20             26               681             1'688
      'fs_random_no_lp':     15      2     51       34             14               121             3'194
               'max_lp':     17      2     51       32             20               484               681
                'no_lp':     15      2     51       34             18             -'372             3'251
              'probing':     41      0    264      223          1'190             3'660                 0
        'quick_restart':     20      2     51       29             38               -18               442
  'quick_restart_no_lp':     29      2     51       20             30             -'450             2'157

SAT stats                 ClassicMinim  LitRemoved  LitRemovedBinary  LitLearned  LitForgotten   Subsumed
           'default_lp':        66'230     234'556            24'896   1'283'896       465'636     45'728
      'fs_random_no_lp':     3'830'289  31'466'924         1'422'805  76'846'344    25'549'127  2'899'884
               'max_lp':        86'110     339'791            43'102   1'759'952       729'652     59'411
                'no_lp':     3'613'310  26'049'803         1'772'170  76'037'684    21'405'779  2'937'859
              'probing':             0           0                 2          17             0          0
        'quick_restart':        11'577      38'373             3'874     276'801        69'696      7'044
  'quick_restart_no_lp':     1'803'925   9'961'394           464'694  41'518'644    17'889'566  1'124'197

Vivification              Clauses  Decisions  LitTrue  Subsumed  LitRemoved  DecisionReused  Conflicts
           'default_lp':  383'520  2'466'517        0     2'670      20'908         183'454         49
      'fs_random_no_lp':  176'190  1'139'099        1     3'683      24'013          94'335         29
               'max_lp':  376'381  2'411'804        0     2'441      19'497         188'633         59
                'no_lp':  196'627  1'176'345        1     3'712      24'540         123'480         25
              'probing':       44        152       22         5         155               6          0
        'quick_restart':  518'899  3'312'267        0     3'108      21'136         256'568         51
  'quick_restart_no_lp':  253'893  1'607'608        0     4'920      30'894         131'935         36

Clause deletion           at_true  l_and_not(l)  to_binary  sub_conflict  sub_extra  sub_decisions  sub_eager  sub_vivify  sub_probing  sub_inpro  blocked  eliminated  forgotten   promoted  conflicts
           'default_lp':    5'786            16          1        44'098        900          3'528      1'630       2'670          130     14'381        0           0     35'084    238'442    108'164
      'fs_random_no_lp':    5'810            49          0     2'834'366      5'877         53'637     65'518       3'683          480     31'787        0           0  1'147'213  8'408'338  4'147'871
               'max_lp':    7'516            22          0        56'922      1'140          4'488      2'489       2'441          127     15'635        0           0     51'655    305'495    142'093
                'no_lp':    3'575             7          0     2'854'253      9'551         75'687     83'606       3'712          592     11'690        0           0    949'360  8'104'667  3'991'313
              'probing':       22             0          0             0          0              0          0           5            0          0        0           0          0          1          7
        'quick_restart':    1'911           116         10         6'650        121            522        394       3'108          508      7'306        0           0      5'103     56'535     21'251
  'quick_restart_no_lp':    7'072            30          1     1'089'558      3'376         25'617     34'639       4'920        3'122     16'099        0           0    839'677  4'247'394  2'021'629

Lp stats            Component  Iterations  AddedCuts  OPTIMAL  DUAL_F.  DUAL_U.
     'default_lp':          1   2'433'803     38'519  163'703        0   96'232
         'max_lp':          1   2'714'255     43'109  141'303   58'559  125'288
        'probing':          1     448'013    202'193   34'357        0        6
  'quick_restart':          1   1'069'810     97'185   73'032        0   19'626

Lp dimension           Final dimension of first component
     'default_lp':    433 rows, 161 columns, 8997 entries
         'max_lp':    383 rows, 161 columns, 6724 entries
        'probing':  1160 rows, 161 columns, 55239 entries
  'quick_restart':   775 rows, 161 columns, 24616 entries

Lp debug            CutPropag  CutEqPropag   Adjust  Overflow        Bad  BadScaling
     'default_lp':          0          237   96'142         0    161'484           0
         'max_lp':          0          217  124'948         0    172'404           0
        'probing':          0        5'681        6         1  1'354'679           0
  'quick_restart':          0        1'031   19'621         0    491'573           0

Lp pool             Constraints  Updates  Simplif  Merged  Shortened  Split  Strengthened        Cuts/Call
     'default_lp':       10'157   10'862   31'241       0     31'094  1'836           169    38'519/51'312
         'max_lp':        9'749   12'861   35'662       0     35'584  2'253            35    43'109/57'208
        'probing':        9'831  175'345   11'351       0    128'763  1'632            37  202'193/298'550
  'quick_restart':        9'823   47'109   46'173       0     46'070  5'024            49   97'185/134'146

Lp Cut            default_lp  max_lp  quick_restart  probing
          CG_FF:       4'075   4'569          7'916   11'598
           CG_K:       4'299   4'919          8'618   11'655
          CG_KL:           -       -              1        -
           CG_R:       8'013   8'982         20'925   43'825
          CG_RB:       8'483   9'399         23'203   51'799
         CG_RBP:       8'006   8'981         21'199   45'366
         Clique:           -      11              -        -
             IB:         159      25            179      150
       MIR_1_FF:           3       3              1        -
        MIR_1_K:           5       -              -        1
       MIR_1_KL:           1       -              -        -
        MIR_1_R:          10      20             36       79
       MIR_1_RB:          34      46             43      142
      MIR_1_RBP:          15      28             16       60
      MIR_1_RLT:           -       1              -        -
       MIR_2_FF:           -       3              1        1
        MIR_2_K:           3       -              1        1
       MIR_2_KL:           -       -              -        1
        MIR_2_R:          32      47             34       25
       MIR_2_RB:          71     132             64       81
      MIR_2_RBP:          45      87             33       51
        MIR_3_R:          30      13             16        8
       MIR_3_RB:          36      34             16       31
      MIR_3_RBP:          19      18             16       16
        MIR_4_R:          13       9              8        5
       MIR_4_RB:          20      16              8       13
      MIR_4_RBP:           6       8              8        6
        MIR_5_R:          12       8              5        8
       MIR_5_RB:           9       7              5        6
      MIR_5_RBP:           8       2              4        5
        MIR_6_R:           4       3              9        4
       MIR_6_RB:           4       4              7        8
      MIR_6_RBP:           3       2              5        5
   ZERO_HALF_FF:       1'502   1'599          5'433   17'819
    ZERO_HALF_K:           4       -              3        2
    ZERO_HALF_R:       3'582   4'117          9'359   19'383
   ZERO_HALF_RB:          11      11              8       33
  ZERO_HALF_RBP:           2       5              5        6

LNS stats       Improv/Calls  Closed  Difficulty  TimeLimit
  'rins/rens':       767/767     51%    9.21e-01       0.10

LS stats                                    Batches  Restarts/Perturbs   LinMoves  GenMoves  CompoundMoves  Bactracks  WeightUpdates  ScoreComputed
                             'fj_restart':      485                 76    723'703         0              0          0        480'674     48'903'461
                    'fj_restart_compound':      176                 60          0   438'262         39'834    199'030          1'145     16'140'728
                'fj_restart_compound_obj':      218                 57          0   536'934         43'954    246'371          1'374     20'052'887
            'fj_restart_compound_perturb':      297                 72          0   733'625         59'243    336'995          1'833     27'260'677
        'fj_restart_compound_perturb_obj':       98                 52          0   270'809         31'685    119'439            766      8'720'272
                       'fj_restart_decay':      170                 54    422'341         0              0          0         32'070     15'578'606
              'fj_restart_decay_compound':      219                 65          0   530'696         74'685    227'754            887     20'667'292
          'fj_restart_decay_compound_obj':      164                 64          0   431'557         62'696    184'224            813     15'054'637
      'fj_restart_decay_compound_perturb':      288                 65          0   679'043         89'182    294'710          1'054     27'199'181
  'fj_restart_decay_compound_perturb_obj':      326                 58          0   732'388         98'546    316'715          1'026     31'477'130
                   'fj_restart_decay_obj':      272                 74    680'823         0              0          0         51'659     24'862'727
               'fj_restart_decay_perturb':      448                 61  1'101'033         0              0          0         83'800     41'082'352
           'fj_restart_decay_perturb_obj':      298                 62    739'766         0              0          0         56'290     27'247'982
                         'fj_restart_obj':      157                 56    256'056         0              0          0        132'629     15'532'335
                     'fj_restart_perturb':      166                 76    276'331         0              0          0        129'267     16'297'973
                 'fj_restart_perturb_obj':      299                 61    439'499         0              0          0        286'048     30'130'719

Solution repositories    Added  Queried  Synchro
    'alternative_path':      0        0        0
      'best_solutions':      0        0        0
   'fj solution hints':  1'005        0    1'005
        'lp solutions':  1'722      784    1'722
                'pump':      0        0

Improving bounds shared    Num  Sym
            'default_lp':   18    0
       'fs_random_no_lp':    4    0
                'max_lp':   18    0
         'quick_restart':   10    0
   'quick_restart_no_lp':  121    0

Clauses shared            #Exported  #Imported  #BinaryRead  #BinaryTotal
           'default_lp':      2'639      4'348           69           103
      'fs_random_no_lp':        568      6'448           70           103
               'max_lp':      4'002      3'815           79           103
                'no_lp':      1'151      6'345           71           103
              'probing':          0      5'588           59           103
        'quick_restart':        353      7'154           90           103
  'quick_restart_no_lp':        473      7'050          103           103

LRAT_status: NA
CpSolverResponse summary:
status: INFEASIBLE
objective: NA
best_bound: NA
integers: 161
booleans: 51
conflicts: 108164
branches: 2626714
propagations: 1654751
integer_propagations: 32648988
restarts: 581
lp_iterations: 2433803
walltime: 1250.37
usertime: 1250.37
deterministic_time: 2686.94
gap_integral: 0

status=INFEASIBLE objective=0.0 best_bound=0.0 conflicts=108164 branches=2626714 wall=1250.372793s elapsed=1250.373401s
wrote computations/results/cpsat_m11_cap15.json
