
Starting CP-SAT solver v9.15.6755
Parameters: max_time_in_seconds: 7200 log_search_progress: true num_search_workers: 1 log_to_stdout: true

Initial satisfaction model '': (model_fingerprint: 0xfe0a4cc4bfb16b6f)
#Variables: 66 (64 primary variables)
  - 66 Booleans in [0,1]
#kLinear1: 1
#kLinear2: 10
#kLinearN: 8'225 (#enforced: 20 #multi: 20) (#terms: 541'314)

Starting presolve at 0.06s
  3.15e-02s  0.00e+00d  [DetectDominanceRelations]
  4.22e-01s  0.00e+00d  [PresolveToFixPoint] #num_loops=2 #num_dual_strengthening=1
  3.19e-04s  0.00e+00d  [ExtractEncodingFromLinear]
  2.10e-02s  0.00e+00d  [DetectDuplicateColumns]
INFEASIBLE: 'duplicate: false after merging'
  3.97e-02s  0.00e+00d  [DetectDuplicateConstraints] #duplicates=7'168
[Symmetry] Graph for symmetry has 1'157 nodes and 56'719 arcs.
[Symmetry] Symmetry computation done. time: 0.00132749 dtime: 0.00229981
  4.58e-06s  0.00e+00d  [Probe]
  7.52e-07s  0.00e+00d  [DetectEncodedComplexDomains]

Presolve summary:
  - 0 affine relations were detected.
  - rule 'bool_or: always true' was applied 9 times.
  - rule 'duplicate: merged rhs of linear constraint' was applied 7'166 times.
  - rule 'duplicate: removed constraint' was applied 7'165 times.
  - rule 'enforcement: always false' was applied 1 time.
  - rule 'enforcement: false literal' was applied 9 times.
  - rule 'enforcement: true literal' was applied 19 times.
  - rule 'linear1: x in domain' was applied 1 time.
  - rule 'linear2: convert ax + by != cte to clauses' was applied 9 times.
  - rule 'linear: always true' was applied 12 times.
  - rule 'linear: divide by GCD' was applied 8'192 times.
  - rule 'linear: empty' was applied 2 times.
  - rule 'linear: enforcement literal in expression' was applied 37 times.
  - rule 'linear: fixed or dup variables' was applied 8'224 times.
  - rule 'linear: reduced variable domains' was applied 1 time.
  - rule 'presolve: iteration' was applied 1 time.
Problem closed by presolve.
CpSolverResponse summary:
status: INFEASIBLE
objective: NA
best_bound: NA
integers: 0
booleans: 0
conflicts: 0
branches: 0
propagations: 0
integer_propagations: 0
restarts: 0
lp_iterations: 0
walltime: 0.6385
usertime: 0.6385
deterministic_time: 0
gap_integral: 0

status=INFEASIBLE objective=0.0 best_bound=0.0 conflicts=0 branches=0 wall=0.638500s elapsed=0.639117s
wrote computations/results/cpsat_m13_cap18_degree0.json
