model n=7 internal_binary=15 projective_spins=64 linear_rows=137 symmetry=basic
Running HiGHS 1.2.0 [date: 2021-07-09, git hash: n/a]
Copyright (c) 2022 ERGO-Code under MIT licence terms
Presolving model
136 rows, 15 cols, 1962 nonzeros
72 rows, 15 cols, 1002 nonzeros
72 rows, 15 cols, 1002 nonzeros
Objective function is integral with scale 1

Solving MIP model with:
   72 rows
   15 cols (14 binary, 1 integer, 0 implied int., 0 continuous)
   1002 nonzeros

        Nodes      |    B&B Tree     |            Objective Bounds              |  Dynamic Constraints |       Work
     Proc. InQueue |  Leaves   Expl. | BestBound       BestSol              Gap |   Cuts   InLp Confl. | LpIters     Time

         0       0         0   0.00%   0               inf                  inf        0      0      0         0     0.0s
 R       0       0         0   0.00%   6               13                53.85%        0      0      0        15     0.0s
 L       0       0         0   0.00%   7               9                 22.22%      289     14     12        73     0.0s

Solving report
  Status            Optimal
  Primal bound      9
  Dual bound        9
  Gap               0%
  Solution status   feasible
                    9 (objective)
                    0 (bound viol.)
                    0 (int. viol.)
                    0 (row viol.)
  Timing            0.05 (total)
                    0.00 (presolve)
                    0.00 (postsolve)
  Nodes             65
  LP iterations     517 (total)
                    63 (strong br.)
                    82 (separation)
                    51 (heuristics)
status=0 success=True message=Optimization terminated successfully. (HiGHS Status 7: Optimal)
fun=9.0 dual=9.0 gap=0.0 nodes=65 elapsed=0.051074s
verified profile M=9 P=7 Q=9 sha256=1b64bd7ae64b52b5853dbd784d1056b5c66eb33bf539dea1c36c372240c1365d
wrote computations/results/exact_m7.json
