model n=5 internal_binary=6 projective_spins=16 linear_rows=37 symmetry=basic
Running HiGHS 1.2.0 [date: 2021-07-09, git hash: n/a]
Copyright (c) 2022 ERGO-Code under MIT licence terms
Presolving model
35 rows, 6 cols, 198 nonzeros
20 rows, 6 cols, 108 nonzeros
20 rows, 6 cols, 108 nonzeros
Objective function is integral with scale 1

Solving MIP model with:
   20 rows
   6 cols (5 binary, 1 integer, 0 implied int., 0 continuous)
   108 nonzeros

        Nodes      |    B&B Tree     |            Objective Bounds              |  Dynamic Constraints |       Work
     Proc. InQueue |  Leaves   Expl. | BestBound       BestSol              Gap |   Cuts   InLp Confl. | LpIters     Time

         0       0         0   0.00%   2               inf                  inf        0      0      0         0     0.0s
 T       0       0         0   0.00%   2               4                 50.00%        0      0      0         4     0.0s

Solving report
  Status            Optimal
  Primal bound      4
  Dual bound        4
  Gap               0%
  Solution status   feasible
                    4 (objective)
                    0 (bound viol.)
                    0 (int. viol.)
                    0 (row viol.)
  Timing            0.00 (total)
                    0.00 (presolve)
                    0.00 (postsolve)
  Nodes             1
  LP iterations     4 (total)
                    0 (strong br.)
                    0 (separation)
                    0 (heuristics)
status=0 success=True message=Optimization terminated successfully. (HiGHS Status 7: Optimal)
fun=4.0 dual=4.0 gap=0.0 nodes=1 elapsed=0.003879s
verified profile M=4 P=4 Q=4 sha256=138470a60238bca2a57e9c35b47940ca8bd655f7402d2f2d5ff5c1172a60cd16
wrote computations/results/exact_m5.json
