model n=9 internal_binary=28 projective_spins=256 linear_rows=525 symmetry=basic
Running HiGHS 1.2.0 [date: 2021-07-09, git hash: n/a]
Copyright (c) 2022 ERGO-Code under MIT licence terms
Presolving model
524 rows, 28 cols, 14424 nonzeros
268 rows, 28 cols, 7256 nonzeros
268 rows, 28 cols, 7256 nonzeros
Objective function is integral with scale 1

Solving MIP model with:
   268 rows
   28 cols (27 binary, 1 integer, 0 implied int., 0 continuous)
   7256 nonzeros

        Nodes      |    B&B Tree     |            Objective Bounds              |  Dynamic Constraints |       Work
     Proc. InQueue |  Leaves   Expl. | BestBound       BestSol              Gap |   Cuts   InLp Confl. | LpIters     Time

         0       0         0   0.00%   0               inf                  inf        0      0      0         0     0.0s
 R       0       0         0   0.00%   8               16                50.00%        0      0      0        67     0.0s
 C       0       0         0   0.00%   8               15                46.67%      232      9      6       139     0.0s
 L       0       0         0   0.00%   8               12                33.33%      663     18     19       259     0.2s

Solving report
  Status            Optimal
  Primal bound      12
  Dual bound        12
  Gap               0%
  Solution status   feasible
                    12 (objective)
                    0 (bound viol.)
                    0 (int. viol.)
                    0 (row viol.)
  Timing            1.94 (total)
                    0.02 (presolve)
                    0.00 (postsolve)
  Nodes             1608
  LP iterations     14953 (total)
                    1486 (strong br.)
                    813 (separation)
                    2152 (heuristics)
status=0 success=True message=Optimization terminated successfully. (HiGHS Status 7: Optimal)
fun=12.0 dual=12.0 gap=0.0 nodes=1608 elapsed=1.944001s
verified profile M=12 P=12 Q=12 sha256=a221ec52f46b2c3af3682ed10c7c1dc805dca7736a05d1cd559afab863c5adf5
wrote computations/results/exact_m9.json
