child n=3: checked=4 best_extension_cap=4 saved_rows=3 hash=94b4810f3d92ec73fcc52f3c7ef19c809a104c15a7c745bd99edfaa5b7e8cb79
extension cap histogram: {'4': 3, '6': 1}
wrote computations/results/extension_exact_m3_to_4.json
child n=4: checked=8 best_extension_cap=4 saved_rows=2 hash=138470a60238bca2a57e9c35b47940ca8bd655f7402d2f2d5ff5c1172a60cd16
extension cap histogram: {'4': 2, '6': 4, '8': 2}
wrote computations/results/extension_exact_m4_to_5.json
child n=5: checked=16 best_extension_cap=5 saved_rows=1 hash=ed98c75aa55bd5285209caf95aab9871bab1733abe8b887493f3561587571968
extension cap histogram: {'5': 1, '7': 5, '9': 10}
wrote computations/results/extension_exact_m5_to_6.json
child n=6: checked=32 best_extension_cap=9 saved_rows=20 hash=dc2ebb97abab3e81ffd27e92d04ccb6e5d0b83bb77f41f5cec34d807f3343dc2
extension cap histogram: {'9': 20, '11': 12}
wrote computations/results/extension_exact_m6_to_7.json
child n=7: checked=64 best_extension_cap=10 saved_rows=1 hash=d42b0bf68801d95728ee4c74de82a93c2a556138c1a3796dafa47aa50e4714b2
extension cap histogram: {'10': 1, '12': 31, '14': 28, '16': 4}
wrote computations/results/extension_exact_m7_to_8.json
child n=8: checked=128 best_extension_cap=12 saved_rows=12 hash=989d2d6d8cdf54a2ad5aef44cb95946c79ad8ba502bf14529d75ca658af33aff
extension cap histogram: {'12': 12, '14': 56, '16': 52, '18': 8}
wrote computations/results/extension_exact_m8_to_9.json
child n=9: checked=256 best_extension_cap=15 saved_rows=4 hash=75a0b74bdb3142a0365129d711f1956b4f38df82cb7659c599f4902af9a2e5b9
extension cap histogram: {'15': 4, '17': 104, '19': 127, '21': 21}
wrote computations/results/extension_exact_m9_to_10.json
