{
  "best": {
    "active_rank_on_fractional_entries": 29,
    "active_state_inequalities": 29,
    "bridge": [
      [
        -0.7986323435999587,
        0.8737406625721121,
        -1.0,
        -1.0,
        1.0,
        0.07510831897215343,
        -1.0,
        -1.0
      ],
      [
        1.0,
        0.06526622498552237,
        1.0,
        -1.0,
        0.7197426913011838,
        1.0,
        -0.657766020425742,
        -0.8530729161657623
      ],
      [
        1.0,
        0.10963209812822855,
        -1.0,
        1.0,
        0.026210159506238506,
        1.0,
        0.704125578778193,
        0.19028283020026612
      ],
      [
        -1.0,
        -1.0,
        -0.8828052352185523,
        1.0,
        0.16381349691396263,
        0.08795422494520944,
        0.5352880163244707,
        1.0
      ],
      [
        -1.0,
        0.9140660286081352,
        1.0,
        -0.8805523762287373,
        0.4163321717697448,
        0.006552539876557628,
        0.922638822038031,
        1.0
      ],
      [
        0.8616457095956644,
        -1.0,
        -1.0,
        -1.0,
        1.0,
        -1.0,
        -0.8198184375664369,
        1.0
      ],
      [
        1.0,
        -0.25655918196245747,
        0.6761543394986856,
        -1.0,
        1.0,
        -0.7230322454112635,
        1.0,
        0.9566442536339711
      ],
      [
        -1.0,
        -1.0,
        1.0,
        0.5443525889709081,
        0.4546372842524245,
        0.892647329205182,
        1.0,
        -1.0
      ]
    ],
    "fractional_entries": 29,
    "max_constraint_residual": 2.1316282072803006e-14,
    "trial": 35,
    "variance": 16.954440091637323,
    "variance_fraction": 0.2649131264318332
  },
  "bridge_variables": 64,
  "child_a": "computations/results/exact_m8.json",
  "child_b": "computations/results/exact_m8.json",
  "classification": "heuristic LP vertex search; all spin-pair constraints are exact",
  "linear_inequalities": 32768,
  "orders": [
    8,
    8
  ],
  "projective_state_pairs": 16384,
  "schema": "quadratic-signing-fractional-bridge-variance-probe-v1",
  "seed": 20260732,
  "sign_b": 1,
  "solver_status_counts": {
    "0": 50
  },
  "target": 28.284271247461902,
  "trials": 50,
  "warning": "random LP objectives do not certify the global minimum of variance"
}
sha256 e487042db7452b07cd15ff7842b72fb6a0d2e1578f5dbe68365b5548b760bb0e
