{
  "best": {
    "active_rank_on_fractional_entries": 16,
    "active_state_inequalities": 140,
    "bridge": [
      [
        -1.0,
        -0.0,
        -0.0,
        -1.0,
        -0.0,
        -1.0
      ],
      [
        -0.0,
        -0.0,
        -1.0,
        -0.0,
        1.0,
        1.0
      ],
      [
        -0.0,
        1.0,
        1.0,
        -0.0,
        -0.0,
        1.0
      ],
      [
        1.0,
        1.0,
        -0.0,
        -0.0,
        -0.0,
        -1.0
      ],
      [
        1.0,
        -1.0,
        1.0,
        -1.0,
        1.0,
        -0.0
      ],
      [
        -0.0,
        -0.0,
        -0.0,
        1.0,
        1.0,
        -1.0
      ]
    ],
    "fractional_entries": 16,
    "max_constraint_residual": 0.0,
    "trial": 291,
    "variance": 16.0,
    "variance_fraction": 0.4444444444444444
  },
  "bridge_variables": 36,
  "child_a": "computations/results/exact_m6.json",
  "child_b": "computations/results/exact_m6.json",
  "classification": "heuristic LP vertex search; all spin-pair constraints are exact",
  "linear_inequalities": 2048,
  "orders": [
    6,
    6
  ],
  "projective_state_pairs": 1024,
  "schema": "quadratic-signing-fractional-bridge-variance-probe-v1",
  "seed": 20260731,
  "sign_b": 1,
  "solver_status_counts": {
    "0": 500
  },
  "target": 14.0,
  "trials": 500,
  "warning": "random LP objectives do not certify the global minimum of variance"
}
sha256 a46b0d6969d7aa0811d5537cf3d3ff4d38b3004c35bf9a9c295f7ac0fcdd49a1
