
Starting CP-SAT solver v9.15.6755
Parameters: max_time_in_seconds: 120 log_search_progress: true num_search_workers: 1 log_to_stdout: true

Initial satisfaction model '': (model_fingerprint: 0x1cb8d2065fa75268)
#Variables: 36 (35 primary variables)
  - 36 Booleans in [0,1]
#kLinear1: 1
#kLinearN: 1'536 (#terms: 51'200)

Starting presolve at 0.01s
  3.87e-03s  0.00e+00d  [DetectDominanceRelations]
  1.09e-01s  0.00e+00d  [PresolveToFixPoint] #num_loops=2 #num_dual_strengthening=1
  6.72e-05s  0.00e+00d  [ExtractEncodingFromLinear]
  4.77e-03s  0.00e+00d  [DetectDuplicateColumns]
  2.67e-03s  0.00e+00d  [DetectDuplicateConstraints] #duplicates=1'152
[Symmetry] Graph for symmetry has 454 nodes and 12'450 arcs.
[Symmetry] Symmetry computation done. time: 0.00365134 dtime: 0.00540378
[Symmetry] #generators: 4, average support size: 14
[Symmetry] 5 orbits on 30 variables with sizes: 10,5,5,5,5
[Symmetry] Found orbitope of size 7 x 2
  1.02e-04s  0.00e+00d  [DetectDuplicateConstraintsWithDifferentEnforcements]
  4.02e-03s  6.26e-04d  [Probe] #probed=70
  1.11e-05s  0.00e+00d  [MaxClique]
  8.16e-04s  0.00e+00d  [DetectDominanceRelations]
  1.53e-02s  0.00e+00d  [PresolveToFixPoint] #num_loops=1 #num_dual_strengthening=1
  2.81e-03s  0.00e+00d  [ProcessAtMostOneAndLinear]
  1.01e-04s  0.00e+00d  [DetectDuplicateConstraints]
  4.87e-05s  0.00e+00d  [DetectDuplicateConstraintsWithDifferentEnforcements]
  3.44e-01s  7.11e-03d  [DetectDominatedLinearConstraints] #relevant_constraints=384 #num_inclusions=73'536
  9.86e-05s  0.00e+00d  [DetectDifferentVariables]
  3.45e-04s  0.00e+00d  [ProcessSetPPC] #relevant_constraints=384
  6.16e-05s  0.00e+00d  [TransformClausesToExactlyOne]
  1.28e-05s  0.00e+00d  [DetectEncodedComplexDomains]
  2.00e-05s  0.00e+00d  [FindAlmostIdenticalLinearConstraints]
  1.92e-06s  0.00e+00d  [FindBigAtMostOneAndLinearOverlap]
  1.92e-02s  3.54e-03d  [FindBigVerticalLinearOverlap] #blocks=51 #saved_nz=6'201
  1.90e-04s  3.03e-05d  [FindBigHorizontalLinearOverlap] #linears=384
  1.63e-05s  0.00e+00d  [MergeClauses]
  4.60e-04s  0.00e+00d  [DetectDominanceRelations]
  2.37e-02s  0.00e+00d  [PresolveToFixPoint] #num_loops=2 #num_dual_strengthening=1
  4.54e-04s  0.00e+00d  [DetectDominanceRelations]
  3.90e-03s  0.00e+00d  [PresolveToFixPoint] #num_loops=1 #num_dual_strengthening=1
  1.98e-04s  0.00e+00d  [DetectDuplicateColumns]
  5.13e-05s  0.00e+00d  [DetectDuplicateConstraints]
[Symmetry] Graph for symmetry has 594 nodes and 6'287 arcs.
[Symmetry] Symmetry computation done. time: 0.000230967 dtime: 0.00026368
  8.47e-05s  0.00e+00d  [DetectDuplicateConstraintsWithDifferentEnforcements]
  1.89e-02s  5.05e-04d  [Probe] #probed=70
  3.07e-05s  0.00e+00d  [MaxClique]
  4.52e-04s  0.00e+00d  [DetectDominanceRelations]
  3.84e-03s  0.00e+00d  [PresolveToFixPoint] #num_loops=1 #num_dual_strengthening=1
  2.86e-03s  0.00e+00d  [ProcessAtMostOneAndLinear]
  8.59e-05s  0.00e+00d  [DetectDuplicateConstraints]
  4.78e-05s  0.00e+00d  [DetectDuplicateConstraintsWithDifferentEnforcements]
  3.77e-04s  4.35e-05d  [DetectDominatedLinearConstraints] #relevant_constraints=435
  7.08e-05s  0.00e+00d  [DetectDifferentVariables]
  1.32e-04s  0.00e+00d  [ProcessSetPPC] #relevant_constraints=232
  6.01e-05s  0.00e+00d  [TransformClausesToExactlyOne]
  1.08e-05s  0.00e+00d  [DetectEncodedComplexDomains]
  3.48e-05s  4.65e-07d  [FindAlmostIdenticalLinearConstraints] #num_tested_pairs=31
  2.38e-06s  0.00e+00d  [FindBigAtMostOneAndLinearOverlap]
  4.43e-03s  9.91e-04d  [FindBigVerticalLinearOverlap] #blocks=6 #saved_nz=306
  1.47e-04s  2.87e-05d  [FindBigHorizontalLinearOverlap] #linears=384
  1.51e-05s  0.00e+00d  [MergeClauses]
  4.42e-04s  0.00e+00d  [DetectDominanceRelations]
  1.08e-02s  0.00e+00d  [PresolveToFixPoint] #num_loops=2 #num_dual_strengthening=1
  1.65e-02s  0.00e+00d  [DetectDominanceRelations]
  2.02e-02s  0.00e+00d  [PresolveToFixPoint] #num_loops=1 #num_dual_strengthening=1
  1.95e-04s  0.00e+00d  [DetectDuplicateColumns]
  5.01e-05s  0.00e+00d  [DetectDuplicateConstraints]
[Symmetry] Graph for symmetry has 611 nodes and 5'986 arcs.
[Symmetry] Symmetry computation done. time: 0.000241012 dtime: 0.00026015
  8.68e-05s  0.00e+00d  [DetectDuplicateConstraintsWithDifferentEnforcements]
  5.08e-03s  4.85e-04d  [Probe] #probed=70
  1.18e-05s  0.00e+00d  [MaxClique]
  4.33e-04s  0.00e+00d  [DetectDominanceRelations]
  4.17e-03s  0.00e+00d  [PresolveToFixPoint] #num_loops=1 #num_dual_strengthening=1
  2.32e-03s  0.00e+00d  [ProcessAtMostOneAndLinear]
  5.90e-05s  0.00e+00d  [DetectDuplicateConstraints]
  4.56e-05s  0.00e+00d  [DetectDuplicateConstraintsWithDifferentEnforcements]
  3.88e-04s  4.06e-05d  [DetectDominatedLinearConstraints] #relevant_constraints=440
  7.19e-05s  0.00e+00d  [DetectDifferentVariables]
  1.32e-04s  0.00e+00d  [ProcessSetPPC] #relevant_constraints=141
  9.03e-05s  0.00e+00d  [TransformClausesToExactlyOne]
  1.65e-05s  0.00e+00d  [DetectEncodedComplexDomains]
  4.35e-05s  4.55e-07d  [FindAlmostIdenticalLinearConstraints] #num_tested_pairs=30
  2.17e-06s  0.00e+00d  [FindBigAtMostOneAndLinearOverlap]
  3.71e-03s  8.97e-04d  [FindBigVerticalLinearOverlap] #blocks=5 #saved_nz=214
  1.27e-04s  2.75e-05d  [FindBigHorizontalLinearOverlap] #linears=384
  1.35e-05s  0.00e+00d  [MergeClauses]
  4.45e-04s  0.00e+00d  [DetectDominanceRelations]
  5.36e-03s  0.00e+00d  [PresolveToFixPoint] #num_loops=2 #num_dual_strengthening=1
  8.66e-06s  0.00e+00d  [MergeNoOverlap]
  9.30e-06s  0.00e+00d  [MergeNoOverlap2D]

Presolve summary:
  - 0 affine relations were detected.
  - rule 'duplicate: merged rhs of linear constraint' was applied 1'152 times.
  - rule 'duplicate: removed constraint' was applied 1'152 times.
  - rule 'linear matrix: common vertical rectangle' was applied 62 times.
  - rule 'linear1: x in domain' was applied 1 time.
  - rule 'linear: divide by GCD' was applied 1'536 times.
  - rule 'linear: variable substitution 2' was applied 1 time.
  - rule 'presolve: 1 unused variables removed.' was applied 1 time.
  - rule 'presolve: iteration' was applied 3 times.

Presolved satisfaction model '': (model_fingerprint: 0xf6cad7ff01dde0c9)
#Variables: 96 (53 primary variables)
  - 35 Booleans in [0,1]
  - 2 in [-3,1]
  - 2 in [-2,1]
  - 5 in [-2,2]
  - 17 in [-1,1]
  - 10 in [-1,2]
  - 5 in [-1,3]
  - 15 in [0,2]
  - 3 in [0,3]
  - 2 in [0,4]
#kLinear3: 59
#kLinearN: 386 (#terms: 5'517)
[Symmetry] Graph for symmetry has 624 nodes and 5'777 arcs.
[Symmetry] Symmetry computation done. time: 0.000244275 dtime: 0.00025694

Preloading model.

Starting search at 0.72s with 1 workers.
1 full problem subsolver: [main]

[Precedences] num_relations=0 num_clauses=0
[Probing] deterministic_time: 0.00045272 (limit: 1) wall_time: 0.0031762 (35/35)
[LinearRelaxationBeforeCliqueExpansion] #linear:445 #at_most_ones:0
[FinalLinearRelaxation] #linear:445 #cut_generators:0
Initial num_bool: 35

Starting subsolver 'main' hint search at 0.73s
Starting subsolver 'main' search at 0.73s
#1       0.78s main

Task timing           n [     min,      max]      avg      dev     time         n [     min,      max]      avg      dev    dtime
      'main':         1 [ 52.84ms,  52.84ms]  52.84ms   0.00ns  52.84ms         1 [ 15.12ms,  15.12ms]  15.12ms   0.00ns  15.12ms

Search stats    Bools  Conflicts  Branches  Restarts  BacktrackToRoot  Backtrack  BoolPropag  IntegerPropag
       'main':     35         16       200         0              140        156          26          1'304

SAT formula    Fixed  Equiv  Total  VarLeft  BinaryClauses  PermanentClauses  TemporaryClauses
      'main':      0      0     35       35              0                 0                12

SAT stats    ClassicMinim  LitRemoved  LitRemovedBinary  LitLearned  LitForgotten  Subsumed
    'main':             2           3                 0         290             0         4

Vivification    Clauses  Decisions  LitTrue  Subsumed  LitRemoved  DecisionReused  Conflicts
       'main':        0          0        0         0           0               0          0

Clause deletion    at_true  l_and_not(l)  to_binary  sub_conflict  sub_extra  sub_decisions  sub_eager  sub_vivify  sub_probing  sub_inpro  blocked  eliminated  forgotten  promoted  conflicts
          'main':        0             0          0             3          0              0          1           0            0          0        0           0          0        30         16

Lp stats    Component  Iterations  AddedCuts  OPTIMAL  DUAL_F.  DUAL_U.
   'main':          1         524         53       46        0       16

Lp dimension    Final dimension of first component
       'main':  210 rows, 96 columns, 1993 entries

Lp debug    CutPropag  CutEqPropag  Adjust  Overflow  Bad  BadScaling
   'main':          0            0      12         0    0           0

Lp pool    Constraints  Updates  Simplif  Merged  Shortened  Split  Strengthened  Cuts/Call
  'main':          498        0        0       0          0      0             0      53/55

Lp Cut    main
     IB:    53

Solutions (1)    Num   Rank
        'main':    1  [0,0]

Solution repositories    Added  Queried  Synchro
    'alternative_path':      0        0        0
      'best_solutions':      1        0        1
   'fj solution hints':      0        0        0

LRAT_status: NA
CpSolverResponse summary:
status: OPTIMAL
objective: NA
best_bound: NA
integers: 96
booleans: 35
conflicts: 16
branches: 200
propagations: 26
integer_propagations: 1304
restarts: 0
lp_iterations: 524
walltime: 0.779048
usertime: 0.779048
deterministic_time: 0.0294431
gap_integral: 0
solution_fingerprint: 0xa1eef5b430ac3e84

status=OPTIMAL conflicts=16 branches=200 wall=0.779048s
verified parent_M=13 child_M=12 hash=c5406887a8ab8ebe62c152cdb63b62edae63b5f7c86efe55573aae19e3dccf6f
wrote computations/results/nested_9_in_10.json
