
Starting CP-SAT solver v9.15.6755
Parameters: max_time_in_seconds: 900 log_search_progress: true num_search_workers: 2 log_to_stdout: true

Initial satisfaction model '': (model_fingerprint: 0xf8ac6ab6d53b05a7)
#Variables: 105 (104 primary variables)
  - 105 Booleans in [0,1]
#kLinear1: 1
#kLinearN: 81'920 (#terms: 8'159'232)

Starting presolve at 0.81s
  6.52e-01s  0.00e+00d  [DetectDominanceRelations]
  7.06e+00s  0.00e+00d  [PresolveToFixPoint] #num_loops=2 #num_dual_strengthening=1
  5.77e-03s  0.00e+00d  [ExtractEncodingFromLinear]
  4.40e-01s  0.00e+00d  [DetectDuplicateColumns]
  1.26e+00s  0.00e+00d  [DetectDuplicateConstraints] #duplicates=61'440
[Symmetry] Graph for symmetry has 20'688 nodes and 2'019'431 arcs.
[Symmetry] Time limit reached: Some automorphisms were found, but probably not all.
[Symmetry] Symmetry computation done. time: 0.699321 dtime: 1.03839
[Symmetry] #generators: 5, average support size: 26
[Symmetry] 18 orbits on 76 variables with sizes: 10,10,5,5,5,5,5,5,5,5,...
[Symmetry] Found orbitope of size 13 x 2
  1.22e-02s  0.00e+00d  [DetectDuplicateConstraintsWithDifferentEnforcements]
  1.02e+00s  1.01e-01d  [Probe] #probed=208
  1.29e-03s  0.00e+00d  [MaxClique]
  2.19e-01s  0.00e+00d  [DetectDominanceRelations]
  1.05e+00s  0.00e+00d  [PresolveToFixPoint] #num_loops=1 #num_dual_strengthening=1
  4.68e-01s  0.00e+00d  [ProcessAtMostOneAndLinear]
  1.02e-02s  0.00e+00d  [DetectDuplicateConstraints]
  1.32e-02s  0.00e+00d  [DetectDuplicateConstraintsWithDifferentEnforcements]
  2.50e+00s  1.00e-01d  [DetectDominatedLinearConstraints] #relevant_constraints=20'480 #num_inclusions=430'111
  1.24e-02s  0.00e+00d  [DetectDifferentVariables]
  5.32e-02s  0.00e+00d  [ProcessSetPPC] #relevant_constraints=20'480
  1.85e-03s  0.00e+00d  [TransformClausesToExactlyOne]
  2.49e-03s  0.00e+00d  [DetectEncodedComplexDomains]
  4.04e-03s  0.00e+00d  [FindAlmostIdenticalLinearConstraints]
  7.17e-06s  0.00e+00d  [FindBigAtMostOneAndLinearOverlap]
  6.36e+00s  1.01e+00d *[FindBigVerticalLinearOverlap] #blocks=73 #saved_nz=680'740
  2.07e-02s  6.69e-03d  [FindBigHorizontalLinearOverlap] #linears=20'480
  2.10e-03s  0.00e+00d  [MergeClauses]
  1.13e-01s  0.00e+00d  [DetectDominanceRelations]
  1.37e+00s  0.00e+00d  [PresolveToFixPoint] #num_loops=2 #num_dual_strengthening=1
  1.29e-01s  0.00e+00d  [DetectDominanceRelations]
  8.43e-01s  0.00e+00d  [PresolveToFixPoint] #num_loops=1 #num_dual_strengthening=1
  6.09e-02s  0.00e+00d  [DetectDuplicateColumns]
  9.17e-03s  0.00e+00d  [DetectDuplicateConstraints]
[Symmetry] Graph for symmetry has 20'885 nodes and 1'338'742 arcs.
[Symmetry] Symmetry computation done. time: 0.0410296 dtime: 0.0400041
  1.19e-02s  0.00e+00d  [DetectDuplicateConstraintsWithDifferentEnforcements]
  1.83e+00s  2.84e-01d  [Probe] #probed=208
  1.46e-03s  0.00e+00d  [MaxClique]
  9.36e-02s  0.00e+00d  [DetectDominanceRelations]
  6.73e-01s  0.00e+00d  [PresolveToFixPoint] #num_loops=1 #num_dual_strengthening=1
  3.15e-01s  0.00e+00d  [ProcessAtMostOneAndLinear]
  1.07e-02s  0.00e+00d  [DetectDuplicateConstraints]
  9.60e-03s  0.00e+00d  [DetectDuplicateConstraintsWithDifferentEnforcements]
  3.30e-01s  1.00e-01d  [DetectDominatedLinearConstraints] #relevant_constraints=20'553
  3.50e-02s  0.00e+00d  [DetectDifferentVariables]
  6.46e-02s  0.00e+00d  [ProcessSetPPC] #relevant_constraints=20'481
  2.65e-03s  0.00e+00d  [TransformClausesToExactlyOne]
  2.79e-03s  0.00e+00d  [DetectEncodedComplexDomains]
  2.59e-03s  1.95e-07d  [FindAlmostIdenticalLinearConstraints] #num_tested_pairs=13
  2.13e-05s  0.00e+00d  [FindBigAtMostOneAndLinearOverlap]
  5.59e+00s  7.66e-01d  [FindBigVerticalLinearOverlap] #blocks=418 #saved_nz=498'094
  1.58e-02s  4.20e-03d  [FindBigHorizontalLinearOverlap] #linears=20'480
  1.99e-03s  0.00e+00d  [MergeClauses]
  1.14e-01s  0.00e+00d  [DetectDominanceRelations]
  1.04e+00s  0.00e+00d  [PresolveToFixPoint] #num_loops=2 #num_dual_strengthening=1
  1.25e-01s  0.00e+00d  [DetectDominanceRelations]
  7.86e-01s  0.00e+00d  [PresolveToFixPoint] #num_loops=1 #num_dual_strengthening=1
  4.03e-02s  0.00e+00d  [DetectDuplicateColumns]
  8.86e-03s  0.00e+00d  [DetectDuplicateConstraints]
[Symmetry] Graph for symmetry has 22'121 nodes and 841'048 arcs.
[Symmetry] Symmetry computation done. time: 0.0317583 dtime: 0.0261251
  9.18e-03s  0.00e+00d  [DetectDuplicateConstraintsWithDifferentEnforcements]
  1.44e+00s  1.78e-01d  [Probe] #probed=208
  1.66e-03s  0.00e+00d  [MaxClique]
  1.08e-01s  0.00e+00d  [DetectDominanceRelations]
  5.94e-01s  0.00e+00d  [PresolveToFixPoint] #num_loops=1 #num_dual_strengthening=1
  5.25e-01s  0.00e+00d  [ProcessAtMostOneAndLinear]
  2.54e-02s  0.00e+00d  [DetectDuplicateConstraints]
  9.34e-03s  0.00e+00d  [DetectDuplicateConstraintsWithDifferentEnforcements]
  1.77e-01s  2.40e-02d  [DetectDominatedLinearConstraints] #relevant_constraints=20'971
  8.49e-03s  0.00e+00d  [DetectDifferentVariables]
  1.93e-02s  0.00e+00d  [ProcessSetPPC] #relevant_constraints=19'089
  2.00e-03s  0.00e+00d  [TransformClausesToExactlyOne]
  2.20e-03s  0.00e+00d  [DetectEncodedComplexDomains]
  2.81e-03s  1.17e-05d  [FindAlmostIdenticalLinearConstraints] #num_tested_pairs=777
  8.91e-06s  0.00e+00d  [FindBigAtMostOneAndLinearOverlap]
  2.34e+00s  3.53e-01d  [FindBigVerticalLinearOverlap] #blocks=504 #saved_nz=119'886
  1.46e-02s  3.59e-03d  [FindBigHorizontalLinearOverlap] #linears=20'480
  2.21e-03s  0.00e+00d  [MergeClauses]
  5.66e-02s  0.00e+00d  [DetectDominanceRelations]
  7.79e-01s  0.00e+00d  [PresolveToFixPoint] #num_loops=2 #num_dual_strengthening=1
  1.45e-03s  0.00e+00d  [MergeNoOverlap]
  1.58e-03s  0.00e+00d  [MergeNoOverlap2D]

Presolve summary:
  - 0 affine relations were detected.
  - rule 'duplicate: merged rhs of linear constraint' was applied 61'440 times.
  - rule 'duplicate: removed constraint' was applied 61'440 times.
  - rule 'linear matrix: common vertical rectangle' was applied 995 times.
  - rule 'linear1: x in domain' was applied 1 time.
  - rule 'linear: divide by GCD' was applied 81'920 times.
  - rule 'linear: variable substitution 2' was applied 1 time.
  - rule 'presolve: 1 unused variables removed.' was applied 1 time.
  - rule 'presolve: iteration' was applied 3 times.

Presolved satisfaction model '': (model_fingerprint: 0x79f41db6505e28a)
#Variables: 1'098 (470 primary variables)
  - 104 Booleans in [0,1]
  - 3 in [-7,1]
  - 1 in [-7,8]
  - 2 in [-6,2]
  - 3 in [-6,3]
  - 5 in [-6,4]
  - 1 in [-6,5]
  - 1 in [-6,7]
  - 1 in [-6,8]
  - 12 in [-5,1]
  - 6 in [-5,2]
  - 27 in [-5,3]
  - 5 in [-5,4]
  - 2 in [-5,5]
  - 1 in [-5,6]
  - 1 in [-5,9]
  - 8 in [-4,1]
  - 33 in [-4,2]
  - 34 in [-4,3]
  - 32 in [-4,4]
  - 5 in [-4,5]
  - 6 in [-4,6]
  - 2 in [-4,7]
  - 24 in [-3,1]
  - 31 in [-3,2]
  - 61 in [-3,3]
  - 30 in [-3,4]
  - 25 in [-3,5]
  - 14 in [-3,6]
  - 4 in [-3,7]
  - 4 in [-3,8]
  - 1 in [-3,9]
  - 15 in [-2,1]
  - 73 in [-2,2]
  - 43 in [-2,3]
  - 78 in [-2,4]
  - 29 in [-2,5]
  - 10 in [-2,6]
  - 1 in [-2,7]
  - 49 in [-1,1]
  - 32 in [-1,2]
  - 72 in [-1,3]
  - 25 in [-1,4]
  - 26 in [-1,5]
  - 9 in [-1,6]
  - 12 in [-1,7]
  - 60 in [0,2]
  - 17 in [0,3]
  - 24 in [0,4]
  - 11 in [0,5]
  - 14 in [0,6]
  - 6 in [0,7]
  - 3 in [0,8]
#kLinear3: 991
#kLinearN: 20'483 (#terms: 717'634)
[Symmetry] Graph for symmetry has 23'628 nodes and 721'663 arcs.
[Symmetry] Symmetry computation done. time: 0.0284016 dtime: 0.0236478

Preloading model.
#Model  45.50s var:1098/1098 constraints:21474/21474

Starting search at 45.50s with 2 workers.
1 full problem subsolver: [default_lp]
1 first solution subsolver: [fj]
2 interleaved subsolvers: [feasibility_pump, rins/rens]
2 helper subsolvers: [neighborhood_helper, synchronization_agent]


Task timing                   n [     min,      max]      avg      dev     time         n [     min,      max]      avg      dev    dtime
        'default_lp':         1 [  14.24m,   14.24m]   14.24m   0.00ns   14.24m         2 [589.44ms,    6.76m]    3.39m    3.38m    6.77m
  'feasibility_pump':      3542 [110.14us,    6.51s] 120.34ms 267.05ms    7.10m       729 [ 28.28ms,    6.25s]  82.27ms 294.57ms    1.00m
                'fj':      2639 [ 23.39ms, 552.26ms] 161.56ms  66.34ms    7.11m      2639 [  2.32ms, 112.98ms] 101.50ms   2.37ms    4.46m
         'rins/rens':         0 [  0.00ns,   0.00ns]   0.00ns   0.00ns   0.00ns         0 [  0.00ns,   0.00ns]   0.00ns   0.00ns   0.00ns

Search stats     Bools  Conflicts  Branches  Restarts  BacktrackToRoot  Backtrack  BoolPropag  IntegerPropag
  'default_lp':    104      9'876    25'853        53           11'493     20'783      16'128      2'228'280

SAT formula      Fixed  Equiv  Total  VarLeft  BinaryClauses  PermanentClauses  TemporaryClauses
  'default_lp':      0      0    104      104              0                 0             6'023

SAT stats        ClassicMinim  LitRemoved  LitRemovedBinary  LitLearned  LitForgotten  Subsumed
  'default_lp':         4'139      13'639                 0     320'385             0     3'252

Vivification     Clauses  Decisions  LitTrue  Subsumed  LitRemoved  DecisionReused  Conflicts
  'default_lp':        0          0        0         0           0               0          0

Clause deletion    at_true  l_and_not(l)  to_binary  sub_conflict  sub_extra  sub_decisions  sub_eager  sub_vivify  sub_probing  sub_inpro  blocked  eliminated  forgotten  promoted  conflicts
    'default_lp':        0             0          0         3'151        171            430        101           0            0          0        0           0          0    20'250      9'876

Lp stats         Component  Iterations  AddedCuts  OPTIMAL  DUAL_F.  DUAL_U.
  'default_lp':          1   1'217'638      4'535   22'736        7    9'068

Lp dimension         Final dimension of first component
  'default_lp':  1557 rows, 1098 columns, 21604 entries

Lp debug         CutPropag  CutEqPropag  Adjust  Overflow      Bad  BadScaling
  'default_lp':          0           55   8'951         0  103'105           0

Lp pool          Constraints  Updates  Simplif  Merged  Shortened  Split  Strengthened    Cuts/Call
  'default_lp':       26'009    1'281        0       0          0      0             0  4'535/7'413

Lp Cut           default_lp
         CG_FF:         439
          CG_K:         480
          CG_R:         625
         CG_RB:         627
        CG_RBP:         627
            IB:         562
  ZERO_HALF_FF:           1
   ZERO_HALF_R:       1'174

LNS stats       Improv/Calls  Closed  Difficulty  TimeLimit
  'rins/rens':           0/0      0%    5.00e-01       0.10

LS stats                                    Batches  Restarts/Perturbs  LinMoves  GenMoves  CompoundMoves  Bactracks  WeightUpdates  ScoreComputed
                             'fj_restart':      112                 43    16'423         0              0          0             49        741'690
                    'fj_restart_compound':      199                 40         0    29'189         25'428      1'769              0      1'139'483
                'fj_restart_compound_obj':      181                 40         0    30'461         27'104      1'531              0      1'084'893
            'fj_restart_compound_perturb':      290                 40         0    36'229         29'799      3'118              1      1'626'140
        'fj_restart_compound_perturb_obj':      126                 43         0    29'327         28'408        370              0        836'107
                       'fj_restart_decay':      101                 40    15'764         0              0          0             28        690'173
              'fj_restart_decay_compound':      195                 33         0    27'626         24'142      1'657              0      1'140'714
          'fj_restart_decay_compound_obj':      186                 43         0    31'685         28'018      1'713              0      1'082'501
      'fj_restart_decay_compound_perturb':       83                 46         0    26'514         26'236         56              0        577'118
  'fj_restart_decay_compound_perturb_obj':      136                 50         0    32'695         31'350        524              0        892'772
                   'fj_restart_decay_obj':      253                 45    27'791         0              0          0            177      1'429'968
               'fj_restart_decay_perturb':      166                 40    22'056         0              0          0             96      1'001'571
           'fj_restart_decay_perturb_obj':      259                 58    32'893         0              0          0            153      1'541'465
                         'fj_restart_obj':      117                 44    16'669         0              0          0             66        760'305
                     'fj_restart_perturb':       93                 44    16'225         0              0          0             25        657'482
                 'fj_restart_perturb_obj':      142                 35    17'720         0              0          0            117        845'697

Solution repositories    Added  Queried  Synchro
    'alternative_path':      0        0        0
      'best_solutions':      0        0        0
   'fj solution hints':    676        0      676
        'lp solutions':      0        0        0
                'pump':      0        0

Clauses shared    #Exported  #Imported  #BinaryRead  #BinaryTotal
   'default_lp':          0          0            0             0

LRAT_status: NA
CpSolverResponse summary:
status: UNKNOWN
objective: NA
best_bound: NA
integers: 1098
booleans: 104
conflicts: 9876
branches: 25853
propagations: 16128
integer_propagations: 2228280
restarts: 53
lp_iterations: 1217638
walltime: 900.025
usertime: 900.025
deterministic_time: 737.194
gap_integral: 0

status=UNKNOWN conflicts=9876 branches=25853 wall=900.025483s
wrote computations/results/nested_m14_in_m16_cap30.json
