{
  "classification": "exact finite invariant theory and arithmetic verification",
  "formula_verifications": [
    {
      "checks": {
        "trace4": true,
        "trace6": true,
        "uniform_energy4": true,
        "uniform_energy6": true
      },
      "matrix_seed": 20260807,
      "order": 6,
      "trace4": 214,
      "trace6": 1710,
      "uniform_energy_fourth_moment": 477,
      "uniform_energy_sixth_moment": 18795
    },
    {
      "checks": {
        "trace4": true,
        "trace6": true,
        "uniform_energy4": true,
        "uniform_energy6": true
      },
      "matrix_seed": 20260808,
      "order": 7,
      "trace4": 598,
      "trace6": 10854,
      "uniform_energy_fourth_moment": 1689,
      "uniform_energy_sixth_moment": 244701
    },
    {
      "checks": {
        "trace4": true,
        "trace6": true,
        "uniform_energy4": true,
        "uniform_energy6": true
      },
      "matrix_seed": 20260809,
      "order": 8,
      "trace4": 968,
      "trace6": 21752,
      "uniform_energy_fourth_moment": 3016,
      "uniform_energy_sixth_moment": 591328
    },
    {
      "checks": {
        "trace4": true,
        "trace6": true,
        "uniform_energy4": true,
        "uniform_energy6": true
      },
      "matrix_seed": 20260810,
      "order": 9,
      "trace4": 1128,
      "trace6": 21528,
      "uniform_energy_fourth_moment": 3960,
      "uniform_energy_sixth_moment": 696096
    }
  ],
  "normalization": "orbit moment sums, over every vertex subset, the permutation-orbit of an even-edge Eulerian sign monomial",
  "schema": "quadratic-signing-phi6-moment-transform-v1",
  "six_deck_determines_lower_profiles": {
    "4": {
      "columns": "order-6 classes",
      "incidence_matrix": [
        [
          15,
          9,
          6,
          6,
          5,
          3,
          4,
          3,
          2,
          0
        ],
        [
          0,
          6,
          9,
          9,
          10,
          12,
          11,
          12,
          13,
          15
        ]
      ],
      "recovery_formula": "h_4 = incidence*h_6/binom(n-4,2)",
      "rows": "order-4 classes"
    },
    "5": {
      "columns": "order-6 classes",
      "incidence_matrix": [
        [
          6,
          2,
          1,
          0,
          0,
          0,
          0,
          0,
          0,
          0
        ],
        [
          0,
          4,
          2,
          6,
          4,
          2,
          2,
          0,
          0,
          0
        ],
        [
          0,
          0,
          3,
          0,
          2,
          2,
          4,
          6,
          4,
          0
        ],
        [
          0,
          0,
          0,
          0,
          0,
          2,
          0,
          0,
          2,
          6
        ]
      ],
      "recovery_formula": "h_5 = incidence*h_6/binom(n-5,1)",
      "rows": "order-5 classes"
    }
  },
  "transforms": {
    "4": {
      "character_transform_rows_graphs_columns_signing_classes": [
        [
          1,
          1
        ],
        [
          3,
          -1
        ]
      ],
      "determinant": "-4",
      "invariant_graph_orbits": [
        {
          "canonical_edges": [],
          "component_sizes": [
            1,
            1,
            1,
            1
          ],
          "degree_sequence": [
            0,
            0,
            0,
            0
          ],
          "edge_count": 0,
          "labeled_orbit_size": 1,
          "triangle_count": 0
        },
        {
          "canonical_edges": [
            [
              0,
              2
            ],
            [
              0,
              3
            ],
            [
              1,
              2
            ],
            [
              1,
              3
            ]
          ],
          "component_sizes": [
            4
          ],
          "degree_sequence": [
            2,
            2,
            2,
            2
          ],
          "edge_count": 4,
          "labeled_orbit_size": 3,
          "triangle_count": 0
        }
      ],
      "order": 4,
      "rank_over_Q": 2,
      "representative_root_codes": [
        0,
        1
      ],
      "switching_permutation_global_negation_classes": 2
    },
    "5": {
      "character_transform_rows_graphs_columns_signing_classes": [
        [
          1,
          1,
          1,
          1
        ],
        [
          15,
          3,
          -1,
          -5
        ],
        [
          15,
          -3,
          -1,
          5
        ],
        [
          1,
          -1,
          1,
          -1
        ]
      ],
      "determinant": "512",
      "invariant_graph_orbits": [
        {
          "canonical_edges": [],
          "component_sizes": [
            1,
            1,
            1,
            1,
            1
          ],
          "degree_sequence": [
            0,
            0,
            0,
            0,
            0
          ],
          "edge_count": 0,
          "labeled_orbit_size": 1,
          "triangle_count": 0
        },
        {
          "canonical_edges": [
            [
              0,
              2
            ],
            [
              0,
              3
            ],
            [
              1,
              2
            ],
            [
              1,
              3
            ]
          ],
          "component_sizes": [
            4,
            1
          ],
          "degree_sequence": [
            2,
            2,
            2,
            2,
            0
          ],
          "edge_count": 4,
          "labeled_orbit_size": 15,
          "triangle_count": 0
        },
        {
          "canonical_edges": [
            [
              0,
              1
            ],
            [
              0,
              2
            ],
            [
              0,
              3
            ],
            [
              0,
              4
            ],
            [
              1,
              4
            ],
            [
              2,
              3
            ]
          ],
          "component_sizes": [
            5
          ],
          "degree_sequence": [
            4,
            2,
            2,
            2,
            2
          ],
          "edge_count": 6,
          "labeled_orbit_size": 15,
          "triangle_count": 2
        },
        {
          "canonical_edges": [
            [
              0,
              1
            ],
            [
              0,
              2
            ],
            [
              0,
              3
            ],
            [
              0,
              4
            ],
            [
              1,
              2
            ],
            [
              1,
              3
            ],
            [
              1,
              4
            ],
            [
              2,
              3
            ],
            [
              2,
              4
            ],
            [
              3,
              4
            ]
          ],
          "component_sizes": [
            5
          ],
          "degree_sequence": [
            4,
            4,
            4,
            4,
            4
          ],
          "edge_count": 10,
          "labeled_orbit_size": 1,
          "triangle_count": 10
        }
      ],
      "order": 5,
      "rank_over_Q": 4,
      "representative_root_codes": [
        0,
        1,
        3,
        13
      ],
      "switching_permutation_global_negation_classes": 4
    },
    "6": {
      "character_transform_rows_graphs_columns_signing_classes": [
        [
          1,
          1,
          1,
          1,
          1,
          1,
          1,
          1,
          1,
          1
        ],
        [
          45,
          21,
          9,
          9,
          5,
          -3,
          1,
          -3,
          -7,
          -15
        ],
        [
          90,
          18,
          6,
          -18,
          -14,
          2,
          -10,
          -6,
          6,
          30
        ],
        [
          60,
          12,
          -12,
          -12,
          12,
          -4,
          4,
          -4,
          4,
          20
        ],
        [
          10,
          2,
          -2,
          -10,
          2,
          2,
          -2,
          10,
          -2,
          -10
        ],
        [
          15,
          -1,
          -1,
          15,
          -1,
          -1,
          -1,
          15,
          -1,
          15
        ],
        [
          180,
          -12,
          -12,
          36,
          -12,
          4,
          4,
          -12,
          4,
          -60
        ],
        [
          6,
          -2,
          2,
          -6,
          -2,
          -2,
          2,
          6,
          2,
          -6
        ],
        [
          90,
          -30,
          6,
          -18,
          2,
          2,
          6,
          -6,
          -10,
          30
        ],
        [
          15,
          -9,
          3,
          3,
          7,
          -1,
          -5,
          -1,
          3,
          -5
        ]
      ],
      "determinant": "-35184372088832",
      "invariant_graph_orbits": [
        {
          "canonical_edges": [],
          "component_sizes": [
            1,
            1,
            1,
            1,
            1,
            1
          ],
          "degree_sequence": [
            0,
            0,
            0,
            0,
            0,
            0
          ],
          "edge_count": 0,
          "labeled_orbit_size": 1,
          "triangle_count": 0
        },
        {
          "canonical_edges": [
            [
              0,
              2
            ],
            [
              0,
              3
            ],
            [
              1,
              2
            ],
            [
              1,
              3
            ]
          ],
          "component_sizes": [
            4,
            1,
            1
          ],
          "degree_sequence": [
            2,
            2,
            2,
            2,
            0,
            0
          ],
          "edge_count": 4,
          "labeled_orbit_size": 45,
          "triangle_count": 0
        },
        {
          "canonical_edges": [
            [
              0,
              1
            ],
            [
              0,
              2
            ],
            [
              0,
              3
            ],
            [
              0,
              4
            ],
            [
              1,
              4
            ],
            [
              2,
              3
            ]
          ],
          "component_sizes": [
            5,
            1
          ],
          "degree_sequence": [
            4,
            2,
            2,
            2,
            2,
            0
          ],
          "edge_count": 6,
          "labeled_orbit_size": 90,
          "triangle_count": 2
        },
        {
          "canonical_edges": [
            [
              0,
              4
            ],
            [
              0,
              5
            ],
            [
              1,
              3
            ],
            [
              1,
              5
            ],
            [
              2,
              3
            ],
            [
              2,
              4
            ]
          ],
          "component_sizes": [
            6
          ],
          "degree_sequence": [
            2,
            2,
            2,
            2,
            2,
            2
          ],
          "edge_count": 6,
          "labeled_orbit_size": 60,
          "triangle_count": 0
        },
        {
          "canonical_edges": [
            [
              0,
              1
            ],
            [
              0,
              5
            ],
            [
              1,
              5
            ],
            [
              2,
              3
            ],
            [
              2,
              4
            ],
            [
              3,
              4
            ]
          ],
          "component_sizes": [
            3,
            3
          ],
          "degree_sequence": [
            2,
            2,
            2,
            2,
            2,
            2
          ],
          "edge_count": 6,
          "labeled_orbit_size": 10,
          "triangle_count": 2
        },
        {
          "canonical_edges": [
            [
              0,
              2
            ],
            [
              0,
              3
            ],
            [
              0,
              4
            ],
            [
              0,
              5
            ],
            [
              1,
              2
            ],
            [
              1,
              3
            ],
            [
              1,
              4
            ],
            [
              1,
              5
            ]
          ],
          "component_sizes": [
            6
          ],
          "degree_sequence": [
            4,
            4,
            2,
            2,
            2,
            2
          ],
          "edge_count": 8,
          "labeled_orbit_size": 15,
          "triangle_count": 0
        },
        {
          "canonical_edges": [
            [
              0,
              1
            ],
            [
              0,
              3
            ],
            [
              0,
              4
            ],
            [
              0,
              5
            ],
            [
              1,
              2
            ],
            [
              1,
              4
            ],
            [
              1,
              5
            ],
            [
              2,
              3
            ]
          ],
          "component_sizes": [
            6
          ],
          "degree_sequence": [
            4,
            4,
            2,
            2,
            2,
            2
          ],
          "edge_count": 8,
          "labeled_orbit_size": 180,
          "triangle_count": 2
        },
        {
          "canonical_edges": [
            [
              0,
              1
            ],
            [
              0,
              2
            ],
            [
              0,
              3
            ],
            [
              0,
              4
            ],
            [
              1,
              2
            ],
            [
              1,
              3
            ],
            [
              1,
              4
            ],
            [
              2,
              3
            ],
            [
              2,
              4
            ],
            [
              3,
              4
            ]
          ],
          "component_sizes": [
            5,
            1
          ],
          "degree_sequence": [
            4,
            4,
            4,
            4,
            4,
            0
          ],
          "edge_count": 10,
          "labeled_orbit_size": 6,
          "triangle_count": 10
        },
        {
          "canonical_edges": [
            [
              0,
              1
            ],
            [
              0,
              2
            ],
            [
              0,
              3
            ],
            [
              0,
              5
            ],
            [
              1,
              2
            ],
            [
              1,
              3
            ],
            [
              1,
              5
            ],
            [
              2,
              3
            ],
            [
              2,
              4
            ],
            [
              3,
              4
            ]
          ],
          "component_sizes": [
            6
          ],
          "degree_sequence": [
            4,
            4,
            4,
            4,
            2,
            2
          ],
          "edge_count": 10,
          "labeled_orbit_size": 90,
          "triangle_count": 6
        },
        {
          "canonical_edges": [
            [
              0,
              2
            ],
            [
              0,
              3
            ],
            [
              0,
              4
            ],
            [
              0,
              5
            ],
            [
              1,
              2
            ],
            [
              1,
              3
            ],
            [
              1,
              4
            ],
            [
              1,
              5
            ],
            [
              2,
              4
            ],
            [
              2,
              5
            ],
            [
              3,
              4
            ],
            [
              3,
              5
            ]
          ],
          "component_sizes": [
            6
          ],
          "degree_sequence": [
            4,
            4,
            4,
            4,
            4,
            4
          ],
          "edge_count": 12,
          "labeled_orbit_size": 15,
          "triangle_count": 8
        }
      ],
      "order": 6,
      "rank_over_Q": 10,
      "representative_root_codes": [
        0,
        1,
        3,
        19,
        20,
        21,
        23,
        54,
        58,
        220
      ],
      "switching_permutation_global_negation_classes": 10
    }
  }
}
