3+3 sign_b=+1: ideal=8.485281374239 allowed=9 union-certified-cap=9 bound=0.23828125
  cap=7 union=1.09375 exists=False
  cap=9 union=0.23828125 exists=True
wrote computations/results/random_bridge_3_3_sign1.json
3+3 sign_b=-1: ideal=8.485281374239 allowed=9 union-certified-cap=9 bound=0.234375
  cap=7 union=1.1171875 exists=False
  cap=9 union=0.234375 exists=True
wrote computations/results/random_bridge_3_3_sign-1.json
3+4 sign_b=+1: ideal=9.865662555435 allowed=11 union-certified-cap=11 bound=0.416015625
  cap=9 union=1.63720703125 exists=False
  cap=11 union=0.416015625 exists=True
wrote computations/results/random_bridge_3_4_sign1.json
3+4 sign_b=-1: ideal=9.865662555435 allowed=11 union-certified-cap=11 bound=0.416015625
  cap=9 union=1.63720703125 exists=False
  cap=11 union=0.416015625 exists=True
wrote computations/results/random_bridge_3_4_sign-1.json
3+5 sign_b=+1: ideal=9.865662555435 allowed=10 union-certified-cap=14 bound=0.3084716796875
  cap=8 union=10.8590087891 exists=False
  cap=10 union=4.19396972656 exists=False
  cap=12 union=1.29724121094 exists=False
wrote computations/results/random_bridge_3_5_sign1.json
3+5 sign_b=-1: ideal=9.865662555435 allowed=10 union-certified-cap=14 bound=0.3084716796875
  cap=8 union=10.8590087891 exists=False
  cap=10 union=4.19396972656 exists=False
  cap=12 union=1.29724121094 exists=False
wrote computations/results/random_bridge_3_5_sign-1.json
3+6 sign_b=+1: ideal=11.194099763086 allowed=12 union-certified-cap=16 bound=0.4646453857421875
  cap=10 union=15.3521728516 exists=False
  cap=12 union=5.88928222656 exists=False
  cap=14 union=1.85276794434 exists=False
wrote computations/results/random_bridge_3_6_sign1.json
3+6 sign_b=-1: ideal=11.194099763086 allowed=12 union-certified-cap=16 bound=0.4646453857421875
  cap=10 union=15.3521728516 exists=False
  cap=12 union=5.88928222656 exists=False
  cap=14 union=1.85276794434 exists=False
wrote computations/results/random_bridge_3_6_sign-1.json
3+7 sign_b=+1: ideal=16.216796182270 allowed=17 union-certified-cap=19 bound=0.7060680389404297
  cap=15 union=6.7603187561 exists=False
  cap=17 union=2.37411022186 exists=False
  cap=19 union=0.70606803894 exists=True
wrote computations/results/random_bridge_3_7_sign1.json
3+7 sign_b=-1: ideal=16.216796182270 allowed=17 union-certified-cap=19 bound=0.7313423156738281
  cap=15 union=6.72900772095 exists=False
  cap=17 union=2.3916053772 exists=False
  cap=19 union=0.731342315674 exists=True
wrote computations/results/random_bridge_3_7_sign-1.json
4+4 sign_b=+1: ideal=11.313708498985 allowed=12 union-certified-cap=14 bound=0.403564453125
  cap=10 union=4.38793945312 exists=False
  cap=12 union=1.48266601562 exists=False
  cap=14 union=0.403564453125 exists=True
wrote computations/results/random_bridge_4_4_sign1.json
4+4 sign_b=-1: ideal=11.313708498985 allowed=12 union-certified-cap=14 bound=0.403564453125
  cap=10 union=4.38793945312 exists=False
  cap=12 union=1.48266601562 exists=False
  cap=14 union=0.403564453125 exists=True
wrote computations/results/random_bridge_4_4_sign-1.json
4+5 sign_b=+1: ideal=11.313708498985 allowed=12 union-certified-cap=16 bound=0.7513008117675781
  cap=10 union=16.0692825317 exists=False
  cap=12 union=6.83926773071 exists=False
  cap=14 union=2.48138046265 exists=False
wrote computations/results/random_bridge_4_5_sign1.json
4+5 sign_b=-1: ideal=11.313708498985 allowed=12 union-certified-cap=16 bound=0.7513008117675781
  cap=10 union=16.0692825317 exists=False
  cap=12 union=6.83926773071 exists=False
  cap=14 union=2.48138046265 exists=False
wrote computations/results/random_bridge_4_5_sign-1.json
4+6 sign_b=+1: ideal=12.701657636085 allowed=13 union-certified-cap=19 bound=0.6818733215332031
  cap=11 union=35.446644783 exists=False
  cap=13 union=16.3759050369 exists=False
  cap=15 union=6.61554193497 exists=False
wrote computations/results/random_bridge_4_6_sign1.json
4+6 sign_b=-1: ideal=12.701657636085 allowed=13 union-certified-cap=19 bound=0.6818733215332031
  cap=11 union=35.446644783 exists=False
  cap=13 union=16.3759050369 exists=False
  cap=15 union=6.61554193497 exists=False
wrote computations/results/random_bridge_4_6_sign-1.json
5+5 sign_b=+1: ideal=11.313708498985 allowed=13 union-certified-cap=19 bound=0.8425984382629395
  cap=11 union=35.4065320492 exists=False
  cap=13 union=17.0210263729 exists=False
  cap=15 union=7.22190773487 exists=False
wrote computations/results/random_bridge_5_5_sign1.json
5+5 sign_b=-1: ideal=11.313708498985 allowed=13 union-certified-cap=19 bound=0.8425984382629395
  cap=11 union=35.4065320492 exists=False
  cap=13 union=17.0210263729 exists=False
  cap=15 union=7.22190773487 exists=False
wrote computations/results/random_bridge_5_5_sign-1.json
5+6 sign_b=+1: ideal=12.701657636085 allowed=13 union-certified-cap=23 bound=0.488343209028244
  cap=11 union=104.366798744 exists=False
  cap=13 union=56.5664349571 exists=False
  cap=15 union=27.7533809543 exists=False
wrote computations/results/random_bridge_5_6_sign1.json
5+6 sign_b=-1: ideal=12.701657636085 allowed=13 union-certified-cap=23 bound=0.488343209028244
  cap=11 union=104.366798744 exists=False
  cap=13 union=56.5664349571 exists=False
  cap=15 union=27.7533809543 exists=False
wrote computations/results/random_bridge_5_6_sign-1.json
