{
  "best": {
    "affine_fibre_group_indices": [
      6,
      12,
      17,
      27,
      34,
      40,
      53,
      63,
      71,
      77,
      80,
      90,
      99,
      105,
      116,
      126
    ],
    "affine_fibre_size": 16,
    "affine_fibre_x_value_counts_rounded_12dp": {
      "-3.015191152099": 8,
      "1.260610479637": 8
    },
    "base_before_switch_gain": 9.80187670001294,
    "basis_masks": [
      81,
      26,
      52
    ],
    "bridge_gauge_mask": 245,
    "certificate": 0.5812684685486786,
    "direct_fibre_logmeanexp": 0.5812684685509235,
    "epsilon": 1,
    "minimizing_sector": 6,
    "quotient_certificates": [
      2.168525694077429,
      6.2173917329046855,
      6.21739173290469,
      2.1685256940772,
      6.217391732904706,
      11.867210331833064,
      0.5812684685486786,
      6.2173917329046855
    ],
    "quotient_density_values": [
      0.0004840361296795104,
      0.027750956605647747,
      0.02775095660564786,
      0.00048403612967939935,
      0.027750956605648303,
      7.887929122850544,
      9.897846750217543e-05,
      0.027750956605647747
    ],
    "rref_pivots": [
      0,
      1,
      2
    ]
  },
  "beta": 8.0,
  "bridge_switching_classes_checked": 512,
  "child_matrix": [
    [
      0,
      1,
      1,
      1
    ],
    [
      1,
      0,
      -1,
      1
    ],
    [
      1,
      -1,
      0,
      1
    ],
    [
      1,
      1,
      1,
      0
    ]
  ],
  "child_order": 4,
  "child_pressure": 13.921229383601126,
  "classification": "exhaustive finite effective-quotient enumeration with floating-point transcendental evaluation",
  "effective_even_even_dimension": 6,
  "effective_quotient_dimension": 3,
  "effective_subspaces_checked_per_orientation": 1395,
  "orientations_checked": 2,
  "parent_order": 8,
  "switch_coordinate_dimension": 7
}
