{
  "best": {
    "affine_fibre_group_indices": [
      12,
      17,
      34,
      63,
      71,
      90,
      105,
      116
    ],
    "affine_fibre_size": 8,
    "affine_fibre_x_value_counts_rounded_12dp": {
      "-3.015191152099": 8
    },
    "base_before_switch_gain": 9.80187670001294,
    "basis_masks": [
      81,
      98,
      52,
      120
    ],
    "bridge_gauge_mask": 245,
    "certificate": -3.015191152262169,
    "direct_fibre_logmeanexp": -3.0151911520985433,
    "epsilon": 1,
    "minimizing_sector": 12,
    "quotient_certificates": [
      2.349912292799921,
      6.2173917329046695,
      6.217391732904678,
      2.3499122927987734,
      6.2173917329046855,
      1.2606104796369682,
      1.2606104796369682,
      6.2173917329046695,
      6.2173917329047015,
      1.9467829428859709,
      1.9467829428859709,
      6.2173917329046855,
      -3.015191152262169,
      6.2173917329046855,
      6.217391732904726,
      12.560345136261825
    ],
    "quotient_density_values": [
      0.0005803005452238441,
      0.027750956605647303,
      0.027750956605647525,
      0.000580300545223178,
      0.027750956605647747,
      0.00019524288304628712,
      0.00019524288304628712,
      0.027750956605647303,
      0.02775095660564819,
      0.00038777171413517664,
      0.00038777171413517664,
      0.027750956605647747,
      2.7140519580637346e-06,
      0.027750956605647747,
      0.027750956605648858,
      15.775663002818042
    ],
    "rref_pivots": [
      0,
      1,
      2,
      3
    ]
  },
  "beta": 8.0,
  "bridge_switching_classes_checked": 512,
  "child_matrix": [
    [
      0,
      1,
      1,
      1
    ],
    [
      1,
      0,
      -1,
      1
    ],
    [
      1,
      -1,
      0,
      1
    ],
    [
      1,
      1,
      1,
      0
    ]
  ],
  "child_order": 4,
  "child_pressure": 13.921229383601126,
  "classification": "exhaustive finite effective-quotient enumeration with floating-point transcendental evaluation",
  "effective_even_even_dimension": 6,
  "effective_quotient_dimension": 4,
  "effective_subspaces_checked_per_orientation": 651,
  "orientations_checked": 2,
  "parent_order": 8,
  "switch_coordinate_dimension": 7
}
