{
  "best": {
    "affine_fibre_group_indices": [
      6,
      12,
      17,
      27,
      34,
      40,
      53,
      63,
      71,
      77,
      80,
      90,
      99,
      105,
      116,
      126
    ],
    "affine_fibre_size": 16,
    "affine_fibre_x_value_counts_rounded_12dp": {
      "-1.090324951270": 8,
      "0.440831717307": 8
    },
    "base_before_switch_gain": 3.36622277034766,
    "basis_masks": [
      81,
      26,
      52
    ],
    "bridge_gauge_mask": 245,
    "certificate": -0.056514042676268694,
    "direct_fibre_logmeanexp": -0.05651404267625659,
    "epsilon": 1,
    "minimizing_sector": 6,
    "quotient_certificates": [
      1.218123322833491,
      2.4759200304766513,
      2.47592003047665,
      1.218123322833491,
      2.47592003047665,
      5.173172886354851,
      -0.056514042676268694,
      2.47592003047665
    ],
    "quotient_density_values": [
      0.11670575253865234,
      0.4105314496994228,
      0.4105314496994221,
      0.11670575253865234,
      0.41053144969942235,
      6.091839666605207,
      0.03262302951979712,
      0.41053144969942235
    ],
    "rref_pivots": [
      0,
      1,
      2
    ]
  },
  "beta": 4.0,
  "bridge_switching_classes_checked": 512,
  "child_matrix": [
    [
      0,
      1,
      1,
      1
    ],
    [
      1,
      0,
      -1,
      1
    ],
    [
      1,
      -1,
      0,
      1
    ],
    [
      1,
      1,
      1,
      0
    ]
  ],
  "child_order": 4,
  "child_pressure": 5.95719372052868,
  "classification": "exhaustive finite effective-quotient enumeration with floating-point transcendental evaluation",
  "effective_even_even_dimension": 6,
  "effective_quotient_dimension": 3,
  "effective_subspaces_checked_per_orientation": 1395,
  "orientations_checked": 2,
  "parent_order": 8,
  "switch_coordinate_dimension": 7
}
