A6,m=3 exact-child-ground records 20
  (w,a,b)= (8, -4, 2) external= [3] internal= [12] count= 20
A8,m=5 exact-child-ground records 280
  (w,a,b)= (8, -4, 12) external= [3] internal= [40] count= 16
  (w,a,b)= (8, 0, 12) external= [3] internal= [24, 32, 40] count= 96
  (w,a,b)= (10, -2, 10) external= [11] internal= [32] count= 8
  (w,a,b)= (12, -4, 8) external= [11] internal= [24, 32] count= 48
  (w,a,b)= (12, 0, 8) external= [11] internal= [24] count= 64
  (w,a,b)= (14, -2, 6) external= [19] internal= [24] count= 32
  (w,a,b)= (16, -4, 4) external= [19] internal= [24] count= 16
A9,m=6 exact-child-ground records 208
  (w,a,b)= (4, -2, 20) external= [0] internal= [46, 86] count= 6
  (w,a,b)= (8, -2, 16) external= [4, 8] internal= [30, 62, 70, 78] count= 82
  (w,a,b)= (8, 2, 16) external= [4, 8] internal= [46] count= 16
  (w,a,b)= (12, -6, 12) external= [12] internal= [70] count= 8
  (w,a,b)= (12, -2, 12) external= [8, 12, 16, 20] internal= [46] count= 38
  (w,a,b)= (12, 2, 12) external= [8, 20] internal= [30] count= 18
  (w,a,b)= (16, -6, 8) external= [24] internal= [46] count= 8
  (w,a,b)= (16, -2, 8) external= [20, 24, 36, 40] internal= [30] count= 32
  zero-external/high-internal witness {'S': (0, 1, 2, 3, 5, 7), 'y': (1, -1, 1, -1, -1, -1), 'q': 24, 'q_child': 22, 'e': 22, 'w': 4, 'a': -2, 'b': 20, 'ext': 0, 'internal': 86}
A6,m=5 complement certificates 72 minimum exact q*Delta-[4Eext+2t(t-1)] slack 36
A8,m=6 complement certificates 272 minimum exact q*Delta-[4Eext+2t(t-1)] slack 76
A9,m=7 complement certificates 300 minimum exact q*Delta-[4Eext+2t(t-1)] slack 180
PASS favorable_gram_r38_check
