LP n 12 P,N,R,d 44 40 84 4 W 84 K 22/7 3.142857142857143 nodes 23
('a', 0, 0, 0) 2
('a', 0, 0, 1) 18
('a', 0, 1, 0) 34
('a', 0, 1, 1) 26
('a', 1, 1, 1) 4
('w', 1) 4
('th', 0) 22/7
('th', 1) 8/7
('th', 2) 33/35
('z', 0, 0) 8/7
('z', 0, 1) 2
('z', 1, 0) 33/35
('z', 1, 1) 1/5
('z', 2, 1) 33/35
TREE
0 ids (0, 1, 2, 3, 4, 5, 6, 7, 8, 9, 10, 11) P,N,d 44 40 4 caps [(14, 18), (34, 26)] hL [(-2, 21), (4, 21)] p (-1, -1, 1, 1, 1, -1, -1, 1, 1, 1, 1, 1) n (-1, -1, -1, -1, -1, 1, 1, -1, -1, 1, 1, 1)
1 ids (2, 3, 4, 5, 6, 7, 8) P,N,d 22 26 4 caps [(20, 16), (12, 20)] hL [(2, 12), (-4, 12)] p (1, 1, -1, 1, 1, -1, 1) n (-1, -1, -1, 1, 1, 1, 1)
2 ids (2, 3, 7) P,N,d 2 6 4 caps [(4, 4), (0, 4)] hL [(0, 2), (-2, 2)] p (-1, -1, 1) n (1, -1, 1)
3 ids (2,) P,N,d 0 0 0 caps [] hL [] p None n None
4 ids (3, 7) P,N,d 2 2 0 caps [(2, 2), (2, 2)] hL [(0, 1), (0, 1)] p (1, 1) n (-1, 1)
5 ids (3,) P,N,d 0 0 0 caps [] hL [] p None n None
6 ids (7,) P,N,d 0 0 0 caps [] hL [] p None n None
7 ids (4, 5, 6, 8) P,N,d 8 8 0 caps [(8, 4), (4, 8)] hL [(2, 4), (-2, 4)] p (1, 1, 1, 1) n (-1, 1, -1, 1)
8 ids (4, 6) P,N,d 2 2 0 caps [(2, 2), (2, 2)] hL [(0, 1), (0, 1)] p (1, 1) n (-1, 1)
9 ids (4,) P,N,d 0 0 0 caps [] hL [] p None n None
10 ids (6,) P,N,d 0 0 0 caps [] hL [] p None n None
11 ids (5, 8) P,N,d 2 2 0 caps [(2, 2), (2, 2)] hL [(0, 1), (0, 1)] p (-1, 1) n (1, 1)
12 ids (5,) P,N,d 0 0 0 caps [] hL [] p None n None
13 ids (8,) P,N,d 0 0 0 caps [] hL [] p None n None
14 ids (0, 1, 9, 10, 11) P,N,d 12 12 0 caps [(8, 12), (8, 4)] hL [(-2, 6), (2, 6)] p (-1, 1, -1, -1, 1) n (1, 1, -1, 1, 1)
15 ids (0, 10) P,N,d 2 2 0 caps [(2, 2), (2, 2)] hL [(0, 1), (0, 1)] p (-1, 1) n (1, 1)
16 ids (0,) P,N,d 0 0 0 caps [] hL [] p None n None
17 ids (10,) P,N,d 0 0 0 caps [] hL [] p None n None
18 ids (1, 9, 11) P,N,d 2 6 4 caps [(0, 4), (4, 4)] hL [(-2, 2), (0, 2)] p (-1, -1, 1) n (1, 1, 1)
19 ids (1, 9) P,N,d 2 2 0 caps [(2, 2), (2, 2)] hL [(0, 1), (0, 1)] p (-1, 1) n (1, 1)
20 ids (1,) P,N,d 0 0 0 caps [] hL [] p None n None
21 ids (9,) P,N,d 0 0 0 caps [] hL [] p None n None
22 ids (11,) P,N,d 0 0 0 caps [] hL [] p None n None
