primal a
  (0, 0, 1) = 258560/653
  (0, 1, 1) = 24000
  (1, 0, 1) = 8960
  (1, 1, 1) = 7786240/1959
  (12, 0, 1) = 7840
  (2, 0, 0) = 1960
  (7, 0, 0) = 1703240/1959
primal w
  1 = 10293920/653
  12 = 7840
  2 = 1960
  7 = 1703240/1959
primal theta
  0 = 3575/1959
  1 = 1616/1959
  12 = 1
  2 = 4/7
  7 = 3476/13713
primal path z
  (0, 0) = 1616/1959
  (0, 1) = 1
  (1, 0) = 4/7
  (1, 1) = 3476/13713
  (12, 0) = 1
  (2, 0) = 4/7
  (7, 0) = 3476/13713
dual q
  (0, 0) = 16/653
  (0, 1) = 1175/1959
  (1, 0) = 1568/1959
  (1, 1) = 1568/1959
  (12, 0) = 784/1959
  (12, 1) = 784/1959
  (2, 0) = 343/1959
  (2, 1) = 343/1959
  (7, 0) = 343/1959
  (7, 1) = 343/1959
dual y
  0 = 1/19590
  1 = 1/19590
  12 = 1/19590
  2 = 1/19590
  3 = 1/19590
  7 = 1/19590
  8 = 1/19590
dual bucket slack
  (0, 1, 1) = 49/1880640
dual obligation slack
  13 = 1/19590
  16 = 1/19590
  4 = 1/19590
  9 = 1/19590
exact primal value = exact dual value = 3575/1959
