
Starting CP-SAT solver v9.15.6755
Parameters: max_time_in_seconds: 60 log_search_progress: true num_search_workers: 8 log_to_stdout: true

Initial satisfaction model '': (model_fingerprint: 0xd7aaf61034ecf1f6)
#Variables: 741 (740 primary variables)
  - 741 Booleans in [0,1]
#kLinear1: 1
#kLinear3: 2'812
#kLinearN: 1 (#terms: 703)

Starting presolve at 0.01s
  8.29e-04s  0.00e+00d  [DetectDominanceRelations] 
  5.74e-02s  0.00e+00d  [PresolveToFixPoint] #num_loops=3 #num_dual_strengthening=2 
  2.82e-05s  0.00e+00d  [ExtractEncodingFromLinear] 
  2.52e-04s  0.00e+00d  [DetectDuplicateColumns] 
  1.22e-04s  0.00e+00d  [DetectDuplicateConstraints] 
[Symmetry] Graph for symmetry has 4'109 nodes and 9'398 arcs.
[Symmetry] Symmetry computation done. time: 0.00219323 dtime: 0.00253437
[SAT presolve] num removable Booleans: 0 / 703
[SAT presolve] num trivial clauses: 0
[SAT presolve] [0s] clauses:2'664 literals:7'992 vars:703 one_side_vars:0 simple_definition:0 singleton_clauses:0
[SAT presolve] [0.000397447s] clauses:2'664 literals:7'992 vars:703 one_side_vars:0 simple_definition:0 singleton_clauses:0
[SAT presolve] [0.000443556s] clauses:2'664 literals:7'992 vars:703 one_side_vars:0 simple_definition:0 singleton_clauses:0
  2.12e-04s  0.00e+00d  [DetectDuplicateConstraintsWithDifferentEnforcements] 
  4.97e-02s  1.02e-03d  [Probe] #probed=1'480 
  3.46e-05s  0.00e+00d  [MaxClique] 
  7.54e-04s  0.00e+00d  [DetectDominanceRelations] 
  1.63e-02s  0.00e+00d  [PresolveToFixPoint] #num_loops=1 #num_dual_strengthening=1 
  2.18e-04s  0.00e+00d  [ProcessAtMostOneAndLinear] 
  1.45e-04s  0.00e+00d  [DetectDuplicateConstraints] 
  1.10e-04s  0.00e+00d  [DetectDuplicateConstraintsWithDifferentEnforcements] 
  4.13e-05s  0.00e+00d  [DetectDominatedLinearConstraints] #relevant_constraints=1 
  3.11e-05s  0.00e+00d  [DetectDifferentVariables] 
  1.55e-03s  3.71e-05d  [ProcessSetPPC] #relevant_constraints=2'665 
  6.41e-04s  4.11e-05d  [TransformClausesToExactlyOne] #num_clauses=2'664 #num_checked=2'664 
  8.72e-05s  0.00e+00d  [DetectEncodedComplexDomains] 
  2.58e-05s  0.00e+00d  [FindAlmostIdenticalLinearConstraints] 
  4.58e-06s  0.00e+00d  [FindBigAtMostOneAndLinearOverlap] 
  4.86e-04s  2.51e-03d  [FindBigVerticalLinearOverlap] 
  5.51e-05s  3.51e-06d  [FindBigHorizontalLinearOverlap] #linears=1 
  1.11e-03s  4.00e-05d  [MergeClauses] 
  7.40e-04s  0.00e+00d  [DetectDominanceRelations] 
  4.39e-03s  0.00e+00d  [PresolveToFixPoint] #num_loops=1 #num_dual_strengthening=1 
  1.69e-02s  0.00e+00d  [DetectDominanceRelations] 
  2.10e-02s  0.00e+00d  [PresolveToFixPoint] #num_loops=1 #num_dual_strengthening=1 
  1.52e-04s  0.00e+00d  [DetectDuplicateColumns] 
  1.20e-04s  0.00e+00d  [DetectDuplicateConstraints] 
[Symmetry] Graph for symmetry has 4'109 nodes and 9'398 arcs.
[Symmetry] Symmetry computation done. time: 0.0049555 dtime: 0.00213919
[SAT presolve] num removable Booleans: 0 / 703
[SAT presolve] num trivial clauses: 0
[SAT presolve] [0s] clauses:2'664 literals:7'992 vars:703 one_side_vars:0 simple_definition:0 singleton_clauses:0
[SAT presolve] [0.000387072s] clauses:2'664 literals:7'992 vars:703 one_side_vars:0 simple_definition:0 singleton_clauses:0
[SAT presolve] [0.000431375s] clauses:2'664 literals:7'992 vars:703 one_side_vars:0 simple_definition:0 singleton_clauses:0
  2.28e-04s  0.00e+00d  [DetectDuplicateConstraintsWithDifferentEnforcements] 
  1.44e-02s  1.02e-03d  [Probe] #probed=1'480 
  4.46e-05s  0.00e+00d  [MaxClique] 
  8.52e-04s  0.00e+00d  [DetectDominanceRelations] 
  6.26e-03s  0.00e+00d  [PresolveToFixPoint] #num_loops=1 #num_dual_strengthening=1 
  2.29e-04s  0.00e+00d  [ProcessAtMostOneAndLinear] 
  1.54e-04s  0.00e+00d  [DetectDuplicateConstraints] 
  1.17e-04s  0.00e+00d  [DetectDuplicateConstraintsWithDifferentEnforcements] 
  5.23e-05s  0.00e+00d  [DetectDominatedLinearConstraints] #relevant_constraints=1 
  4.51e-05s  0.00e+00d  [DetectDifferentVariables] 
  1.49e-03s  3.71e-05d  [ProcessSetPPC] #relevant_constraints=2'665 
  6.86e-04s  4.11e-05d  [TransformClausesToExactlyOne] #num_clauses=2'664 #num_checked=2'664 
  1.28e-04s  0.00e+00d  [DetectEncodedComplexDomains] 
  3.80e-04s  0.00e+00d  [FindAlmostIdenticalLinearConstraints] 
  4.48e-06s  0.00e+00d  [FindBigAtMostOneAndLinearOverlap] 
  4.63e-04s  2.51e-03d  [FindBigVerticalLinearOverlap] 
  7.63e-05s  3.51e-06d  [FindBigHorizontalLinearOverlap] #linears=1 
  1.08e-03s  4.00e-05d  [MergeClauses] 
  1.31e-03s  0.00e+00d  [DetectDominanceRelations] 
  3.19e-03s  0.00e+00d  [PresolveToFixPoint] #num_loops=1 #num_dual_strengthening=1 
  4.27e-05s  0.00e+00d  [MergeNoOverlap] 
  3.55e-05s  0.00e+00d  [MergeNoOverlap2D] 

Presolve summary:
  - 37 affine relations were detected.
  - rule 'affine: new relation' was applied 37 times.
  - rule 'bool_and: x => x' was applied 74 times.
  - rule 'bool_or: implications' was applied 74 times.
  - rule 'dual: enforced equivalence' was applied 37 times.
  - rule 'linear1: x in domain' was applied 1 time.
  - rule 'linear2: convert ax + by != cte to clauses' was applied 74 times.
  - rule 'linear: always true' was applied 74 times.
  - rule 'linear: divide by GCD' was applied 1 time.
  - rule 'linear: negative clause' was applied 1'332 times.
  - rule 'linear: positive clause' was applied 1'332 times.
  - rule 'linear: remapped using affine relations' was applied 1 time.
  - rule 'presolve: 1 unused variables removed.' was applied 1 time.
  - rule 'presolve: iteration' was applied 2 times.

Presolved satisfaction model '': (model_fingerprint: 0xef3ce6694fd282e9)
#Variables: 703 (703 primary variables)
  - 703 Booleans in [0,1]
#kBoolOr: 2'664 (#literals: 7'992)
#kLinearN: 1 (#terms: 703)
[Symmetry] Graph for symmetry has 4'071 nodes and 9'398 arcs.
[Symmetry] Symmetry computation done. time: 0.00182562 dtime: 0.00213691

Preloading model.
#Model   0.27s var:703/703 constraints:2665/2665

Starting search at 0.27s with 8 workers.
6 full problem subsolvers: [default_lp, max_lp, no_lp, probing, quick_restart, quick_restart_no_lp]
2 first solution subsolvers: [fj, fs_random_no_lp]
2 interleaved subsolvers: [feasibility_pump, rins/rens]
2 helper subsolvers: [neighborhood_helper, synchronization_agent]


Task timing                      n [     min,      max]      avg      dev     time         n [     min,      max]      avg      dev    dtime
           'default_lp':         1 [  59.65s,   59.65s]   59.65s   0.00ns   59.65s         2 [685.98us,    9.26s]    4.63s    4.63s    9.26s
     'feasibility_pump':       289 [ 36.68us,  24.83ms] 300.63us   1.76ms  86.88ms       284 [  4.25us,   7.11us]   4.26us 169.41ns   1.21ms
                   'fj':        53 [171.94ms,    1.21s] 551.00ms 241.85ms   29.20s        53 [100.01ms, 100.05ms] 100.03ms   9.82us    5.30s
      'fs_random_no_lp':         1 [  59.60s,   59.60s]   59.60s   0.00ns   59.60s         2 [685.98us,    9.86s]    4.93s    4.93s    9.86s
               'max_lp':         1 [  59.68s,   59.68s]   59.68s   0.00ns   59.68s         2 [ 24.88ms,    9.91s]    4.97s    4.94s    9.94s
                'no_lp':         1 [  59.72s,   59.72s]   59.72s   0.00ns   59.72s         2 [685.98us,    8.55s]    4.27s    4.27s    8.55s
              'probing':         1 [  59.63s,   59.63s]   59.63s   0.00ns   59.63s         2 [685.98us,    8.28s]    4.14s    4.14s    8.28s
        'quick_restart':         1 [  59.67s,   59.67s]   59.67s   0.00ns   59.67s         2 [685.98us,   11.84s]    5.92s    5.92s   11.84s
  'quick_restart_no_lp':         1 [   1.00m,    1.00m]    1.00m   0.00ns    1.00m         2 [685.98us,   11.23s]    5.62s    5.61s   11.23s
            'rins/rens':        69 [384.94us,    2.35s] 419.75ms 550.84ms   28.96s        38 [  2.60ms, 100.04ms]  75.19ms  35.37ms    2.86s

Search stats              Bools  Conflicts   Branches  Restarts  BacktrackToRoot  Backtrack  BoolPropag  IntegerPropag
           'default_lp':    703    199'023    434'720       398           99'527    346'197  17'461'977      7'108'678
      'fs_random_no_lp':    703    176'958    355'194       259           70'317    276'967  16'193'045      6'755'468
               'max_lp':    703        333     32'862         2           14'835     23'067      30'415         63'027
                'no_lp':    703    202'669    613'210       376          177'937    455'153  17'593'471      7'370'200
              'probing':    703    135'324  1'495'640       622          512'889    655'900  15'076'404      8'356'356
        'quick_restart':    703     57'472    543'223     5'365           92'064    180'614   9'230'473      5'460'238
  'quick_restart_no_lp':    703     54'021    529'437     5'047           93'550    178'746   8'769'226      5'229'107

SAT formula               Fixed  Equiv  Total  VarLeft  BinaryClauses  PermanentClauses  TemporaryClauses
           'default_lp':      0      0    703      703              0             5'299            13'213
      'fs_random_no_lp':      0      0    703      703              0             5'275            12'331
               'max_lp':      0      0    703      703              0             3'025                34
                'no_lp':      0      0    703      703              0             3'202             6'426
              'probing':      0      0    703      703              0             5'654             7'012
        'quick_restart':      0      0    703      703              0             8'157            15'899
  'quick_restart_no_lp':      0      0    703      703              0             7'963            13'381

SAT stats                 ClassicMinim  LitRemoved  LitRemovedBinary  LitLearned  LitForgotten  Subsumed
           'default_lp':       198'511  40'043'221                 0  15'715'554    11'123'657    89'340
      'fs_random_no_lp':       175'419  30'532'783                 0  18'385'762    14'968'372    44'913
               'max_lp':           300      11'679                 0       5'275             0       276
                'no_lp':       202'135  44'922'145                 0  11'830'301     7'143'298   123'064
              'probing':       133'093  28'882'813                 0   7'405'345     4'054'705    70'474
        'quick_restart':        47'420   7'434'637                 0   5'474'084     3'054'847    10'104
  'quick_restart_no_lp':        44'801   7'043'875                 0   5'180'490     3'084'039     9'493

Vivification              Clauses  Decisions  LitTrue  Subsumed  LitRemoved  DecisionReused  Conflicts
           'default_lp':  120'234    194'626        0        47         215          47'837          0
      'fs_random_no_lp':   83'113    141'742        0       110         688          30'160          4
               'max_lp':   17'110     26'399        0         0           0           7'901          0
                'no_lp':  211'584    352'110        0        45         197          74'870          0
              'probing':   25'749     44'807        0        33         156           8'060          5
        'quick_restart':  102'192    228'595        0     1'004       8'041          35'039         84
  'quick_restart_no_lp':  103'923    231'237        0       918       7'184          34'486         83

Clause deletion           at_true  l_and_not(l)  to_binary  sub_conflict  sub_extra  sub_decisions  sub_eager  sub_vivify  sub_probing  sub_inpro  blocked  eliminated  forgotten  promoted  conflicts
           'default_lp':        0             0          0        83'002         61            112      6'338          47            0          0        0           0     96'151   397'892    199'023
      'fs_random_no_lp':        0             0          0        44'638        113              1        275         110            0         54        0           0    118'795   350'852    176'958
               'max_lp':        0             0          0           270          2              0          6           0            0          0        0           0          0       594        333
                'no_lp':        0             0          0       109'856         53            151     13'208          45            0      2'096        0           0     70'739   404'976    202'669
              'probing':        0             0          0        63'232        242              0      7'242          33            0         29        0           0     56'853   276'745    135'324
        'quick_restart':        0             0          0         9'907        490             15        197       1'004            0        534        0           0     25'124    94'969     57'472
  'quick_restart_no_lp':        0             0          0         9'331        441             18        162         918            0        492        0           0     25'334    90'194     54'021

Lp stats     Component  Iterations  AddedCuts  OPTIMAL  DUAL_F.  DUAL_U.
  'max_lp':          1      95'135      2'036      360      218      311

Lp dimension      Final dimension of first component
     'max_lp':  1830 rows, 703 columns, 7046 entries

Lp debug     CutPropag  CutEqPropag  Adjust  Overflow    Bad  BadScaling
  'max_lp':          0            0     284         0  7'603           0

Lp pool      Constraints  Updates  Simplif  Merged  Shortened  Split  Strengthened    Cuts/Call
  'max_lp':        4'701        4        0       0          0      0             2  2'036/2'115

Lp Cut           max_lp
         CG_FF:       1
          CG_R:       2
     MIR_1_RLT:   1'892
  ZERO_HALF_FF:      27
   ZERO_HALF_R:     114

LNS stats       Improv/Calls  Closed  Difficulty  TimeLimit
  'rins/rens':         53/53     57%    9.66e-01       0.10

LS stats                              Batches  Restarts/Perturbs  LinMoves  GenMoves  CompoundMoves  Bactracks  WeightUpdates  ScoreComputed
                       'fj_restart':        3                  3    15'749         0              0          0          1'345          2'109
              'fj_restart_compound':        5                  3         0    32'283          2'789     14'710             10        306'590
          'fj_restart_compound_obj':        3                  3         0    20'373          2'434      8'959              9        190'921
      'fj_restart_compound_perturb':        2                  1         0    13'187          1'023      6'072              6        116'424
  'fj_restart_compound_perturb_obj':        2                  2         0    12'926          1'404      5'757              4        117'777
                 'fj_restart_decay':        1                  1     6'313         0              0          0            116            703
        'fj_restart_decay_compound':        9                  4         0    56'665          4'328     26'161             17        596'150
    'fj_restart_decay_compound_obj':        2                  2         0    13'225          1'512      5'841              5        138'154
             'fj_restart_decay_obj':        6                  3    40'152         0              0          0            704          4'921
         'fj_restart_decay_perturb':        3                  2    19'048         0              0          0            333          2'109
     'fj_restart_decay_perturb_obj':       10                  3    68'656         0              0          0          1'162          7'733
               'fj_restart_perturb':        2                  2    10'526         0              0          0            830          1'406
           'fj_restart_perturb_obj':        5                  3    25'832         0              0          0          2'281          3'515

Solution repositories    Added  Queried  Synchro
    'alternative_path':      0        0        0
      'best_solutions':      0        0        0
   'fj solution hints':     24        0       24
        'lp solutions':      8       31        8
                'pump':    288       38

Clauses shared            #Exported  #Imported  #BinaryRead  #BinaryTotal
           'default_lp':        167      2'536            0             0
      'fs_random_no_lp':        928      1'970            0             0
               'max_lp':          0        340            0             0
                'no_lp':        171      2'537            0             0
              'probing':        854      2'311            0             0
        'quick_restart':      1'779      1'368            0             0
  'quick_restart_no_lp':      1'919      1'501            0             0

LRAT_status: NA
CpSolverResponse summary:
status: UNKNOWN
objective: NA
best_bound: NA
integers: 703
booleans: 703
conflicts: 199023
branches: 434720
propagations: 17461977
integer_propagations: 7108678
restarts: 398
lp_iterations: 0
walltime: 60.3693
usertime: 60.3693
deterministic_time: 77.1216
gap_integral: 0

side=+1 status=UNKNOWN objective=0.0 bound=0.0 wall=60.369317s

Starting CP-SAT solver v9.15.6755
Parameters: max_time_in_seconds: 60 log_search_progress: true num_search_workers: 8 log_to_stdout: true

Initial satisfaction model '': (model_fingerprint: 0x559e0e2a5f3b5af)
#Variables: 741 (740 primary variables)
  - 741 Booleans in [0,1]
#kLinear1: 1
#kLinear3: 2'812
#kLinearN: 1 (#terms: 703)

Starting presolve at 0.00s
  8.30e-04s  0.00e+00d  [DetectDominanceRelations] 
  1.80e-02s  0.00e+00d  [PresolveToFixPoint] #num_loops=3 #num_dual_strengthening=2 
  3.42e-05s  0.00e+00d  [ExtractEncodingFromLinear] 
  1.38e-04s  0.00e+00d  [DetectDuplicateColumns] 
  1.32e-04s  0.00e+00d  [DetectDuplicateConstraints] 
[Symmetry] Graph for symmetry has 4'109 nodes and 9'398 arcs.
[Symmetry] Symmetry computation done. time: 0.00209394 dtime: 0.00253437
[SAT presolve] num removable Booleans: 0 / 703
[SAT presolve] num trivial clauses: 0
[SAT presolve] [0s] clauses:2'664 literals:7'992 vars:703 one_side_vars:0 simple_definition:0 singleton_clauses:0
[SAT presolve] [0.000462884s] clauses:2'664 literals:7'992 vars:703 one_side_vars:0 simple_definition:0 singleton_clauses:0
[SAT presolve] [0.000513522s] clauses:2'664 literals:7'992 vars:703 one_side_vars:0 simple_definition:0 singleton_clauses:0
  1.89e-04s  0.00e+00d  [DetectDuplicateConstraintsWithDifferentEnforcements] 
  9.98e-03s  1.02e-03d  [Probe] #probed=1'480 
  2.98e-05s  0.00e+00d  [MaxClique] 
  7.35e-04s  0.00e+00d  [DetectDominanceRelations] 
  2.46e-03s  0.00e+00d  [PresolveToFixPoint] #num_loops=1 #num_dual_strengthening=1 
  2.14e-04s  0.00e+00d  [ProcessAtMostOneAndLinear] 
  1.50e-04s  0.00e+00d  [DetectDuplicateConstraints] 
  1.14e-04s  0.00e+00d  [DetectDuplicateConstraintsWithDifferentEnforcements] 
  4.06e-05s  0.00e+00d  [DetectDominatedLinearConstraints] #relevant_constraints=1 
  3.23e-05s  0.00e+00d  [DetectDifferentVariables] 
  1.55e-03s  3.71e-05d  [ProcessSetPPC] #relevant_constraints=2'665 
  6.58e-04s  4.11e-05d  [TransformClausesToExactlyOne] #num_clauses=2'664 #num_checked=2'664 
  8.77e-05s  0.00e+00d  [DetectEncodedComplexDomains] 
  4.47e-05s  0.00e+00d  [FindAlmostIdenticalLinearConstraints] 
  4.40e-06s  0.00e+00d  [FindBigAtMostOneAndLinearOverlap] 
  4.75e-04s  2.51e-03d  [FindBigVerticalLinearOverlap] 
  4.44e-05s  3.51e-06d  [FindBigHorizontalLinearOverlap] #linears=1 
  1.07e-03s  4.00e-05d  [MergeClauses] 
  8.12e-04s  0.00e+00d  [DetectDominanceRelations] 
  3.91e-03s  0.00e+00d  [PresolveToFixPoint] #num_loops=1 #num_dual_strengthening=1 
  8.56e-04s  0.00e+00d  [DetectDominanceRelations] 
  6.54e-03s  0.00e+00d  [PresolveToFixPoint] #num_loops=1 #num_dual_strengthening=1 
  1.86e-04s  0.00e+00d  [DetectDuplicateColumns] 
  1.72e-04s  0.00e+00d  [DetectDuplicateConstraints] 
[Symmetry] Graph for symmetry has 4'109 nodes and 9'398 arcs.
[Symmetry] Symmetry computation done. time: 0.0121319 dtime: 0.00213919
[SAT presolve] num removable Booleans: 0 / 703
[SAT presolve] num trivial clauses: 0
[SAT presolve] [0s] clauses:2'664 literals:7'992 vars:703 one_side_vars:0 simple_definition:0 singleton_clauses:0
[SAT presolve] [0.000423726s] clauses:2'664 literals:7'992 vars:703 one_side_vars:0 simple_definition:0 singleton_clauses:0
[SAT presolve] [0.000471227s] clauses:2'664 literals:7'992 vars:703 one_side_vars:0 simple_definition:0 singleton_clauses:0
  2.61e-04s  0.00e+00d  [DetectDuplicateConstraintsWithDifferentEnforcements] 
  2.02e-02s  1.02e-03d  [Probe] #probed=1'480 
  8.07e-05s  0.00e+00d  [MaxClique] 
  1.08e-03s  0.00e+00d  [DetectDominanceRelations] 
  3.09e-03s  0.00e+00d  [PresolveToFixPoint] #num_loops=1 #num_dual_strengthening=1 
  2.50e-04s  0.00e+00d  [ProcessAtMostOneAndLinear] 
  1.69e-04s  0.00e+00d  [DetectDuplicateConstraints] 
  1.31e-04s  0.00e+00d  [DetectDuplicateConstraintsWithDifferentEnforcements] 
  5.99e-05s  0.00e+00d  [DetectDominatedLinearConstraints] #relevant_constraints=1 
  5.17e-05s  0.00e+00d  [DetectDifferentVariables] 
  1.48e-03s  3.71e-05d  [ProcessSetPPC] #relevant_constraints=2'665 
  6.84e-04s  4.11e-05d  [TransformClausesToExactlyOne] #num_clauses=2'664 #num_checked=2'664 
  1.24e-04s  0.00e+00d  [DetectEncodedComplexDomains] 
  5.44e-05s  0.00e+00d  [FindAlmostIdenticalLinearConstraints] 
  4.63e-06s  0.00e+00d  [FindBigAtMostOneAndLinearOverlap] 
  5.78e-04s  2.51e-03d  [FindBigVerticalLinearOverlap] 
  9.40e-05s  3.51e-06d  [FindBigHorizontalLinearOverlap] #linears=1 
  1.10e-03s  4.00e-05d  [MergeClauses] 
  8.15e-04s  0.00e+00d  [DetectDominanceRelations] 
  2.73e-03s  0.00e+00d  [PresolveToFixPoint] #num_loops=1 #num_dual_strengthening=1 
  4.35e-05s  0.00e+00d  [MergeNoOverlap] 
  4.06e-05s  0.00e+00d  [MergeNoOverlap2D] 

Presolve summary:
  - 37 affine relations were detected.
  - rule 'affine: new relation' was applied 37 times.
  - rule 'bool_and: x => x' was applied 74 times.
  - rule 'bool_or: implications' was applied 74 times.
  - rule 'dual: enforced equivalence' was applied 37 times.
  - rule 'linear1: x in domain' was applied 1 time.
  - rule 'linear2: convert ax + by != cte to clauses' was applied 74 times.
  - rule 'linear: always true' was applied 74 times.
  - rule 'linear: divide by GCD' was applied 1 time.
  - rule 'linear: negative clause' was applied 1'332 times.
  - rule 'linear: positive clause' was applied 1'332 times.
  - rule 'linear: remapped using affine relations' was applied 1 time.
  - rule 'presolve: 1 unused variables removed.' was applied 1 time.
  - rule 'presolve: iteration' was applied 2 times.

Presolved satisfaction model '': (model_fingerprint: 0x4669612044e3cce9)
#Variables: 703 (703 primary variables)
  - 703 Booleans in [0,1]
#kBoolOr: 2'664 (#literals: 7'992)
#kLinearN: 1 (#terms: 703)
[Symmetry] Graph for symmetry has 4'071 nodes and 9'398 arcs.
[Symmetry] Symmetry computation done. time: 0.00186537 dtime: 0.00213691

Preloading model.
#Model   0.12s var:703/703 constraints:2665/2665

Starting search at 0.12s with 8 workers.
6 full problem subsolvers: [default_lp, max_lp, no_lp, probing, quick_restart, quick_restart_no_lp]
2 first solution subsolvers: [fj, fs_random_no_lp]
2 interleaved subsolvers: [feasibility_pump, rins/rens]
2 helper subsolvers: [neighborhood_helper, synchronization_agent]


Task timing                      n [     min,      max]      avg      dev     time         n [     min,      max]      avg      dev    dtime
           'default_lp':         1 [  59.87s,   59.87s]   59.87s   0.00ns   59.87s         2 [685.98us,   24.12s]   12.06s   12.06s   24.12s
     'feasibility_pump':       295 [ 33.09us,   7.07ms] 221.26us 548.73us  65.27ms       290 [  4.22us,   4.22us]   4.22us   0.00ns   1.22ms
                   'fj':       142 [108.47ms, 488.29ms] 208.33ms  75.28ms   29.58s       142 [100.00ms, 100.06ms] 100.03ms  13.03us   14.20s
      'fs_random_no_lp':         1 [  59.79s,   59.79s]   59.79s   0.00ns   59.79s         2 [685.98us,   24.96s]   12.48s   12.48s   24.96s
               'max_lp':         1 [  59.83s,   59.83s]   59.83s   0.00ns   59.83s         2 [ 35.46ms,   20.13s]   10.08s   10.05s   20.17s
                'no_lp':         1 [  59.86s,   59.86s]   59.86s   0.00ns   59.86s         2 [685.98us,   23.10s]   11.55s   11.55s   23.10s
              'probing':         1 [  59.79s,   59.79s]   59.79s   0.00ns   59.79s         2 [685.98us,   22.50s]   11.25s   11.25s   22.50s
        'quick_restart':         1 [   1.01m,    1.01m]    1.01m   0.00ns    1.01m         2 [685.98us,   30.83s]   15.41s   15.41s   30.83s
  'quick_restart_no_lp':         1 [  59.82s,   59.82s]   59.82s   0.00ns   59.82s         2 [685.98us,   31.30s]   15.65s   15.65s   31.30s
            'rins/rens':       151 [382.35us, 941.41ms] 195.20ms 181.08ms   29.48s       118 [124.10us, 100.10ms]  71.80ms  37.43ms    8.47s

Search stats              Bools  Conflicts   Branches  Restarts  BacktrackToRoot  Backtrack  BoolPropag  IntegerPropag
           'default_lp':    703    445'823  1'176'505     1'620          307'582    856'596  38'878'688     16'862'727
      'fs_random_no_lp':    703    391'141    867'287       811          191'034    638'316  37'966'333     14'584'955
               'max_lp':    703      2'225     93'552         4           41'194     56'954     225'246        317'321
                'no_lp':    703    430'074  1'054'181     1'222          268'626    787'556  37'740'922     15'700'782
              'probing':    703    370'578  2'294'247     1'518          731'775  1'114'987  38'300'991     18'585'000
        'quick_restart':    703    125'690  1'059'048    11'827          183'648    355'070  19'352'515     11'676'998
  'quick_restart_no_lp':    703    128'350  1'076'503    12'084          186'183    359'080  19'867'111     12'044'073

SAT formula               Fixed  Equiv  Total  VarLeft  BinaryClauses  PermanentClauses  TemporaryClauses
           'default_lp':      0      0    703      703              0             8'735             9'375
      'fs_random_no_lp':      0      0    703      703              0             9'466            14'617
               'max_lp':      0      0    703      703              0             6'487               200
                'no_lp':      0      0    703      703              0             7'950            15'501
              'probing':      0      0    703      703              0             9'117             8'438
        'quick_restart':      0      0    703      703              0            12'358            12'356
  'quick_restart_no_lp':      0      0    703      703              0            12'453            14'996

SAT stats                 ClassicMinim  LitRemoved  LitRemovedBinary  LitLearned  LitForgotten  Subsumed
           'default_lp':       443'968  92'185'017                 0  31'772'947    23'609'610   209'159
      'fs_random_no_lp':       387'459  66'165'106                 0  42'021'075    36'631'900    88'186
               'max_lp':         2'191     150'151                 0      46'235             0     2'005
                'no_lp':       428'999  86'114'520                 0  34'265'570    25'567'065   180'323
              'probing':       366'379  80'545'343                 0  20'140'598    12'502'982   190'605
        'quick_restart':       110'937  16'913'477                 0  13'615'903    11'216'868    17'365
  'quick_restart_no_lp':       113'949  17'507'581                 0  13'862'943    11'120'617    17'869

Vivification              Clauses  Decisions  LitTrue  Subsumed  LitRemoved  DecisionReused  Conflicts
           'default_lp':  355'096    619'007        0       851       3'479         104'450          5
      'fs_random_no_lp':  217'398    409'595        0     1'195       5'359          57'609         26
               'max_lp':   46'302     79'692        0       213         856          13'561          0
                'no_lp':  308'949    535'481        0       632       2'548          89'659          0
              'probing':   54'522    101'243        0       680       2'809          13'379          7
        'quick_restart':  195'534    459'474        0     2'282      14'494          51'880        110
  'quick_restart_no_lp':  197'973    474'739        0     2'290      14'480          50'131        127

Clause deletion           at_true  l_and_not(l)  to_binary  sub_conflict  sub_extra  sub_decisions  sub_eager  sub_vivify  sub_probing  sub_inpro  blocked  eliminated  forgotten  promoted  conflicts
           'default_lp':        0             0          0       191'552        183            380     17'607         851            0          6        0           0    226'136   890'472    445'823
      'fs_random_no_lp':        0             0          0        87'780        189             10        406       1'195            0        104        0           0    286'035   774'870    391'141
               'max_lp':        0             0          0         1'721          0              7        284         213            0          4        0           0          0     4'119      2'225
                'no_lp':        0             0          0       166'607        108            219     13'716         632            0          3        0           0    233'599   860'237    430'074
              'probing':        0             0          0       170'196        444              0     20'409         680            0        295        0           0    169'591   749'325    370'578
        'quick_restart':        0             0          0        17'186        756             21        179       2'282            0        649        0           0     86'902   219'294    125'690
  'quick_restart_no_lp':        0             0          0        17'692        665             35        177       2'290            0        608        0           0     86'557   225'777    128'350

Lp stats     Component  Iterations  AddedCuts  OPTIMAL  DUAL_F.  DUAL_U.
  'max_lp':          1     195'640      4'932      766    4'433    2'189

Lp dimension      Final dimension of first component
     'max_lp':  1827 rows, 703 columns, 7075 entries

Lp debug     CutPropag  CutEqPropag  Adjust  Overflow     Bad  BadScaling
  'max_lp':          0            0   2'136         0  12'491           0

Lp pool      Constraints  Updates  Simplif  Merged  Shortened  Split  Strengthened    Cuts/Call
  'max_lp':        7'597        4        0       0          0      0            11  4'932/5'488

Lp Cut           max_lp
         CG_FF:      25
          CG_K:       1
          CG_R:       9
     MIR_1_RLT:   4'175
      MIR_2_FF:       2
  ZERO_HALF_FF:     129
   ZERO_HALF_R:     591

LNS stats       Improv/Calls  Closed  Difficulty  TimeLimit
  'rins/rens':       142/142     53%    9.69e-01       0.10

LS stats                                    Batches  Restarts/Perturbs  LinMoves  GenMoves  CompoundMoves  Bactracks  WeightUpdates  ScoreComputed
                             'fj_restart':       10                  6    52'476         0              0          0          5'547          7'030
                    'fj_restart_compound':        7                  5         0    46'253          4'388     20'871             12        443'490
                'fj_restart_compound_obj':        2                  1         0    13'334          1'355      5'977              5        138'372
            'fj_restart_compound_perturb':        1                  1         0     6'816          1'260      2'752              2         67'449
        'fj_restart_compound_perturb_obj':        8                  2         0    53'255          4'077     24'562             19        472'971
                       'fj_restart_decay':        6                  4    38'063         0              0          0            650          4'218
              'fj_restart_decay_compound':        7                  4         0    45'347          4'721     20'280             14        491'360
          'fj_restart_decay_compound_obj':       28                 11         0   188'766         17'930     85'304             68      1'601'837
      'fj_restart_decay_compound_perturb':       12                  4         0    75'458          7'063     34'153             24        780'835
  'fj_restart_decay_compound_perturb_obj':       14                  5         0    95'603          8'714     43'416             62        817'447
                   'fj_restart_decay_obj':        5                  4    31'640         0              0          0            551          3'515
               'fj_restart_decay_perturb':       11                  8    70'837         0              0          0          1'289          7'733
           'fj_restart_decay_perturb_obj':        5                  2    33'433         0              0          0            586          3'515
                         'fj_restart_obj':        4                  3    21'237         0              0          0          1'911          2'812
                     'fj_restart_perturb':       14                  3    68'984         0              0          0          8'125          9'842
                 'fj_restart_perturb_obj':        8                  3    40'800         0              0          0          3'923          5'624

Solution repositories    Added  Queried  Synchro
    'alternative_path':      0        0        0
      'best_solutions':      0        0        0
   'fj solution hints':     58        0       58
        'lp solutions':     54       84       54
                'pump':    294       67

Clauses shared            #Exported  #Imported  #BinaryRead  #BinaryTotal
           'default_lp':      1'000      6'338            0             0
      'fs_random_no_lp':      2'145      5'999            0             0
               'max_lp':         12      4'027            0             0
                'no_lp':        570      5'598            0             0
              'probing':      2'305      5'928            0             0
        'quick_restart':      4'508      4'478            0             0
  'quick_restart_no_lp':      4'410      4'491            0             0

LRAT_status: NA
CpSolverResponse summary:
status: UNKNOWN
objective: NA
best_bound: NA
integers: 703
booleans: 703
conflicts: 2225
branches: 93552
propagations: 225246
integer_propagations: 317321
restarts: 4
lp_iterations: 195640
walltime: 60.8974
usertime: 60.8974
deterministic_time: 199.662
gap_integral: 0

SUMMARY 1 UNKNOWN None 0.0 60.369316865
side=-1 status=UNKNOWN objective=0.0 bound=0.0 wall=60.897380s
SUMMARY -1 UNKNOWN None 0.0 60.897380361
