LP n 8 P,N,R,d 32 32 64 0 W 64 K 12/5 2.4 nodes 15
('a', 0, 0, 0) 8
('a', 0, 0, 1) 20
('a', 0, 1, 1) 20
('a', 1, 0, 0) 24/5
('a', 1, 0, 1) 16/5
('a', 8, 0, 1) 8
('w', 1) 8
('w', 8) 8
('th', 0) 12/5
('th', 1) 7/5
('th', 8) 1
('z', 0, 0) 7/5
('z', 0, 1) 1
('z', 1, 0) 7/5
('z', 8, 0) 1
TREE
0 ids (0, 1, 2, 3, 4, 5, 6, 7) P,N,d 32 32 0 caps [(20, 20), (20, 20)] hL [(0, 16), (0, 16)] p (1, 1, 1, 1, 1, 1, 1, 1) n (-1, -1, -1, -1, 1, 1, 1, 1)
1 ids (0, 1, 2, 3) P,N,d 12 4 8 caps [(8, 4), (8, 4)] hL [(2, 4), (2, 4)] p (-1, -1, -1, 1) n (-1, 1, 1, 1)
2 ids (1, 2) P,N,d 2 2 0 caps [(2, 2), (2, 2)] hL [(0, 1), (0, 1)] p (1, 1) n (-1, 1)
3 ids (1,) P,N,d 0 0 0 caps [] hL [] p None n None
4 ids (2,) P,N,d 0 0 0 caps [] hL [] p None n None
5 ids (0, 3) P,N,d 2 2 0 caps [(2, 2), (2, 2)] hL [(0, 1), (0, 1)] p (-1, 1) n (1, 1)
6 ids (0,) P,N,d 0 0 0 caps [] hL [] p None n None
7 ids (3,) P,N,d 0 0 0 caps [] hL [] p None n None
8 ids (4, 5, 6, 7) P,N,d 4 12 8 caps [(4, 8), (4, 8)] hL [(-2, 4), (-2, 4)] p (-1, 1, 1, 1) n (-1, -1, -1, 1)
9 ids (5, 6) P,N,d 2 2 0 caps [(2, 2), (2, 2)] hL [(0, 1), (0, 1)] p (-1, 1) n (1, 1)
10 ids (5,) P,N,d 0 0 0 caps [] hL [] p None n None
11 ids (6,) P,N,d 0 0 0 caps [] hL [] p None n None
12 ids (4, 7) P,N,d 2 2 0 caps [(2, 2), (2, 2)] hL [(0, 1), (0, 1)] p (1, 1) n (-1, 1)
13 ids (4,) P,N,d 0 0 0 caps [] hL [] p None n None
14 ids (7,) P,N,d 0 0 0 caps [] hL [] p None n None
