A4 0.5 3 signed vertex [ 6.99798169e-06  2.23618806e-03 -2.22919008e-03] adverse vertex [0.         0.         0.00222919] min [ 3.09596126e-13  5.00114508e-11 -2.28089334e-03] max [ 4.47377873e-06  2.28522806e-03 -4.97018526e-11] orientation signed/adverse 0.0 0.0
 dynamic max errors skipped
 actual/one-step flux skipped skipped
A4 2 3 signed vertex [-1.68025066e-10  6.76490927e-05 -6.76492607e-05] adverse vertex [1.68027585e-10 0.00000000e+00 6.76492607e-05] min [-2.62075132e-10  1.32644079e-12 -7.23693753e-05] max [ 1.65822233e-14  7.23691132e-05 -1.32644039e-12] orientation signed/adverse 0.0 0.0
 dynamic max errors skipped
 actual/one-step flux skipped skipped
A6 0.5 3 signed vertex [ 5.60865891e-06  3.33773670e-04 -3.28165011e-04] adverse vertex [0.         0.         0.00032817] min [ 1.25005242e-14  4.82269024e-12 -1.95071145e-04] max [ 3.93303749e-06  1.99004182e-04 -4.81018972e-12] orientation signed/adverse -3.4931014056330694e-06 3.4931014056330694e-06
 dynamic max errors [(3.3306690738754696e-16, np.float64(1.457167719820518e-16), 0.0), (2.7755575615628914e-16, np.float64(1.5959455978986625e-16), 0.0), (2.220446049250313e-16, np.float64(1.8388068845354155e-16), 0.0)]
 actual/one-step flux [3.49310141e-06 0.00000000e+00 0.00000000e+00 0.00000000e+00
 0.00000000e+00 0.00000000e+00] [6.41833631e-06 3.89467649e-06 3.89467649e-06 3.89467649e-06
 3.89467649e-06 3.89467649e-06]
A6 2 3 signed vertex [ 4.38133763e-10  1.22388750e-05 -1.22384369e-05] adverse vertex [0.00000000e+00 0.00000000e+00 1.22384369e-05] min [ 8.36346862e-18  1.97361318e-13 -7.07451539e-06] max [ 2.39018635e-10  7.07475441e-06 -1.97352955e-13] orientation signed/adverse -6.728285872000189e-16 6.728287533375442e-16
 dynamic max errors skipped
 actual/one-step flux skipped skipped
A8 0.5 4 signed vertex [ 2.55280834e-05  8.71254204e-04 -8.45726121e-04] adverse vertex [0.         0.         0.00084573] min [ 4.59275995e-13  8.40992021e-12 -3.72654943e-04] max [ 7.56267993e-06  3.80217623e-04 -7.95063382e-12] orientation signed/adverse -3.333839280387569e-09 3.333839280387569e-09
 dynamic max errors skipped
 actual/one-step flux skipped skipped
A8 2 5 signed vertex [-0.00744106  0.02980583 -0.0372469 ] adverse vertex [0.00744106 0.         0.0372469 ] min [-1.20375308e-02  1.25537314e-11 -3.29664785e-02] max [-1.50286297e-14  2.09289477e-02 -1.25687600e-11] orientation signed/adverse 6.906867277597754e-16 0.0
 dynamic max errors skipped
 actual/one-step flux skipped skipped
A8 2 7 signed vertex [-2.88113594e-09  1.55292880e-04 -1.55295761e-04] adverse vertex [2.88113594e-09 0.00000000e+00 1.55295761e-04] min [-1.47990843e-09  1.29027027e-12 -7.15094043e-05] max [-1.61329108e-17  7.15079243e-05 -1.29028664e-12] orientation signed/adverse 0.0 0.0
 dynamic max errors skipped
 actual/one-step flux skipped skipped
A9 0.5 3 signed vertex [ 2.09351458e-04  2.68669881e-04 -5.93184235e-05] adverse vertex [0.00000000e+00 0.00000000e+00 5.93184235e-05] min [ 4.20958704e-14  6.51491668e-14 -3.70395374e-05] max [ 2.53516462e-04  2.59242007e-04 -2.30532964e-14] orientation signed/adverse 1.6397665620490061e-07 0.0
 dynamic max errors skipped
 actual/one-step flux skipped skipped
A9 2 3 signed vertex [ 1.52120542e-04  2.02797031e-04 -5.06764890e-05] adverse vertex [1.50739246e-07 1.07494710e-13 5.06764890e-05] min [-1.99851476e-07 -9.51311837e-13 -4.77926905e-05] max [ 2.34161465e-04  2.81954156e-04 -6.14453778e-18] orientation signed/adverse 2.445235026967649e-19 0.0
 dynamic max errors skipped
 actual/one-step flux skipped skipped
A9 2 7 signed vertex [-0.00146794  0.08670755 -0.08817549] adverse vertex [0.00285723 0.         0.08817549] min [-3.09206817e-03  3.73932889e-16 -5.63261454e-02] max [ 1.28255622e-03  5.67761615e-02 -3.36757456e-16] orientation signed/adverse 9.125005011997045e-24 4.6064106335392016e-26
 dynamic max errors [(5.162537064506978e-15, np.float64(3.1086244689504383e-15), 2.2204572027284373e-16), (6.494804694057166e-15, np.float64(3.247402347028583e-15), 1.1102254633131668e-16), (3.552713678800501e-15, np.float64(7.303185833862358e-16), 0.0)]
 actual/one-step flux [4.60641063e-26 0.00000000e+00 0.00000000e+00 1.42861483e-03
 0.00000000e+00 0.00000000e+00 0.00000000e+00 0.00000000e+00
 1.42861483e-03] [1.82142156e-23 1.08754173e-04 6.14852102e-09 2.73519472e-03
 3.15946447e-09 3.15946447e-09 1.08754173e-04 1.44983270e-10
 2.73519472e-03]
PASS matched_no_transient_r37_check
