A6: actual H=0.940591076 lies in (0,4); caps audited=[1, 5, 9]
  ell=2, delta=9/10: H<4 ratios {'uniform': Fraction(1, 3), 'ground-lift': Fraction(7, 24), 'parent-ground': Fraction(1, 6)}
    cap-regime ratios={'uniform': [Fraction(1, 3), Fraction(1, 3), Fraction(5, 18)], 'ground-lift': [Fraction(7, 24), Fraction(7, 24), Fraction(14, 57)], 'parent-ground': [Fraction(1, 6), Fraction(1, 6), Fraction(10, 69)]}
    raw |Delta D| / separate triangle cost={'uniform': Fraction(1, 1), 'ground-lift': Fraction(1, 1), 'parent-ground': Fraction(1, 1)}
  ell=3, delta=4/5: H<4 ratios {'uniform': Fraction(1, 3), 'ground-lift': Fraction(7, 24), 'parent-ground': Fraction(1, 6)}
    cap-regime ratios={'uniform': [Fraction(1, 3), Fraction(1, 3), Fraction(5, 18)], 'ground-lift': [Fraction(7, 24), Fraction(7, 24), Fraction(14, 57)], 'parent-ground': [Fraction(1, 6), Fraction(1, 6), Fraction(10, 69)]}
    raw |Delta D| / separate triangle cost={'uniform': Fraction(1, 1), 'ground-lift': Fraction(1, 1), 'parent-ground': Fraction(1, 1)}
  ell=4, delta=3/5: H<4 ratios {'uniform': Fraction(1, 3), 'ground-lift': Fraction(7, 24), 'parent-ground': Fraction(1, 6)}
    cap-regime ratios={'uniform': [Fraction(1, 3), Fraction(1, 3), Fraction(5, 18)], 'ground-lift': [Fraction(7, 24), Fraction(7, 24), Fraction(14, 57)], 'parent-ground': [Fraction(1, 6), Fraction(1, 6), Fraction(10, 69)]}
    raw |Delta D| / separate triangle cost={'uniform': Fraction(1, 1), 'ground-lift': Fraction(1, 1), 'parent-ground': Fraction(1, 1)}
  adjacent-port identities checked: 1920
A8: actual H=2.276095342 lies in (0,4); caps audited=[1, 5, 9, 13, 17]
  ell=3, delta=4/5: H<4 ratios {'uniform': Fraction(879, 1000), 'ground-lift': Fraction(1401, 1760), 'parent-ground': Fraction(73, 110)}
    cap-regime ratios={'uniform': [Fraction(879, 1000), Fraction(339, 440), Fraction(2663, 4272), Fraction(10171, 22720), Fraction(137, 499)], 'ground-lift': [Fraction(1401, 1760), Fraction(1519, 2216), Fraction(105781, 202920), Fraction(14031, 37856), Fraction(36663, 149200)], 'parent-ground': [Fraction(73, 110), Fraction(41, 72), Fraction(2281, 5880), Fraction(151, 640), Fraction(151, 920)]}
    raw |Delta D| / separate triangle cost={'uniform': Fraction(548, 635), 'ground-lift': Fraction(36663, 42905), 'parent-ground': Fraction(151, 184)}
  ell=4, delta=2/3: H<4 ratios {'uniform': Fraction(239, 250), 'ground-lift': Fraction(1321, 1540), 'parent-ground': Fraction(467, 660)}
    cap-regime ratios={'uniform': [Fraction(239, 250), Fraction(1469, 1760), Fraction(1079, 1602), Fraction(16531, 34080), Fraction(893, 2994)], 'ground-lift': [Fraction(1321, 1540), Fraction(5711, 7756), Fraction(169801, 304380), Fraction(7515, 18928), Fraction(4919, 18650)], 'parent-ground': [Fraction(467, 660), Fraction(17, 28), Fraction(1217, 2940), Fraction(323, 1280), Fraction(323, 1840)]}
    raw |Delta D| / separate triangle cost={'uniform': Fraction(893, 1040), 'ground-lift': Fraction(14757, 17420), 'parent-ground': Fraction(969, 1201)}
  ell=5, delta=4/9: H<4 ratios {'uniform': Fraction(111, 100), 'ground-lift': Fraction(1209, 1232), 'parent-ground': Fraction(35, 44)}
    cap-regime ratios={'uniform': [Fraction(111, 100), Fraction(339, 352), Fraction(551, 712), Fraction(159, 284), Fraction(345, 998)], 'ground-lift': [Fraction(1209, 1232), Fraction(1625, 1939), Fraction(1067, 1691), Fraction(4257, 9464), Fraction(4473, 14920)], 'parent-ground': [Fraction(35, 44), Fraction(43, 63), Fraction(137, 294), Fraction(73, 256), Fraction(73, 368)]}
    raw |Delta D| / separate triangle cost={'uniform': Fraction(23, 27), 'ground-lift': Fraction(71, 85), 'parent-ground': Fraction(73, 93)}
  adjacent-port identities checked: 43008
A9: actual H=2.462452602 lies in (0,4); caps audited=[1, 5, 9, 13, 17, 21]
  ell=4, delta=27/35: H<4 ratios {'uniform': Fraction(8413, 9072), 'ground-lift': Fraction(50383, 59346), 'parent-ground': Fraction(4321, 5184)}
    cap-regime ratios={'uniform': [Fraction(8413, 9072), Fraction(13921, 15714), Fraction(5089, 6399), Fraction(344935, 515484), Fraction(571403, 1074708), Fraction(180215, 471096)], 'ground-lift': [Fraction(50383, 59346), Fraction(270005, 338526), Fraction(27631, 41391), Fraction(69896, 136341), Fraction(1030817, 2684826), Fraction(279029, 975402)], 'parent-ground': [Fraction(4321, 5184), Fraction(11869, 15768), Fraction(32375, 54018), Fraction(33529, 77247), Fraction(36967, 122445), Fraction(37795, 170316)]}
    raw |Delta D| / separate triangle cost={'uniform': Fraction(36043, 43979), 'ground-lift': Fraction(279029, 341982), 'parent-ground': Fraction(7559, 9629)}
  ell=5, delta=9/14: H<4 ratios {'uniform': Fraction(13609, 13608), 'ground-lift': Fraction(80845, 89019), 'parent-ground': Fraction(6919, 7776)}
    cap-regime ratios={'uniform': [Fraction(13609, 13608), Fraction(22501, 23571), Fraction(16415, 19197), Fraction(555583, 773226), Fraction(922835, 1612062), Fraction(292067, 706644)], 'ground-lift': [Fraction(80845, 89019), Fraction(432443, 507789), Fraction(440914, 620865), Fraction(222598, 409023), Fraction(1643513, 4027239), Fraction(445685, 1463103)], 'parent-ground': [Fraction(6919, 7776), Fraction(18943, 23652), Fraction(17155, 27009), Fraction(106649, 231741), Fraction(23557, 73467), Fraction(60265, 255474)]}
    raw |Delta D| / separate triangle cost={'uniform': Fraction(292067, 357991), 'ground-lift': Fraction(445685, 550434), 'parent-ground': Fraction(3545, 4559)}
  ell=6, delta=3/7: H<4 ratios {'uniform': Fraction(433, 378), 'ground-lift': Fraction(10154, 9891), 'parent-ground': Fraction(433, 432)}
    cap-regime ratios={'uniform': [Fraction(433, 378), Fraction(2860, 2619), Fraction(77, 79), Fraction(35108, 42957), Fraction(6508, 9951), Fraction(3107, 6543)], 'ground-lift': [Fraction(10154, 9891), Fraction(54146, 56421), Fraction(54868, 68985), Fraction(27602, 45447), Fraction(204232, 447471), Fraction(55552, 162567)], 'parent-ground': [Fraction(433, 432), Fraction(131, 146), Fraction(19090, 27009), Fraction(4399, 8583), Fraction(14617, 40815), Fraction(3745, 14193)]}
    raw |Delta D| / separate triangle cost={'uniform': Fraction(3107, 3836), 'ground-lift': Fraction(13888, 17371), 'parent-ground': Fraction(535, 699)}
  adjacent-port identities checked: 129024
PASS: exact coarea ratios, structured center laws, cancellation, and port decomposition
