
Starting CP-SAT solver v9.15.6755
Parameters: max_time_in_seconds: 60 log_search_progress: true num_search_workers: 1 log_to_stdout: true

Initial satisfaction model '': (model_fingerprint: 0xe0d22ce01a131d92)
#Variables: 6 (4 primary variables)
  - 6 Booleans in [0,1]
#kLinear1: 1
#kLinear2: 2
#kLinear3: 2
#kLinearN: 39 (#enforced: 4 #multi: 4) (#terms: 220)

Starting presolve at 0.00s
  2.17e-05s  0.00e+00d  [DetectDominanceRelations] 
  3.16e-04s  0.00e+00d  [PresolveToFixPoint] #num_loops=2 #num_dual_strengthening=1 
  4.09e-06s  0.00e+00d  [ExtractEncodingFromLinear] #potential_supersets=2 
  6.02e-06s  0.00e+00d  [DetectDuplicateColumns] 
  8.94e-06s  0.00e+00d  [DetectDuplicateConstraints] #duplicates=2 
[Symmetry] Graph for symmetry has 18 nodes and 30 arcs.
[Symmetry] Symmetry computation done. time: 3.1224e-05 dtime: 3.33e-06
[SAT presolve] num removable Booleans: 0 / 5
[SAT presolve] num trivial clauses: 0
[SAT presolve] [0s] clauses:7 literals:18 vars:3 one_side_vars:0 simple_definition:0 singleton_clauses:0
[SAT presolve] [2.1656e-05s] clauses:3 literals:5 vars:3 one_side_vars:1 simple_definition:2 singleton_clauses:1
[SAT presolve] [2.798e-05s] clauses:3 literals:5 vars:3 one_side_vars:1 simple_definition:2 singleton_clauses:1
  5.93e-06s  0.00e+00d  [DetectDuplicateConstraintsWithDifferentEnforcements] 
  1.25e-04s  0.00e+00d  [Probe] #fixed_bools=3 
  2.36e-05s  1.01e-07d  [MaxClique] Merged 4 constraints with 10 literals into 3 constraints with 8 literals
  7.39e-06s  0.00e+00d  [DetectDominanceRelations] 
  2.98e-05s  0.00e+00d  [PresolveToFixPoint] #num_loops=1 #num_dual_strengthening=1 
  1.42e-06s  0.00e+00d  [ProcessAtMostOneAndLinear] 
  3.05e-06s  0.00e+00d  [DetectDuplicateConstraints] 
  1.88e-06s  0.00e+00d  [DetectDuplicateConstraintsWithDifferentEnforcements] 
  1.19e-06s  0.00e+00d  [DetectDominatedLinearConstraints] 
  1.67e-06s  0.00e+00d  [DetectDifferentVariables] 
  1.89e-06s  0.00e+00d  [ProcessSetPPC] 
  1.97e-05s  0.00e+00d  [TransformClausesToExactlyOne] 
  1.63e-06s  0.00e+00d  [DetectEncodedComplexDomains] 
  1.35e-06s  0.00e+00d  [FindAlmostIdenticalLinearConstraints] 
  9.71e-07s  0.00e+00d  [FindBigAtMostOneAndLinearOverlap] 
  1.04e-06s  1.00e-08d  [FindBigVerticalLinearOverlap] 
  9.59e-07s  0.00e+00d  [FindBigHorizontalLinearOverlap] 
  1.69e-06s  0.00e+00d  [MergeClauses] 
  1.85e-06s  0.00e+00d  [PresolveToFixPoint] 
  1.45e-06s  0.00e+00d  [PresolveToFixPoint] 
  2.70e-06s  0.00e+00d  [DetectDuplicateColumns] 
  2.22e-06s  0.00e+00d  [DetectDuplicateConstraints] 
[Symmetry] Graph for symmetry has 6 nodes and 0 arcs.
[Symmetry] Symmetry computation done. time: 1.1879e-05 dtime: 3.6e-07
  3.12e-06s  0.00e+00d  [DetectDuplicateConstraintsWithDifferentEnforcements] 
  5.72e-05s  0.00e+00d  [Probe] 
  2.13e-06s  0.00e+00d  [MaxClique] 
  2.30e-06s  0.00e+00d  [PresolveToFixPoint] 
  9.97e-07s  0.00e+00d  [ProcessAtMostOneAndLinear] 
  2.25e-06s  0.00e+00d  [DetectDuplicateConstraints] 
  1.77e-06s  0.00e+00d  [DetectDuplicateConstraintsWithDifferentEnforcements] 
  1.00e-06s  0.00e+00d  [DetectDominatedLinearConstraints] 
  8.61e-07s  0.00e+00d  [DetectDifferentVariables] 
  1.21e-06s  0.00e+00d  [ProcessSetPPC] 
  1.63e-05s  0.00e+00d  [TransformClausesToExactlyOne] 
  1.05e-06s  0.00e+00d  [DetectEncodedComplexDomains] 
  8.71e-07s  0.00e+00d  [FindAlmostIdenticalLinearConstraints] 
  7.06e-07s  0.00e+00d  [FindBigAtMostOneAndLinearOverlap] 
  9.94e-07s  1.00e-08d  [FindBigVerticalLinearOverlap] 
  8.91e-07s  0.00e+00d  [FindBigHorizontalLinearOverlap] 
  1.08e-06s  0.00e+00d  [MergeClauses] 
  1.82e-06s  0.00e+00d  [PresolveToFixPoint] 
  1.29e-06s  0.00e+00d  [MergeNoOverlap] 
  1.06e-06s  0.00e+00d  [MergeNoOverlap2D] 

Presolve summary:
  - 1 affine relations were detected.
  - rule 'affine: new relation' was applied 1 time.
  - rule 'at_most_one: satisfied' was applied 3 times.
  - rule 'at_most_one: transformed into max clique' was applied 1 time.
  - rule 'bool_or: always true' was applied 6 times.
  - rule 'bool_or: fixed literals' was applied 3 times.
  - rule 'bool_or: implications' was applied 3 times.
  - rule 'bool_or: only one literal' was applied 1 time.
  - rule 'duplicate: removed constraint' was applied 2 times.
  - rule 'enforcement: always false' was applied 1 time.
  - rule 'enforcement: can never be true' was applied 2 times.
  - rule 'enforcement: false literal' was applied 1 time.
  - rule 'enforcement: true literal' was applied 2 times.
  - rule 'linear1: x in domain' was applied 1 time.
  - rule 'linear2: convert ax + by != cte to clauses' was applied 4 times.
  - rule 'linear: always true' was applied 21 times.
  - rule 'linear: divide by GCD' was applied 16 times.
  - rule 'linear: enforcement literal in expression' was applied 5 times.
  - rule 'linear: extracted enforcement literal' was applied 2 times.
  - rule 'linear: fixed or dup variables' was applied 20 times.
  - rule 'linear: negative at most one' was applied 2 times.
  - rule 'linear: negative clause' was applied 6 times.
  - rule 'linear: positive clause' was applied 5 times.
  - rule 'linear: remapped using affine relations' was applied 18 times.
  - rule 'presolve: 6 unused variables removed.' was applied 1 time.
  - rule 'presolve: iteration' was applied 2 times.

Presolved satisfaction model '': (model_fingerprint: 0xa5b85c5e198ed849)
#Variables: 0 (0 primary variables)

[Symmetry] Graph for symmetry has 0 nodes and 0 arcs.

Preloading model.
The solution hint is complete and is feasible.

Starting search at 0.00s with 1 workers.
1 full problem subsolver: [main]

[Precedences] num_relations=0 num_clauses=0
[Probing] deterministic_time: 0 (limit: 1) wall_time: 9.37e-07 (0/0)
Initial num_bool: 0

Starting subsolver 'main' hint search at 0.00s
Starting subsolver 'main' search at 0.00s
#1       0.00s main

Task timing           n [     min,      max]      avg      dev     time         n [     min,      max]      avg      dev    dtime
      'main':         1 [235.57us, 235.57us] 235.57us   0.00ns 235.57us         0 [  0.00ns,   0.00ns]   0.00ns   0.00ns   0.00ns

Search stats    Bools  Conflicts  Branches  Restarts  BacktrackToRoot  Backtrack  BoolPropag  IntegerPropag
       'main':      0          0         0         0                0          0           0              0

SAT formula    Fixed  Equiv  Total  VarLeft  BinaryClauses  PermanentClauses  TemporaryClauses
      'main':      0      0      0        0              0                 0                 0

SAT stats    ClassicMinim  LitRemoved  LitRemovedBinary  LitLearned  LitForgotten  Subsumed
    'main':             0           0                 0           0             0         0

Vivification    Clauses  Decisions  LitTrue  Subsumed  LitRemoved  DecisionReused  Conflicts
       'main':        0          0        0         0           0               0          0

Clause deletion    at_true  l_and_not(l)  to_binary  sub_conflict  sub_extra  sub_decisions  sub_eager  sub_vivify  sub_probing  sub_inpro  blocked  eliminated  forgotten  promoted  conflicts
          'main':        0             0          0             0          0              0          0           0            0          0        0           0          0         0          0

Solutions (1)    Num   Rank
        'main':    1  [0,0]

Solution repositories    Added  Queried  Synchro
    'alternative_path':      0        0        0
      'best_solutions':      1        0        1
   'fj solution hints':      0        0        0

LRAT_status: NA
CpSolverResponse summary:
status: OPTIMAL
objective: NA
best_bound: NA
integers: 0
booleans: 0
conflicts: 0
branches: 0
propagations: 0
integer_propagations: 0
restarts: 0
lp_iterations: 0
walltime: 0.00445666
usertime: 0.00445671
deterministic_time: 1.21e-07
gap_integral: 0
solution_fingerprint: 0xd8058e440959742d

status=OPTIMAL objective=0.0 best_bound=0.0 conflicts=0 branches=0 wall=0.004457s elapsed=0.005099s
verified profile M=4 P=4 Q=4 sha256=b217cc21d81663bf2262866c1b2a9100d8e7afa6d97c1ae9586ea67c3cb68e4f
wrote /home/math/quadra/tmp/cpsat_m5_cap4_d1.json
