N=4 split=2+2 beta=0.25 classes=0,0 eps=-1 cube=2^4
N=4 split=2+2 beta=0.25 classes=0,0 eps=+1 cube=2^4
N=4 split=2+2 beta=0.5 classes=0,0 eps=-1 cube=2^4
N=4 split=2+2 beta=0.5 classes=0,0 eps=+1 cube=2^4
N=4 split=2+2 beta=1 classes=0,0 eps=-1 cube=2^4
N=4 split=2+2 beta=1 classes=0,0 eps=+1 cube=2^4
N=4 split=2+2 beta=2 classes=0,0 eps=-1 cube=2^4
N=4 split=2+2 beta=2 classes=0,0 eps=+1 cube=2^4
N=4 split=2+2 beta=4 classes=0,0 eps=-1 cube=2^4
N=4 split=2+2 beta=4 classes=0,0 eps=+1 cube=2^4
N=5 split=2+3 beta=0.25 classes=0,0 eps=-1 cube=2^6
N=5 split=2+3 beta=0.25 classes=0,0 eps=+1 cube=2^6
N=5 split=2+3 beta=0.5 classes=0,0 eps=-1 cube=2^6
N=5 split=2+3 beta=0.5 classes=0,0 eps=+1 cube=2^6
N=5 split=2+3 beta=1 classes=0,0 eps=-1 cube=2^6
N=5 split=2+3 beta=1 classes=0,0 eps=+1 cube=2^6
N=5 split=2+3 beta=2 classes=0,0 eps=-1 cube=2^6
N=5 split=2+3 beta=2 classes=0,0 eps=+1 cube=2^6
N=5 split=2+3 beta=4 classes=0,0 eps=-1 cube=2^6
N=5 split=2+3 beta=4 classes=0,0 eps=+1 cube=2^6
N=6 split=2+4 beta=0.25 classes=0,0 eps=-1 cube=2^8
N=6 split=2+4 beta=0.25 classes=0,0 eps=+1 cube=2^8
N=6 split=2+4 beta=0.5 classes=0,0 eps=-1 cube=2^8
N=6 split=2+4 beta=0.5 classes=0,0 eps=+1 cube=2^8
N=6 split=2+4 beta=1 classes=0,0 eps=-1 cube=2^8
N=6 split=2+4 beta=1 classes=0,0 eps=+1 cube=2^8
N=6 split=2+4 beta=2 classes=0,0 eps=-1 cube=2^8
N=6 split=2+4 beta=2 classes=0,0 eps=+1 cube=2^8
N=6 split=2+4 beta=4 classes=0,0 eps=-1 cube=2^8
N=6 split=2+4 beta=4 classes=0,0 eps=+1 cube=2^8
N=6 split=3+3 beta=0.25 classes=0,0 eps=-1 cube=2^9
N=6 split=3+3 beta=0.25 classes=0,0 eps=+1 cube=2^9
N=6 split=3+3 beta=0.5 classes=0,0 eps=-1 cube=2^9
N=6 split=3+3 beta=0.5 classes=0,0 eps=+1 cube=2^9
N=6 split=3+3 beta=1 classes=0,0 eps=-1 cube=2^9
N=6 split=3+3 beta=1 classes=0,0 eps=+1 cube=2^9
N=6 split=3+3 beta=2 classes=0,0 eps=-1 cube=2^9
N=6 split=3+3 beta=2 classes=0,0 eps=+1 cube=2^9
N=6 split=3+3 beta=4 classes=0,0 eps=-1 cube=2^9
N=6 split=3+3 beta=4 classes=0,0 eps=+1 cube=2^9
N=7 split=2+5 beta=0.25 classes=0,0 eps=-1 cube=2^10
N=7 split=2+5 beta=0.25 classes=0,0 eps=+1 cube=2^10
N=7 split=2+5 beta=0.5 classes=0,0 eps=-1 cube=2^10
N=7 split=2+5 beta=0.5 classes=0,0 eps=+1 cube=2^10
N=7 split=2+5 beta=1 classes=0,0 eps=-1 cube=2^10
N=7 split=2+5 beta=1 classes=0,0 eps=+1 cube=2^10
N=7 split=2+5 beta=2 classes=0,0 eps=-1 cube=2^10
N=7 split=2+5 beta=2 classes=0,0 eps=+1 cube=2^10
N=7 split=2+5 beta=4 classes=0,0 eps=-1 cube=2^10
N=7 split=2+5 beta=4 classes=0,0 eps=+1 cube=2^10
N=7 split=3+4 beta=0.25 classes=0,0 eps=-1 cube=2^12
N=7 split=3+4 beta=0.25 classes=0,0 eps=+1 cube=2^12
N=7 split=3+4 beta=0.5 classes=0,0 eps=-1 cube=2^12
N=7 split=3+4 beta=0.5 classes=0,0 eps=+1 cube=2^12
N=7 split=3+4 beta=1 classes=0,0 eps=-1 cube=2^12
N=7 split=3+4 beta=1 classes=0,0 eps=+1 cube=2^12
N=7 split=3+4 beta=2 classes=0,0 eps=-1 cube=2^12
N=7 split=3+4 beta=2 classes=0,0 eps=+1 cube=2^12
N=7 split=3+4 beta=4 classes=0,0 eps=-1 cube=2^12
N=7 split=3+4 beta=4 classes=0,0 eps=+1 cube=2^12
N=8 split=2+6 beta=0.25 classes=0,0 eps=-1 cube=2^12
N=8 split=2+6 beta=0.25 classes=0,0 eps=+1 cube=2^12
N=8 split=2+6 beta=0.5 classes=0,0 eps=-1 cube=2^12
N=8 split=2+6 beta=0.5 classes=0,0 eps=+1 cube=2^12
N=8 split=2+6 beta=1 classes=0,0 eps=-1 cube=2^12
N=8 split=2+6 beta=1 classes=0,0 eps=+1 cube=2^12
N=8 split=2+6 beta=2 classes=0,0 eps=-1 cube=2^12
N=8 split=2+6 beta=2 classes=0,0 eps=+1 cube=2^12
N=8 split=2+6 beta=4 classes=0,0 eps=-1 cube=2^12
N=8 split=2+6 beta=4 classes=0,0 eps=+1 cube=2^12
N=8 split=3+5 beta=0.25 classes=0,0 eps=-1 cube=2^15
N=8 split=3+5 beta=0.25 classes=0,0 eps=+1 cube=2^15
N=8 split=3+5 beta=0.5 classes=0,0 eps=-1 cube=2^15
N=8 split=3+5 beta=0.5 classes=0,0 eps=+1 cube=2^15
N=8 split=3+5 beta=1 classes=0,0 eps=-1 cube=2^15
N=8 split=3+5 beta=1 classes=0,0 eps=+1 cube=2^15
N=8 split=3+5 beta=2 classes=0,0 eps=-1 cube=2^15
N=8 split=3+5 beta=2 classes=0,0 eps=+1 cube=2^15
N=8 split=3+5 beta=4 classes=0,0 eps=-1 cube=2^15
N=8 split=3+5 beta=4 classes=0,0 eps=+1 cube=2^15
N=8 split=4+4 beta=0.25 classes=0,0 eps=-1 cube=2^16
N=8 split=4+4 beta=0.25 classes=0,0 eps=+1 cube=2^16
N=8 split=4+4 beta=0.5 classes=0,0 eps=-1 cube=2^16
N=8 split=4+4 beta=0.5 classes=0,0 eps=+1 cube=2^16
N=8 split=4+4 beta=1 classes=0,0 eps=-1 cube=2^16
N=8 split=4+4 beta=1 classes=0,0 eps=+1 cube=2^16
N=8 split=4+4 beta=2 classes=0,0 eps=-1 cube=2^16
N=8 split=4+4 beta=2 classes=0,0 eps=+1 cube=2^16
N=8 split=4+4 beta=4 classes=0,0 eps=-1 cube=2^16
N=8 split=4+4 beta=4 classes=0,0 eps=+1 cube=2^16
N=9 split=2+7 beta=0.25 classes=0,0 eps=-1 cube=2^14
N=9 split=2+7 beta=0.25 classes=0,0 eps=+1 cube=2^14
N=9 split=2+7 beta=0.5 classes=0,0 eps=-1 cube=2^14
N=9 split=2+7 beta=0.5 classes=0,0 eps=+1 cube=2^14
N=9 split=2+7 beta=1 classes=0,0 eps=-1 cube=2^14
N=9 split=2+7 beta=1 classes=0,0 eps=+1 cube=2^14
N=9 split=2+7 beta=2 classes=0,0 eps=-1 cube=2^14
N=9 split=2+7 beta=2 classes=0,0 eps=+1 cube=2^14
N=9 split=2+7 beta=4 classes=0,0 eps=-1 cube=2^14
N=9 split=2+7 beta=4 classes=0,0 eps=+1 cube=2^14
N=9 split=3+6 beta=0.25 classes=0,0 eps=-1 cube=2^18
N=9 split=3+6 beta=0.25 classes=0,0 eps=+1 cube=2^18
N=9 split=3+6 beta=0.5 classes=0,0 eps=-1 cube=2^18
N=9 split=3+6 beta=0.5 classes=0,0 eps=+1 cube=2^18
N=9 split=3+6 beta=1 classes=0,0 eps=-1 cube=2^18
N=9 split=3+6 beta=1 classes=0,0 eps=+1 cube=2^18
N=9 split=3+6 beta=2 classes=0,0 eps=-1 cube=2^18
N=9 split=3+6 beta=2 classes=0,0 eps=+1 cube=2^18
N=9 split=3+6 beta=4 classes=0,0 eps=-1 cube=2^18
N=9 split=3+6 beta=4 classes=0,0 eps=+1 cube=2^18
N=9 split=4+5 beta=0.25 classes=0,0 eps=-1 cube=2^20
N=9 split=4+5 beta=0.25 classes=0,0 eps=+1 cube=2^20
N=9 split=4+5 beta=0.5 classes=0,0 eps=-1 cube=2^20
N=9 split=4+5 beta=0.5 classes=0,0 eps=+1 cube=2^20
N=9 split=4+5 beta=1 classes=0,0 eps=-1 cube=2^20
N=9 split=4+5 beta=1 classes=0,0 eps=+1 cube=2^20
N=9 split=4+5 beta=2 classes=0,0 eps=-1 cube=2^20
N=9 split=4+5 beta=2 classes=0,0 eps=+1 cube=2^20
N=9 split=4+5 beta=4 classes=0,0 eps=-1 cube=2^20
N=9 split=4+5 beta=4 classes=0,0 eps=+1 cube=2^20
wrote computations/results/actual_child_bridge_law_exact.json
