{
  "cap": 12,
  "classification": "solver-certified finite computation; no standalone proof object",
  "far_absolute_energy_bound": 10,
  "n": 9,
  "schema": "exact-minimizer-projective-collapse-v1",
  "shell_deficit": 0,
  "solver": {
    "branches": 197775,
    "conflicts": 66495,
    "elapsed_seconds": 44.48516368865967,
    "ortools_version": "9.15.6755",
    "python_version": "3.9.2",
    "status": "INFEASIBLE",
    "time_limit_seconds": 90.0,
    "wall_time_seconds": 44.484886738,
    "workers": 8
  },
  "vertex_radius": 2
}
