\BOOKMARK [1][-]{section.1}{\376\377\0001\000.\000\040\000I\000n\000t\000r\000o\000d\000u\000c\000t\000i\000o\000n}{}% 1
\BOOKMARK [2][-]{subsection.1.1}{\376\377\0001\000.\0001\000.\000\040\000J\000o\000i\000n\000t\000\040\000D\000i\000s\000t\000r\000i\000b\000u\000t\000i\000o\000n\000\040\000o\000f\000\040\000N\000e\000t\000w\000o\000r\000k\000\040\000M\000o\000m\000e\000n\000t\000s}{section.1}% 2
\BOOKMARK [2][-]{subsection.1.2}{\376\377\0001\000.\0002\000.\000\040\000J\000o\000i\000n\000t\000\040\000C\000o\000n\000f\000i\000d\000e\000n\000c\000e\000\040\000S\000e\000t\000s}{section.1}% 3
\BOOKMARK [2][-]{subsection.1.3}{\376\377\0001\000.\0003\000.\000\040\000T\000e\000s\000t\000i\000n\000g\000\040\000f\000o\000r\000\040\000G\000l\000o\000b\000a\000l\000\040\000S\000t\000r\000u\000c\000t\000u\000r\000e}{section.1}% 4
\BOOKMARK [1][-]{section.2}{\376\377\0002\000.\000\040\000A\000s\000y\000m\000p\000t\000o\000t\000i\000c\000\040\000J\000o\000i\000n\000t\000\040\000D\000i\000s\000t\000r\000i\000b\000u\000t\000i\000o\000n\000\040\000o\000f\000\040\000N\000e\000t\000w\000o\000r\000k\000\040\000M\000o\000m\000e\000n\000t\000s}{}% 5
\BOOKMARK [2][-]{subsection.2.1}{\376\377\0002\000.\0001\000.\000\040\000C\000o\000n\000d\000i\000t\000i\000o\000n\000a\000l\000\040\000H\000o\000m\000o\000m\000o\000r\000p\000h\000i\000s\000m\000\040\000D\000e\000n\000s\000i\000t\000y}{section.2}% 6
\BOOKMARK [2][-]{subsection.2.2}{\376\377\0002\000.\0002\000.\000\040\000G\000r\000a\000p\000h\000\040\000J\000o\000i\000n\000\040\000O\000p\000e\000r\000a\000t\000i\000o\000n\000s}{section.2}% 7
\BOOKMARK [2][-]{subsection.2.3}{\376\377\0002\000.\0003\000.\000\040\000J\000o\000i\000n\000t\000\040\000D\000i\000s\000t\000r\000i\000b\000u\000t\000i\000o\000n\000\040\000o\000f\000\040\000S\000u\000b\000g\000r\000a\000p\000h\000\040\000C\000o\000u\000n\000t\000s}{section.2}% 8
\BOOKMARK [1][-]{section.3}{\376\377\0003\000.\000\040\000E\000x\000a\000m\000p\000l\000e\000s}{}% 9
\BOOKMARK [1][-]{section.4}{\376\377\0004\000.\000\040\000G\000r\000a\000p\000h\000o\000n\000\040\000M\000u\000l\000t\000i\000p\000l\000i\000e\000r\000\040\000B\000o\000o\000t\000s\000t\000r\000a\000p}{}% 10
\BOOKMARK [1][-]{section.5}{\376\377\0005\000.\000\040\000J\000o\000i\000n\000t\000\040\000C\000o\000n\000f\000i\000d\000e\000n\000c\000e\000\040\000S\000e\000t\000s}{}% 11
\BOOKMARK [2][-]{subsection.5.1}{\376\377\0005\000.\0001\000.\000\040\000T\000e\000s\000t\000i\000n\000g\000\040\000f\000o\000r\000\040\000R\000e\000g\000u\000l\000a\000r\000i\000t\000y}{section.5}% 12
\BOOKMARK [2][-]{subsection.5.2}{\376\377\0005\000.\0002\000.\000\040\000C\000o\000n\000s\000t\000r\000u\000c\000t\000i\000n\000g\000\040\000C\000o\000n\000f\000i\000d\000e\000n\000c\000e\000\040\000S\000e\000t\000s}{section.5}% 13
\BOOKMARK [2][-]{subsection.5.3}{\376\377\0005\000.\0003\000.\000\040\000S\000i\000m\000u\000l\000a\000t\000i\000o\000n\000s}{section.5}% 14
\BOOKMARK [1][-]{section.6}{\376\377\0006\000.\000\040\000T\000e\000s\000t\000i\000n\000g\000\040\000f\000o\000r\000\040\000G\000l\000o\000b\000a\000l\000\040\000S\000t\000r\000u\000c\000t\000u\000r\000e}{}% 15
\BOOKMARK [2][-]{section*.9}{\376\377\000A\000c\000k\000n\000o\000w\000l\000e\000d\000g\000e\000m\000e\000n\000t\000s}{section.6}% 16
\BOOKMARK [1][-]{section*.10}{\376\377\000R\000e\000f\000e\000r\000e\000n\000c\000e\000s}{}% 17
\BOOKMARK [1][-]{appendix.A}{\376\377\000A\000p\000p\000e\000n\000d\000i\000x\000\040\000A\000.\000\040\000P\000r\000o\000o\000f\000\040\000o\000f\000\040\000T\000h\000e\000o\000r\000e\000m\000\040\0002\000.\0001}{}% 18
\BOOKMARK [2][-]{subsection.A.1}{\376\377\000A\000.\0001\000.\000\040\000O\000r\000t\000h\000o\000g\000o\000n\000a\000l\000\040\000D\000e\000c\000o\000m\000p\000o\000s\000i\000t\000i\000o\000n\000\040\000o\000f\000\040\000G\000e\000n\000e\000r\000a\000l\000i\000z\000e\000d\000\040\000U\000-\000S\000t\000a\000t\000i\000s\000t\000i\000c\000s}{appendix.A}% 19
\BOOKMARK [2][-]{subsection.A.2}{\376\377\000A\000.\0002\000.\000\040\000A\000s\000y\000m\000p\000t\000o\000t\000i\000c\000\040\000E\000x\000p\000a\000n\000s\000i\000o\000n\000\040\000o\000f\000\040\000Z\000\050\000H\000,\000\040\000G\000n\000\051}{appendix.A}% 20
\BOOKMARK [2][-]{subsection.A.3}{\376\377\000A\000.\0003\000.\000\040\000E\000q\000u\000i\000v\000a\000l\000e\000n\000c\000e\000\040\000o\000f\000\040\000T\000\050\000H\000,\000\040\000W\000\051\000\040\000a\000n\000d\000\040\000Z\000\050\000H\000,\000\040\000W\000\051}{appendix.A}% 21
\BOOKMARK [2][-]{subsection.A.4}{\376\377\000A\000.\0004\000.\000\040\000C\000o\000m\000p\000l\000e\000t\000i\000n\000g\000\040\000t\000h\000e\000\040\000P\000r\000o\000o\000f\000\040\000o\000f\000\040\000T\000h\000e\000o\000r\000e\000m\000\040\0002\000.\0001}{appendix.A}% 22
\BOOKMARK [1][-]{appendix.B}{\376\377\000A\000p\000p\000e\000n\000d\000i\000x\000\040\000B\000.\000\040\000M\000o\000m\000e\000n\000t\000\040\000G\000e\000n\000e\000r\000a\000t\000i\000n\000g\000\040\000F\000u\000n\000c\000t\000i\000o\000n\000\040\000o\000f\000\040\000t\000h\000e\000\040\000L\000i\000m\000i\000t\000i\000n\000g\000\040\000D\000i\000s\000t\000r\000i\000b\000u\000t\000i\000o\000n}{}% 23
\BOOKMARK [2][-]{subsection.B.1}{\376\377\000B\000.\0001\000.\000\040\000P\000r\000o\000o\000f\000\040\000o\000f\000\040\000P\000r\000o\000p\000o\000s\000i\000t\000i\000o\000n\000\040\000B\000.\0001}{appendix.B}% 24
\BOOKMARK [1][-]{appendix.C}{\376\377\000A\000p\000p\000e\000n\000d\000i\000x\000\040\000C\000.\000\040\000P\000r\000o\000o\000f\000\040\000o\000f\000\040\000C\000o\000r\000o\000l\000l\000a\000r\000y\000\040\0002\000.\0002\000\040\000a\000n\000d\000\040\000C\000o\000r\000o\000l\000l\000a\000r\000y\000\040\0002\000.\0001}{}% 25
\BOOKMARK [2][-]{subsection.C.1}{\376\377\000C\000.\0001\000.\000\040\000P\000r\000o\000o\000f\000\040\000o\000f\000\040\000C\000o\000r\000o\000l\000l\000a\000r\000y\000\040\0002\000.\0002}{appendix.C}% 26
\BOOKMARK [2][-]{subsection.C.2}{\376\377\000C\000.\0002\000.\000\040\000P\000r\000o\000o\000f\000\040\000o\000f\000\040\000C\000o\000r\000o\000l\000l\000a\000r\000y\000\040\0002\000.\0001}{appendix.C}% 27
\BOOKMARK [1][-]{appendix.D}{\376\377\000A\000p\000p\000e\000n\000d\000i\000x\000\040\000D\000.\000\040\000P\000r\000o\000o\000f\000\040\000o\000f\000\040\000T\000h\000e\000o\000r\000e\000m\000\040\0004\000.\0001}{}% 28
\BOOKMARK [2][-]{subsection.D.1}{\376\377\000D\000.\0001\000.\000\040\000P\000r\000o\000o\000f\000\040\000o\000f\000\040\000P\000r\000o\000p\000o\000s\000i\000t\000i\000o\000n\000\040\000D\000.\0001\000\040}{appendix.D}% 29
\BOOKMARK [2][-]{subsection.D.2}{\376\377\000D\000.\0002\000.\000\040\000P\000r\000o\000o\000f\000\040\000o\000f\000\040\000L\000e\000m\000m\000a\000\040\000D\000.\0002}{appendix.D}% 30
\BOOKMARK [1][-]{appendix.E}{\376\377\000A\000p\000p\000e\000n\000d\000i\000x\000\040\000E\000.\000\040\000P\000r\000o\000o\000f\000s\000\040\000f\000r\000o\000m\000\040\000S\000e\000c\000t\000i\000o\000n\000\040\0005}{}% 31
\BOOKMARK [2][-]{subsection.E.1}{\376\377\000E\000.\0001\000.\000\040\000P\000r\000o\000o\000f\000\040\000o\000f\000\040\000P\000r\000o\000p\000o\000s\000i\000t\000i\000o\000n\000\040\0005\000.\0001}{appendix.E}% 32
\BOOKMARK [2][-]{subsection.E.2}{\376\377\000E\000.\0002\000.\000\040\000P\000r\000o\000o\000f\000\040\000o\000f\000\040\000T\000h\000e\000o\000r\000e\000m\000\040\0005\000.\0001}{appendix.E}% 33
\BOOKMARK [1][-]{appendix.F}{\376\377\000A\000p\000p\000e\000n\000d\000i\000x\000\040\000F\000.\000\040\000P\000r\000o\000o\000f\000s\000\040\000f\000r\000o\000m\000\040\000S\000e\000c\000t\000i\000o\000n\000\040\0006}{}% 34
\BOOKMARK [2][-]{subsection.F.1}{\376\377\000F\000.\0001\000.\000\040\000P\000r\000o\000o\000f\000\040\000o\000f\000\040\000P\000r\000o\000p\000o\000s\000i\000t\000i\000o\000n\000\040\0006\000.\0001}{appendix.F}% 35
\BOOKMARK [2][-]{subsection.F.2}{\376\377\000F\000.\0002\000.\000\040\000P\000r\000o\000o\000f\000\040\000o\000f\000\040\000P\000r\000o\000p\000o\000s\000i\000t\000i\000o\000n\000\040\0006\000.\0002}{appendix.F}% 36
\BOOKMARK [2][-]{subsection.F.3}{\376\377\000F\000.\0003\000.\000\040\000D\000i\000s\000t\000r\000i\000b\000u\000t\000i\000o\000n\000\040\000o\000f\000\040\000\050\000G\000n\000\051\000\040\000u\000n\000d\000e\000r\000\040\000t\000h\000e\000\040\000A\000l\000t\000e\000r\000n\000a\000t\000i\000v\000e}{appendix.F}% 37
\BOOKMARK [1][-]{appendix.G}{\376\377\000A\000p\000p\000e\000n\000d\000i\000x\000\040\000G\000.\000\040\000M\000u\000l\000t\000i\000p\000l\000e\000\040\000W\000e\000i\000n\000e\000r\000-\000I\000t\000\364\000\040\000S\000t\000o\000c\000h\000a\000s\000t\000i\000c\000\040\000I\000n\000t\000e\000g\000r\000a\000l\000s}{}% 38
