N=4 split=2+2 beta=0.25 eps=-1 shadows=5
N=4 split=2+2 beta=0.25 eps=+1 shadows=5
N=4 split=2+2 beta=0.5 eps=-1 shadows=5
N=4 split=2+2 beta=0.5 eps=+1 shadows=5
N=4 split=2+2 beta=1 eps=-1 shadows=5
N=4 split=2+2 beta=1 eps=+1 shadows=5
N=4 split=2+2 beta=2 eps=-1 shadows=5
N=4 split=2+2 beta=2 eps=+1 shadows=5
N=4 split=2+2 beta=4 eps=-1 shadows=5
N=4 split=2+2 beta=4 eps=+1 shadows=5
N=5 split=2+3 beta=0.25 eps=-1 shadows=5
N=5 split=2+3 beta=0.25 eps=+1 shadows=5
N=5 split=2+3 beta=0.5 eps=-1 shadows=5
N=5 split=2+3 beta=0.5 eps=+1 shadows=5
N=5 split=2+3 beta=1 eps=-1 shadows=5
N=5 split=2+3 beta=1 eps=+1 shadows=5
N=5 split=2+3 beta=2 eps=-1 shadows=5
N=5 split=2+3 beta=2 eps=+1 shadows=5
N=5 split=2+3 beta=4 eps=-1 shadows=5
N=5 split=2+3 beta=4 eps=+1 shadows=5
N=6 split=2+4 beta=0.25 eps=-1 shadows=5
N=6 split=2+4 beta=0.25 eps=+1 shadows=5
N=6 split=2+4 beta=0.5 eps=-1 shadows=5
N=6 split=2+4 beta=0.5 eps=+1 shadows=5
N=6 split=2+4 beta=1 eps=-1 shadows=5
N=6 split=2+4 beta=1 eps=+1 shadows=5
N=6 split=2+4 beta=2 eps=-1 shadows=5
N=6 split=2+4 beta=2 eps=+1 shadows=5
N=6 split=2+4 beta=4 eps=-1 shadows=5
N=6 split=2+4 beta=4 eps=+1 shadows=5
N=6 split=3+3 beta=0.25 eps=-1 shadows=5
N=6 split=3+3 beta=0.25 eps=+1 shadows=5
N=6 split=3+3 beta=0.5 eps=-1 shadows=5
N=6 split=3+3 beta=0.5 eps=+1 shadows=5
N=6 split=3+3 beta=1 eps=-1 shadows=5
N=6 split=3+3 beta=1 eps=+1 shadows=5
N=6 split=3+3 beta=2 eps=-1 shadows=5
N=6 split=3+3 beta=2 eps=+1 shadows=5
N=6 split=3+3 beta=4 eps=-1 shadows=5
N=6 split=3+3 beta=4 eps=+1 shadows=5
N=7 split=2+5 beta=0.25 eps=-1 shadows=5
N=7 split=2+5 beta=0.25 eps=+1 shadows=5
N=7 split=2+5 beta=0.5 eps=-1 shadows=5
N=7 split=2+5 beta=0.5 eps=+1 shadows=5
N=7 split=2+5 beta=1 eps=-1 shadows=5
N=7 split=2+5 beta=1 eps=+1 shadows=5
N=7 split=2+5 beta=2 eps=-1 shadows=5
N=7 split=2+5 beta=2 eps=+1 shadows=5
N=7 split=2+5 beta=4 eps=-1 shadows=5
N=7 split=2+5 beta=4 eps=+1 shadows=5
N=7 split=3+4 beta=0.25 eps=-1 shadows=5
N=7 split=3+4 beta=0.25 eps=+1 shadows=5
N=7 split=3+4 beta=0.5 eps=-1 shadows=5
N=7 split=3+4 beta=0.5 eps=+1 shadows=5
N=7 split=3+4 beta=1 eps=-1 shadows=5
N=7 split=3+4 beta=1 eps=+1 shadows=5
N=7 split=3+4 beta=2 eps=-1 shadows=5
N=7 split=3+4 beta=2 eps=+1 shadows=5
N=7 split=3+4 beta=4 eps=-1 shadows=5
N=7 split=3+4 beta=4 eps=+1 shadows=5
N=8 split=2+6 beta=0.25 eps=-1 shadows=5
N=8 split=2+6 beta=0.25 eps=+1 shadows=5
N=8 split=2+6 beta=0.5 eps=-1 shadows=5
N=8 split=2+6 beta=0.5 eps=+1 shadows=5
N=8 split=2+6 beta=1 eps=-1 shadows=5
N=8 split=2+6 beta=1 eps=+1 shadows=5
N=8 split=2+6 beta=2 eps=-1 shadows=5
N=8 split=2+6 beta=2 eps=+1 shadows=5
N=8 split=2+6 beta=4 eps=-1 shadows=5
N=8 split=2+6 beta=4 eps=+1 shadows=5
N=8 split=3+5 beta=0.25 eps=-1 shadows=5
N=8 split=3+5 beta=0.25 eps=+1 shadows=5
N=8 split=3+5 beta=0.5 eps=-1 shadows=5
N=8 split=3+5 beta=0.5 eps=+1 shadows=5
N=8 split=3+5 beta=1 eps=-1 shadows=5
N=8 split=3+5 beta=1 eps=+1 shadows=5
N=8 split=3+5 beta=2 eps=-1 shadows=5
N=8 split=3+5 beta=2 eps=+1 shadows=5
N=8 split=3+5 beta=4 eps=-1 shadows=5
N=8 split=3+5 beta=4 eps=+1 shadows=5
N=8 split=4+4 beta=0.25 eps=-1 shadows=5
N=8 split=4+4 beta=0.25 eps=+1 shadows=5
N=8 split=4+4 beta=0.5 eps=-1 shadows=5
N=8 split=4+4 beta=0.5 eps=+1 shadows=5
N=8 split=4+4 beta=1 eps=-1 shadows=5
N=8 split=4+4 beta=1 eps=+1 shadows=5
N=8 split=4+4 beta=2 eps=-1 shadows=5
N=8 split=4+4 beta=2 eps=+1 shadows=5
N=8 split=4+4 beta=4 eps=-1 shadows=5
N=8 split=4+4 beta=4 eps=+1 shadows=5
N=9 split=4+5 beta=0.25 eps=-1 shadows=5
N=9 split=4+5 beta=0.25 eps=+1 shadows=5
N=9 split=4+5 beta=0.5 eps=-1 shadows=5
N=9 split=4+5 beta=0.5 eps=+1 shadows=5
N=9 split=4+5 beta=1 eps=-1 shadows=5
N=9 split=4+5 beta=1 eps=+1 shadows=5
N=9 split=4+5 beta=2 eps=-1 shadows=5
N=9 split=4+5 beta=2 eps=+1 shadows=5
N=9 split=4+5 beta=4 eps=-1 shadows=5
N=9 split=4+5 beta=4 eps=+1 shadows=5
wrote computations/results/actual_child_row_product_shadow.json
