A6: J2/J1=2/3, max-a=5/6
  ell=0: escape=1/3, delta=1, basic=2/3, Xi/J1=0
  ell=1: escape=8/25, delta=24/25, basic=2/3, Xi/J1=0
  ell=2: escape=3/10, delta=9/10, basic=2/3, Xi/J1=0
  ell=3: escape=4/15, delta=4/5, basic=2/3, Xi/J1=0
  ell=4: escape=1/5, delta=3/5, basic=2/3, Xi/J1=0
A8: J2/J1=11/50, max-a=11/28
  ell=0: escape=39/50, delta=1, basic=11/50, Xi/J1=0
  ell=1: escape=401/525, delta=20/21, basic=99/500, Xi/J1=11/525
  ell=2: escape=1388/1875, delta=8/9, basic=209/1250, Xi/J1=88/1875
  ell=3: escape=879/1250, delta=4/5, basic=121/1000, Xi/J1=99/1250
  ell=4: escape=239/375, delta=2/3, basic=11/250, Xi/J1=44/375
  ell=5: escape=37/75, delta=4/9, basic=-11/100, Xi/J1=11/75
A9: J2/J1=157/864, max-a=13/36
  ell=0: escape=707/864, delta=1, basic=157/864, Xi/J1=0
  ell=1: escape=26477/32928, delta=27/28, basic=5275/31752, Xi/J1=1979/131712
  ell=2: escape=29075/37044, delta=45/49, basic=989/6804, Xi/J1=9895/296352
  ell=3: escape=2227/2940, delta=6/7, basic=293/2520, Xi/J1=1979/35280
  ell=4: escape=8413/11760, delta=27/35, basic=659/9072, Xi/J1=1979/23520
  ell=5: escape=13609/21168, delta=9/14, basic=-1/13608, Xi/J1=9895/84672
  ell=6: escape=433/882, delta=3/7, basic=-55/378, Xi/J1=1979/14112
scalable fixed-coordinate cylinder
  L=8: -log(a)/L=0.69400324, retention=0.16731303, escape=0.83268697, L*delta=3.20000000, normalized=-1.08171743
  L=12: -log(a)/L=0.69341257, retention=0.15712428, escape=0.84287572, L*delta=3.42857143, normalized=-1.95006501
  L=16: -log(a)/L=0.69326165, retention=0.15183884, escape=0.84816116, L*delta=3.55555556, normalized=-2.81672523
  L=20: -log(a)/L=0.69320656, retention=0.14861153, escape=0.85138847, L*delta=3.63636364, normalized=-3.68263657
PASS: escape identity, normalized/full-spectrum extraction, mixture collapse, coarea, and cylinder model
