abstract_common_mode entropy 0.13081203594113697 chi -1.0986122886681096 posterior_score_variance 0.0
A6_m3_zero_temperature Counter({(6, 4, Fraction(8, 15)): 20, (-6, 4, Fraction(2, 15)): 20, (10, 4, Fraction(2, 3)): 12, (-10, 8, Fraction(1, 1)): 12})
osc_Phi = 4 beta + log(2/3) + o(1)
entropy_coefficient_e^-4beta 0.03580859824772039
n=4 beta=0.5 m=3
alpha_range 1.1102230246251565e-16 q_range 5.551115123125783e-17
t 0.0 varPhi 0.022425265172910373 HBenergy 0.016034162483323153 ratio 1.398592860477402 vertex 0.016034162483323153 orientation 1.5745565412092715e-36
  common_sq 0.08757975902787196 KL_sq 0.09956186925108088 posterior_var 0.2219052182749097 identity_error 2.220446049250313e-16
t 0.5 varPhi 0.02502456183279019 HBenergy 0.01790533769411626 ratio 1.3976034554775991 vertex 0.01790533769411626 orientation 1.50764753816241e-36
  common_sq 0.09652172932168337 KL_sq 0.10940805446111004 posterior_var 0.24527474937697308 identity_error 2.220446049250313e-16
t 1.0 varPhi 0.027689535413302498 HBenergy 0.019857739281444974 ratio 1.394395153489377 vertex 0.019857739281444974 orientation 1.43457671152323e-36
  common_sq 0.10547971655872951 KL_sq 0.11916579134659923 posterior_var 0.2689205433135235 identity_error 2.220446049250313e-16
entropy 0.012957183462625817 oscPhi 0.5505449267368936
n=6 beta=0.5 m=3
alpha_range 4.440892098500626e-16 q_range 6.938893903907228e-18
t 0.0 varPhi 0.004362779193805152 HBenergy 0.011688822377549462 ratio 0.3732436898164073 vertex 0.011362578716078932 orientation 0.0003262436614705296
  common_sq 0.17897133439245466 KL_sq 0.16157798041002727 posterior_var 0.664839843036145 identity_error 1.1102230246251565e-15
t 0.5 varPhi 0.004004671862642389 HBenergy 0.010702130354474749 ratio 0.3741938969158571 vertex 0.01050159319211112 orientation 0.00020053716236362757
  common_sq 0.16813067582760824 KL_sq 0.15206627605119563 posterior_var 0.6270977252690833 identity_error 1.1102230246251565e-15
t 1.0 varPhi 0.0037101315316275894 HBenergy 0.00988353258939223 ratio 0.37538516700087465 vertex 0.009759423490397445 orientation 0.00012410909899478452
  common_sq 0.1579699444442991 KL_sq 0.14304680111375023 posterior_var 0.5907921172739236 identity_error 1.1102230246251565e-15
entropy 0.0019535225246682013 oscPhi 1.378031461248138
n=6 beta=0.5 m=4
alpha_range 4.440892098500626e-16 q_range 2.7755575615628914e-17
t 0.0 varPhi 0.014565132686060217 HBenergy 0.03915974838293588 ratio 0.3719414267842199 vertex 0.0391500904530163 orientation 9.657929919580388e-06
  common_sq 0.22666899820203815 KL_sq 0.17600426919157222 posterior_var 0.5404704752060142 identity_error 8.881784197001252e-16
t 0.5 varPhi 0.01315427412529687 HBenergy 0.03503859009286052 ratio 0.3754224724920422 vertex 0.03503052735877414 orientation 8.062734086375549e-06
  common_sq 0.20264208498634698 KL_sq 0.15730995917270124 posterior_var 0.4834050572297139 identity_error 8.881784197001252e-16
t 1.0 varPhi 0.011802490772245808 HBenergy 0.031178217181915543 ratio 0.37854925133729794 vertex 0.031171494118062512 orientation 6.723063853032642e-06
  common_sq 0.1801800533420872 KL_sq 0.13984290330934904 posterior_var 0.42999861978919457 identity_error 8.881784197001252e-16
entropy 0.006351625211931661 oscPhi 0.44811248809767545
n=6 beta=0.5 m=5
alpha_range 4.440892098500626e-16 q_range 8.326672684688674e-17
t 0.0 varPhi 0.020855251401645555 HBenergy 0.05618629463381914 ratio 0.37118040151187603 vertex 0.05618629463381914 orientation 1.1973549315246587e-36
  common_sq 0.11277778772649638 KL_sq 0.045761708483069 posterior_var 0.2760902351523741 identity_error 5.551115123125783e-16
t 0.5 varPhi 0.018450241828507543 HBenergy 0.04914743115997934 ratio 0.3754060261756171 vertex 0.04914743115997934 orientation 1.0394310448032079e-36
  common_sq 0.0986322816317545 KL_sq 0.04001179130232844 posterior_var 0.24147207860239273 identity_error 5.551115123125783e-16
t 1.0 varPhi 0.016172604087123302 HBenergy 0.04265807999777138 ratio 0.3791217065551994 vertex 0.04265807999777138 orientation 9.003621232614094e-37
  common_sq 0.08559675599747875 KL_sq 0.034716424981979 posterior_var 0.20956660163623522 identity_error 5.551115123125783e-16
entropy 0.008845026487227944 oscPhi 0.37237343590290883
PASS centered_harmonic_r32
