Convention: H^2=1/2 sum(sqrt(mu)-sqrt(nu))^2
Columns: beta Ent_cut selector_KL Jeff_raw H_raw tau_LS*tH_raw total
A6 matched beta=gamma, m=n-1
 0.1 0.000024730 0.005908710 0.012272180 0.003059565 0.017427263 0.005933441
 0.5 0.008845026 0.180889548 0.637437082 0.126813910 0.722331249 0.189734574
 1.0 0.002567118 0.189400989 1.340536673 0.164313178 0.935926844 0.191968107
 2.0 0.000052179 0.182491524 2.667056751 0.166660557 0.949297503 0.182543703
 4.0 0.000000018 0.182321614 5.333333615 0.166666667 0.949332302 0.182321632
 8.0 -0.000000000 0.182321557 10.666666667 0.166666667 0.949332302 0.182321557
A8 matched beta=gamma, m=n-1
 0.1 0.000283411 0.010410499 0.021869456 0.005438983 0.034729485 0.010693911
 0.5 0.011453858 0.412514363 1.078314526 0.227770928 1.454383463 0.423968221
 1.0 0.004117699 0.838198639 2.868489155 0.475562745 3.036606115 0.842316338
 2.0 0.000087014 0.976328243 5.995208976 0.606333565 3.871615742 0.976415257
 4.0 0.000000029 0.980826542 11.999996854 0.624664416 3.988663543 0.980826571
 8.0 0.000000000 0.980829253 24.000000000 0.624999887 3.990805629 0.980829253
A9 matched beta=gamma, m=n-1
 0.1 0.000691528 0.013681779 0.028849085 0.007164445 0.047856344 0.014373308
 0.5 0.012775517 0.588663078 1.689912969 0.322284346 2.152762747 0.601438595
 1.0 0.030516577 1.149316020 4.661151922 0.594310099 3.969813175 1.179832597
 2.0 0.035582062 1.347605344 10.151140671 0.716955717 4.789049104 1.383187407
 4.0 0.035686784 1.355056947 20.824470603 0.733818131 4.901684971 1.390743730
 8.0 0.035686819 1.355061893 42.157808617 0.734126881 4.903747328 1.390748711
A6 beta 4->8 ratios: Jeff=2.000000, H=1.000000, selector=1.000000
A8 beta 4->8 ratios: Jeff=2.000001, H=1.000537, selector=1.000003
A9 beta 4->8 ratios: Jeff=2.024436, H=1.000421, selector=1.000004
A4 exact minimizer, beta=.5 gamma=.1: {'ent_cut': 0.6276970227309644, 'selector_entropy': 0.14716108819833879, 'd_mls_raw': np.float64(0.363652934733967), 'h_ls_raw': np.float64(0.08043786634326446), 'tau_ls_upper': 4.830074998557688, 'ls_rhs_upper': np.float64(0.38852092716192654), 'total': 0.7748581109293031}
all endpoint identities and inequalities verified
