
Starting CP-SAT solver v9.15.6755
Parameters: max_time_in_seconds: 900 log_search_progress: true num_search_workers: 1 log_to_stdout: true

Initial satisfaction model '': (model_fingerprint: 0xbe49ef5e82bd7edd)
#Variables: 50 (49 primary variables)
  - 49 Booleans in [0,1]
  - 1 constants in {21} 
#kLinear1: 1
#kLinearN: 8'192 (#terms: 409'600)

Starting presolve at 0.04s
  3.11e-02s  0.00e+00d  [DetectDominanceRelations] 
  3.81e-01s  0.00e+00d  [PresolveToFixPoint] #num_loops=2 #num_dual_strengthening=1 
  3.64e-04s  0.00e+00d  [ExtractEncodingFromLinear] 
  2.39e-02s  0.00e+00d  [DetectDuplicateColumns] 
  3.05e-02s  0.00e+00d  [DetectDuplicateConstraints] #duplicates=4'096 
[Symmetry] Graph for symmetry has 4'193 nodes and 196'655 arcs.
[Symmetry] Symmetry computation done. time: 0.0320052 dtime: 0.0375813
[Symmetry] #generators: 2, average support size: 28
[Symmetry] 16 orbits on 40 variables with sizes: 4,4,4,4,2,2,2,2,2,2,...
[Symmetry] Found orbitope of size 14 x 2
  1.09e-03s  0.00e+00d  [DetectDuplicateConstraintsWithDifferentEnforcements] 
  5.93e-02s  9.84e-03d  [Probe] #probed=96 
  1.05e-04s  0.00e+00d  [MaxClique] 
  1.18e-02s  0.00e+00d  [DetectDominanceRelations] 
  1.00e-01s  0.00e+00d  [PresolveToFixPoint] #num_loops=1 #num_dual_strengthening=1 
  4.72e-02s  0.00e+00d  [ProcessAtMostOneAndLinear] 
  1.10e-03s  0.00e+00d  [DetectDuplicateConstraints] 
  1.05e-03s  0.00e+00d  [DetectDuplicateConstraintsWithDifferentEnforcements] 
  2.42e+00s  1.00e-01d  [DetectDominatedLinearConstraints] #relevant_constraints=4'096 #num_inclusions=688'490 
  1.29e-03s  0.00e+00d  [DetectDifferentVariables] 
  4.66e-03s  0.00e+00d  [ProcessSetPPC] #relevant_constraints=4'096 
  2.14e-04s  0.00e+00d  [TransformClausesToExactlyOne] 
  1.66e-04s  0.00e+00d  [DetectEncodedComplexDomains] 
  2.24e-04s  0.00e+00d  [FindAlmostIdenticalLinearConstraints] 
  2.25e-06s  0.00e+00d  [FindBigAtMostOneAndLinearOverlap] 
  5.59e-01s  8.01e-02d  [FindBigVerticalLinearOverlap] #blocks=147 #saved_nz=119'457 
  2.02e-03s  3.84e-04d  [FindBigHorizontalLinearOverlap] #linears=4'096 
  1.69e-04s  0.00e+00d  [MergeClauses] 
  5.80e-03s  0.00e+00d  [DetectDominanceRelations] 
  8.79e-02s  0.00e+00d  [PresolveToFixPoint] #num_loops=2 #num_dual_strengthening=1 
  6.21e-03s  0.00e+00d  [DetectDominanceRelations] 
  4.64e-02s  0.00e+00d  [PresolveToFixPoint] #num_loops=1 #num_dual_strengthening=1 
  3.22e-03s  0.00e+00d  [DetectDuplicateColumns] 
  1.04e-03s  0.00e+00d  [DetectDuplicateConstraints] 
[Symmetry] Graph for symmetry has 4'611 nodes and 77'322 arcs.
[Symmetry] Symmetry computation done. time: 0.00272222 dtime: 0.00279183
  1.13e-03s  0.00e+00d  [DetectDuplicateConstraintsWithDifferentEnforcements] 
  7.48e-02s  8.48e-03d  [Probe] #probed=96 
  1.17e-04s  0.00e+00d  [MaxClique] 
  5.79e-03s  0.00e+00d  [DetectDominanceRelations] 
  5.28e-02s  0.00e+00d  [PresolveToFixPoint] #num_loops=1 #num_dual_strengthening=1 
  2.61e-02s  0.00e+00d  [ProcessAtMostOneAndLinear] 
  1.03e-03s  0.00e+00d  [DetectDuplicateConstraints] 
  9.90e-04s  0.00e+00d  [DetectDuplicateConstraintsWithDifferentEnforcements] 
  7.92e-03s  1.47e-03d  [DetectDominatedLinearConstraints] #relevant_constraints=4'243 
  1.07e-03s  0.00e+00d  [DetectDifferentVariables] 
  1.57e-03s  0.00e+00d  [ProcessSetPPC] 
  2.04e-04s  0.00e+00d  [TransformClausesToExactlyOne] 
  1.32e-04s  0.00e+00d  [DetectEncodedComplexDomains] 
  2.51e-04s  2.40e-06d  [FindAlmostIdenticalLinearConstraints] #num_tested_pairs=160 
  2.47e-06s  0.00e+00d  [FindBigAtMostOneAndLinearOverlap] 
  8.29e-02s  1.47e-02d  [FindBigVerticalLinearOverlap] #blocks=108 #saved_nz=10'276 
  1.83e-03s  3.31e-04d  [FindBigHorizontalLinearOverlap] #linears=4'096 
  1.68e-04s  0.00e+00d  [MergeClauses] 
  5.12e-03s  0.00e+00d  [DetectDominanceRelations] 
  6.92e-02s  0.00e+00d  [PresolveToFixPoint] #num_loops=2 #num_dual_strengthening=1 
  5.11e-03s  0.00e+00d  [DetectDominanceRelations] 
  4.65e-02s  0.00e+00d  [PresolveToFixPoint] #num_loops=1 #num_dual_strengthening=1 
  2.52e-03s  0.00e+00d  [DetectDuplicateColumns] 
  1.11e-03s  0.00e+00d  [DetectDuplicateConstraints] 
[Symmetry] Graph for symmetry has 4'935 nodes and 67'154 arcs.
[Symmetry] Symmetry computation done. time: 0.00255298 dtime: 0.00257352
  1.07e-03s  0.00e+00d  [DetectDuplicateConstraintsWithDifferentEnforcements] 
  7.11e-02s  7.55e-03d  [Probe] #probed=96 
  1.11e-04s  0.00e+00d  [MaxClique] 
  5.15e-03s  0.00e+00d  [DetectDominanceRelations] 
  4.19e-02s  0.00e+00d  [PresolveToFixPoint] #num_loops=1 #num_dual_strengthening=1 
  1.78e-02s  0.00e+00d  [ProcessAtMostOneAndLinear] 
  9.93e-04s  0.00e+00d  [DetectDuplicateConstraints] 
  1.07e-03s  0.00e+00d  [DetectDuplicateConstraintsWithDifferentEnforcements] 
  6.25e-03s  8.56e-04d  [DetectDominatedLinearConstraints] #relevant_constraints=4'351 
  1.01e-03s  0.00e+00d  [DetectDifferentVariables] 
  1.38e-03s  0.00e+00d  [ProcessSetPPC] 
  2.08e-04s  0.00e+00d  [TransformClausesToExactlyOne] 
  1.59e-04s  0.00e+00d  [DetectEncodedComplexDomains] 
  3.33e-04s  9.49e-06d  [FindAlmostIdenticalLinearConstraints] #num_tested_pairs=633 
  3.40e-06s  0.00e+00d  [FindBigAtMostOneAndLinearOverlap] 
  6.28e-02s  1.11e-02d  [FindBigVerticalLinearOverlap] #blocks=81 #saved_nz=5'616 
  1.71e-03s  3.01e-04d  [FindBigHorizontalLinearOverlap] #linears=4'096 
  1.53e-04s  0.00e+00d  [MergeClauses] 
  4.74e-03s  0.00e+00d  [DetectDominanceRelations] 
  6.16e-02s  0.00e+00d  [PresolveToFixPoint] #num_loops=2 #num_dual_strengthening=1 
  5.38e-05s  0.00e+00d  [MergeNoOverlap] 
  5.51e-05s  0.00e+00d  [MergeNoOverlap2D] 

Presolve summary:
  - 0 affine relations were detected.
  - rule 'duplicate: merged rhs of linear constraint' was applied 4'096 times.
  - rule 'duplicate: removed constraint' was applied 4'096 times.
  - rule 'linear matrix: common vertical rectangle' was applied 336 times.
  - rule 'linear1: x in domain' was applied 1 time.
  - rule 'linear: divide by GCD' was applied 8'192 times.
  - rule 'presolve: 2 unused variables removed.' was applied 1 time.
  - rule 'presolve: iteration' was applied 3 times.

Presolved satisfaction model '': (model_fingerprint: 0x1ce5a1e44508dbb9)
#Variables: 384 (226 primary variables)
  - 48 Booleans in [0,1]
  - 2 in [-6,2]
  - 2 in [-5,1]
  - 1 in [-5,2]
  - 1 in [-5,3]
  - 1 in [-4,1]
  - 14 in [-4,2]
  - 3 in [-4,3]
  - 2 in [-4,4]
  - 1 in [-4,5]
  - 10 in [-3,1]
  - 10 in [-3,2]
  - 34 in [-3,3]
  - 4 in [-3,4]
  - 1 in [-3,5]
  - 5 in [-2,1]
  - 48 in [-2,2]
  - 15 in [-2,3]
  - 33 in [-2,4]
  - 4 in [-2,5]
  - 23 in [-1,1]
  - 4 in [-1,2]
  - 39 in [-1,3]
  - 6 in [-1,4]
  - 20 in [-1,5]
  - 1 in [-1,6]
  - 2 in [-1,7]
  - 1 in [-1,8]
  - 23 in [0,2]
  - 4 in [0,3]
  - 17 in [0,4]
  - 3 in [0,5]
  - 2 in [0,6]
#kLinear3: 336
#kLinearN: 4'096 (#terms: 60'251)
[Symmetry] Graph for symmetry has 5'176 nodes and 61'619 arcs.
[Symmetry] Symmetry computation done. time: 0.0023852 dtime: 0.00246898

Preloading model.

Starting search at 4.70s with 1 workers.
1 full problem subsolver: [main]

[Precedences] num_relations=0 num_clauses=0
[Probing] deterministic_time: 0.00693002 (limit: 1) wall_time: 0.05311 (48/48)
[LinearRelaxationBeforeCliqueExpansion] #linear:4432 #at_most_ones:0
[FinalLinearRelaxation] #linear:4432 #cut_generators:0
Initial num_bool: 48

Starting subsolver 'main' hint search at 5.01s
Starting subsolver 'main' search at 5.01s
