sizes 4 5 optimum 1.0416666666666665
min_patterns (0, 0, 0, 0) (0, 0, 0, 1, 1)
a,mS,mT 0.5416666666666665 0.0 -0.5
weights [((0, 1), 0.125), ((0, 2), 0.125), ((0, 3), 0.041666666667), ((0, 4), 0.041666666667), ((0, 5), 0.041666666667), ((0, 6), 0.041666666667), ((0, 7), 0.083333333333), ((0, 8), 0.083333333333), ((1, 2), 0.125), ((1, 3), 0.041666666667), ((1, 4), 0.041666666667), ((1, 5), 0.041666666667), ((1, 6), 0.041666666667), ((1, 7), 0.083333333333), ((1, 8), 0.083333333333), ((2, 3), 0.041666666667), ((2, 4), 0.041666666667), ((2, 5), 0.041666666667), ((2, 6), 0.041666666667), ((2, 7), 0.083333333333), ((2, 8), 0.083333333333), ((3, 4), 0.041666666667), ((3, 5), 0.041666666667), ((3, 6), 0.041666666667), ((3, 7), -0.0), ((3, 8), -0.0), ((4, 5), 0.125), ((4, 6), 0.125), ((4, 7), -0.083333333333), ((4, 8), -0.083333333333), ((5, 6), 0.125), ((5, 7), -0.083333333333), ((5, 8), -0.083333333333), ((6, 7), -0.083333333333), ((6, 8), -0.083333333333), ((7, 8), 0.166666666667)]
dual_nonzero
('global_upper', (0, 0, 0, 1, 1, 0, 1, 1, 1)) dual -0.12500000000000003 slack 0.0
('global_upper', (0, 0, 0, 1, 1, 1, 1, 1, 1)) dual -0.041666666666666685 slack 0.0
('global_upper', (0, 0, 1, 0, 0, 1, 1, 1, 1)) dual -0.0416666666666666 slack 0.0
('global_upper', (0, 0, 1, 0, 1, 1, 0, 1, 1)) dual -0.020833333333333204 slack 0.0
('global_upper', (0, 0, 1, 0, 1, 1, 1, 1, 1)) dual -0.10416666666666691 slack 0.0
('global_upper', (0, 0, 1, 1, 0, 1, 0, 0, 1)) dual -0.12500000000000006 slack 0.0
('global_upper', (0, 0, 1, 1, 0, 1, 1, 1, 0)) dual -0.0833333333333332 slack 0.0
('global_upper', (0, 0, 1, 1, 1, 0, 0, 0, 1)) dual -0.04166666666666653 slack 0.0
('global_upper', (0, 0, 1, 1, 1, 0, 0, 1, 0)) dual -0.0625 slack 0.0
('global_upper', (0, 0, 1, 1, 1, 0, 1, 1, 0)) dual -0.020833333333333287 slack 0.0
('global_upper', (0, 1, 0, 0, 0, 1, 1, 1, 1)) dual -0.0833333333333334 slack 0.0
('global_upper', (0, 1, 0, 0, 1, 1, 0, 1, 1)) dual -0.08333333333333343 slack 0.0
('global_upper', (0, 1, 0, 1, 0, 0, 1, 1, 0)) dual -0.06249999999999993 slack 0.0
('global_upper', (0, 1, 0, 1, 0, 1, 0, 1, 0)) dual -0.06249999999999992 slack 0.0
('global_upper', (0, 1, 0, 1, 0, 1, 1, 1, 0)) dual -0.04166666666666674 slack 0.0
('global_upper', (0, 1, 0, 1, 1, 0, 1, 0, 1)) dual -0.06250000000000003 slack 0.0
('global_upper', (0, 1, 0, 1, 1, 1, 0, 0, 1)) dual -0.10416666666666669 slack 0.0
('global_upper', (0, 1, 1, 0, 0, 0, 1, 0, 1)) dual -0.10416666666666671 slack 0.0
('global_upper', (0, 1, 1, 0, 0, 1, 1, 0, 1)) dual -0.0208333333333333 slack 0.0
('global_upper', (0, 1, 1, 0, 1, 0, 0, 1, 0)) dual -0.08333333333333337 slack 0.0
('global_upper', (0, 1, 1, 0, 1, 0, 1, 0, 1)) dual -0.04166666666666666 slack 0.0
('global_upper', (0, 1, 1, 0, 1, 0, 1, 1, 0)) dual -0.02083333333333326 slack 0.0
('global_upper', (0, 1, 1, 0, 1, 1, 0, 1, 0)) dual -0.06249999999999996 slack 0.0
('global_upper', (0, 1, 1, 1, 0, 0, 0, 0, 0)) dual -0.02083333333333333 slack 0.0
('global_upper', (0, 1, 1, 1, 0, 0, 1, 0, 0)) dual -0.06250000000000011 slack 0.0
('global_upper', (0, 1, 1, 1, 0, 1, 0, 0, 0)) dual -0.041666666666666685 slack 0.0
('global_upper', (0, 1, 1, 1, 1, 0, 0, 0, 0)) dual -0.04166666666666674 slack 0.0
('global_lower', (0, 0, 0, 0, 0, 0, 0, 1, 1)) dual -0.375 slack 0.0
('global_lower', (0, 0, 0, 0, 1, 1, 1, 0, 0)) dual -0.2916666666666665 slack 0.0
endpoint_dual 0.6250000000000002
