A8,m=5: q=20, qstar=12, incidences=280, minV=32, minMean=48, minX=3
  spikiest at minX: ((0, 1, 2, 3, 5), (1, 1, 1, -1, 1), (2, 4, 2, 0, 4), 40, 3, 56, 64)
  best actual box: ((0, 1, 2, 3, 4), (1, -1, 1, -1, -1), 8, (2, 2, 0, 4, 0), 24, 11, 32, 56)
  maximal-selector ranges (rmax,I,X,V,mean): (4, 4) (32, 40) (3, 11) (32, 56) (56, 64)
A8,m=6: q=20, qstar=18, incidences=100, minV=40, minMean=60, minX=0
  spikiest at minX: ((0, 1, 2, 5, 6, 7), (1, -1, -1, 1, -1, -1), (3, 3, 3, 3, 3, 3), 54, 0, 64, 68)
  best actual box: ((0, 1, 2, 3, 4, 5), (1, -1, 1, -1, -1, -1), 14, (3, 1, 1, 5, 1, 3), 46, 0, 40, 60)
  maximal-selector ranges (rmax,I,X,V,mean): (3, 3) (54, 54) (0, 0) (64, 64) (68, 68)
A9,m=6: q=24, qstar=22, incidences=208, minV=16, minMean=58, minX=0
  spikiest at minX: ((0, 1, 2, 3, 5, 7), (1, -1, 1, -1, -1, -1), (3, 5, 5, 3, 3, 3), 86, 0, 96, 110)
  best actual box: ((0, 1, 3, 4, 6, 8), (1, -1, -1, -1, 1, -1), 10, (1, 5, 1, 1, 1, 1), 30, 8, 16, 62)
  maximal-selector ranges (rmax,I,X,V,mean): (5, 5) (86, 86) (0, 0) (96, 96) (110, 110)
A9,m=7: q=24, qstar=22, incidences=84, minV=56, minMean=86, minX=2
  spikiest at minX: ((0, 1, 2, 3, 4, 5, 6), (1, -1, 1, -1, -1, -1, -1), (6, 4, 6, 0, 2, 2, 2), 100, 2, 104, 118)
  best actual box: ((0, 1, 2, 3, 4, 7, 8), (1, -1, 1, -1, -1, 1, 1), 18, (6, 2, 4, 2, 2, 0, 2), 68, 10, 56, 94)
  maximal-selector ranges (rmax,I,X,V,mean): (4, 6) (84, 100) (2, 2) (72, 112) (102, 118)
A10,m=6: q=26, qstar=22, incidences=520, minV=10, minMean=74, minX=0
  spikiest at minX: ((0, 1, 2, 3, 5, 7), (1, 1, 1, 1, 1, 1), (5, 3, 3, 3, 5, 3), 86, 0, 106, 122)
  best actual box: ((0, 1, 2, 6, 7, 8), (1, 1, -1, -1, -1, 1), 10, (1, 1, 1, 5, 1, 1), 30, 8, 10, 74)
  maximal-selector ranges (rmax,I,X,V,mean): (5, 5) (86, 86) (0, 0) (106, 106) (122, 122)
PASS exact completion identities and local-field inequalities
