{
  "carrier_edges_checked": 981,
  "fixed_point_checks": 5379,
  "length_m_singleton_images": 425,
  "sample_constructions": [
    {
      "L": 0,
      "carrier_states": 1,
      "m": 1,
      "q": 2
    },
    {
      "L": 0,
      "carrier_states": 1,
      "m": 2,
      "q": 2
    },
    {
      "L": 1,
      "carrier_states": 3,
      "m": 2,
      "q": 2
    },
    {
      "L": 0,
      "carrier_states": 1,
      "m": 3,
      "q": 2
    },
    {
      "L": 1,
      "carrier_states": 3,
      "m": 3,
      "q": 2
    },
    {
      "L": 2,
      "carrier_states": 7,
      "m": 3,
      "q": 2
    },
    {
      "L": 0,
      "carrier_states": 1,
      "m": 4,
      "q": 2
    },
    {
      "L": 1,
      "carrier_states": 3,
      "m": 4,
      "q": 2
    },
    {
      "L": 2,
      "carrier_states": 7,
      "m": 4,
      "q": 2
    },
    {
      "L": 3,
      "carrier_states": 15,
      "m": 4,
      "q": 2
    },
    {
      "L": 0,
      "carrier_states": 1,
      "m": 5,
      "q": 2
    },
    {
      "L": 1,
      "carrier_states": 3,
      "m": 5,
      "q": 2
    },
    {
      "L": 2,
      "carrier_states": 7,
      "m": 5,
      "q": 2
    },
    {
      "L": 3,
      "carrier_states": 15,
      "m": 5,
      "q": 2
    },
    {
      "L": 4,
      "carrier_states": 31,
      "m": 5,
      "q": 2
    },
    {
      "L": 0,
      "carrier_states": 1,
      "m": 1,
      "q": 3
    },
    {
      "L": 0,
      "carrier_states": 1,
      "m": 2,
      "q": 3
    },
    {
      "L": 1,
      "carrier_states": 4,
      "m": 2,
      "q": 3
    },
    {
      "L": 0,
      "carrier_states": 1,
      "m": 3,
      "q": 3
    },
    {
      "L": 1,
      "carrier_states": 4,
      "m": 3,
      "q": 3
    },
    {
      "L": 2,
      "carrier_states": 13,
      "m": 3,
      "q": 3
    },
    {
      "L": 0,
      "carrier_states": 1,
      "m": 4,
      "q": 3
    },
    {
      "L": 1,
      "carrier_states": 4,
      "m": 4,
      "q": 3
    },
    {
      "L": 2,
      "carrier_states": 13,
      "m": 4,
      "q": 3
    },
    {
      "L": 3,
      "carrier_states": 40,
      "m": 4,
      "q": 3
    },
    {
      "L": 0,
      "carrier_states": 1,
      "m": 5,
      "q": 3
    },
    {
      "L": 1,
      "carrier_states": 4,
      "m": 5,
      "q": 3
    },
    {
      "L": 2,
      "carrier_states": 13,
      "m": 5,
      "q": 3
    },
    {
      "L": 3,
      "carrier_states": 40,
      "m": 5,
      "q": 3
    },
    {
      "L": 4,
      "carrier_states": 121,
      "m": 5,
      "q": 3
    }
  ]
}
