root extrema 2056 632 1 1 R 2688 d 1424
ps ((1, 1, 1, 1, 1, 1, 1, 1, 1),) ns ((-1, -1, -1, -1, 1, 1, 1, 1, 1),)
signatures 1
value histogram
175/99 1
row 0 K 175/99 sig (1424, (((0, 24), (992, (((116, 888), (220, (((276, 276), (0, ())), ((56, 276), (0, (((110, 110), (0, ())), ((110, 110), (0, ())))))))), ((668, 888), (0, (((110, 110), (0, ())), ((110, 110), (0, ())))))))), ((48, 1344), (432, (((216, 432), (0, (((108, 108), (0, ())), ((108, 108), (0, ()))))), ((216, 432), (0, (((108, 108), (0, ())), ((108, 108), (0, ()))))))))))
BEST 175/99
PRIMAL
('a', 0, 0, 1) 608/33
('a', 0, 1, 1) 1344
('a', 1, 0, 1) 22496/33
('a', 2, 0, 0) 6992/33
('a', 10, 0, 1) 432
('w', 1) 29488/33
('w', 2) 6992/33
('w', 10) 432
('th', 0) 175/99
('th', 1) 76/99
('th', 2) 76/99
('th', 10) 1
('z', 0, 0) 76/99
('z', 0, 1) 1
('z', 1, 0) 76/99
('z', 2, 0) 76/99
('z', 10, 0) 1
DUAL
('q', 0, 0) 2/99
('q', 0, 1) 7/11
('q', 1, 0) 74/99
('q', 1, 1) 74/99
('q', 2, 0) 23/99
('q', 2, 1) 23/99
('q', 10, 0) 4/11
('q', 10, 1) 4/11
('y', 0) 1/1188
('y', 1) 1/1188
('y', 2) 1/1188
('y', 3) 1/1188
('y', 10) 1/1188
('z', 0, 1, 1) 7/19008
('s', 4) 1/1188
('s', 7) 1/1188
('s', 11) 1/1188
('s', 14) 1/1188
CONTINUUM BEST
0 175/99 1.7676767676767675
0 175/99 1.7676767676767675
0 175/99 1.7676767676767675
0 175/99 1.7676767676767675
0 175/99 1.7676767676767675
0 175/99 1.7676767676767677
0 175/99 1.7676767676767677
0 175/99 1.7676767676767677
0 175/99 1.7676767676767677
0 175/99 1.7676767676767677
0 175/99 1.7676767676767677
0 175/99 1.7676767676767677
0 175/99 1.7676767676767677
0 175/99 1.7676767676767677
0 175/99 1.7676767676767677
0 175/99 1.7676767676767677
0 175/99 1.7676767676767677
0 175/99 1.7676767676767677
0 175/99 1.7676767676767677
0 175/99 1.7676767676767677
t 0 K 175/99 1.7676767676767677
t 1/10 K 181487/101930 1.780506229769895
t 1/4 K 599413/332521 1.8026320142186507
t 1/3 K 242361/133724 1.8123971762735187
t 2/5 K 432189/237634 1.818717018608448
t 1/2 K 2017/1105 1.825339366515837
ALTERNATE root 18406 5594 24000 12812 1 1 ((1, 1, 1, 1, 1, 1, 1, 1, 1),) ((-1, -1, -1, -1, -1, 1, 1, 1, 1),)
ALTERNATE signatures 1
ALTERNATE values
9293/5265 1.7650522317188986 (12812, (((0, 240), (8820, (((5880, 7840), (0, (((980, 980), (0, ())), ((980, 980), (0, ()))))), ((980, 7840), (1960, (((2450, 2450), (0, ())), ((490, 2450), (0, (((980, 980), (0, ())), ((980, 980), (0, ()))))))))))), ((168, 12000), (3944, (((1004, 3944), (0, (((1470, 1470), (0, ())), ((1470, 1470), (0, ()))))), ((2940, 3944), (0, (((502, 502), (0, ())), ((502, 502), (0, ()))))))))))
alt exact primal 9293/5265
alt exact dual rationalizer failed (Fraction(368719600, 208900107), -1.7650522317188986)
alt continuum min/max (1.7650522317188981, Fraction(0, 1)) (1.8224604389994896, Fraction(1, 2))
alt t 0 K 9293/5265 1.7650522317188986
alt t 1/10 K 769025/432729 1.7771515197733452
alt t 1/4 K 576799/320535 1.799488355405806
alt t 1/3 K 25919/14325 1.8093542757417103
alt t 2/5 K 20803/11457 1.8157458322422972
alt t 1/2 K 17851/9795 1.8224604389994896
HIERARCHICAL LEAF-GRAFT TEST
depth 1 W 2688 K 175/99 1.7676767676767677 nodes 17
depth 2 W 217728 K 401/228 1.7587719298245614 nodes 161
depth 3 W 17635968 K 401/228 1.7587719298245617 nodes 1457
