{
  "rank_metric_mrd": {
    "gabidulin_parameter_r": 2,
    "host_dimension": 8,
    "host_size": 256,
    "matrix_dimension": 4,
    "minimum_rank_distance": 3,
    "minimum_witness_gap": 1,
    "one_subspace_profiles": 255,
    "profile_pairs_checked": 32385,
    "proved_gap": 1
  },
  "status": "passed",
  "two_scale_metric": {
    "ambient_dimension": 3,
    "quotient_dimension": 1,
    "scale_ranks": {
      "0": 3,
      "1": 1,
      "4": 1,
      "5": 0
    },
    "subspaces_checked": 16
  }
}
