{"aligned_quarter_turn_self_complementarity_error": null, "cap": 5, "degree": 9, "dimension": 20, "fourth_moment_certificate": 3.3701360049114557, "k": 3, "layer_operator_norm": 4.236067977499794, "n": 6, "name": "exact_m6_conference", "operator_norm_over_cap": 0.8472135954999589, "rayleigh_guarantee": 3.0, "second_moment_certificate": 3.0, "trace2": 180, "trace4": 2580, "trace4_over_dimension_n4": 0.09953703703703703, "trace_A4_over_n3": 0.6944444444444444}
{"aligned_quarter_turn_self_complementarity_error": null, "cap": 10, "degree": 16, "dimension": 70, "fourth_moment_certificate": 4.79874289247982, "k": 4, "layer_operator_norm": 7.1125655796789085, "n": 8, "name": "exact_m8_class0", "operator_norm_over_cap": 0.7112565579678909, "rayleigh_guarantee": 5.7142857142857135, "second_moment_certificate": 4.0, "trace2": 1120, "trace4": 37120, "trace4_over_dimension_n4": 0.12946428571428573, "trace_A4_over_n3": 0.953125}
{"aligned_quarter_turn_self_complementarity_error": null, "cap": 10, "degree": 16, "dimension": 70, "fourth_moment_certificate": 4.79874289247982, "k": 4, "layer_operator_norm": 7.154178890272931, "n": 8, "name": "exact_m8_class1_nonconference", "operator_norm_over_cap": 0.7154178890272931, "rayleigh_guarantee": 5.7142857142857135, "second_moment_certificate": 4.0, "trace2": 1120, "trace4": 37120, "trace4_over_dimension_n4": 0.12946428571428573, "trace_A4_over_n3": 0.953125}
{"aligned_quarter_turn_self_complementarity_error": null, "cap": 13, "degree": 25, "dimension": 252, "fourth_moment_certificate": 6.171229678565123, "k": 5, "layer_operator_norm": 10.19114176342227, "n": 10, "name": "exact_m10", "operator_norm_over_cap": 0.783933981801713, "rayleigh_guarantee": 7.222222222222222, "second_moment_certificate": 5.0, "trace2": 6300, "trace4": 365500, "trace4_over_dimension_n4": 0.14503968253968255, "trace_A4_over_n3": 1.13}
{"aligned_quarter_turn_self_complementarity_error": null, "cap": 15, "degree": 25, "dimension": 252, "fourth_moment_certificate": 6.016958390956154, "k": 5, "layer_operator_norm": 10.062257748298538, "n": 10, "name": "conference_gf9_n10", "operator_norm_over_cap": 0.6708171832199026, "rayleigh_guarantee": 8.333333333333334, "second_moment_certificate": 5.0, "trace2": 6300, "trace4": 330300, "trace4_over_dimension_n4": 0.13107142857142856, "trace_A4_over_n3": 0.81}
{"aligned_quarter_turn_self_complementarity_error": null, "cap": 18, "degree": 36, "dimension": 924, "fourth_moment_certificate": 7.399482072684799, "k": 6, "layer_operator_norm": 12.877344947219644, "n": 12, "name": "heuristic_m12", "operator_norm_over_cap": 0.7154080526233135, "rayleigh_guarantee": 9.818181818181817, "second_moment_certificate": 6.0, "trace2": 33264, "trace4": 2769984, "trace4_over_dimension_n4": 0.14457070707070707, "trace_A4_over_n3": 0.9791666666666666}
{"aligned_quarter_turn_self_complementarity_error": null, "cap": 21, "degree": 49, "dimension": 3432, "fourth_moment_certificate": 8.653808515376, "k": 7, "layer_operator_norm": 15.821499970308087, "n": 14, "name": "exact_m14_conference", "operator_norm_over_cap": 0.7534047604908614, "rayleigh_guarantee": 11.307692307692307, "second_moment_certificate": 7.0, "trace2": 168168, "trace4": 19247592, "trace4_over_dimension_n4": 0.14598794063079779, "trace_A4_over_n3": 0.8622448979591837}
{"aligned_quarter_turn_self_complementarity_error": 0, "cap": 16, "degree": 16, "dimension": 70, "fourth_moment_certificate": 5.448660420070247, "k": 4, "layer_operator_norm": 9.380831519646865, "n": 8, "name": "selfcomp_wigner_n8_seed20260813", "operator_norm_over_cap": 0.586301969977929, "rayleigh_guarantee": 9.142857142857142, "second_moment_certificate": 4.0, "trace2": 1120, "trace4": 61696, "trace4_over_dimension_n4": 0.21517857142857144, "trace_A4_over_n3": 2.453125}
{"aligned_quarter_turn_self_complementarity_error": 0, "cap": 28, "degree": 36, "dimension": 924, "fourth_moment_certificate": 7.684203060548348, "k": 6, "layer_operator_norm": 17.8053724950886, "n": 12, "name": "selfcomp_wigner_n12_seed20260813", "operator_norm_over_cap": 0.6359061605388786, "rayleigh_guarantee": 15.272727272727272, "second_moment_certificate": 6.0, "trace2": 33264, "trace4": 3221568, "trace4_over_dimension_n4": 0.16813973063973064, "trace_A4_over_n3": 1.6458333333333333}
{
  "results": [
    {
      "aligned_quarter_turn_self_complementarity_error": null,
      "cap": 5,
      "degree": 9,
      "dimension": 20,
      "fourth_moment_certificate": 3.3701360049114557,
      "k": 3,
      "layer_operator_norm": 4.236067977499794,
      "n": 6,
      "name": "exact_m6_conference",
      "operator_norm_over_cap": 0.8472135954999589,
      "rayleigh_guarantee": 3.0,
      "second_moment_certificate": 3.0,
      "trace2": 180,
      "trace4": 2580,
      "trace4_over_dimension_n4": 0.09953703703703703,
      "trace_A4_over_n3": 0.6944444444444444
    },
    {
      "aligned_quarter_turn_self_complementarity_error": null,
      "cap": 10,
      "degree": 16,
      "dimension": 70,
      "fourth_moment_certificate": 4.79874289247982,
      "k": 4,
      "layer_operator_norm": 7.1125655796789085,
      "n": 8,
      "name": "exact_m8_class0",
      "operator_norm_over_cap": 0.7112565579678909,
      "rayleigh_guarantee": 5.7142857142857135,
      "second_moment_certificate": 4.0,
      "trace2": 1120,
      "trace4": 37120,
      "trace4_over_dimension_n4": 0.12946428571428573,
      "trace_A4_over_n3": 0.953125
    },
    {
      "aligned_quarter_turn_self_complementarity_error": null,
      "cap": 10,
      "degree": 16,
      "dimension": 70,
      "fourth_moment_certificate": 4.79874289247982,
      "k": 4,
      "layer_operator_norm": 7.154178890272931,
      "n": 8,
      "name": "exact_m8_class1_nonconference",
      "operator_norm_over_cap": 0.7154178890272931,
      "rayleigh_guarantee": 5.7142857142857135,
      "second_moment_certificate": 4.0,
      "trace2": 1120,
      "trace4": 37120,
      "trace4_over_dimension_n4": 0.12946428571428573,
      "trace_A4_over_n3": 0.953125
    },
    {
      "aligned_quarter_turn_self_complementarity_error": null,
      "cap": 13,
      "degree": 25,
      "dimension": 252,
      "fourth_moment_certificate": 6.171229678565123,
      "k": 5,
      "layer_operator_norm": 10.19114176342227,
      "n": 10,
      "name": "exact_m10",
      "operator_norm_over_cap": 0.783933981801713,
      "rayleigh_guarantee": 7.222222222222222,
      "second_moment_certificate": 5.0,
      "trace2": 6300,
      "trace4": 365500,
      "trace4_over_dimension_n4": 0.14503968253968255,
      "trace_A4_over_n3": 1.13
    },
    {
      "aligned_quarter_turn_self_complementarity_error": null,
      "cap": 15,
      "degree": 25,
      "dimension": 252,
      "fourth_moment_certificate": 6.016958390956154,
      "k": 5,
      "layer_operator_norm": 10.062257748298538,
      "n": 10,
      "name": "conference_gf9_n10",
      "operator_norm_over_cap": 0.6708171832199026,
      "rayleigh_guarantee": 8.333333333333334,
      "second_moment_certificate": 5.0,
      "trace2": 6300,
      "trace4": 330300,
      "trace4_over_dimension_n4": 0.13107142857142856,
      "trace_A4_over_n3": 0.81
    },
    {
      "aligned_quarter_turn_self_complementarity_error": null,
      "cap": 18,
      "degree": 36,
      "dimension": 924,
      "fourth_moment_certificate": 7.399482072684799,
      "k": 6,
      "layer_operator_norm": 12.877344947219644,
      "n": 12,
      "name": "heuristic_m12",
      "operator_norm_over_cap": 0.7154080526233135,
      "rayleigh_guarantee": 9.818181818181817,
      "second_moment_certificate": 6.0,
      "trace2": 33264,
      "trace4": 2769984,
      "trace4_over_dimension_n4": 0.14457070707070707,
      "trace_A4_over_n3": 0.9791666666666666
    },
    {
      "aligned_quarter_turn_self_complementarity_error": null,
      "cap": 21,
      "degree": 49,
      "dimension": 3432,
      "fourth_moment_certificate": 8.653808515376,
      "k": 7,
      "layer_operator_norm": 15.821499970308087,
      "n": 14,
      "name": "exact_m14_conference",
      "operator_norm_over_cap": 0.7534047604908614,
      "rayleigh_guarantee": 11.307692307692307,
      "second_moment_certificate": 7.0,
      "trace2": 168168,
      "trace4": 19247592,
      "trace4_over_dimension_n4": 0.14598794063079779,
      "trace_A4_over_n3": 0.8622448979591837
    },
    {
      "aligned_quarter_turn_self_complementarity_error": 0,
      "cap": 16,
      "degree": 16,
      "dimension": 70,
      "fourth_moment_certificate": 5.448660420070247,
      "k": 4,
      "layer_operator_norm": 9.380831519646865,
      "n": 8,
      "name": "selfcomp_wigner_n8_seed20260813",
      "operator_norm_over_cap": 0.586301969977929,
      "rayleigh_guarantee": 9.142857142857142,
      "second_moment_certificate": 4.0,
      "trace2": 1120,
      "trace4": 61696,
      "trace4_over_dimension_n4": 0.21517857142857144,
      "trace_A4_over_n3": 2.453125
    },
    {
      "aligned_quarter_turn_self_complementarity_error": 0,
      "cap": 28,
      "degree": 36,
      "dimension": 924,
      "fourth_moment_certificate": 7.684203060548348,
      "k": 6,
      "layer_operator_norm": 17.8053724950886,
      "n": 12,
      "name": "selfcomp_wigner_n12_seed20260813",
      "operator_norm_over_cap": 0.6359061605388786,
      "rayleigh_guarantee": 15.272727272727272,
      "second_moment_certificate": 6.0,
      "trace2": 33264,
      "trace4": 3221568,
      "trace4_over_dimension_n4": 0.16813973063973064,
      "trace_A4_over_n3": 1.6458333333333333
    }
  ],
  "schema": "global-layer-form-audit-v1"
}
