{
  "N": 8,
  "beta": 4.0,
  "classification": "complete finite child and bridge enumeration; numerical transcendental evaluation; no asymptotic inference",
  "internal_t": 1.414213562373095,
  "left_sha": "ff2edc0524c08ada666d45b0c8c808b9227470dcd7d2832e9cf95af40136e22f",
  "records": [
    {
      "amplitudes": [
        {
          "S": 3.3915607555347695,
          "S_density": 0.2119725472209231,
          "analytic_derivative": 2.1427767013922203,
          "canonical_decomposition_residual": -1.942890293094024e-16,
          "canonical_row_centered_interaction_cumulant": 0.08382991563806481,
          "canonical_row_certificate_reverse_KL": 0.08382991563806481,
          "canonical_row_erased_sum_work": 0.08314363727891307,
          "canonical_row_interaction_mean": -0.09308292449879248,
          "canonical_row_product_inverse_work": 0.17622656177770554,
          "centered_finite_difference_derivative": 2.142776701311022,
          "centered_negative_gain": 0.10416708168117098,
          "conditional_entropic_influence_upper_trapezoid": 0.17043994525862596,
          "derivative_residual": 8.119815930740515e-11,
          "interaction_curvature_trapezoid": 0.08384912704937927,
          "interaction_curvature_trapezoid_residual": 1.9211411314459803e-05,
          "interaction_path_grid": [
            {
              "conditional_entropic_influence": 0.17705797726304043,
              "interaction_variance": 0.1774278975061808,
              "s": 0.0,
              "tilted_average_influence": 0.17705797726304043
            },
            {
              "conditional_entropic_influence": 0.17622523764931258,
              "interaction_variance": 0.1754379385338015,
              "s": 0.0625,
              "tilted_average_influence": 0.17624819192100932
            },
            {
              "conditional_entropic_influence": 0.17539415913306453,
              "interaction_variance": 0.17349756508706973,
              "s": 0.125,
              "tilted_average_influence": 0.175484932176358
            },
            {
              "conditional_entropic_influence": 0.17456455902627058,
              "interaction_variance": 0.17160500582271768,
              "s": 0.1875,
              "tilted_average_influence": 0.17476646833180673
            },
            {
              "conditional_entropic_influence": 0.17373626433704284,
              "interaction_variance": 0.16975854597284482,
              "s": 0.25,
              "tilted_average_influence": 0.17409110616618922
            },
            {
              "conditional_entropic_influence": 0.1729091123584167,
              "interaction_variance": 0.16795652916349715,
              "s": 0.3125,
              "tilted_average_influence": 0.17345718792223722
            },
            {
              "conditional_entropic_influence": 0.1720829511701993,
              "interaction_variance": 0.1661973587644167,
              "s": 0.375,
              "tilted_average_influence": 0.17286309313746065
            },
            {
              "conditional_entropic_influence": 0.17125764005893157,
              "interaction_variance": 0.1644794988187991,
              "s": 0.4375,
              "tilted_average_influence": 0.17230723933117978
            },
            {
              "conditional_entropic_influence": 0.1704330498605419,
              "interaction_variance": 0.16280147459828387,
              "s": 0.5,
              "tilted_average_influence": 0.17178808255978045
            },
            {
              "conditional_entropic_influence": 0.1696090632302119,
              "interaction_variance": 0.16116187282494313,
              "s": 0.5625,
              "tilted_average_influence": 0.1713041178513407
            },
            {
              "conditional_entropic_influence": 0.1687855748437614,
              "interaction_variance": 0.15955934159874247,
              "s": 0.625,
              "tilted_average_influence": 0.17085387952990763
            },
            {
              "conditional_entropic_influence": 0.16796249153476708,
              "interaction_variance": 0.15799259006582092,
              "s": 0.6875,
              "tilted_average_influence": 0.1704359414388913
            },
            {
              "conditional_entropic_influence": 0.1671397323714481,
              "interaction_variance": 0.1564603878599889,
              "s": 0.75,
              "tilted_average_influence": 0.17004891707228917
            },
            {
              "conditional_entropic_influence": 0.1663172286772412,
              "interaction_variance": 0.1549615643470622,
              "s": 0.8125,
              "tilted_average_influence": 0.16969145962175297
            },
            {
              "conditional_entropic_influence": 0.1654949239988407,
              "interaction_variance": 0.15349500769904034,
              "s": 0.875,
              "tilted_average_influence": 0.16936226194685974
            },
            {
              "conditional_entropic_influence": 0.16467277402536248,
              "interaction_variance": 0.15205966382269623,
              "s": 0.9375,
              "tilted_average_influence": 0.16906005647535188
            },
            {
              "conditional_entropic_influence": 0.16385074646216471,
              "interaction_variance": 0.15065453516486066,
              "s": 1.0,
              "tilted_average_influence": 0.16878361503955952
            }
          ],
          "leave_one_out_bias_square_sum": 0.39096533557273766,
          "leave_one_out_mutual_information_sum": 0.19710149196100096,
          "maximum_conditional_bias_formula_residual": 2.7755575615628914e-16,
          "projective_Delta_squared": 27.90483020193066,
          "projective_Hoeffding_upper_bound": 3.4881037752413326,
          "projective_range_square_product_mean_sum": 5.1198951708639795,
          "projective_row_range_suprema": [
            2.641251133550665,
            2.641251133550664,
            2.6412511335506625,
            2.6412511335506625
          ],
          "reverse_KL": 0.15588939573459917,
          "reverse_renyi": 0.26005647741577015,
          "rho": 0.33952309865331387,
          "tilted_influence_upper_trapezoid": 0.17216773322710718,
          "u": 0.35355339059327373
        },
        {
          "S": 5.015011100171645,
          "S_density": 0.3134381937607278,
          "analytic_derivative": 4.848170108182142,
          "canonical_decomposition_residual": -2.7755575615628914e-16,
          "canonical_row_centered_interaction_cumulant": 0.449103278309065,
          "canonical_row_certificate_reverse_KL": 0.449103278309065,
          "canonical_row_erased_sum_work": 0.9017427023337583,
          "canonical_row_interaction_mean": -0.1885541332455198,
          "canonical_row_product_inverse_work": 1.0902968355792781,
          "centered_finite_difference_derivative": 4.848170107918381,
          "centered_negative_gain": 0.4964099284599457,
          "conditional_entropic_influence_upper_trapezoid": 0.8420469875426287,
          "derivative_residual": 2.637605689415068e-10,
          "interaction_curvature_trapezoid": 0.44910840522036105,
          "interaction_curvature_trapezoid_residual": 5.126911296060577e-06,
          "interaction_path_grid": [
            {
              "conditional_entropic_influence": 0.850762060468195,
              "interaction_variance": 0.895682086855189,
              "s": 0.0,
              "tilted_average_influence": 0.850762060468195
            },
            {
              "conditional_entropic_influence": 0.8487356079346253,
              "interaction_variance": 0.894012866781539,
              "s": 0.0625,
              "tilted_average_influence": 0.8491908361734476
            },
            {
              "conditional_entropic_influence": 0.8470985771133842,
              "interaction_variance": 0.8933517955703436,
              "s": 0.125,
              "tilted_average_influence": 0.8488979460401014
            },
            {
              "conditional_entropic_influence": 0.8457876544856417,
              "interaction_variance": 0.8935210339642119,
              "s": 0.1875,
              "tilted_average_influence": 0.8497900503033909
            },
            {
              "conditional_entropic_influence": 0.8447402803112203,
              "interaction_variance": 0.8943532368885597,
              "s": 0.25,
              "tilted_average_influence": 0.8517770016437265
            },
            {
              "conditional_entropic_influence": 0.8438955165607664,
              "interaction_variance": 0.8956935590578448,
              "s": 0.3125,
              "tilted_average_influence": 0.8547719834631421
            },
            {
              "conditional_entropic_influence": 0.8431948293108138,
              "interaction_variance": 0.897401299671261,
              "s": 0.375,
              "tilted_average_influence": 0.8586916238833854
            },
            {
              "conditional_entropic_influence": 0.8425827827838469,
              "interaction_variance": 0.8993512039524004,
              "s": 0.4375,
              "tilted_average_influence": 0.8634560972615318
            },
            {
              "conditional_entropic_influence": 0.8420076423927316,
              "interaction_variance": 0.9014344402722276,
              "s": 0.5,
              "tilted_average_influence": 0.8689892217029462
            },
            {
              "conditional_entropic_influence": 0.8414218849339716,
              "interaction_variance": 0.90355927561982,
              "s": 0.5625,
              "tilted_average_influence": 0.8752185584690785
            },
            {
              "conditional_entropic_influence": 0.8407826153962071,
              "interaction_variance": 0.905651478279175,
              "s": 0.625,
              "tilted_average_influence": 0.8820755172606337
            },
            {
              "conditional_entropic_influence": 0.840051891575767,
              "interaction_variance": 0.9076544835649315,
              "s": 0.6875,
              "tilted_average_influence": 0.8894954700106197
            },
            {
              "conditional_entropic_influence": 0.8391969596424957,
              "interaction_variance": 0.9095293651306071,
              "s": 0.75,
              "tilted_average_influence": 0.8974178749336387
            },
            {
              "conditional_entropic_influence": 0.838190405776199,
              "interaction_variance": 0.9112546595159912,
              "s": 0.8125,
              "tilted_average_influence": 0.9057864120238919
            },
            {
              "conditional_entropic_influence": 0.8370102307957884,
              "interaction_variance": 0.912826094244066,
              "s": 0.875,
              "tilted_average_influence": 0.9145491308476583
            },
            {
              "conditional_entropic_influence": 0.8356398561485235,
              "interaction_variance": 0.9142562691702305,
              "s": 0.9375,
              "tilted_average_influence": 0.9236586112135132
            },
            {
              "conditional_entropic_influence": 0.83406807057196,
              "interaction_variance": 0.915574336498258,
              "s": 1.0,
              "tilted_average_influence": 0.9330721370130789
            }
          ],
          "leave_one_out_bias_square_sum": 1.8591133926628023,
          "leave_one_out_mutual_information_sum": 0.9633658809095781,
          "maximum_conditional_bias_formula_residual": 4.440892098500626e-16,
          "projective_Delta_squared": 123.90377904337154,
          "projective_Hoeffding_upper_bound": 15.487972380421443,
          "projective_range_square_product_mean_sum": 25.5992535019893,
          "projective_row_range_suprema": [
            5.565603719350031,
            5.56560371935003,
            5.56560371935003,
            5.56560371935003
          ],
          "reverse_KL": 1.0429901854283972,
          "reverse_renyi": 1.5394001138883429,
          "rho": 0.6088593650139138,
          "tilted_influence_upper_trapezoid": 0.876605214623209,
          "u": 0.7071067811865475
        },
        {
          "S": 6.020263209395999,
          "S_density": 0.37626645058724995,
          "analytic_derivative": 6.187813604375211,
          "canonical_decomposition_residual": 8.881784197001252e-16,
          "canonical_row_centered_interaction_cumulant": 1.3472107145230137,
          "canonical_row_certificate_reverse_KL": 1.3472107145230137,
          "canonical_row_erased_sum_work": 2.7789315238247716,
          "canonical_row_interaction_mean": 0.6103998394993969,
          "canonical_row_product_inverse_work": 2.168531684325375,
          "centered_finite_difference_derivative": 6.187813604330294,
          "centered_negative_gain": 0.9742019960087029,
          "conditional_entropic_influence_upper_trapezoid": 2.2478951936366665,
          "derivative_residual": 4.4917847219494433e-11,
          "interaction_curvature_trapezoid": 1.3488591867980149,
          "interaction_curvature_trapezoid_residual": 0.0016484722750012004,
          "interaction_path_grid": [
            {
              "conditional_entropic_influence": 2.879524660468462,
              "interaction_variance": 3.3659464185158643,
              "s": 0.0,
              "tilted_average_influence": 2.879524660468462
            },
            {
              "conditional_entropic_influence": 2.7430430175180276,
              "interaction_variance": 3.1360557017252395,
              "s": 0.0625,
              "tilted_average_influence": 2.7477747586208943
            },
            {
              "conditional_entropic_influence": 2.622221234024397,
              "interaction_variance": 2.9479053182116015,
              "s": 0.125,
              "tilted_average_influence": 2.639582912625742
            },
            {
              "conditional_entropic_influence": 2.5162511943543615,
              "interaction_variance": 2.796736687245044,
              "s": 0.1875,
              "tilted_average_influence": 2.5521836507973856
            },
            {
              "conditional_entropic_influence": 2.424053492155831,
              "interaction_variance": 2.677537319963244,
              "s": 0.25,
              "tilted_average_influence": 2.4830000640193206
            },
            {
              "conditional_entropic_influence": 2.344383329970631,
              "interaction_variance": 2.585350311241475,
              "s": 0.3125,
              "tilted_average_influence": 2.429670498411321
            },
            {
              "conditional_entropic_influence": 2.275912746589162,
              "interaction_variance": 2.515476932284447,
              "s": 0.375,
              "tilted_average_influence": 2.3900542898408252
            },
            {
              "conditional_entropic_influence": 2.2172935407374945,
              "interaction_variance": 2.4636039920489714,
              "s": 0.4375,
              "tilted_average_influence": 2.3622253704493295
            },
            {
              "conditional_entropic_influence": 2.1672045364139088,
              "interaction_variance": 2.4258784001708076,
              "s": 0.5,
              "tilted_average_influence": 2.344459525324393
            },
            {
              "conditional_entropic_influence": 2.1243862241165705,
              "interaction_variance": 2.3989447964378945,
              "s": 0.5625,
              "tilted_average_influence": 2.3352190042820897
            },
            {
              "conditional_entropic_influence": 2.0876652924525008,
              "interaction_variance": 2.3799573690176996,
              "s": 0.625,
              "tilted_average_influence": 2.3331367830362737
            },
            {
              "conditional_entropic_influence": 2.055971107559488,
              "interaction_variance": 2.3665735095231573,
              "s": 0.6875,
              "tilted_average_influence": 2.3370017926200077
            },
            {
              "conditional_entropic_influence": 2.02834579386038,
              "interaction_variance": 2.3569344481343135,
              "s": 0.75,
              "tilted_average_influence": 2.3457457531285115
            },
            {
              "conditional_entropic_influence": 2.0039492240949786,
              "interaction_variance": 2.3496363092027526,
              "s": 0.8125,
              "tilted_average_influence": 2.3584317747296777
            },
            {
              "conditional_entropic_influence": 1.9820599477810912,
              "interaction_variance": 2.343693994752692,
              "s": 0.875,
              "tilted_average_influence": 2.3742445778120467
            },
            {
              "conditional_entropic_influence": 1.9620728784401313,
              "interaction_variance": 2.3384997948333393,
              "s": 0.9375,
              "tilted_average_influence": 2.392482004828606
            },
            {
              "conditional_entropic_influence": 1.9434944157669571,
              "interaction_variance": 2.3337784726347883,
              "s": 1.0,
              "tilted_average_influence": 2.412547424683213
            }
          ],
          "leave_one_out_bias_square_sum": 3.7185033658832554,
          "leave_one_out_mutual_information_sum": 2.005676640766526,
          "maximum_conditional_bias_formula_residual": 5.551115123125783e-16,
          "projective_Delta_squared": 242.20628192618108,
          "projective_Hoeffding_upper_bound": 30.275785240772635,
          "projective_range_square_product_mean_sum": 86.607139175681,
          "projective_row_range_suprema": [
            7.781488963016352,
            7.781488963016351,
            7.781488963016349,
            7.781488963016349
          ],
          "reverse_KL": 2.5415404028396864,
          "reverse_renyi": 3.5157423988483893,
          "rho": 0.7859163970696592,
          "tilted_influence_upper_trapezoid": 2.4419530501938915,
          "u": 1.0606601717798212
        },
        {
          "S": 7.413796917748295,
          "S_density": 0.4633623073592684,
          "analytic_derivative": 7.012860554728514,
          "canonical_decomposition_residual": 8.881784197001252e-16,
          "canonical_row_centered_interaction_cumulant": 2.9176823001221783,
          "canonical_row_certificate_reverse_KL": 2.9176823001221783,
          "canonical_row_erased_sum_work": 5.116325598258634,
          "canonical_row_interaction_mean": 2.1735555515929392,
          "canonical_row_product_inverse_work": 2.942770046665695,
          "centered_finite_difference_derivative": 7.012860554711508,
          "centered_negative_gain": 1.4701910833991043,
          "conditional_entropic_influence_upper_trapezoid": 4.602213319915801,
          "derivative_residual": 1.7005952201998298e-11,
          "interaction_curvature_trapezoid": 2.9232138069545863,
          "interaction_curvature_trapezoid_residual": 0.005531506832407995,
          "interaction_path_grid": [
            {
              "conditional_entropic_influence": 6.7751181589299225,
              "interaction_variance": 8.230726133696832,
              "s": 0.0,
              "tilted_average_influence": 6.7751181589299225
            },
            {
              "conditional_entropic_influence": 6.3469467692431945,
              "interaction_variance": 7.481366706736982,
              "s": 0.0625,
              "tilted_average_influence": 6.370535213342146
            },
            {
              "conditional_entropic_influence": 5.950180740514167,
              "interaction_variance": 6.841156012504054,
              "s": 0.125,
              "tilted_average_influence": 6.034633023633811
            },
            {
              "conditional_entropic_influence": 5.589444047547787,
              "interaction_variance": 6.305352471436544,
              "s": 0.1875,
              "tilted_average_influence": 5.7592902829207
            },
            {
              "conditional_entropic_influence": 5.266488973883009,
              "interaction_variance": 5.864761028739605,
              "s": 0.25,
              "tilted_average_influence": 5.536304657865497
            },
            {
              "conditional_entropic_influence": 4.980996744581308,
              "interaction_variance": 5.508128458630889,
              "s": 0.3125,
              "tilted_average_influence": 5.357950149138771
            },
            {
              "conditional_entropic_influence": 4.731205180913772,
              "interaction_variance": 5.2234185837186216,
              "s": 0.375,
              "tilted_average_influence": 5.217225449745455
            },
            {
              "conditional_entropic_influence": 4.514397351421527,
              "interaction_variance": 4.998542105627751,
              "s": 0.4375,
              "tilted_average_influence": 5.107922710354383
            },
            {
              "conditional_entropic_influence": 4.327276756917794,
              "interaction_variance": 4.821821930969284,
              "s": 0.5,
              "tilted_average_influence": 5.024597900188583
            },
            {
              "conditional_entropic_influence": 4.166250762566503,
              "interaction_variance": 4.6823267156960755,
              "s": 0.5625,
              "tilted_average_influence": 4.962494598913406
            },
            {
              "conditional_entropic_influence": 4.0276428409202865,
              "interaction_variance": 4.570139109371155,
              "s": 0.625,
              "tilted_average_influence": 4.917454811058424
            },
            {
              "conditional_entropic_influence": 3.907852331080597,
              "interaction_variance": 4.476589439366403,
              "s": 0.6875,
              "tilted_average_influence": 4.885837549807205
            },
            {
              "conditional_entropic_influence": 3.8034765644307607,
              "interaction_variance": 4.394458473066203,
              "s": 0.75,
              "tilted_average_influence": 4.864455862594969
            },
            {
              "conditional_entropic_influence": 3.7114049862202583,
              "interaction_variance": 4.318131786876318,
              "s": 0.8125,
              "tilted_average_influence": 4.850534962187293
            },
            {
              "conditional_entropic_influence": 3.6288897507096576,
              "interaction_variance": 4.243677329960409,
              "s": 0.875,
              "tilted_average_influence": 4.841688275407954
            },
            {
              "conditional_entropic_influence": 3.553593509281252,
              "interaction_variance": 4.168820204861568,
              "s": 0.9375,
              "tilted_average_influence": 4.835904742432888
            },
            {
              "conditional_entropic_influence": 3.4836134579119484,
              "interaction_variance": 4.092803440231751,
              "s": 1.0,
              "tilted_average_influence": 4.831539597475172
            }
          ],
          "leave_one_out_bias_square_sum": 5.851182830951762,
          "leave_one_out_mutual_information_sum": 3.3007082352203825,
          "maximum_conditional_bias_formula_residual": 4.440892098500626e-16,
          "projective_Delta_squared": 408.2004579338721,
          "projective_Hoeffding_upper_bound": 51.02505724173401,
          "projective_range_square_product_mean_sum": 205.77305092030662,
          "projective_row_range_suprema": [
            10.101985670325837,
            10.101985670325803,
            10.101985670325801,
            10.101985670325801
          ],
          "reverse_KL": 4.39026126338877,
          "reverse_renyi": 5.860452346787874,
          "rho": 0.8883855615856605,
          "tilted_influence_upper_trapezoid": 5.273134941737127,
          "u": 1.414213562373095
        }
      ],
      "epsilon": -1,
      "lambda": 1.0
    },
    {
      "amplitudes": [
        {
          "S": 2.0998247660589238,
          "S_density": 0.13123904787868274,
          "analytic_derivative": 3.4340863894730544,
          "canonical_decomposition_residual": 5.551115123125783e-17,
          "canonical_row_centered_interaction_cumulant": 1.0884860731363302,
          "canonical_row_certificate_reverse_KL": 1.0884860731363302,
          "canonical_row_erased_sum_work": 0.2551260888531907,
          "canonical_row_interaction_mean": -0.019640012495984523,
          "canonical_row_product_inverse_work": 0.27476610134917523,
          "centered_finite_difference_derivative": 3.4340863893589364,
          "centered_negative_gain": 0.3211184447441675,
          "conditional_entropic_influence_upper_trapezoid": 2.1422746750780095,
          "derivative_residual": 1.1411804834438044e-10,
          "interaction_curvature_trapezoid": 1.088281053010919,
          "interaction_curvature_trapezoid_residual": -0.00020502012541112613,
          "interaction_path_grid": [
            {
              "conditional_entropic_influence": 0.06859879660506459,
              "interaction_variance": 0.06905874244753465,
              "s": 0.0,
              "tilted_average_influence": 0.06859879660506459
            },
            {
              "conditional_entropic_influence": 0.06900920609575364,
              "interaction_variance": 0.0692934341248828,
              "s": 0.3363815,
              "tilted_average_influence": 0.06911303457220423
            },
            {
              "conditional_entropic_influence": 0.06955670270746046,
              "interaction_variance": 0.0699699376678429,
              "s": 0.672763,
              "tilted_average_influence": 0.0699679715659369
            },
            {
              "conditional_entropic_influence": 0.0702138059668636,
              "interaction_variance": 0.07100547333726645,
              "s": 1.0091445,
              "tilted_average_influence": 0.07113156762806538
            },
            {
              "conditional_entropic_influence": 0.07095397428343683,
              "interaction_variance": 0.07232521411043095,
              "s": 1.345526,
              "tilted_average_influence": 0.07257406027436317
            },
            {
              "conditional_entropic_influence": 0.07175151015438046,
              "interaction_variance": 0.0738604306715991,
              "s": 1.6819074999999999,
              "tilted_average_influence": 0.0742671065010165
            },
            {
              "conditional_entropic_influence": 0.07258162987219835,
              "interaction_variance": 0.07554748932119912,
              "s": 2.018289,
              "tilted_average_influence": 0.07618317471923813
            },
            {
              "conditional_entropic_influence": 0.07342066741763,
              "interaction_variance": 0.07732754287515745,
              "s": 2.3546705,
              "tilted_average_influence": 0.07829516058364579
            },
            {
              "conditional_entropic_influence": 0.07424637577105205,
              "interaction_variance": 0.07914676998803227,
              "s": 2.691052,
              "tilted_average_influence": 0.0805762050827269
            },
            {
              "conditional_entropic_influence": 0.07503828464337682,
              "interaction_variance": 0.0809570280494053,
              "s": 3.0274335,
              "tilted_average_influence": 0.08299969477574615
            },
            {
              "conditional_entropic_influence": 0.07577807331945781,
              "interaction_variance": 0.08271679304412859,
              "s": 3.3638149999999998,
              "tilted_average_influence": 0.08553942346757307
            },
            {
              "conditional_entropic_influence": 0.07644992157305036,
              "interaction_variance": 0.08439226926454912,
              "s": 3.7001965,
              "tilted_average_influence": 0.08816989271696284
            },
            {
              "conditional_entropic_influence": 0.07704080971486317,
              "interaction_variance": 0.08595856337203639,
              "s": 4.036578,
              "tilted_average_influence": 0.09086672611513395
            },
            {
              "conditional_entropic_influence": 0.07754074888275422,
              "interaction_variance": 0.08740083010131272,
              "s": 4.3729595,
              "tilted_average_influence": 0.09360716984824044
            },
            {
              "conditional_entropic_influence": 0.07794293233562831,
              "interaction_variance": 0.08871530876906886,
              "s": 4.709341,
              "tilted_average_influence": 0.09637065007735594
            },
            {
              "conditional_entropic_influence": 0.07824380582633832,
              "interaction_variance": 0.08991017824254827,
              "s": 5.0457225,
              "tilted_average_influence": 0.09913935633716564
            },
            {
              "conditional_entropic_influence": 0.0784430591525963,
              "interaction_variance": 0.09100616112364897,
              "s": 5.382104,
              "tilted_average_influence": 0.10189881948503392
            }
          ],
          "leave_one_out_bias_square_sum": 4.513642289805167,
          "leave_one_out_mutual_information_sum": 2.4815393000285813,
          "maximum_conditional_bias_formula_residual": 9.43689570931383e-16,
          "projective_Delta_squared": 27.90483020193066,
          "projective_Hoeffding_upper_bound": 101.04005367418067,
          "projective_range_square_product_mean_sum": 3.1009555647326925,
          "projective_row_range_suprema": [
            2.641251133550665,
            2.641251133550664,
            2.6412511335506625,
            2.6412511335506625
          ],
          "reverse_KL": 0.15588939573459917,
          "reverse_renyi": 0.47700784047876665,
          "rho": 0.33952309865331387,
          "tilted_influence_upper_trapezoid": 2.3790089709059825,
          "u": 0.35355339059327373
        },
        {
          "S": 4.009660888067285,
          "S_density": 0.2506038055042053,
          "analytic_derivative": 6.717194454492159,
          "canonical_decomposition_residual": 2.220446049250313e-16,
          "canonical_row_centered_interaction_cumulant": 4.716282402929451,
          "canonical_row_certificate_reverse_KL": 4.716282402929451,
          "canonical_row_erased_sum_work": 2.163957806745388,
          "canonical_row_interaction_mean": 0.6830176483933013,
          "canonical_row_product_inverse_work": 1.480940158352087,
          "centered_finite_difference_derivative": 6.717194454441965,
          "centered_negative_gain": 1.3142396921356285,
          "conditional_entropic_influence_upper_trapezoid": 9.451110528143673,
          "derivative_residual": 5.019362703251318e-11,
          "interaction_curvature_trapezoid": 4.7542761606577235,
          "interaction_curvature_trapezoid_residual": 0.03799375772827229,
          "interaction_path_grid": [
            {
              "conditional_entropic_influence": 0.7867360559894627,
              "interaction_variance": 0.7540259610224671,
              "s": 0.0,
              "tilted_average_influence": 0.7867360559894627
            },
            {
              "conditional_entropic_influence": 0.6429788070305399,
              "interaction_variance": 0.5366054352458125,
              "s": 0.3363815,
              "tilted_average_influence": 0.652831520933235
            },
            {
              "conditional_entropic_influence": 0.528012072701523,
              "interaction_variance": 0.3866242481460487,
              "s": 0.672763,
              "tilted_average_influence": 0.5570239825327586
            },
            {
              "conditional_entropic_influence": 0.43743699107893796,
              "interaction_variance": 0.2864820352839793,
              "s": 1.0091445,
              "tilted_average_influence": 0.4862535071238814
            },
            {
              "conditional_entropic_influence": 0.36698772498196863,
              "interaction_variance": 0.22254246017937132,
              "s": 1.345526,
              "tilted_average_influence": 0.43285611853368366
            },
            {
              "conditional_entropic_influence": 0.31318926806058117,
              "interaction_variance": 0.18531152438319295,
              "s": 1.6819074999999999,
              "tilted_average_influence": 0.3923907138358377
            },
            {
              "conditional_entropic_influence": 0.2731771277539545,
              "interaction_variance": 0.16845636804778835,
              "s": 2.018289,
              "tilted_average_influence": 0.36215651505623875
            },
            {
              "conditional_entropic_influence": 0.24461213422357708,
              "interaction_variance": 0.1681430378087596,
              "s": 2.3546705,
              "tilted_average_influence": 0.3404665887409935
            },
            {
              "conditional_entropic_influence": 0.225668169606964,
              "interaction_variance": 0.18250785936816494,
              "s": 2.691052,
              "tilted_average_influence": 0.326314846240572
            },
            {
              "conditional_entropic_influence": 0.21499440649185267,
              "interaction_variance": 0.21113530892746762,
              "s": 3.0274335,
              "tilted_average_influence": 0.31920216617937275
            },
            {
              "conditional_entropic_influence": 0.21162549082119525,
              "interaction_variance": 0.2545136189950975,
              "s": 3.3638149999999998,
              "tilted_average_influence": 0.31901606642038294
            },
            {
              "conditional_entropic_influence": 0.21485117336296713,
              "interaction_variance": 0.31345755126985586,
              "s": 3.7001965,
              "tilted_average_influence": 0.3259208002421392
            },
            {
              "conditional_entropic_influence": 0.22406614461397606,
              "interaction_variance": 0.38849643210202256,
              "s": 4.036578,
              "tilted_average_influence": 0.34023948734175324
            },
            {
              "conditional_entropic_influence": 0.23862249373250227,
              "interaction_variance": 0.47924216540717124,
              "s": 4.3729595,
              "tilted_average_influence": 0.3623196982723979
            },
            {
              "conditional_entropic_influence": 0.25771127005369243,
              "interaction_variance": 0.5838750333865833,
              "s": 4.709341,
              "tilted_average_influence": 0.39238232259329414
            },
            {
              "conditional_entropic_influence": 0.2803239089669508,
              "interaction_variance": 0.6996073382593196,
              "s": 5.0457225,
              "tilted_average_influence": 0.43039345759775977
            },
            {
              "conditional_entropic_influence": 0.30542631532354797,
              "interaction_variance": 0.8270042385256412,
              "s": 5.382104,
              "tilted_average_influence": 0.47614896410616225
            }
          ],
          "leave_one_out_bias_square_sum": 12.231452361050426,
          "leave_one_out_mutual_information_sum": 7.670465132680251,
          "maximum_conditional_bias_formula_residual": 1.457167719820518e-15,
          "projective_Delta_squared": 123.90377904337154,
          "projective_Hoeffding_upper_bound": 448.6407691565136,
          "projective_range_square_product_mean_sum": 14.72552545377697,
          "projective_row_range_suprema": [
            5.565603719350031,
            5.56560371935003,
            5.56560371935003,
            5.56560371935003
          ],
          "reverse_KL": 1.0429901854283972,
          "reverse_renyi": 2.3572298775640257,
          "rho": 0.6088593650139138,
          "tilted_influence_upper_trapezoid": 12.077827424086633,
          "u": 0.7071067811865475
        },
        {
          "S": 6.30123183086659,
          "S_density": 0.3938269894291619,
          "analytic_derivative": 7.848267136638237,
          "canonical_decomposition_residual": -8.881784197001252e-16,
          "canonical_row_centered_interaction_cumulant": 13.85956667801762,
          "canonical_row_certificate_reverse_KL": 13.85956667801762,
          "canonical_row_erased_sum_work": 5.190152531793929,
          "canonical_row_interaction_mean": 2.735873484899667,
          "canonical_row_product_inverse_work": 2.4542790468942624,
          "centered_finite_difference_derivative": 7.848267137200437,
          "centered_negative_gain": 2.4878592062023186,
          "conditional_entropic_influence_upper_trapezoid": 28.19961692619689,
          "derivative_residual": -5.62200064280205e-10,
          "interaction_curvature_trapezoid": 14.121239592367903,
          "interaction_curvature_trapezoid_residual": 0.2616729143502834,
          "interaction_path_grid": [
            {
              "conditional_entropic_influence": 3.4609499149095884,
              "interaction_variance": 3.272504359941552,
              "s": 0.0,
              "tilted_average_influence": 3.4609499149095884
            },
            {
              "conditional_entropic_influence": 2.6307500597992126,
              "interaction_variance": 1.9818962829247833,
              "s": 0.3363815,
              "tilted_average_influence": 2.7584120762484283
            },
            {
              "conditional_entropic_influence": 1.9849804492317407,
              "interaction_variance": 1.270961968915334,
              "s": 0.672763,
              "tilted_average_influence": 2.325441103010213
            },
            {
              "conditional_entropic_influence": 1.5470609848547454,
              "interaction_variance": 0.9591098293123062,
              "s": 1.0091445,
              "tilted_average_influence": 2.062691506498159
            },
            {
              "conditional_entropic_influence": 1.2633334056881769,
              "interaction_variance": 0.8287996882754789,
              "s": 1.345526,
              "tilted_average_influence": 1.9004630568619023
            },
            {
              "conditional_entropic_influence": 1.06485398035305,
              "interaction_variance": 0.7264887126927958,
              "s": 1.6819074999999999,
              "tilted_average_influence": 1.7862493157269852
            },
            {
              "conditional_entropic_influence": 0.9064226516950021,
              "interaction_variance": 0.5978455736204275,
              "s": 2.018289,
              "tilted_average_influence": 1.687787575878193
            },
            {
              "conditional_entropic_influence": 0.7696190785487718,
              "interaction_variance": 0.4557033379210515,
              "s": 2.3546705,
              "tilted_average_influence": 1.5912322294858248
            },
            {
              "conditional_entropic_influence": 0.6509189164091398,
              "interaction_variance": 0.32984184532801497,
              "s": 2.691052,
              "tilted_average_influence": 1.4945808909658174
            },
            {
              "conditional_entropic_influence": 0.5510008170998942,
              "interaction_variance": 0.23880033372828016,
              "s": 3.0274335,
              "tilted_average_influence": 1.400610465376712
            },
            {
              "conditional_entropic_influence": 0.4701641289817678,
              "interaction_variance": 0.18884434892017837,
              "s": 3.3638149999999998,
              "tilted_average_influence": 1.3126106876783248
            },
            {
              "conditional_entropic_influence": 0.4079054230070783,
              "interaction_variance": 0.1836783983361617,
              "s": 3.7001965,
              "tilted_average_influence": 1.2330451178477893
            },
            {
              "conditional_entropic_influence": 0.3639053268015856,
              "interaction_variance": 0.2340696385248027,
              "s": 4.036578,
              "tilted_average_influence": 1.1638102154102907
            },
            {
              "conditional_entropic_influence": 0.33907581060641057,
              "interaction_variance": 0.3647439538710096,
              "s": 4.3729595,
              "tilted_average_influence": 1.107060755479082
            },
            {
              "conditional_entropic_influence": 0.3360477360849579,
              "interaction_variance": 0.612605413527743,
              "s": 4.709341,
              "tilted_average_influence": 1.0660270515518224
            },
            {
              "conditional_entropic_influence": 0.3579155370858664,
              "interaction_variance": 0.9936358639922991,
              "s": 5.0457225,
              "tilted_average_influence": 1.0449335709630438
            },
            {
              "conditional_entropic_influence": 0.4033625362349061,
              "interaction_variance": 1.421082880199246,
              "s": 5.382104,
              "tilted_average_influence": 1.0462184953704836
            }
          ],
          "leave_one_out_bias_square_sum": 15.135877349410753,
          "leave_one_out_mutual_information_sum": 10.221194732979418,
          "maximum_conditional_bias_formula_residual": 3.566591466608315e-15,
          "projective_Delta_squared": 242.20628192618108,
          "projective_Hoeffding_upper_bound": 876.9999870614473,
          "projective_range_square_product_mean_sum": 88.04181918993152,
          "projective_row_range_suprema": [
            7.781488963016352,
            7.781488963016351,
            7.781488963016349,
            7.781488963016349
          ],
          "reverse_KL": 2.5415404028396864,
          "reverse_renyi": 5.029399609042005,
          "rho": 0.7859163970696592,
          "tilted_influence_upper_trapezoid": 47.412785713612614,
          "u": 1.0606601717798212
        },
        {
          "S": 9.214349949436137,
          "S_density": 0.5758968718397586,
          "analytic_derivative": 8.486836178741887,
          "canonical_decomposition_residual": 0.0,
          "canonical_row_centered_interaction_cumulant": 23.894286467311574,
          "canonical_row_certificate_reverse_KL": 23.894286467311574,
          "canonical_row_erased_sum_work": 8.217188957482191,
          "canonical_row_interaction_mean": 4.723796740319523,
          "canonical_row_product_inverse_work": 3.4933922171626683,
          "centered_finite_difference_derivative": 8.486836178978052,
          "centered_negative_gain": 3.542711918265029,
          "conditional_entropic_influence_upper_trapezoid": 48.46408736677479,
          "derivative_residual": -2.361648654414239e-10,
          "interaction_curvature_trapezoid": 24.60694955988941,
          "interaction_curvature_trapezoid_residual": 0.7126630925778379,
          "interaction_path_grid": [
            {
              "conditional_entropic_influence": 7.211195933282881,
              "interaction_variance": 6.747731322751806,
              "s": 0.0,
              "tilted_average_influence": 7.211195933282881
            },
            {
              "conditional_entropic_influence": 5.276938112147605,
              "interaction_variance": 3.559515795486178,
              "s": 0.3363815,
              "tilted_average_influence": 5.783322803237556
            },
            {
              "conditional_entropic_influence": 3.80154028321109,
              "interaction_variance": 2.173306494568799,
              "s": 0.672763,
              "tilted_average_influence": 5.053092999321182
            },
            {
              "conditional_entropic_influence": 2.7947639576823335,
              "interaction_variance": 1.5320644104845116,
              "s": 1.0091445,
              "tilted_average_influence": 4.591003652644089
            },
            {
              "conditional_entropic_influence": 2.0885960424299164,
              "interaction_variance": 1.1074242400850456,
              "s": 1.345526,
              "tilted_average_influence": 4.199063660541167
            },
            {
              "conditional_entropic_influence": 1.5769684108937736,
              "interaction_variance": 0.762071213620682,
              "s": 1.6819074999999999,
              "tilted_average_influence": 3.823965944408319
            },
            {
              "conditional_entropic_influence": 1.2045886505232013,
              "interaction_variance": 0.4945795076537909,
              "s": 2.018289,
              "tilted_average_influence": 3.4691543763644486
            },
            {
              "conditional_entropic_influence": 0.9347130482770698,
              "interaction_variance": 0.3094115939680202,
              "s": 2.3546705,
              "tilted_average_influence": 3.146562001586545
            },
            {
              "conditional_entropic_influence": 0.7394027176792468,
              "interaction_variance": 0.19690337498528102,
              "s": 2.691052,
              "tilted_average_influence": 2.862182110083531
            },
            {
              "conditional_entropic_influence": 0.5986576614548063,
              "interaction_variance": 0.15012950737490205,
              "s": 3.0274335,
              "tilted_average_influence": 2.616303268536888
            },
            {
              "conditional_entropic_influence": 0.5010378569621992,
              "interaction_variance": 0.19190898617899357,
              "s": 3.3638149999999998,
              "tilted_average_influence": 2.4072748836487077
            },
            {
              "conditional_entropic_influence": 0.44631581802377435,
              "interaction_variance": 0.4318992556538866,
              "s": 3.7001965,
              "tilted_average_influence": 2.236236819987142
            },
            {
              "conditional_entropic_influence": 0.4531105191449645,
              "interaction_variance": 1.1816935061279232,
              "s": 4.036578,
              "tilted_average_influence": 2.114730739753103
            },
            {
              "conditional_entropic_influence": 0.5623657379057548,
              "interaction_variance": 2.80263440702547,
              "s": 4.3729595,
              "tilted_average_influence": 2.0723549733337587
            },
            {
              "conditional_entropic_influence": 0.7696423440510455,
              "interaction_variance": 4.07488547984311,
              "s": 4.709341,
              "tilted_average_influence": 2.1208790092580996
            },
            {
              "conditional_entropic_influence": 0.9306249989330111,
              "interaction_variance": 3.1254837649955953,
              "s": 5.0457225,
              "tilted_average_influence": 2.174699458971501
            },
            {
              "conditional_entropic_influence": 0.968728218908375,
              "interaction_variance": 1.8400743322839086,
              "s": 5.382104,
              "tilted_average_influence": 2.1635519805162446
            }
          ],
          "leave_one_out_bias_square_sum": 15.948345684707471,
          "leave_one_out_mutual_information_sum": 11.0295598819076,
          "maximum_conditional_bias_formula_residual": 3.608224830031759e-15,
          "projective_Delta_squared": 408.2004579338721,
          "projective_Hoeffding_upper_bound": 1478.0450510180838,
          "projective_range_square_product_mean_sum": 217.74662505763246,
          "projective_row_range_suprema": [
            10.101985670325837,
            10.101985670325803,
            10.101985670325801,
            10.101985670325801
          ],
          "reverse_KL": 4.39026126338877,
          "reverse_renyi": 7.932973181653799,
          "rho": 0.8883855615856605,
          "tilted_influence_upper_trapezoid": 96.60183236175311,
          "u": 1.414213562373095
        }
      ],
      "epsilon": -1,
      "lambda": 5.382104
    },
    {
      "amplitudes": [
        {
          "S": 3.3915607555347695,
          "S_density": 0.2119725472209231,
          "analytic_derivative": 2.142776701392221,
          "canonical_decomposition_residual": 9.71445146547012e-17,
          "canonical_row_centered_interaction_cumulant": 0.08382991563806481,
          "canonical_row_certificate_reverse_KL": 0.08382991563806481,
          "canonical_row_erased_sum_work": 0.08314363727891307,
          "canonical_row_interaction_mean": -0.09308292449879235,
          "canonical_row_product_inverse_work": 0.1762265617777054,
          "centered_finite_difference_derivative": 2.14277670129992,
          "centered_negative_gain": 0.10416708168117114,
          "conditional_entropic_influence_upper_trapezoid": 0.1704399452586278,
          "derivative_residual": 9.230127773207641e-11,
          "interaction_curvature_trapezoid": 0.08384912704937927,
          "interaction_curvature_trapezoid_residual": 1.9211411314459803e-05,
          "interaction_path_grid": [
            {
              "conditional_entropic_influence": 0.17705797726304043,
              "interaction_variance": 0.17742789750618082,
              "s": 0.0,
              "tilted_average_influence": 0.17705797726304043
            },
            {
              "conditional_entropic_influence": 0.17622523764933287,
              "interaction_variance": 0.1754379385338014,
              "s": 0.0625,
              "tilted_average_influence": 0.17624819192100927
            },
            {
              "conditional_entropic_influence": 0.1753941591330696,
              "interaction_variance": 0.17349756508706973,
              "s": 0.125,
              "tilted_average_influence": 0.175484932176358
            },
            {
              "conditional_entropic_influence": 0.174564559026271,
              "interaction_variance": 0.1716050058227177,
              "s": 0.1875,
              "tilted_average_influence": 0.17476646833180676
            },
            {
              "conditional_entropic_influence": 0.17373626433704478,
              "interaction_variance": 0.16975854597284484,
              "s": 0.25,
              "tilted_average_influence": 0.17409110616618925
            },
            {
              "conditional_entropic_influence": 0.17290911235841672,
              "interaction_variance": 0.16795652916349715,
              "s": 0.3125,
              "tilted_average_influence": 0.17345718792223722
            },
            {
              "conditional_entropic_influence": 0.17208295117020014,
              "interaction_variance": 0.1661973587644167,
              "s": 0.375,
              "tilted_average_influence": 0.17286309313746068
            },
            {
              "conditional_entropic_influence": 0.17125764005893163,
              "interaction_variance": 0.1644794988187991,
              "s": 0.4375,
              "tilted_average_influence": 0.1723072393311798
            },
            {
              "conditional_entropic_influence": 0.170433049860542,
              "interaction_variance": 0.16280147459828384,
              "s": 0.5,
              "tilted_average_influence": 0.1717880825597804
            },
            {
              "conditional_entropic_influence": 0.16960906323021194,
              "interaction_variance": 0.16116187282494315,
              "s": 0.5625,
              "tilted_average_influence": 0.17130411785134073
            },
            {
              "conditional_entropic_influence": 0.16878557484376153,
              "interaction_variance": 0.15955934159874247,
              "s": 0.625,
              "tilted_average_influence": 0.17085387952990763
            },
            {
              "conditional_entropic_influence": 0.16796249153476706,
              "interaction_variance": 0.1579925900658209,
              "s": 0.6875,
              "tilted_average_influence": 0.17043594143889126
            },
            {
              "conditional_entropic_influence": 0.1671397323714483,
              "interaction_variance": 0.15646038785998892,
              "s": 0.75,
              "tilted_average_influence": 0.17004891707228914
            },
            {
              "conditional_entropic_influence": 0.1663172286772411,
              "interaction_variance": 0.15496156434706218,
              "s": 0.8125,
              "tilted_average_influence": 0.169691459621753
            },
            {
              "conditional_entropic_influence": 0.16549492399884072,
              "interaction_variance": 0.15349500769904034,
              "s": 0.875,
              "tilted_average_influence": 0.16936226194685974
            },
            {
              "conditional_entropic_influence": 0.16467277402536254,
              "interaction_variance": 0.1520596638226962,
              "s": 0.9375,
              "tilted_average_influence": 0.1690600564753519
            },
            {
              "conditional_entropic_influence": 0.16385074646216477,
              "interaction_variance": 0.1506545351648607,
              "s": 1.0,
              "tilted_average_influence": 0.16878361503955952
            }
          ],
          "leave_one_out_bias_square_sum": 0.39096533557273777,
          "leave_one_out_mutual_information_sum": 0.197101491961001,
          "maximum_conditional_bias_formula_residual": 2.7755575615628914e-16,
          "projective_Delta_squared": 27.904830201930675,
          "projective_Hoeffding_upper_bound": 3.4881037752413344,
          "projective_range_square_product_mean_sum": 5.11989517086398,
          "projective_row_range_suprema": [
            2.6412511335506688,
            2.6412511335506634,
            2.6412511335506625,
            2.6412511335506625
          ],
          "reverse_KL": 0.15588939573459917,
          "reverse_renyi": 0.2600564774157703,
          "rho": 0.33952309865331387,
          "tilted_influence_upper_trapezoid": 0.17216773322710716,
          "u": 0.35355339059327373
        },
        {
          "S": 5.015011100171645,
          "S_density": 0.3134381937607278,
          "analytic_derivative": 4.848170108182142,
          "canonical_decomposition_residual": -1.1102230246251565e-16,
          "canonical_row_centered_interaction_cumulant": 0.4491032783090648,
          "canonical_row_certificate_reverse_KL": 0.4491032783090648,
          "canonical_row_erased_sum_work": 0.9017427023337579,
          "canonical_row_interaction_mean": -0.18855413324552026,
          "canonical_row_product_inverse_work": 1.0902968355792781,
          "centered_finite_difference_derivative": 4.848170107918381,
          "centered_negative_gain": 0.4964099284599457,
          "conditional_entropic_influence_upper_trapezoid": 0.8420469875426314,
          "derivative_residual": 2.637605689415068e-10,
          "interaction_curvature_trapezoid": 0.449108405220361,
          "interaction_curvature_trapezoid_residual": 5.126911296171599e-06,
          "interaction_path_grid": [
            {
              "conditional_entropic_influence": 0.8507620604681951,
              "interaction_variance": 0.895682086855189,
              "s": 0.0,
              "tilted_average_influence": 0.8507620604681951
            },
            {
              "conditional_entropic_influence": 0.848735607934655,
              "interaction_variance": 0.8940128667815388,
              "s": 0.0625,
              "tilted_average_influence": 0.8491908361734475
            },
            {
              "conditional_entropic_influence": 0.8470985771133905,
              "interaction_variance": 0.8933517955703436,
              "s": 0.125,
              "tilted_average_influence": 0.8488979460401016
            },
            {
              "conditional_entropic_influence": 0.8457876544856443,
              "interaction_variance": 0.8935210339642117,
              "s": 0.1875,
              "tilted_average_influence": 0.8497900503033908
            },
            {
              "conditional_entropic_influence": 0.8447402803112207,
              "interaction_variance": 0.8943532368885597,
              "s": 0.25,
              "tilted_average_influence": 0.8517770016437265
            },
            {
              "conditional_entropic_influence": 0.8438955165607673,
              "interaction_variance": 0.8956935590578444,
              "s": 0.3125,
              "tilted_average_influence": 0.854771983463142
            },
            {
              "conditional_entropic_influence": 0.8431948293108156,
              "interaction_variance": 0.8974012996712611,
              "s": 0.375,
              "tilted_average_influence": 0.8586916238833855
            },
            {
              "conditional_entropic_influence": 0.8425827827838476,
              "interaction_variance": 0.8993512039524003,
              "s": 0.4375,
              "tilted_average_influence": 0.8634560972615318
            },
            {
              "conditional_entropic_influence": 0.8420076423927321,
              "interaction_variance": 0.9014344402722275,
              "s": 0.5,
              "tilted_average_influence": 0.8689892217029462
            },
            {
              "conditional_entropic_influence": 0.841421884933972,
              "interaction_variance": 0.9035592756198199,
              "s": 0.5625,
              "tilted_average_influence": 0.8752185584690783
            },
            {
              "conditional_entropic_influence": 0.8407826153962072,
              "interaction_variance": 0.9056514782791747,
              "s": 0.625,
              "tilted_average_influence": 0.8820755172606333
            },
            {
              "conditional_entropic_influence": 0.8400518915757671,
              "interaction_variance": 0.9076544835649314,
              "s": 0.6875,
              "tilted_average_influence": 0.8894954700106196
            },
            {
              "conditional_entropic_influence": 0.8391969596424956,
              "interaction_variance": 0.9095293651306067,
              "s": 0.75,
              "tilted_average_influence": 0.8974178749336382
            },
            {
              "conditional_entropic_influence": 0.8381904057761989,
              "interaction_variance": 0.9112546595159903,
              "s": 0.8125,
              "tilted_average_influence": 0.9057864120238915
            },
            {
              "conditional_entropic_influence": 0.8370102307957881,
              "interaction_variance": 0.9128260942440657,
              "s": 0.875,
              "tilted_average_influence": 0.9145491308476581
            },
            {
              "conditional_entropic_influence": 0.8356398561485237,
              "interaction_variance": 0.9142562691702302,
              "s": 0.9375,
              "tilted_average_influence": 0.923658611213513
            },
            {
              "conditional_entropic_influence": 0.8340680705719598,
              "interaction_variance": 0.9155743364982574,
              "s": 1.0,
              "tilted_average_influence": 0.9330721370130788
            }
          ],
          "leave_one_out_bias_square_sum": 1.8591133926628025,
          "leave_one_out_mutual_information_sum": 0.963365880909578,
          "maximum_conditional_bias_formula_residual": 4.440892098500626e-16,
          "projective_Delta_squared": 123.90377904337156,
          "projective_Hoeffding_upper_bound": 15.487972380421445,
          "projective_range_square_product_mean_sum": 25.5992535019893,
          "projective_row_range_suprema": [
            5.565603719350032,
            5.56560371935003,
            5.56560371935003,
            5.56560371935003
          ],
          "reverse_KL": 1.0429901854283972,
          "reverse_renyi": 1.5394001138883429,
          "rho": 0.6088593650139138,
          "tilted_influence_upper_trapezoid": 0.8766052146232088,
          "u": 0.7071067811865475
        },
        {
          "S": 6.020263209395997,
          "S_density": 0.37626645058724983,
          "analytic_derivative": 6.187813604375211,
          "canonical_decomposition_residual": 0.0,
          "canonical_row_centered_interaction_cumulant": 1.3472107145230137,
          "canonical_row_certificate_reverse_KL": 1.3472107145230137,
          "canonical_row_erased_sum_work": 2.778931523824772,
          "canonical_row_interaction_mean": 0.6103998394993968,
          "canonical_row_product_inverse_work": 2.1685316843253752,
          "centered_finite_difference_derivative": 6.187813604352498,
          "centered_negative_gain": 0.9742019960087029,
          "conditional_entropic_influence_upper_trapezoid": 2.2478951936366665,
          "derivative_residual": 2.2713386726991303e-11,
          "interaction_curvature_trapezoid": 1.3488591867980144,
          "interaction_curvature_trapezoid_residual": 0.0016484722750007563,
          "interaction_path_grid": [
            {
              "conditional_entropic_influence": 2.8795246604684612,
              "interaction_variance": 3.365946418515863,
              "s": 0.0,
              "tilted_average_influence": 2.8795246604684612
            },
            {
              "conditional_entropic_influence": 2.743043017518028,
              "interaction_variance": 3.1360557017252377,
              "s": 0.0625,
              "tilted_average_influence": 2.747774758620893
            },
            {
              "conditional_entropic_influence": 2.622221234024397,
              "interaction_variance": 2.9479053182116,
              "s": 0.125,
              "tilted_average_influence": 2.639582912625741
            },
            {
              "conditional_entropic_influence": 2.5162511943543597,
              "interaction_variance": 2.7967366872450437,
              "s": 0.1875,
              "tilted_average_influence": 2.5521836507973847
            },
            {
              "conditional_entropic_influence": 2.4240534921558314,
              "interaction_variance": 2.677537319963243,
              "s": 0.25,
              "tilted_average_influence": 2.48300006401932
            },
            {
              "conditional_entropic_influence": 2.344383329970631,
              "interaction_variance": 2.585350311241475,
              "s": 0.3125,
              "tilted_average_influence": 2.429670498411321
            },
            {
              "conditional_entropic_influence": 2.275912746589162,
              "interaction_variance": 2.515476932284446,
              "s": 0.375,
              "tilted_average_influence": 2.3900542898408244
            },
            {
              "conditional_entropic_influence": 2.217293540737494,
              "interaction_variance": 2.463603992048971,
              "s": 0.4375,
              "tilted_average_influence": 2.362225370449329
            },
            {
              "conditional_entropic_influence": 2.167204536413909,
              "interaction_variance": 2.4258784001708067,
              "s": 0.5,
              "tilted_average_influence": 2.3444595253243925
            },
            {
              "conditional_entropic_influence": 2.1243862241165705,
              "interaction_variance": 2.3989447964378945,
              "s": 0.5625,
              "tilted_average_influence": 2.3352190042820893
            },
            {
              "conditional_entropic_influence": 2.0876652924525003,
              "interaction_variance": 2.379957369017699,
              "s": 0.625,
              "tilted_average_influence": 2.333136783036273
            },
            {
              "conditional_entropic_influence": 2.055971107559488,
              "interaction_variance": 2.366573509523157,
              "s": 0.6875,
              "tilted_average_influence": 2.3370017926200077
            },
            {
              "conditional_entropic_influence": 2.028345793860379,
              "interaction_variance": 2.3569344481343126,
              "s": 0.75,
              "tilted_average_influence": 2.3457457531285106
            },
            {
              "conditional_entropic_influence": 2.0039492240949777,
              "interaction_variance": 2.3496363092027517,
              "s": 0.8125,
              "tilted_average_influence": 2.358431774729677
            },
            {
              "conditional_entropic_influence": 1.9820599477810912,
              "interaction_variance": 2.343693994752691,
              "s": 0.875,
              "tilted_average_influence": 2.3742445778120462
            },
            {
              "conditional_entropic_influence": 1.962072878440131,
              "interaction_variance": 2.338499794833338,
              "s": 0.9375,
              "tilted_average_influence": 2.3924820048286053
            },
            {
              "conditional_entropic_influence": 1.9434944157669567,
              "interaction_variance": 2.333778472634788,
              "s": 1.0,
              "tilted_average_influence": 2.4125474246832126
            }
          ],
          "leave_one_out_bias_square_sum": 3.7185033658832545,
          "leave_one_out_mutual_information_sum": 2.0056766407665254,
          "maximum_conditional_bias_formula_residual": 4.440892098500626e-16,
          "projective_Delta_squared": 242.20628192618102,
          "projective_Hoeffding_upper_bound": 30.275785240772628,
          "projective_range_square_product_mean_sum": 86.607139175681,
          "projective_row_range_suprema": [
            7.781488963016349,
            7.781488963016349,
            7.781488963016349,
            7.781488963016349
          ],
          "reverse_KL": 2.541540402839686,
          "reverse_renyi": 3.515742398848389,
          "rho": 0.7859163970696592,
          "tilted_influence_upper_trapezoid": 2.4419530501938906,
          "u": 1.0606601717798212
        },
        {
          "S": 7.413796917748297,
          "S_density": 0.4633623073592686,
          "analytic_derivative": 7.012860554728516,
          "canonical_decomposition_residual": 0.0,
          "canonical_row_centered_interaction_cumulant": 2.9176823001221783,
          "canonical_row_certificate_reverse_KL": 2.9176823001221783,
          "canonical_row_erased_sum_work": 5.116325598258636,
          "canonical_row_interaction_mean": 2.17355555159294,
          "canonical_row_product_inverse_work": 2.942770046665696,
          "centered_finite_difference_derivative": 7.012860554711508,
          "centered_negative_gain": 1.4701910833991034,
          "conditional_entropic_influence_upper_trapezoid": 4.6022133199158,
          "derivative_residual": 1.7008616737257398e-11,
          "interaction_curvature_trapezoid": 2.9232138069545863,
          "interaction_curvature_trapezoid_residual": 0.005531506832407995,
          "interaction_path_grid": [
            {
              "conditional_entropic_influence": 6.7751181589299225,
              "interaction_variance": 8.230726133696832,
              "s": 0.0,
              "tilted_average_influence": 6.7751181589299225
            },
            {
              "conditional_entropic_influence": 6.346946769243187,
              "interaction_variance": 7.481366706736982,
              "s": 0.0625,
              "tilted_average_influence": 6.370535213342146
            },
            {
              "conditional_entropic_influence": 5.9501807405141625,
              "interaction_variance": 6.841156012504053,
              "s": 0.125,
              "tilted_average_influence": 6.034633023633811
            },
            {
              "conditional_entropic_influence": 5.589444047547791,
              "interaction_variance": 6.305352471436544,
              "s": 0.1875,
              "tilted_average_influence": 5.7592902829207
            },
            {
              "conditional_entropic_influence": 5.266488973883009,
              "interaction_variance": 5.864761028739606,
              "s": 0.25,
              "tilted_average_influence": 5.536304657865496
            },
            {
              "conditional_entropic_influence": 4.980996744581308,
              "interaction_variance": 5.508128458630891,
              "s": 0.3125,
              "tilted_average_influence": 5.357950149138772
            },
            {
              "conditional_entropic_influence": 4.731205180913774,
              "interaction_variance": 5.223418583718624,
              "s": 0.375,
              "tilted_average_influence": 5.217225449745458
            },
            {
              "conditional_entropic_influence": 4.514397351421528,
              "interaction_variance": 4.998542105627753,
              "s": 0.4375,
              "tilted_average_influence": 5.107922710354383
            },
            {
              "conditional_entropic_influence": 4.327276756917794,
              "interaction_variance": 4.821821930969286,
              "s": 0.5,
              "tilted_average_influence": 5.024597900188585
            },
            {
              "conditional_entropic_influence": 4.166250762566503,
              "interaction_variance": 4.6823267156960755,
              "s": 0.5625,
              "tilted_average_influence": 4.962494598913407
            },
            {
              "conditional_entropic_influence": 4.027642840920286,
              "interaction_variance": 4.570139109371155,
              "s": 0.625,
              "tilted_average_influence": 4.917454811058423
            },
            {
              "conditional_entropic_influence": 3.907852331080597,
              "interaction_variance": 4.476589439366404,
              "s": 0.6875,
              "tilted_average_influence": 4.8858375498072055
            },
            {
              "conditional_entropic_influence": 3.8034765644307607,
              "interaction_variance": 4.394458473066203,
              "s": 0.75,
              "tilted_average_influence": 4.86445586259497
            },
            {
              "conditional_entropic_influence": 3.711404986220258,
              "interaction_variance": 4.318131786876317,
              "s": 0.8125,
              "tilted_average_influence": 4.850534962187293
            },
            {
              "conditional_entropic_influence": 3.6288897507096585,
              "interaction_variance": 4.243677329960409,
              "s": 0.875,
              "tilted_average_influence": 4.841688275407954
            },
            {
              "conditional_entropic_influence": 3.553593509281252,
              "interaction_variance": 4.168820204861567,
              "s": 0.9375,
              "tilted_average_influence": 4.83590474243289
            },
            {
              "conditional_entropic_influence": 3.4836134579119493,
              "interaction_variance": 4.092803440231751,
              "s": 1.0,
              "tilted_average_influence": 4.831539597475173
            }
          ],
          "leave_one_out_bias_square_sum": 5.851182830951762,
          "leave_one_out_mutual_information_sum": 3.300708235220383,
          "maximum_conditional_bias_formula_residual": 4.440892098500626e-16,
          "projective_Delta_squared": 408.2004579338721,
          "projective_Hoeffding_upper_bound": 51.02505724173401,
          "projective_range_square_product_mean_sum": 205.7730509203066,
          "projective_row_range_suprema": [
            10.101985670325837,
            10.101985670325803,
            10.101985670325801,
            10.101985670325801
          ],
          "reverse_KL": 4.390261263388771,
          "reverse_renyi": 5.860452346787874,
          "rho": 0.8883855615856605,
          "tilted_influence_upper_trapezoid": 5.273134941737128,
          "u": 1.414213562373095
        }
      ],
      "epsilon": 1,
      "lambda": 1.0
    },
    {
      "amplitudes": [
        {
          "S": 2.0998247660589233,
          "S_density": 0.1312390478786827,
          "analytic_derivative": 3.434086389473054,
          "canonical_decomposition_residual": 2.7755575615628914e-17,
          "canonical_row_centered_interaction_cumulant": 1.0884860731363306,
          "canonical_row_certificate_reverse_KL": 1.0884860731363306,
          "canonical_row_erased_sum_work": 0.2551260888531909,
          "canonical_row_interaction_mean": -0.01964001249598428,
          "canonical_row_product_inverse_work": 0.2747661013491752,
          "centered_finite_difference_derivative": 3.4340863893589364,
          "centered_negative_gain": 0.3211184447441675,
          "conditional_entropic_influence_upper_trapezoid": 2.142274675078005,
          "derivative_residual": 1.1411760425517059e-10,
          "interaction_curvature_trapezoid": 1.0882810530109195,
          "interaction_curvature_trapezoid_residual": -0.00020502012541112613,
          "interaction_path_grid": [
            {
              "conditional_entropic_influence": 0.06859879660506457,
              "interaction_variance": 0.06905874244753463,
              "s": 0.0,
              "tilted_average_influence": 0.06859879660506457
            },
            {
              "conditional_entropic_influence": 0.06900920609575219,
              "interaction_variance": 0.06929343412488279,
              "s": 0.3363815,
              "tilted_average_influence": 0.06911303457220419
            },
            {
              "conditional_entropic_influence": 0.06955670270745995,
              "interaction_variance": 0.0699699376678429,
              "s": 0.672763,
              "tilted_average_influence": 0.06996797156593687
            },
            {
              "conditional_entropic_influence": 0.07021380596686347,
              "interaction_variance": 0.07100547333726646,
              "s": 1.0091445,
              "tilted_average_influence": 0.07113156762806534
            },
            {
              "conditional_entropic_influence": 0.07095397428343672,
              "interaction_variance": 0.07232521411043095,
              "s": 1.345526,
              "tilted_average_influence": 0.07257406027436314
            },
            {
              "conditional_entropic_influence": 0.07175151015438039,
              "interaction_variance": 0.07386043067159911,
              "s": 1.6819074999999999,
              "tilted_average_influence": 0.07426710650101648
            },
            {
              "conditional_entropic_influence": 0.0725816298721983,
              "interaction_variance": 0.07554748932119915,
              "s": 2.018289,
              "tilted_average_influence": 0.07618317471923812
            },
            {
              "conditional_entropic_influence": 0.07342066741762997,
              "interaction_variance": 0.0773275428751575,
              "s": 2.3546705,
              "tilted_average_influence": 0.07829516058364579
            },
            {
              "conditional_entropic_influence": 0.07424637577105202,
              "interaction_variance": 0.07914676998803233,
              "s": 2.691052,
              "tilted_average_influence": 0.08057620508272686
            },
            {
              "conditional_entropic_influence": 0.07503828464337678,
              "interaction_variance": 0.08095702804940533,
              "s": 3.0274335,
              "tilted_average_influence": 0.08299969477574615
            },
            {
              "conditional_entropic_influence": 0.07577807331945781,
              "interaction_variance": 0.08271679304412866,
              "s": 3.3638149999999998,
              "tilted_average_influence": 0.08553942346757308
            },
            {
              "conditional_entropic_influence": 0.07644992157305035,
              "interaction_variance": 0.08439226926454917,
              "s": 3.7001965,
              "tilted_average_influence": 0.08816989271696281
            },
            {
              "conditional_entropic_influence": 0.07704080971486318,
              "interaction_variance": 0.08595856337203645,
              "s": 4.036578,
              "tilted_average_influence": 0.09086672611513398
            },
            {
              "conditional_entropic_influence": 0.07754074888275422,
              "interaction_variance": 0.08740083010131276,
              "s": 4.3729595,
              "tilted_average_influence": 0.09360716984824045
            },
            {
              "conditional_entropic_influence": 0.07794293233562831,
              "interaction_variance": 0.08871530876906891,
              "s": 4.709341,
              "tilted_average_influence": 0.09637065007735597
            },
            {
              "conditional_entropic_influence": 0.0782438058263383,
              "interaction_variance": 0.08991017824254827,
              "s": 5.0457225,
              "tilted_average_influence": 0.09913935633716563
            },
            {
              "conditional_entropic_influence": 0.07844305915259635,
              "interaction_variance": 0.091006161123649,
              "s": 5.382104,
              "tilted_average_influence": 0.10189881948503397
            }
          ],
          "leave_one_out_bias_square_sum": 4.513642289805167,
          "leave_one_out_mutual_information_sum": 2.4815393000285813,
          "maximum_conditional_bias_formula_residual": 9.43689570931383e-16,
          "projective_Delta_squared": 27.904830201930675,
          "projective_Hoeffding_upper_bound": 101.04005367418073,
          "projective_range_square_product_mean_sum": 3.100955564732691,
          "projective_row_range_suprema": [
            2.6412511335506688,
            2.6412511335506634,
            2.6412511335506625,
            2.6412511335506625
          ],
          "reverse_KL": 0.15588939573459917,
          "reverse_renyi": 0.47700784047876665,
          "rho": 0.33952309865331387,
          "tilted_influence_upper_trapezoid": 2.3790089709059825,
          "u": 0.35355339059327373
        },
        {
          "S": 4.009660888067284,
          "S_density": 0.25060380550420525,
          "analytic_derivative": 6.717194454492157,
          "canonical_decomposition_residual": 1.1102230246251565e-16,
          "canonical_row_centered_interaction_cumulant": 4.716282402929451,
          "canonical_row_certificate_reverse_KL": 4.716282402929451,
          "canonical_row_erased_sum_work": 2.1639578067453873,
          "canonical_row_interaction_mean": 0.6830176483933003,
          "canonical_row_product_inverse_work": 1.480940158352087,
          "centered_finite_difference_derivative": 6.717194454441965,
          "centered_negative_gain": 1.3142396921356285,
          "conditional_entropic_influence_upper_trapezoid": 9.45111052814366,
          "derivative_residual": 5.019185067567378e-11,
          "interaction_curvature_trapezoid": 4.754276160657723,
          "interaction_curvature_trapezoid_residual": 0.037993757728271405,
          "interaction_path_grid": [
            {
              "conditional_entropic_influence": 0.7867360559894626,
              "interaction_variance": 0.7540259610224669,
              "s": 0.0,
              "tilted_average_influence": 0.7867360559894626
            },
            {
              "conditional_entropic_influence": 0.6429788070305356,
              "interaction_variance": 0.5366054352458124,
              "s": 0.3363815,
              "tilted_average_influence": 0.6528315209332348
            },
            {
              "conditional_entropic_influence": 0.5280120727015217,
              "interaction_variance": 0.3866242481460487,
              "s": 0.672763,
              "tilted_average_influence": 0.5570239825327586
            },
            {
              "conditional_entropic_influence": 0.4374369910789373,
              "interaction_variance": 0.28648203528397914,
              "s": 1.0091445,
              "tilted_average_influence": 0.4862535071238812
            },
            {
              "conditional_entropic_influence": 0.36698772498196813,
              "interaction_variance": 0.22254246017937127,
              "s": 1.345526,
              "tilted_average_influence": 0.4328561185336835
            },
            {
              "conditional_entropic_influence": 0.313189268060581,
              "interaction_variance": 0.18531152438319287,
              "s": 1.6819074999999999,
              "tilted_average_influence": 0.3923907138358376
            },
            {
              "conditional_entropic_influence": 0.2731771277539543,
              "interaction_variance": 0.1684563680477883,
              "s": 2.018289,
              "tilted_average_influence": 0.36215651505623864
            },
            {
              "conditional_entropic_influence": 0.24461213422357703,
              "interaction_variance": 0.1681430378087596,
              "s": 2.3546705,
              "tilted_average_influence": 0.34046658874099345
            },
            {
              "conditional_entropic_influence": 0.22566816960696398,
              "interaction_variance": 0.18250785936816497,
              "s": 2.691052,
              "tilted_average_influence": 0.32631484624057194
            },
            {
              "conditional_entropic_influence": 0.21499440649185267,
              "interaction_variance": 0.21113530892746762,
              "s": 3.0274335,
              "tilted_average_influence": 0.31920216617937275
            },
            {
              "conditional_entropic_influence": 0.2116254908211951,
              "interaction_variance": 0.2545136189950974,
              "s": 3.3638149999999998,
              "tilted_average_influence": 0.3190160664203829
            },
            {
              "conditional_entropic_influence": 0.21485117336296708,
              "interaction_variance": 0.3134575512698557,
              "s": 3.7001965,
              "tilted_average_influence": 0.32592080024213915
            },
            {
              "conditional_entropic_influence": 0.224066144613976,
              "interaction_variance": 0.38849643210202245,
              "s": 4.036578,
              "tilted_average_influence": 0.3402394873417532
            },
            {
              "conditional_entropic_influence": 0.23862249373250222,
              "interaction_variance": 0.479242165407171,
              "s": 4.3729595,
              "tilted_average_influence": 0.3623196982723979
            },
            {
              "conditional_entropic_influence": 0.25771127005369243,
              "interaction_variance": 0.583875033386583,
              "s": 4.709341,
              "tilted_average_influence": 0.3923823225932941
            },
            {
              "conditional_entropic_influence": 0.2803239089669507,
              "interaction_variance": 0.6996073382593192,
              "s": 5.0457225,
              "tilted_average_influence": 0.43039345759775977
            },
            {
              "conditional_entropic_influence": 0.3054263153235478,
              "interaction_variance": 0.8270042385256405,
              "s": 5.382104,
              "tilted_average_influence": 0.4761489641061621
            }
          ],
          "leave_one_out_bias_square_sum": 12.231452361050422,
          "leave_one_out_mutual_information_sum": 7.670465132680247,
          "maximum_conditional_bias_formula_residual": 1.4016565685892601e-15,
          "projective_Delta_squared": 123.90377904337156,
          "projective_Hoeffding_upper_bound": 448.64076915651367,
          "projective_range_square_product_mean_sum": 14.725525453776978,
          "projective_row_range_suprema": [
            5.565603719350032,
            5.56560371935003,
            5.56560371935003,
            5.56560371935003
          ],
          "reverse_KL": 1.0429901854283972,
          "reverse_renyi": 2.3572298775640257,
          "rho": 0.6088593650139138,
          "tilted_influence_upper_trapezoid": 12.077827424086632,
          "u": 0.7071067811865475
        },
        {
          "S": 6.301231830866589,
          "S_density": 0.39382698942916183,
          "analytic_derivative": 7.848267136638237,
          "canonical_decomposition_residual": -4.440892098500626e-16,
          "canonical_row_centered_interaction_cumulant": 13.859566678017622,
          "canonical_row_certificate_reverse_KL": 13.859566678017622,
          "canonical_row_erased_sum_work": 5.190152531793928,
          "canonical_row_interaction_mean": 2.735873484899667,
          "canonical_row_product_inverse_work": 2.4542790468942615,
          "centered_finite_difference_derivative": 7.848267137244846,
          "centered_negative_gain": 2.487859206202319,
          "conditional_entropic_influence_upper_trapezoid": 28.199616926196892,
          "derivative_residual": -6.066089852652112e-10,
          "interaction_curvature_trapezoid": 14.121239592367901,
          "interaction_curvature_trapezoid_residual": 0.26167291435027984,
          "interaction_path_grid": [
            {
              "conditional_entropic_influence": 3.4609499149095884,
              "interaction_variance": 3.2725043599415518,
              "s": 0.0,
              "tilted_average_influence": 3.4609499149095884
            },
            {
              "conditional_entropic_influence": 2.6307500597992153,
              "interaction_variance": 1.9818962829247833,
              "s": 0.3363815,
              "tilted_average_influence": 2.7584120762484274
            },
            {
              "conditional_entropic_influence": 1.9849804492317413,
              "interaction_variance": 1.2709619689153335,
              "s": 0.672763,
              "tilted_average_influence": 2.3254411030102125
            },
            {
              "conditional_entropic_influence": 1.5470609848547456,
              "interaction_variance": 0.9591098293123057,
              "s": 1.0091445,
              "tilted_average_influence": 2.062691506498159
            },
            {
              "conditional_entropic_influence": 1.2633334056881769,
              "interaction_variance": 0.8287996882754786,
              "s": 1.345526,
              "tilted_average_influence": 1.9004630568619019
            },
            {
              "conditional_entropic_influence": 1.0648539803530497,
              "interaction_variance": 0.7264887126927952,
              "s": 1.6819074999999999,
              "tilted_average_influence": 1.7862493157269845
            },
            {
              "conditional_entropic_influence": 0.9064226516950018,
              "interaction_variance": 0.5978455736204272,
              "s": 2.018289,
              "tilted_average_influence": 1.6877875758781924
            },
            {
              "conditional_entropic_influence": 0.7696190785487714,
              "interaction_variance": 0.4557033379210518,
              "s": 2.3546705,
              "tilted_average_influence": 1.5912322294858248
            },
            {
              "conditional_entropic_influence": 0.6509189164091401,
              "interaction_variance": 0.32984184532801514,
              "s": 2.691052,
              "tilted_average_influence": 1.4945808909658176
            },
            {
              "conditional_entropic_influence": 0.5510008170998942,
              "interaction_variance": 0.23880033372828008,
              "s": 3.0274335,
              "tilted_average_influence": 1.4006104653767115
            },
            {
              "conditional_entropic_influence": 0.47016412898176746,
              "interaction_variance": 0.18884434892017846,
              "s": 3.3638149999999998,
              "tilted_average_influence": 1.3126106876783237
            },
            {
              "conditional_entropic_influence": 0.40790542300707816,
              "interaction_variance": 0.18367839833616187,
              "s": 3.7001965,
              "tilted_average_influence": 1.2330451178477888
            },
            {
              "conditional_entropic_influence": 0.3639053268015857,
              "interaction_variance": 0.23406963852480323,
              "s": 4.036578,
              "tilted_average_influence": 1.16381021541029
            },
            {
              "conditional_entropic_influence": 0.33907581060641084,
              "interaction_variance": 0.3647439538710103,
              "s": 4.3729595,
              "tilted_average_influence": 1.1070607554790821
            },
            {
              "conditional_entropic_influence": 0.3360477360849582,
              "interaction_variance": 0.6126054135277449,
              "s": 4.709341,
              "tilted_average_influence": 1.0660270515518226
            },
            {
              "conditional_entropic_influence": 0.3579155370858667,
              "interaction_variance": 0.9936358639923007,
              "s": 5.0457225,
              "tilted_average_influence": 1.0449335709630438
            },
            {
              "conditional_entropic_influence": 0.4033625362349063,
              "interaction_variance": 1.4210828801992463,
              "s": 5.382104,
              "tilted_average_influence": 1.046218495370484
            }
          ],
          "leave_one_out_bias_square_sum": 15.135877349410755,
          "leave_one_out_mutual_information_sum": 10.221194732979416,
          "maximum_conditional_bias_formula_residual": 2.4980018054066022e-15,
          "projective_Delta_squared": 242.20628192618102,
          "projective_Hoeffding_upper_bound": 876.9999870614471,
          "projective_range_square_product_mean_sum": 88.0418191899315,
          "projective_row_range_suprema": [
            7.781488963016349,
            7.781488963016349,
            7.781488963016349,
            7.781488963016349
          ],
          "reverse_KL": 2.541540402839686,
          "reverse_renyi": 5.029399609042005,
          "rho": 0.7859163970696592,
          "tilted_influence_upper_trapezoid": 47.412785713612614,
          "u": 1.0606601717798212
        },
        {
          "S": 9.214349949436157,
          "S_density": 0.5758968718397598,
          "analytic_derivative": 8.486836178741923,
          "canonical_decomposition_residual": -8.881784197001252e-16,
          "canonical_row_centered_interaction_cumulant": 23.894286467311588,
          "canonical_row_certificate_reverse_KL": 23.894286467311588,
          "canonical_row_erased_sum_work": 8.217188957482193,
          "canonical_row_interaction_mean": 4.723796740319524,
          "canonical_row_product_inverse_work": 3.4933922171626692,
          "centered_finite_difference_derivative": 8.486836178711599,
          "centered_negative_gain": 3.542711918265031,
          "conditional_entropic_influence_upper_trapezoid": 48.4640873667748,
          "derivative_residual": 3.0324187605401676e-11,
          "interaction_curvature_trapezoid": 24.60694955988943,
          "interaction_curvature_trapezoid_residual": 0.7126630925778414,
          "interaction_path_grid": [
            {
              "conditional_entropic_influence": 7.211195933282878,
              "interaction_variance": 6.747731322751801,
              "s": 0.0,
              "tilted_average_influence": 7.211195933282878
            },
            {
              "conditional_entropic_influence": 5.276938112147599,
              "interaction_variance": 3.559515795486171,
              "s": 0.3363815,
              "tilted_average_influence": 5.7833228032375485
            },
            {
              "conditional_entropic_influence": 3.8015402832110823,
              "interaction_variance": 2.173306494568788,
              "s": 0.672763,
              "tilted_average_influence": 5.053092999321171
            },
            {
              "conditional_entropic_influence": 2.794763957682325,
              "interaction_variance": 1.5320644104845011,
              "s": 1.0091445,
              "tilted_average_influence": 4.5910036526440745
            },
            {
              "conditional_entropic_influence": 2.088596042429909,
              "interaction_variance": 1.1074242400850387,
              "s": 1.345526,
              "tilted_average_influence": 4.1990636605411495
            },
            {
              "conditional_entropic_influence": 1.576968410893769,
              "interaction_variance": 0.7620712136206803,
              "s": 1.6819074999999999,
              "tilted_average_influence": 3.823965944408301
            },
            {
              "conditional_entropic_influence": 1.204588650523199,
              "interaction_variance": 0.49457950765379205,
              "s": 2.018289,
              "tilted_average_influence": 3.4691543763644335
            },
            {
              "conditional_entropic_influence": 0.9347130482770684,
              "interaction_variance": 0.3094115939680227,
              "s": 2.3546705,
              "tilted_average_influence": 3.1465620015865303
            },
            {
              "conditional_entropic_influence": 0.7394027176792464,
              "interaction_variance": 0.19690337498528393,
              "s": 2.691052,
              "tilted_average_influence": 2.8621821100835194
            },
            {
              "conditional_entropic_influence": 0.5986576614548058,
              "interaction_variance": 0.15012950737490602,
              "s": 3.0274335,
              "tilted_average_influence": 2.616303268536876
            },
            {
              "conditional_entropic_influence": 0.5010378569621998,
              "interaction_variance": 0.19190898617900243,
              "s": 3.3638149999999998,
              "tilted_average_influence": 2.407274883648699
            },
            {
              "conditional_entropic_influence": 0.4463158180237766,
              "interaction_variance": 0.4318992556539101,
              "s": 3.7001965,
              "tilted_average_influence": 2.236236819987135
            },
            {
              "conditional_entropic_influence": 0.4531105191449705,
              "interaction_variance": 1.1816935061279878,
              "s": 4.036578,
              "tilted_average_influence": 2.114730739753099
            },
            {
              "conditional_entropic_influence": 0.562365737905767,
              "interaction_variance": 2.802634407025571,
              "s": 4.3729595,
              "tilted_average_influence": 2.0723549733337614
            },
            {
              "conditional_entropic_influence": 0.7696423440510604,
              "interaction_variance": 4.074885479843112,
              "s": 4.709341,
              "tilted_average_influence": 2.1208790092581076
            },
            {
              "conditional_entropic_influence": 0.9306249989330192,
              "interaction_variance": 3.125483764995499,
              "s": 5.0457225,
              "tilted_average_influence": 2.174699458971508
            },
            {
              "conditional_entropic_influence": 0.9687282189083765,
              "interaction_variance": 1.8400743322838475,
              "s": 5.382104,
              "tilted_average_influence": 2.1635519805162478
            }
          ],
          "leave_one_out_bias_square_sum": 15.948345684707462,
          "leave_one_out_mutual_information_sum": 11.0295598819076,
          "maximum_conditional_bias_formula_residual": 4.052314039881821e-15,
          "projective_Delta_squared": 408.2004579338721,
          "projective_Hoeffding_upper_bound": 1478.0450510180838,
          "projective_range_square_product_mean_sum": 217.7466250576324,
          "projective_row_range_suprema": [
            10.101985670325837,
            10.101985670325803,
            10.101985670325801,
            10.101985670325801
          ],
          "reverse_KL": 4.390261263388771,
          "reverse_renyi": 7.932973181653802,
          "rho": 0.8883855615856605,
          "tilted_influence_upper_trapezoid": 96.60183236175288,
          "u": 1.414213562373095
        }
      ],
      "epsilon": 1,
      "lambda": 5.382104
    }
  ],
  "right_sha": "ff2edc0524c08ada666d45b0c8c808b9227470dcd7d2832e9cf95af40136e22f",
  "schema": "actual-child-reverse-renyi-response-v1",
  "split": [
    4,
    4
  ],
  "theorem": "extremal_information/drafts/actual_child_reverse_renyi_response_identity.md"
}
