{"L1": -6.708203915818181, "R1": 6.708203915818181, "U1": 6.708203915818181, "W1": 6.708203915818181, "cap": 5, "conference_error": 0.0, "mu1": 0.0, "n": 6, "name": "M6_conference", "statuses": ["optimal", "optimal"], "universal_floor": 6.708203932499369, "width_gap": 1.7082039158181814}
{"L1": -11.313708494720261, "R1": 11.313708494720261, "U1": 11.313708494719915, "W1": 11.313708494720089, "cap": 10, "conference_error": 2.0, "mu1": -1.7319479184152442e-13, "n": 8, "name": "M8_class0", "statuses": ["optimal", "optimal"], "universal_floor": 10.583005244258363, "width_gap": 1.313708494720089}
{"L1": -11.99999999965952, "R1": 11.999999999659524, "U1": 11.999999999659524, "W1": 11.999999999659522, "cap": 10, "conference_error": 2.0, "mu1": 1.7763568394002505e-15, "n": 8, "name": "M8_class1", "statuses": ["optimal", "optimal"], "universal_floor": 10.583005244258363, "width_gap": 1.9999999996595221}
{"L1": -17.946644233070028, "R1": 17.946644233070035, "U1": 17.946644233070035, "W1": 17.94664423307003, "cap": 13, "conference_error": 4.0, "mu1": 3.552713678800501e-15, "n": 10, "name": "M10_nonconference", "statuses": ["optimal", "optimal"], "universal_floor": 15.0, "width_gap": 4.946644233070032}
{"L1": -14.999999979091932, "R1": 14.999999979091932, "U1": 14.999999979091932, "W1": 14.999999979091932, "cap": 15, "conference_error": 0.0, "mu1": 0.0, "n": 10, "name": "GF9_conference_n10", "statuses": ["optimal", "optimal"], "universal_floor": 15.0, "width_gap": -2.090806816568147e-08}
{"L1": -20.784609688790518, "R1": 20.784609688790518, "U1": 20.784609688790496, "W1": 20.784609688790507, "cap": 18, "conference_error": 2.0, "mu1": -1.0658141036401503e-14, "n": 12, "name": "M12_witness", "statuses": ["optimal", "optimal"], "universal_floor": 19.8997487421324, "width_gap": 2.784609688790507}
{"L1": -25.2388589090341, "R1": 25.2388589090341, "U1": 25.23885890903409, "W1": 25.238858909034093, "cap": 21, "conference_error": 0.0, "mu1": -5.329070518200751e-15, "n": 14, "name": "M14_conference", "statuses": ["optimal", "optimal"], "universal_floor": 25.238858928247925, "width_gap": 4.238858909034093}
{
  "classification": "numerical CLARABEL SDP; caps exact by exhaustive enumeration",
  "rows": [
    {
      "L1": -6.708203915818181,
      "R1": 6.708203915818181,
      "U1": 6.708203915818181,
      "W1": 6.708203915818181,
      "cap": 5,
      "conference_error": 0.0,
      "mu1": 0.0,
      "n": 6,
      "name": "M6_conference",
      "statuses": [
        "optimal",
        "optimal"
      ],
      "universal_floor": 6.708203932499369,
      "width_gap": 1.7082039158181814
    },
    {
      "L1": -11.313708494720261,
      "R1": 11.313708494720261,
      "U1": 11.313708494719915,
      "W1": 11.313708494720089,
      "cap": 10,
      "conference_error": 2.0,
      "mu1": -1.7319479184152442e-13,
      "n": 8,
      "name": "M8_class0",
      "statuses": [
        "optimal",
        "optimal"
      ],
      "universal_floor": 10.583005244258363,
      "width_gap": 1.313708494720089
    },
    {
      "L1": -11.99999999965952,
      "R1": 11.999999999659524,
      "U1": 11.999999999659524,
      "W1": 11.999999999659522,
      "cap": 10,
      "conference_error": 2.0,
      "mu1": 1.7763568394002505e-15,
      "n": 8,
      "name": "M8_class1",
      "statuses": [
        "optimal",
        "optimal"
      ],
      "universal_floor": 10.583005244258363,
      "width_gap": 1.9999999996595221
    },
    {
      "L1": -17.946644233070028,
      "R1": 17.946644233070035,
      "U1": 17.946644233070035,
      "W1": 17.94664423307003,
      "cap": 13,
      "conference_error": 4.0,
      "mu1": 3.552713678800501e-15,
      "n": 10,
      "name": "M10_nonconference",
      "statuses": [
        "optimal",
        "optimal"
      ],
      "universal_floor": 15.0,
      "width_gap": 4.946644233070032
    },
    {
      "L1": -14.999999979091932,
      "R1": 14.999999979091932,
      "U1": 14.999999979091932,
      "W1": 14.999999979091932,
      "cap": 15,
      "conference_error": 0.0,
      "mu1": 0.0,
      "n": 10,
      "name": "GF9_conference_n10",
      "statuses": [
        "optimal",
        "optimal"
      ],
      "universal_floor": 15.0,
      "width_gap": -2.090806816568147e-08
    },
    {
      "L1": -20.784609688790518,
      "R1": 20.784609688790518,
      "U1": 20.784609688790496,
      "W1": 20.784609688790507,
      "cap": 18,
      "conference_error": 2.0,
      "mu1": -1.0658141036401503e-14,
      "n": 12,
      "name": "M12_witness",
      "statuses": [
        "optimal",
        "optimal"
      ],
      "universal_floor": 19.8997487421324,
      "width_gap": 2.784609688790507
    },
    {
      "L1": -25.2388589090341,
      "R1": 25.2388589090341,
      "U1": 25.23885890903409,
      "W1": 25.238858909034093,
      "cap": 21,
      "conference_error": 0.0,
      "mu1": -5.329070518200751e-15,
      "n": 14,
      "name": "M14_conference",
      "statuses": [
        "optimal",
        "optimal"
      ],
      "universal_floor": 25.238858928247925,
      "width_gap": 4.238858909034093
    }
  ],
  "schema": "joint-sdp-seed-audit-v1"
}
