case=[3, 3] sign=+1 caps={'7': 72, '9': 318, '11': 102, '13': 18, '15': 2}
  full_gram_pair: states=176 collision=True
  conditional_marginal_variances: states=17 collision=True
  conditional_cross_second_moments: states=17 collision=True
  conditional_cross_second_fourth_moments: states=18 collision=False
  conditional_cross_max_envelope: states=18 collision=False
case=[3, 4] sign=+1 caps={'9': 456, '11': 2196, '13': 1146, '15': 262, '17': 34, '19': 2}
  full_gram_pair: states=1144 collision=True
  conditional_marginal_variances: states=124 collision=True
  conditional_cross_second_moments: states=140 collision=True
  conditional_cross_second_fourth_moments: states=151 collision=False
  conditional_cross_max_envelope: states=148 collision=False
case=[3, 5] sign=+1 caps={'10': 120, '12': 7770, '14': 16020, '16': 7186, '18': 1482, '20': 180, '22': 10}
  full_gram_pair: states=8384 collision=True
  conditional_marginal_variances: states=276 collision=True
  conditional_cross_second_moments: states=260 collision=True
  conditional_cross_second_fourth_moments: states=336 collision=False
  conditional_cross_max_envelope: states=261 collision=False
case=[4, 4] sign=+1 caps={'10': 184, '12': 12128, '14': 30768, '16': 17044, '18': 4560, '20': 768, '22': 80, '24': 4}
  full_gram_pair: states=15697 collision=True
  conditional_marginal_variances: states=1656 collision=True
  conditional_cross_second_moments: states=2531 collision=True
  conditional_cross_second_fourth_moments: states=2752 collision=False
  conditional_cross_max_envelope: states=2720 collision=False
case=[3, 3] sign=-1 caps={'5': 12, '7': 108, '9': 272, '11': 108, '13': 12}
  full_gram_pair: states=176 collision=True
  conditional_marginal_variances: states=17 collision=True
  conditional_cross_second_moments: states=17 collision=True
  conditional_cross_second_fourth_moments: states=18 collision=False
  conditional_cross_max_envelope: states=18 collision=False
case=[3, 4] sign=-1 caps={'9': 456, '11': 2196, '13': 1146, '15': 262, '17': 34, '19': 2}
  full_gram_pair: states=1144 collision=True
  conditional_marginal_variances: states=124 collision=True
  conditional_cross_second_moments: states=140 collision=True
  conditional_cross_second_fourth_moments: states=151 collision=False
  conditional_cross_max_envelope: states=148 collision=False
case=[3, 5] sign=-1 caps={'10': 120, '12': 7770, '14': 16020, '16': 7186, '18': 1482, '20': 180, '22': 10}
  full_gram_pair: states=8384 collision=True
  conditional_marginal_variances: states=276 collision=True
  conditional_cross_second_moments: states=260 collision=True
  conditional_cross_second_fourth_moments: states=336 collision=False
  conditional_cross_max_envelope: states=261 collision=False
case=[4, 4] sign=-1 caps={'10': 184, '12': 12128, '14': 30768, '16': 17044, '18': 4560, '20': 768, '22': 80, '24': 4}
  full_gram_pair: states=15697 collision=True
  conditional_marginal_variances: states=1656 collision=True
  conditional_cross_second_moments: states=2531 collision=True
  conditional_cross_second_fourth_moments: states=2752 collision=False
  conditional_cross_max_envelope: states=2720 collision=False
wrote computations/results/phase2j_bridge_gram_response_collision.json
