
Starting CP-SAT solver v9.15.6755
Parameters: max_time_in_seconds: 7200 log_search_progress: true num_search_workers: 8 log_to_stdout: true

Initial satisfaction model '': (model_fingerprint: 0x1db6e77b3d3123ca)
#Variables: 66 (65 primary variables)
  - 66 Booleans in [0,1]
#kLinear1: 1
#kLinear2: 10
#kLinearN: 8'203 (#terms: 540'892)

Starting presolve at 0.04s
  2.50e-02s  0.00e+00d  [DetectDominanceRelations] 
  2.74e-01s  0.00e+00d  [PresolveToFixPoint] #num_loops=2 #num_dual_strengthening=1 
  1.55e-04s  0.00e+00d  [ExtractEncodingFromLinear] 
  2.11e-02s  0.00e+00d  [DetectDuplicateColumns] 
  1.84e-02s  0.00e+00d  [DetectDuplicateConstraints] #duplicates=6'144 
[Symmetry] Graph for symmetry has 2'200 nodes and 133'423 arcs.
[Symmetry] Symmetry computation done. time: 0.00350782 dtime: 0.0107074
[SAT presolve] num removable Booleans: 0 / 65
[SAT presolve] num trivial clauses: 0
[SAT presolve] [0s] clauses:9 literals:18 vars:10 one_side_vars:2 simple_definition:8 singleton_clauses:0
[SAT presolve] [1.1835e-05s] clauses:9 literals:18 vars:10 one_side_vars:2 simple_definition:8 singleton_clauses:0
[SAT presolve] [1.7905e-05s] clauses:9 literals:18 vars:10 one_side_vars:2 simple_definition:8 singleton_clauses:0
  4.07e-04s  0.00e+00d  [DetectDuplicateConstraintsWithDifferentEnforcements] 
  2.35e-02s  1.12e-02d  [Probe] #probed=130 #new_binary_clauses=10 
  6.94e-05s  2.26e-06d  [MaxClique] 
  4.44e-03s  0.00e+00d  [DetectDominanceRelations] 
  3.54e-02s  0.00e+00d  [PresolveToFixPoint] #num_loops=1 #num_dual_strengthening=1 
  1.82e-02s  0.00e+00d  [ProcessAtMostOneAndLinear] 
  2.32e-04s  0.00e+00d  [DetectDuplicateConstraints] 
  2.16e-04s  0.00e+00d  [DetectDuplicateConstraintsWithDifferentEnforcements] 
  1.39e+00s  1.00e-01d  [DetectDominatedLinearConstraints] #relevant_constraints=2'059 #num_inclusions=514'376 
  5.90e-04s  0.00e+00d  [DetectDifferentVariables] 
  2.56e-03s  2.67e-04d  [ProcessSetPPC] #relevant_constraints=2'068 
  1.19e-04s  0.00e+00d  [TransformClausesToExactlyOne] #num_amos=9 
  6.93e-05s  0.00e+00d  [DetectEncodedComplexDomains] 
  7.45e-05s  0.00e+00d  [FindAlmostIdenticalLinearConstraints] 
  1.20e-02s  9.91e-03d  [FindBigAtMostOneAndLinearOverlap] #blocks=8 #saved_nz=5'840 
  2.05e-01s  6.66e-02d  [FindBigVerticalLinearOverlap] #blocks=185 #saved_nz=70'125 
  6.06e-04s  2.84e-04d  [FindBigHorizontalLinearOverlap] #linears=2'059 
  5.21e-05s  0.00e+00d  [MergeClauses] 
  2.29e-03s  0.00e+00d  [DetectDominanceRelations] 
  3.27e-02s  0.00e+00d  [PresolveToFixPoint] #num_loops=2 #num_dual_strengthening=1 
  2.32e-03s  0.00e+00d  [DetectDominanceRelations] 
  1.82e-02s  0.00e+00d  [PresolveToFixPoint] #num_loops=1 #num_dual_strengthening=1 
  1.54e-03s  0.00e+00d  [DetectDuplicateColumns] 
  5.80e-04s  0.00e+00d  [DetectDuplicateConstraints] 
[Symmetry] Graph for symmetry has 2'770 nodes and 57'634 arcs.
[Symmetry] Symmetry computation done. time: 0.00109208 dtime: 0.00192434
[SAT presolve] num removable Booleans: 0 / 73
[SAT presolve] num trivial clauses: 0
[SAT presolve] [0s] clauses:1 literals:2 vars:2 one_side_vars:2 simple_definition:0 singleton_clauses:0
[SAT presolve] [1.1942e-05s] clauses:1 literals:2 vars:2 one_side_vars:2 simple_definition:0 singleton_clauses:0
[SAT presolve] [2.7403e-05s] clauses:1 literals:2 vars:2 one_side_vars:2 simple_definition:0 singleton_clauses:0
  4.00e-04s  0.00e+00d  [DetectDuplicateConstraintsWithDifferentEnforcements] 
  5.40e-02s  1.39e-02d  [Probe] #probed=146 #new_bounds=1 #new_binary_clauses=10 
  5.76e-05s  3.89e-07d  [MaxClique] 
  2.43e-03s  0.00e+00d  [DetectDominanceRelations] 
  2.01e-02s  0.00e+00d  [PresolveToFixPoint] #num_loops=2 #num_dual_strengthening=1 
  1.06e-02s  0.00e+00d  [ProcessAtMostOneAndLinear] 
  4.10e-04s  0.00e+00d  [DetectDuplicateConstraints] 
  2.49e-04s  0.00e+00d  [DetectDuplicateConstraintsWithDifferentEnforcements] 
  2.58e-03s  5.31e-04d  [DetectDominatedLinearConstraints] #relevant_constraints=2'244 
  3.78e-04s  0.00e+00d  [DetectDifferentVariables] 
  9.42e-04s  2.26e-05d  [ProcessSetPPC] #relevant_constraints=1'942 
  1.12e-04s  0.00e+00d  [TransformClausesToExactlyOne] #num_amos=1 
  4.84e-05s  0.00e+00d  [DetectEncodedComplexDomains] 
  1.27e-04s  2.74e-06d  [FindAlmostIdenticalLinearConstraints] #num_tested_pairs=183 
  1.43e-03s  1.80e-03d  [FindBigAtMostOneAndLinearOverlap] 
  3.94e-02s  1.54e-02d  [FindBigVerticalLinearOverlap] #blocks=96 #saved_nz=7'237 
  4.93e-04s  2.46e-04d  [FindBigHorizontalLinearOverlap] #linears=2'059 
  4.31e-05s  0.00e+00d  [MergeClauses] 
  2.04e-03s  0.00e+00d  [DetectDominanceRelations] 
  2.66e-02s  0.00e+00d  [PresolveToFixPoint] #num_loops=2 #num_dual_strengthening=1 
  2.23e-03s  0.00e+00d  [DetectDominanceRelations] 
  1.69e-02s  0.00e+00d  [PresolveToFixPoint] #num_loops=1 #num_dual_strengthening=1 
  1.25e-03s  0.00e+00d  [DetectDuplicateColumns] 
  3.47e-04s  0.00e+00d  [DetectDuplicateConstraints] 
[Symmetry] Graph for symmetry has 3'056 nodes and 50'492 arcs.
[Symmetry] Symmetry computation done. time: 0.000958737 dtime: 0.00180149
[SAT presolve] num removable Booleans: 0 / 73
[SAT presolve] num trivial clauses: 0
[SAT presolve] [0s] clauses:1 literals:2 vars:2 one_side_vars:2 simple_definition:0 singleton_clauses:0
[SAT presolve] [1.1537e-05s] clauses:1 literals:2 vars:2 one_side_vars:2 simple_definition:0 singleton_clauses:0
[SAT presolve] [1.7182e-05s] clauses:1 literals:2 vars:2 one_side_vars:2 simple_definition:0 singleton_clauses:0
  4.21e-04s  0.00e+00d  [DetectDuplicateConstraintsWithDifferentEnforcements] 
  5.27e-02s  1.27e-02d  [Probe] #probed=146 #new_bounds=3 #new_binary_clauses=10 
  6.21e-05s  3.89e-07d  [MaxClique] 
  2.22e-03s  0.00e+00d  [DetectDominanceRelations] 
  1.75e-02s  0.00e+00d  [PresolveToFixPoint] #num_loops=2 #num_dual_strengthening=1 
  8.65e-03s  0.00e+00d  [ProcessAtMostOneAndLinear] 
  2.21e-04s  0.00e+00d  [DetectDuplicateConstraints] 
  2.02e-04s  0.00e+00d  [DetectDuplicateConstraintsWithDifferentEnforcements] 
  2.49e-03s  3.86e-04d  [DetectDominatedLinearConstraints] #relevant_constraints=2'339 
  3.10e-04s  0.00e+00d  [DetectDifferentVariables] 
  7.97e-04s  1.23e-05d  [ProcessSetPPC] #relevant_constraints=1'421 
  9.36e-05s  0.00e+00d  [TransformClausesToExactlyOne] #num_amos=1 
  3.96e-05s  0.00e+00d  [DetectEncodedComplexDomains] 
  1.16e-04s  6.50e-06d  [FindAlmostIdenticalLinearConstraints] #num_tested_pairs=433 
  9.41e-04s  1.05e-03d  [FindBigAtMostOneAndLinearOverlap] 
  3.03e-02s  1.20e-02d  [FindBigVerticalLinearOverlap] #blocks=62 #saved_nz=3'285 
  4.64e-04s  2.29e-04d  [FindBigHorizontalLinearOverlap] #linears=2'059 
  4.28e-05s  0.00e+00d  [MergeClauses] 
  1.94e-03s  0.00e+00d  [DetectDominanceRelations] 
  2.42e-02s  0.00e+00d  [PresolveToFixPoint] #num_loops=2 #num_dual_strengthening=1 
  2.96e-05s  0.00e+00d  [MergeNoOverlap] 
  3.27e-05s  0.00e+00d  [MergeNoOverlap2D] 

Presolve summary:
  - 0 affine relations were detected.
  - rule 'TODO linear matrix: reuse defining constraint' was applied 8 times.
  - rule 'at_most_one: size one' was applied 8 times.
  - rule 'bool_or: implications' was applied 9 times.
  - rule 'duplicate: merged rhs of linear constraint' was applied 6'144 times.
  - rule 'duplicate: removed constraint' was applied 6'144 times.
  - rule 'linear matrix: common amo rectangle' was applied 8 times.
  - rule 'linear matrix: common vertical rectangle' was applied 343 times.
  - rule 'linear1: x in domain' was applied 1 time.
  - rule 'linear2: convert ax + by != cte to clauses' was applied 9 times.
  - rule 'linear: always true' was applied 1 time.
  - rule 'linear: divide by GCD' was applied 8'192 times.
  - rule 'linear: variable substitution 3' was applied 1 time.
  - rule 'new_bool: with clause' was applied 8 times.
  - rule 'presolve: 1 unused variables removed.' was applied 1 time.
  - rule 'presolve: iteration' was applied 3 times.

Presolved satisfaction model '': (model_fingerprint: 0xbb5329f96e533477)
#Variables: 415 (236 primary variables)
  - 73 Booleans in [0,1]
  - 1 in [-4,1]
  - 4 in [-4,2]
  - 1 in [-3,0]
  - 13 in [-3,1]
  - 5 in [-3,2]
  - 9 in [-3,3]
  - 22 in [-2,1]
  - 54 in [-2,2]
  - 12 in [-2,3]
  - 11 in [-2,4]
  - 2 in [-2,5]
  - 35 in [-1,1]
  - 27 in [-1,2]
  - 58 in [-1,3]
  - 5 in [-1,4]
  - 4 in [-1,5]
  - 35 in [0,2]
  - 16 in [0,3]
  - 20 in [0,4]
  - 2 in [0,5]
  - 6 in [0,6]
#kBoolAnd: 1 (#enforced: 1) (#literals: 2)
#kExactlyOne: 8 (#literals: 24)
#kLinear3: 339
#kLinearN: 2'062 (#terms: 45'810)
[Symmetry] Graph for symmetry has 3'240 nodes and 47'269 arcs.
[Symmetry] Symmetry computation done. time: 0.00128581 dtime: 0.00174697

Preloading model.
#Model   2.50s var:415/415 constraints:2410/2410

Starting search at 2.50s with 8 workers.
6 full problem subsolvers: [default_lp, max_lp, no_lp, probing, quick_restart, quick_restart_no_lp]
2 first solution subsolvers: [fj, fs_random_no_lp]
2 interleaved subsolvers: [feasibility_pump, rins/rens]
2 helper subsolvers: [neighborhood_helper, synchronization_agent]

#Model   2.95s var:414/415 constraints:2410/2410
#Model   3.35s var:413/415 constraints:2410/2410
#Model   3.59s var:408/415 constraints:2407/2410
#Model   4.48s var:406/415 constraints:2406/2410
